 energy balance in canopy       3675945 , err=   0.4528760723804777     
 energy balance in canopy       3675951 , err=    3.054103645920952     
 energy balance in canopy       3675962 , err=  -0.8121633955271571     
 energy balance in canopy       3675968 , err=    1.743486771325057     
 energy balance in canopy       3675974 , err=   -5.052764616717234     
 energy balance in canopy       3617450 , err=  -0.8469171557843239     
 energy balance in canopy       3617458 , err=  -0.3277491835884631     
 energy balance in canopy       3617461 , err=  -0.5356264873358655     
 energy balance in canopy       3617467 , err=  -0.3620815546655920     
 energy balance in canopy       3617475 , err=  -0.4394095527263007     
 energy balance in canopy       3617490 , err=   -1.427223642191577     
 energy balance in canopy       3617507 , err=  -0.5488322433144988     
 energy balance in canopy       3596574 , err=  -0.7496297091345805     
 BalanceCheck: surface flux energy balance error step =       519 point =****** imbalance =   -5.052765 W/m2
  sabv           =     0.000000000000000     
  column      =        949041
  sabg           =     0.000000000000000         0.000000000000000      
    0.000000000000000     
  eflx_lwrad_net =     81.29427354479185     
  eflx_sh_tot    =    -31.87733273960155     
  eflx_lh_tot    =     14.54383833616633     
  eflx_soil_grnd =    -58.90801452463932     
 -------------- FATAL CALLED ---------------
  Fatal in file: mod_clm_balancecheck.F90 at line:      735
 clm model is stopping
 -------------------------------------------
 Abort called by computing node             6 at 2025-12-31 22:37:09.293 +0100
 Execution terminated because of runtime error
--------------------------------------------------------------------------
MPI_ABORT was invoked on rank 6 in communicator MPI COMMUNICATOR 3 DUP FROM 0
with errorcode 1.

NOTE: invoking MPI_ABORT causes Open MPI to kill all MPI processes.
You may or may not see output from other processes, depending on
exactly when Open MPI kills them.
--------------------------------------------------------------------------
srun: Job step aborted: Waiting up to 182 seconds for job step to finish.
slurmstepd: error: *** STEP 31765292.0 ON lrdn0095 CANCELLED AT 2025-12-31T22:37:09 ***
srun: error: lrdn0102: tasks 5,7: Killed
srun: error: lrdn0102: task 6: Exited with exit code 1
srun: error: lrdn0102: task 4: Killed
srun: error: lrdn0462: tasks 8-10: Killed
srun: error: lrdn0095: tasks 1-3: Killed
srun: error: lrdn0473: tasks 12-13,15: Killed
srun: error: lrdn0462: task 11: Killed
srun: error: lrdn0473: task 14: Killed
srun: error: lrdn0095: task 0: Killed
