unrecognised option '--capture-stacks=true'

usage: nsys profile [<args>] [application] [<application args>]
Try 'nsys profile --help' for more information.
unrecognised option '--capture-stacks=true'

usage: nsys profile [<args>] [application] [<application args>]
Try 'nsys profile --help' for more information.
unrecognised option '--capture-stacks=true'

usage: nsys profile [<args>] [application] [<application args>]
Try 'nsys profile --help' for more information.
unrecognised option '--capture-stacks=true'

usage: nsys profile [<args>] [application] [<application args>]
Try 'nsys profile --help' for more information.
unrecognised option '--capture-stacks=true'

usage: nsys profile [<args>] [application] [<application args>]
Try 'nsys profile --help' for more information.
unrecognised option '--capture-stacks=true'

usage: nsys profile [<args>] [application] [<application args>]
Try 'nsys profile --help' for more information.
unrecognised option '--capture-stacks=true'

usage: nsys profile [<args>] [application] [<application args>]
Try 'nsys profile --help' for more information.
unrecognised option '--capture-stacks=true'

usage: nsys profile [<args>] [application] [<application args>]
Try 'nsys profile --help' for more information.
srun: error: lrdn0766: tasks 0-3: Exited with exit code 1
unrecognised option '--capture-stacks=true'

usage: nsys profile [<args>] [application] [<application args>]
Try 'nsys profile --help' for more information.
unrecognised option '--capture-stacks=true'

usage: nsys profile [<args>] [application] [<application args>]
Try 'nsys profile --help' for more information.
unrecognised option '--capture-stacks=true'

usage: nsys profile [<args>] [application] [<application args>]
Try 'nsys profile --help' for more information.
unrecognised option '--capture-stacks=true'

usage: nsys profile [<args>] [application] [<application args>]
Try 'nsys profile --help' for more information.
unrecognised option '--capture-stacks=true'

usage: nsys profile [<args>] [application] [<application args>]
Try 'nsys profile --help' for more information.
unrecognised option '--capture-stacks=true'

usage: nsys profile [<args>] [application] [<application args>]
Try 'nsys profile --help' for more information.
unrecognised option '--capture-stacks=true'

usage: nsys profile [<args>] [application] [<application args>]
Try 'nsys profile --help' for more information.
srun: error: lrdn0901: tasks 12-15: Exited with exit code 1
srun: error: lrdn0849: tasks 4-5,7: Exited with exit code 1
srun: error: lrdn0885: tasks 8-11: Exited with exit code 1
unrecognised option '--capture-stacks=true'

usage: nsys profile [<args>] [application] [<application args>]
Try 'nsys profile --help' for more information.
srun: error: lrdn0849: task 6: Exited with exit code 1
