Loading netcdf-fortran/4.6.1--hpcx-mpi--2.19--nvhpc--24.5
  Loading requirement: glibc/2.28--gcc--12.2.0-gi6mmti bzip2/1.0.8-ib3znej
    gcc-runtime/12.2.0--gcc--12.2.0-dqfwf7y lz4/1.9.4--gcc--12.2.0-dcavnmi
    snappy/1.1.10--gcc--12.2.0-gagtosp zlib-ng/2.1.6-jkgunjc zstd/1.5.6-uq5yyux
    c-blosc/1.21.5--gcc--12.2.0-buk7w2l hpcx-mpi/2.19 pkgconf/2.2.0
    hdf5/1.14.3--hpcx-mpi--2.19--nvhpc--24.5 libaec/1.0.6--gcc--12.2.0-blqbmai
    parallel-netcdf/1.12.3--hpcx-mpi--2.19--nvhpc--24.5
    netcdf-c/4.9.2--hpcx-mpi--2.19--nvhpc--24.5

  This is RegCM development version
   GIT Revision: 5.0.0-944-g5801-dirty compiled at: data : Sep 22 2025  time: 16:06:31

 MPI Rank:            0  using device:            0
 : this run start at  : 2025-09-23 19:28:03+0200
 : it is submitted by : 
 : it is running on   : lrdn1012.leonardo.local
 : it is using        :            16   processors
 : in directory       : 
 /leonardo/home/userexternal/ctica000/MS_thesis/RegCM/1003_1003_50_1day_with_IO_profiling/sequential_output/Non_MPS_stdpar/16gpu_16proc_profile
                       
 CPUS DIM1 =             4
 CPUS DIM2 =             4
 
 Reading model namelist file
 Using default non-hydrostatc parameters.
 Using default microphysical parameter.
 Using default Holtslag parameter.
 Initial date of the global simulation:  2009-10-01 00:00:00 UTC        
 Initial date of this run             :  2009-10-01 00:00:00 UTC        
 Final date of this run               :  2009-10-02 00:00:00 UTC        
 Total simulation length              :            24  hours
 Timestep in seconds =   45.000000
 Reading Domain file : input/EURR-3_DOMAIN000.nc
 Advection timestep =    15.000 (factor  3)
 Max. Courant number for horizontal advection =    0.9538
 Sound waves timestep =     3.000 (factor  5)
 Courant number of horizontal sound waves =    0.4512
 Setting IPCC scenario to SSP585  
 Load GHG for 200910 SSP585
 Model will output required CORDEX variables.
 Create SAV files :   T
 Create ATM files :   T
 Create RAD files :   T
 Create SRF files :   T
 Create STS files :   T
 Create SHF files :   F
 Create OPT files :   F
 Frequency in days for new files:    1.0
 Monthly SAV files are written
 Frequency in hours to create ATM :    1.0
 Frequency in hours to create RAD :    1.0
 Frequency in hours to create SRF :    1.0
 Physical Parameterizations
  Lateral Boundary conditions :  5
  Semi-Lagrangian Advection   :  0
  Land cumulus conv. scheme   :  0
  Ocean cumulus conv. scheme  :  0
  Moisture schem              :  2
  Ocean Flux scheme           :  2
  Zeng roughness formula      :  1
  Zeng roughness method       :  1
  Coupling with ocean         :  0
  Coupling with wave          :  0
  Coupling with COP           :  0
  Pressure gradient force     :  0
  Prescribed LW emissivity    :  0
  Lake model in BATS          :  0
  Simulate diurnal sst cycle  :  0
  Simulate sea ice cover      :  1
  Enable chem/aerosol model   :  0
  Large scale LWP as convect. :  1
  Cloud fraction scheme       :  0
  Marine stratocumulus        :  0
  Climate O3 dataset          :  1
  Climate Aerosol dataset     :  2
 Boundary Pameterizations
  Num. of bndy points cross  :  31
  Num. of bndy points dot    :  31
  Nudge value high range     :  6.000000
  Nudge value medium range   :  4.000000
  Nudge value low range      :  2.000000
  Nm paramter                : -1.000000
  Dm paramter                : -1.000000
 Model Timestep Pameterizations
  time step for dynamical model in seconds :          45.000000
  time step for surface   model in seconds :         450.000000
  time step for cumulus   model in seconds :         225.000000
  time step for radiation model in seconds :        1350.000000
  time step for emission  model in seconds :       48600.000000
 Nudging coefficients F1=    0.033333, F2=    0.000000
  # Nudging coefficient profile #
     5.95       5.86       5.76       5.67       5.57       5.48       5.38    
     5.28       5.19       5.09       5.00       4.90       4.81       4.71    
     4.62       4.52       4.43       4.33       4.24       4.14       4.05    
     3.97       3.90       3.83       3.76       3.69       3.62       3.55    
     3.48       3.41       3.34       3.27       3.20       3.14       3.07    
     3.00       2.93       2.86       2.79       2.72       2.65       2.58    
     2.52       2.45       2.38       2.31       2.24       2.17       2.10    
     2.10       2.03    
 Model top at     30000.00000000000       m
 Domain grid parameters:
  Map Projection        : ROTLLR
  Dot Grid Full Extent  : 1003x1003x 50
 MPI Rank:            6  using device:            0
 MPI Rank:            7  using device:            0
 MPI Rank:            5  using device:            0
 MPI Rank:            3  using device:            0
 MPI Rank:            2  using device:            0
 MPI Rank:            4  using device:            0
  Model Grid Spacing    :    3.335968 km
  Proj Center Latitude  :   50.000000 deg
  Proj Center longitude :    6.600000 deg
  Pole Latitude         :   40.000000 deg
  Pole longitude        :  186.600000 deg
 Holtslag PBL Scheme
  ricr_ocn     =    0.250000
  ricr_lnd     =    0.250000
  zhnew_fac    =    0.250000
  ifaholt      =  0
  ifaholtth10  =  2
  holtth10iter =    1
 Cloud fraction schemes parameters
  # of bottom no cloud model levels :  0
  Maximum relative humidity         :    1.010000
  Minimum relative humidity         :    0.010000
  RH0 temperature threshold         :  238.000000
  Relative humidity thresholds: Land =    0.800000 Ocean =    0.900000
  Maximum total cloud cover for rad :    0.750000
  Conv. CF UMF factor deep cumulus  :    0.140000
  Conv. CF UMF factor deep cumulus  :    0.140000
  Conv. CF UMF factor k2            :  500.000000
  Surface radiation hack            :           F
  Vavrus-Waliser Arctic cloud fix   :           T
 Convective Cloud Cover parameters after resolution scaling
  Maximum Convective Cloud Cover :    0.750000
  Convective Cloud Water         :    0.000300
 The surface energy budget is used to calculate the ground temperature.
 The radiation is computed every   23. minutes.
 Relaxation boundary conditions (exponential method)
 READY IC DATA for  2009-10-01 00:00:00 UTC        
 SEARCH BC data for 2009100106 , step =        0
 READY  BC from     2009100100  to 2009100106 
 Computing weights, R =     348.80780029 .......... Done.
 Reading Initial Ozone Data...
 MPI Rank:            1  using device:            0
 MPI Rank:           11  using device:            0
 MPI Rank:            9  using device:            0
 MPI Rank:           10  using device:            0
 MPI Rank:            8  using device:            0
 MPI Rank:           15  using device:            0
 MPI Rank:           12  using device:            0
 MPI Rank:           14  using device:            0
 MPI Rank:           13  using device:            0
