 Permission denied                                                               
 In File mod_ncstream.F90 at line:           377
 nc_stream : Cannot create or open file output//EURR-3_ATM.2009100100.nc:  
            1
 Abort called by computing node             0 at 2026-01-29 16:22:22.211 +0100
 Execution terminated because of runtime error
--------------------------------------------------------------------------
MPI_ABORT was invoked on rank 0 in communicator MPI COMMUNICATOR 3 DUP FROM 0
with errorcode 1.

NOTE: invoking MPI_ABORT causes Open MPI to kill all MPI processes.
You may or may not see output from other processes, depending on
exactly when Open MPI kills them.
--------------------------------------------------------------------------
srun: Job step aborted: Waiting up to 182 seconds for job step to finish.
slurmstepd: error: *** STEP 33128956.0 ON lrdn3489 CANCELLED AT 2026-01-29T16:22:22 ***
slurmstepd: error:  mpi/pmix_v3: _errhandler: lrdn3500 [1]: pmixp_client_v2.c:212: Error handler invoked: status = -25, source = [slurm.pmix.33128956.0:153]
slurmstepd: error:  mpi/pmix_v3: _errhandler: lrdn3640 [7]: pmixp_client_v2.c:212: Error handler invoked: status = -25, source = [slurm.pmix.33128956.0:736]
srun: error: lrdn3500: tasks 100-199: Killed
slurmstepd: error:  mpi/pmix_v3: _errhandler: lrdn3547 [2]: pmixp_client_v2.c:212: Error handler invoked: status = -25, source = [slurm.pmix.33128956.0:205]
slurmstepd: error:  mpi/pmix_v3: _errhandler: lrdn3589 [5]: pmixp_client_v2.c:212: Error handler invoked: status = -25, source = [slurm.pmix.33128956.0:510]
srun: error: lrdn3640: tasks 700-799: Killed
slurmstepd: error:  mpi/pmix_v3: _errhandler: lrdn3551 [3]: pmixp_client_v2.c:212: Error handler invoked: status = -25, source = [slurm.pmix.33128956.0:349]
srun: error: lrdn3553: tasks 400-499: Killed
srun: error: lrdn3489: tasks 0-99: Killed
srun: error: lrdn3589: tasks 500-599: Killed
srun: error: lrdn3551: tasks 300-399: Killed
srun: error: lrdn3547: tasks 200-299: Killed
slurmstepd: error:  mpi/pmix_v3: _errhandler: lrdn3639 [6]: pmixp_client_v2.c:212: Error handler invoked: status = -25, source = [slurm.pmix.33128956.0:642]
srun: error: lrdn3639: tasks 600-699: Killed
