[ perf record: Woken up 23936 times to write data ]
[ perf record: Woken up 23999 times to write data ]
[ perf record: Woken up 23899 times to write data ]
[ perf record: Woken up 23973 times to write data ]
[ perf record: Woken up 23941 times to write data ]
[ perf record: Woken up 23945 times to write data ]
[ perf record: Woken up 24453 times to write data ]
[ perf record: Woken up 24038 times to write data ]
[ perf record: Woken up 25573 times to write data ]
[ perf record: Woken up 23982 times to write data ]
[ perf record: Woken up 25483 times to write data ]
[ perf record: Woken up 26418 times to write data ]
Warning:
Processed 782135 events and lost 6 chunks!

Check IO/CPU overload!

Warning:
Processed 772154 events and lost 8 chunks!

Check IO/CPU overload!

Warning:
Processed 780763 events and lost 4 chunks!

Check IO/CPU overload!

Warning:
Processed 772381 events and lost 20 chunks!

Check IO/CPU overload!

Warning:
Processed 773692 events and lost 5 chunks!

Check IO/CPU overload!

Warning:
Processed 773688 events and lost 10 chunks!

Check IO/CPU overload!

Warning:
Processed 772895 events and lost 1 chunks!

Check IO/CPU overload!

Warning:
Processed 781534 events and lost 5 chunks!

Check IO/CPU overload!

Warning:
Processed 773639 events and lost 1 chunks!

Check IO/CPU overload!

Warning:
Processed 773533 events and lost 13 chunks!

Check IO/CPU overload!

[ perf record: Captured and wrote 6000.180 MB /leonardo_scratch/large/userexternal/ctica000/perf/with_IO/sequential_write/perf_23219516/perf.data.rank10 (744541 samples) ]
[ perf record: Captured and wrote 5987.159 MB /leonardo_scratch/large/userexternal/ctica000/perf/with_IO/sequential_write/perf_23219516/perf.data.rank11 (743012 samples) ]
[ perf record: Captured and wrote 5985.904 MB /leonardo_scratch/large/userexternal/ctica000/perf/with_IO/sequential_write/perf_23219516/perf.data.rank9 (742763 samples) ]
[ perf record: Captured and wrote 5993.678 MB /leonardo_scratch/large/userexternal/ctica000/perf/with_IO/sequential_write/perf_23219516/perf.data.rank8 (743734 samples) ]
[ perf record: Captured and wrote 5981.023 MB /leonardo_scratch/large/userexternal/ctica000/perf/with_IO/sequential_write/perf_23219516/perf.data.rank6 (742250 samples) ]
[ perf record: Captured and wrote 5975.189 MB /leonardo_scratch/large/userexternal/ctica000/perf/with_IO/sequential_write/perf_23219516/perf.data.rank4 (741526 samples) ]
[ perf record: Captured and wrote 5995.721 MB /leonardo_scratch/large/userexternal/ctica000/perf/with_IO/sequential_write/perf_23219516/perf.data.rank7 (743988 samples) ]
[ perf record: Captured and wrote 5986.597 MB /leonardo_scratch/large/userexternal/ctica000/perf/with_IO/sequential_write/perf_23219516/perf.data.rank5 (742941 samples) ]
Warning:
Processed 773049 events and lost 15 chunks!

Check IO/CPU overload!

[ perf record: Captured and wrote 5984.354 MB /leonardo_scratch/large/userexternal/ctica000/perf/with_IO/sequential_write/perf_23219516/perf.data.rank12 (742676 samples) ]
[ perf record: Captured and wrote 5989.428 MB /leonardo_scratch/large/userexternal/ctica000/perf/with_IO/sequential_write/perf_23219516/perf.data.rank15 (743297 samples) ]
[ perf record: Captured and wrote 5993.562 MB /leonardo_scratch/large/userexternal/ctica000/perf/with_IO/sequential_write/perf_23219516/perf.data.rank13 (743819 samples) ]
[ perf record: Captured and wrote 5989.943 MB /leonardo_scratch/large/userexternal/ctica000/perf/with_IO/sequential_write/perf_23219516/perf.data.rank14 (743370 samples) ]
[ perf record: Woken up 23679 times to write data ]
[ perf record: Woken up 23753 times to write data ]
[ perf record: Woken up 25538 times to write data ]
[ perf record: Woken up 26449 times to write data ]
Warning:
Processed 765120 events and lost 5 chunks!

Check IO/CPU overload!

Warning:
Processed 767490 events and lost 1 chunks!

Check IO/CPU overload!

Warning:
Processed 767064 events and lost 1 chunks!

Check IO/CPU overload!

[ perf record: Captured and wrote 5920.246 MB /leonardo_scratch/large/userexternal/ctica000/perf/with_IO/sequential_write/perf_23219516/perf.data.rank1 (734707 samples) ]
[ perf record: Captured and wrote 5938.747 MB /leonardo_scratch/large/userexternal/ctica000/perf/with_IO/sequential_write/perf_23219516/perf.data.rank2 (737003 samples) ]
[ perf record: Captured and wrote 5935.819 MB /leonardo_scratch/large/userexternal/ctica000/perf/with_IO/sequential_write/perf_23219516/perf.data.rank3 (736640 samples) ]
Warning:
Processed 1017312 events and lost 9 chunks!

Check IO/CPU overload!

[ perf record: Captured and wrote 6166.619 MB /leonardo_scratch/large/userexternal/ctica000/perf/with_IO/sequential_write/perf_23219516/perf.data.rank0 (762469 samples) ]
