 WARNING:  CLM step     :                      1400
 WARNING:  indexc       :       2175907
 WARNING:  ctype(indexc):            64
 WARNING:  water balance error                        Inf
 clm urban model is stopping - error is greater than .10
 indexc=       2175907  errh2o=                        Inf
 ctype(indexc):            64
 forc_rain    =     0.000000000000000     
 forc_snow    =    6.4224952514988753E-014
 endwb        =                        Inf
 begwb        =    2.1789608235832050E-009
 qflx_evap_tot=     0.000000000000000     
 qflx_irrig   =     0.000000000000000     
 qflx_surf    =     0.000000000000000     
 qflx_qrgwl   =     0.000000000000000     
 qflx_drain   =     0.000000000000000     
 qflx_snwcp_ice   =     0.000000000000000     
 -------------- FATAL CALLED ---------------
  Fatal in file: mod_clm_balancecheck.F90 at line:      487
 clm model is stopping
 -------------------------------------------
 Abort called by computing node            14 at 2026-01-26 23:16:49.328 +0100
 Execution terminated because of runtime error
--------------------------------------------------------------------------
MPI_ABORT was invoked on rank 14 in communicator MPI COMMUNICATOR 3 DUP FROM 0
with errorcode 1.

NOTE: invoking MPI_ABORT causes Open MPI to kill all MPI processes.
You may or may not see output from other processes, depending on
exactly when Open MPI kills them.
--------------------------------------------------------------------------
srun: Job step aborted: Waiting up to 182 seconds for job step to finish.
slurmstepd: error: *** STEP 32905746.0 ON lrdn0989 CANCELLED AT 2026-01-26T23:16:50 ***
srun: error: lrdn1093: tasks 8-10: Killed
srun: error: lrdn1130: tasks 12-13: Killed
srun: error: lrdn1130: task 14: Exited with exit code 1
srun: error: lrdn0989: tasks 1-3: Killed
srun: error: lrdn1058: tasks 4,6-7: Killed
srun: error: lrdn1093: task 11: Killed
srun: error: lrdn1130: task 15: Killed
srun: error: lrdn1058: task 5: Killed
srun: error: lrdn0989: task 0: Killed
