 BalanceCheck: soil balance error step =       872 point =   2151410 imbalance =74943.007772 W/m2
 indexc=       2151410  errsoi_col=     74943.00777239034     
 -------------- FATAL CALLED ---------------
  Fatal in file: mod_clm_balancecheck.F90 at line:      767
 clm model is stopping
 -------------------------------------------
 Abort called by computing node             6 at 2026-02-17 16:34:29.029 +0100
 Execution terminated because of runtime error
--------------------------------------------------------------------------
MPI_ABORT was invoked on rank 6 in communicator MPI COMMUNICATOR 3 DUP FROM 0
with errorcode 1.

NOTE: invoking MPI_ABORT causes Open MPI to kill all MPI processes.
You may or may not see output from other processes, depending on
exactly when Open MPI kills them.
--------------------------------------------------------------------------
srun: Job step aborted: Waiting up to 122 seconds for job step to finish.
slurmstepd: error: *** STEP 34314142.0 ON lrdn1018 CANCELLED AT 2026-02-17T16:34:29 ***
srun: error: lrdn1172: tasks 5,7: Killed
srun: error: lrdn1172: task 6: Exited with exit code 1
srun: error: lrdn1018: tasks 1-3: Killed
srun: error: lrdn1172: task 4: Killed
srun: error: lrdn1018: task 0: Killed
