 BalanceCheck: soil balance error step =       860 point =   2170063 imbalance =************ W/m2
 indexc=       2170063  errsoi_col=     31748475.93680590     
 -------------- FATAL CALLED ---------------
  Fatal in file: mod_clm_balancecheck.F90 at line:      767
 clm model is stopping
 -------------------------------------------
 Abort called by computing node             6 at 2026-06-03 09:49:39.518 +0200
 Execution terminated because of runtime error
--------------------------------------------------------------------------
MPI_ABORT was invoked on rank 6 in communicator MPI COMMUNICATOR 3 DUP FROM 0
with errorcode 1.

NOTE: invoking MPI_ABORT causes Open MPI to kill all MPI processes.
You may or may not see output from other processes, depending on
exactly when Open MPI kills them.
--------------------------------------------------------------------------
slurmstepd: error: *** STEP 44052744.0 ON lrdn0214 CANCELLED AT 2026-06-03T09:49:39 ***
srun: Job step aborted: Waiting up to 122 seconds for job step to finish.
srun: error: lrdn0272: task 6: Exited with exit code 1
srun: error: lrdn0272: task 7: Killed
srun: error: lrdn0214: tasks 1,3: Killed
srun: error: lrdn0272: tasks 4-5: Killed
srun: error: lrdn0214: task 2: Killed
srun: error: lrdn0214: task 0: Killed
