rm: cannot remove '/leonardo_scratch/large/userexternal/ctica000/perf/with_IO/perf_21067190': No such file or directory
rm: cannot remove '/leonardo_scratch/large/userexternal/ctica000/perf/with_IO/perf_21067190': No such file or directory
rm: cannot remove '/leonardo_scratch/large/userexternal/ctica000/perf/with_IO/perf_21067190': No such file or directory
rm: cannot remove '/leonardo_scratch/large/userexternal/ctica000/perf/with_IO/perf_21067190': No such file or directory
rm: cannot remove '/leonardo_scratch/large/userexternal/ctica000/perf/with_IO/perf_21067190': No such file or directory
rm: cannot remove '/leonardo_scratch/large/userexternal/ctica000/perf/with_IO/perf_21067190': No such file or directory
rm: cannot remove '/leonardo_scratch/large/userexternal/ctica000/perf/with_IO/perf_21067190': No such file or directory
rm: cannot remove '/leonardo_scratch/large/userexternal/ctica000/perf/with_IO/perf_21067190': No such file or directory
rm: cannot remove '/leonardo_scratch/large/userexternal/ctica000/perf/with_IO/perf_21067190': No such file or directory
rm: cannot remove '/leonardo_scratch/large/userexternal/ctica000/perf/with_IO/perf_21067190': No such file or directory
rm: cannot remove '/leonardo_scratch/large/userexternal/ctica000/perf/with_IO/perf_21067190': No such file or directory
rm: cannot remove '/leonardo_scratch/large/userexternal/ctica000/perf/with_IO/perf_21067190': No such file or directory
rm: cannot remove '/leonardo_scratch/large/userexternal/ctica000/perf/with_IO/perf_21067190': No such file or directory
rm: cannot remove '/leonardo_scratch/large/userexternal/ctica000/perf/with_IO/perf_21067190': No such file or directory
rm: cannot remove '/leonardo_scratch/large/userexternal/ctica000/perf/with_IO/perf_21067190': No such file or directory
[ perf record: Woken up 102671 times to write data ]
[ perf record: Woken up 102745 times to write data ]
[ perf record: Woken up 102711 times to write data ]
[ perf record: Woken up 101823 times to write data ]
[ perf record: Woken up 102636 times to write data ]
[ perf record: Woken up 102582 times to write data ]
[ perf record: Woken up 102464 times to write data ]
[ perf record: Woken up 102622 times to write data ]
[ perf record: Woken up 102398 times to write data ]
[ perf record: Woken up 102122 times to write data ]
[ perf record: Woken up 102550 times to write data ]
[ perf record: Woken up 102622 times to write data ]
[ perf record: Woken up 102553 times to write data ]
[ perf record: Woken up 102429 times to write data ]
[ perf record: Woken up 102540 times to write data ]
[ perf record: Woken up 102819 times to write data ]
Warning:
Processed 3291532 events and lost 118 chunks!

Check IO/CPU overload!

[ perf record: Captured and wrote 25646.345 MB /leonardo_scratch/large/userexternal/ctica000/perf/with_IO/perf_21067190/perf.data.rank14 (3183072 samples) ]
Warning:
Processed 3291316 events and lost 109 chunks!

Check IO/CPU overload!

[ perf record: Captured and wrote 25636.046 MB /leonardo_scratch/large/userexternal/ctica000/perf/with_IO/perf_21067190/perf.data.rank3 (3181781 samples) ]
Warning:
Processed 3304614 events and lost 102 chunks!

Check IO/CPU overload!

[ perf record: Captured and wrote 25687.283 MB /leonardo_scratch/large/userexternal/ctica000/perf/with_IO/perf_21067190/perf.data.rank10 (3188053 samples) ]
Warning:
Processed 3295626 events and lost 121 chunks!

Check IO/CPU overload!

[ perf record: Captured and wrote 25617.696 MB /leonardo_scratch/large/userexternal/ctica000/perf/with_IO/perf_21067190/perf.data.rank7 (3179417 samples) ]
Warning:
Processed 3291295 events and lost 172 chunks!

Check IO/CPU overload!

[ perf record: Captured and wrote 25638.299 MB /leonardo_scratch/large/userexternal/ctica000/perf/with_IO/perf_21067190/perf.data.rank15 (3182064 samples) ]
Warning:
Processed 3292864 events and lost 129 chunks!

Check IO/CPU overload!

[ perf record: Captured and wrote 25656.473 MB /leonardo_scratch/large/userexternal/ctica000/perf/with_IO/perf_21067190/perf.data.rank12 (3184329 samples) ]
Warning:
Processed 3293580 events and lost 204 chunks!

Check IO/CPU overload!

[ perf record: Captured and wrote 25600.600 MB /leonardo_scratch/large/userexternal/ctica000/perf/with_IO/perf_21067190/perf.data.rank8 (3177294 samples) ]
Warning:
Processed 3301555 events and lost 130 chunks!

Check IO/CPU overload!

[ perf record: Captured and wrote 25660.159 MB /leonardo_scratch/large/userexternal/ctica000/perf/with_IO/perf_21067190/perf.data.rank9 (3184681 samples) ]
Warning:
Processed 3277933 events and lost 210 chunks!

Check IO/CPU overload!

[ perf record: Captured and wrote 25531.499 MB /leonardo_scratch/large/userexternal/ctica000/perf/with_IO/perf_21067190/perf.data.rank4 (3168804 samples) ]
Warning:
Processed 3291675 events and lost 81 chunks!

Check IO/CPU overload!

[ perf record: Captured and wrote 25639.572 MB /leonardo_scratch/large/userexternal/ctica000/perf/with_IO/perf_21067190/perf.data.rank1 (3182219 samples) ]
Warning:
Processed 3521591 events and lost 166 chunks!

Check IO/CPU overload!

[ perf record: Captured and wrote 25707.930 MB /leonardo_scratch/large/userexternal/ctica000/perf/with_IO/perf_21067190/perf.data.rank0 (3187880 samples) ]
Warning:
Processed 3295445 events and lost 106 chunks!

Check IO/CPU overload!

[ perf record: Captured and wrote 25668.819 MB /leonardo_scratch/large/userexternal/ctica000/perf/with_IO/perf_21067190/perf.data.rank6 (3185848 samples) ]
Warning:
Processed 3268399 events and lost 226 chunks!

Check IO/CPU overload!

[ perf record: Captured and wrote 25456.803 MB /leonardo_scratch/large/userexternal/ctica000/perf/with_IO/perf_21067190/perf.data.rank5 (3159533 samples) ]
Warning:
Processed 3295823 events and lost 109 chunks!

Check IO/CPU overload!

[ perf record: Captured and wrote 25679.503 MB /leonardo_scratch/large/userexternal/ctica000/perf/with_IO/perf_21067190/perf.data.rank13 (3187187 samples) ]
Warning:
Processed 3293850 events and lost 137 chunks!

Check IO/CPU overload!

[ perf record: Captured and wrote 25656.557 MB /leonardo_scratch/large/userexternal/ctica000/perf/with_IO/perf_21067190/perf.data.rank11 (3184327 samples) ]
Warning:
Processed 3287806 events and lost 178 chunks!

Check IO/CPU overload!

[ perf record: Captured and wrote 25608.497 MB /leonardo_scratch/large/userexternal/ctica000/perf/with_IO/perf_21067190/perf.data.rank2 (3178361 samples) ]
