 In File mod_ncstream.F90 at line:          3380
 NetCDF: HDF error                                                               
 In file output//EURR-3_ATM.2009100100.nc
 Cannot write variable ua
 Bounds :            1            1            1            1         1000 
         1000           50            1
 nc_stream : Cannot write variable ua in file output//EURR-3_ATM.2009100100.nc
 :             1
 Abort called by computing node             0 at 2025-09-25 11:53:24.080 +0200
 Execution terminated because of runtime error
--------------------------------------------------------------------------
MPI_ABORT was invoked on rank 0 in communicator MPI COMMUNICATOR 3 DUP FROM 0
with errorcode 1.

NOTE: invoking MPI_ABORT causes Open MPI to kill all MPI processes.
You may or may not see output from other processes, depending on
exactly when Open MPI kills them.
--------------------------------------------------------------------------
srun: Job step aborted: Waiting up to 182 seconds for job step to finish.
slurmstepd: error: *** STEP 20666091.0 ON lrdn2151 CANCELLED AT 2025-09-25T11:53:24 ***
srun: error: lrdn2214: tasks 5-7: Killed
srun: error: lrdn2151: tasks 1-3: Killed
srun: error: lrdn2214: task 4: Killed
srun: error: lrdn2151: task 0: Exited with exit code 1
