srun: error: lrdn3341: tasks 61-63: User defined signal 1
srun: error: lrdn2246: tasks 24,26-27: User defined signal 1
srun: error: lrdn3090: tasks 53-55: User defined signal 1
srun: error: lrdn2185: tasks 16-17,19: User defined signal 1
srun: error: lrdn2501: tasks 32-33: User defined signal 1
srun: error: lrdn2204: tasks 21-22: User defined signal 1
srun: error: lrdn2493: tasks 28-30: User defined signal 1
srun: error: lrdn2526: tasks 36,39: User defined signal 1
srun: error: lrdn0166: tasks 1-3: User defined signal 1
srun: error: lrdn2542: tasks 40-41,43: User defined signal 1
srun: error: lrdn0173: tasks 4,6-7: User defined signal 1
srun: error: lrdn2058: tasks 12-14: User defined signal 1
srun: error: lrdn1739: tasks 8,10-11: User defined signal 1
srun: error: lrdn2576: tasks 45,47: User defined signal 1
srun: error: lrdn2593: tasks 48-49,51: User defined signal 1
srun: error: lrdn3167: tasks 56,58-59: User defined signal 1
srun: error: lrdn2501: task 34: User defined signal 1
srun: error: lrdn2204: task 20: User defined signal 1
srun: error: lrdn2526: task 38: User defined signal 1
srun: error: lrdn2576: task 46: User defined signal 1
srun: error: lrdn0173: task 5: User defined signal 1
srun: error: lrdn2593: task 50: User defined signal 1
srun: error: lrdn3341: task 60: User defined signal 1
srun: error: lrdn2526: task 37: User defined signal 1
srun: error: lrdn1739: task 9: User defined signal 1
srun: error: lrdn2204: task 23: User defined signal 1
srun: error: lrdn2246: task 25: User defined signal 1
srun: error: lrdn2542: task 42: User defined signal 1
srun: error: lrdn3090: task 52: User defined signal 1
srun: error: lrdn2185: task 18: User defined signal 1
srun: error: lrdn2576: task 44: User defined signal 1
srun: error: lrdn3167: task 57: User defined signal 1
srun: error: lrdn2493: task 31: User defined signal 1
srun: error: lrdn0166: task 0: User defined signal 1
srun: error: lrdn2501: task 35: User defined signal 1
srun: error: lrdn2058: task 15: User defined signal 1
