 energy balance in canopy       1466144 , err=  -0.7776533940910644     
 energy balance in canopy       1466158 , err=  -0.6037415587532471     
 energy balance in canopy       1466161 , err=  -0.9075934159451355     
 energy balance in canopy       1466175 , err=  -0.5478482469148999     
 energy balance in canopy       1466178 , err=  -0.7086010392503097     
 energy balance in canopy       1466277 , err=  -0.4438931877997832     
 energy balance in canopy       1896961 , err=   0.2122104503369547     
 BalanceCheck: surface flux energy balance error step =       433 point =****** imbalance =    0.212210 W/m2
  sabv           =     12.17681054082623     
  column      =        476422
  sabg           =    0.3850094383603710        0.3850094383603710      
   0.3850094383603710     
  eflx_lwrad_net =     8.401680626831876     
  eflx_sh_tot    =    -70.48812784041314     
  eflx_lh_tot    =     98.13593815452425     
  eflx_soil_grnd =    -23.69988141209339     
 -------------- FATAL CALLED ---------------
  Fatal in file: mod_clm_balancecheck.F90 at line:      735
 clm model is stopping
 -------------------------------------------
 Abort called by computing node             1 at 2026-02-17 16:35:36.922 +0100
 Execution terminated because of runtime error
--------------------------------------------------------------------------
MPI_ABORT was invoked on rank 1 in communicator MPI COMMUNICATOR 3 DUP FROM 0
with errorcode 1.

NOTE: invoking MPI_ABORT causes Open MPI to kill all MPI processes.
You may or may not see output from other processes, depending on
exactly when Open MPI kills them.
--------------------------------------------------------------------------
srun: Job step aborted: Waiting up to 122 seconds for job step to finish.
slurmstepd: error: *** STEP 34315154.0 ON lrdn1438 CANCELLED AT 2026-02-17T16:35:37 ***
srun: error: lrdn1438: task 1: Exited with exit code 1
srun: error: lrdn1438: task 3: Killed
srun: error: lrdn1643: tasks 4,6-7: Killed
srun: error: lrdn1643: task 5: Killed
srun: error: lrdn1438: task 2: Killed
srun: error: lrdn1438: task 0: Killed
