slurmstepd: error: Detected 1 oom_kill event in StepId=18937466.0. Some of the step tasks have been OOM Killed.
srun: error: lrdn4645: task 0: Out Of Memory
slurmstepd: error:  mpi/pmix_v3: _errhandler: lrdn4645 [0]: pmixp_client_v2.c:212: Error handler invoked: status = -25, source = [slurm.pmix.18937466.0:0]
srun: Job step aborted: Waiting up to 92 seconds for job step to finish.
slurmstepd: error: *** STEP 18937466.0 ON lrdn4645 CANCELLED AT 2025-08-14T22:47:48 ***
srun: error: lrdn4666: tasks 364,380: Killed
srun: error: lrdn4667: task 428: Killed
srun: error: lrdn4669: task 564: Killed
srun: error: lrdn4670: tasks 663,684: Killed
srun: error: lrdn4654: tasks 152,170,191: Killed
srun: error: lrdn4656: tasks 212,240,243,284: Killed
srun: error: lrdn4669: tasks 526,562: Killed
srun: error: lrdn4656: tasks 211,213,220,239,242,261,263,269,279: Killed
srun: error: lrdn4654: tasks 100,103,112,124,130,133,141,153,157,165,171,188,196: Killed
srun: error: lrdn4666: tasks 300,317,320,328,337,339,361,372,375,384,386,390,395,399: Killed
srun: error: lrdn4670: tasks 600,617-619,625,634,638-639,642,650-651,659,661,668,671,673,675,678,690,698: Killed
srun: error: lrdn4671: tasks 700-717,719-799: Killed
srun: error: lrdn4670: tasks 601-606,608-616,620-624,626-633,635-637,640-641,643-649,652-658,660,662,664-667,669-670,672,674,676-677,679-683,685-689,691-697,699: Killed
srun: error: lrdn4654: tasks 101-102,104-111,113-123,125-129,131-132,134-140,142-151,154-156,158-161,163-164,166-169,172-187,189-190,192-195,197-199: Killed
srun: error: lrdn4669: tasks 500-525,527-561,563,565-568,570-599: Killed
srun: error: lrdn4667: tasks 400-402,404-427,429-499: Killed
srun: error: lrdn4656: tasks 200-210,214-219,221-238,241,244-260,262,264-266,268,270-278,280-283,285-299: Killed
srun: error: lrdn4666: tasks 301-316,318-319,321-327,329-336,338,340-360,362-363,365-370,373-374,376-379,381-383,385,387-389,391-394,396-398: Killed
srun: error: lrdn4654: task 162: Killed
srun: error: lrdn4671: task 718: Killed
srun: error: lrdn4670: task 607: Killed
srun: error: lrdn4669: task 569: Killed
srun: error: lrdn4667: task 403: Killed
srun: error: lrdn4656: task 267: Killed
srun: error: lrdn4666: task 371: Killed
