[LOG_CAT_MCAST] VMC Failed to join multicast, is_root 1. Unexpected event was received: event=13, str=RDMA_CM_EVENT_MULTICAST_ERROR, status=-22
[LOG_CAT_MCAST] MCAST rank=2: Error in initializing vmc communicator
[LOG_CAT_P2P] Failed to create MCAST comm
[LOG_CAT_MCAST] MCAST rank=4: Error in initializing vmc communicator
[LOG_CAT_P2P] Failed to create MCAST comm
[LOG_CAT_MCAST] MCAST rank=3: Error in initializing vmc communicator
[LOG_CAT_P2P] Failed to create MCAST comm
[LOG_CAT_MCAST] MCAST rank=5: Error in initializing vmc communicator
[LOG_CAT_P2P] Failed to create MCAST comm
[LOG_CAT_MCAST] MCAST rank=6: Error in initializing vmc communicator
[LOG_CAT_P2P] Failed to create MCAST comm
[LOG_CAT_MCAST] MCAST rank=7: Error in initializing vmc communicator
[LOG_CAT_P2P] Failed to create MCAST comm
[LOG_CAT_MCAST] MCAST rank=1: Error in initializing vmc communicator
[LOG_CAT_P2P] Failed to create MCAST comm
[LOG_CAT_MCAST] MCAST rank=0: Error in initializing vmc communicator
[LOG_CAT_P2P] Failed to create MCAST comm
 NetCDF: Variable not found                                                      
 mod_domain.F90 :      335:Error search variable PTOP:           -49
 Abort called by computing node             0 at 2025-08-18 15:05:37.597 +0200
 Execution terminated because of runtime error
 NetCDF: Variable not found                                                      
 NetCDF: Variable not found                                                      
 Abort called by computing node            59 at 2025-08-18 15:05:37.598 +0200
 Execution terminated because of runtime error
 NetCDF: Variable not found                                                      
 Abort called by computing node            66 at 2025-08-18 15:05:37.597 +0200
 Execution terminated because of runtime error
 NetCDF: Variable not found                                                      
 NetCDF: Variable not found                                                      
 Abort called by computing node            25 at 2025-08-18 15:05:37.598 +0200
 Execution terminated because of runtime error
 NetCDF: Variable not found                                                      
 NetCDF: Variable not found                                                      
 NetCDF: Variable not found                                                      
 Abort called by computing node            75 at 2025-08-18 15:05:37.598 +0200
 Execution terminated because of runtime error
 NetCDF: Variable not found                                                      
 NetCDF: Variable not found                                                      
 Abort called by computing node            24 at 2025-08-18 15:05:37.598 +0200
 Execution terminated because of runtime error
 Abort called by computing node            29 at 2025-08-18 15:05:37.598 +0200
 Execution terminated because of runtime error
 NetCDF: Variable not found                                                      
 NetCDF: Variable not found                                                      
 Abort called by computing node            47 at 2025-08-18 15:05:37.598 +0200
 Execution terminated because of runtime error
 NetCDF: Variable not found                                                      
 Abort called by computing node            86 at 2025-08-18 15:05:37.598 +0200
 Execution terminated because of runtime error
 NetCDF: Variable not found                                                      
 Abort called by computing node            17 at 2025-08-18 15:05:37.598 +0200
 Execution terminated because of runtime error
 Abort called by computing node            31 at 2025-08-18 15:05:37.598 +0200
 Execution terminated because of runtime error
 NetCDF: Variable not found                                                      
 Abort called by computing node            35 at 2025-08-18 15:05:37.598 +0200
 Execution terminated because of runtime error
 NetCDF: Variable not found                                                      
 NetCDF: Variable not found                                                      
 Abort called by computing node            92 at 2025-08-18 15:05:37.598 +0200
 Execution terminated because of runtime error
 NetCDF: Variable not found                                                      
 Abort called by computing node            99 at 2025-08-18 15:05:37.598 +0200
 Execution terminated because of runtime error
 NetCDF: Variable not found                                                      
 Abort called by computing node            32 at 2025-08-18 15:05:37.598 +0200
 Execution terminated because of runtime error
 NetCDF: Variable not found                                                      
 Abort called by computing node            81 at 2025-08-18 15:05:37.598 +0200
 Execution terminated because of runtime error
 Abort called by computing node             6 at 2025-08-18 15:05:37.598 +0200
 Execution terminated because of runtime error
 NetCDF: Variable not found                                                      
 NetCDF: Variable not found                                                      
 NetCDF: Variable not found                                                      
 NetCDF: Variable not found                                                      
 Abort called by computing node            10 at 2025-08-18 15:05:37.598 +0200
 Execution terminated because of runtime error
 NetCDF: Variable not found                                                      
 NetCDF: Variable not found                                                      
 Abort called by computing node            41 at 2025-08-18 15:05:37.598 +0200
 Abort called by computing node            42 at 2025-08-18 15:05:37.598 +0200
 Execution terminated because of runtime error
 NetCDF: Variable not found                                                      
 Abort called by computing node            39 at 2025-08-18 15:05:37.598 +0200
 Execution terminated because of runtime error
 Execution terminated because of runtime error
 Abort called by computing node            43 at 2025-08-18 15:05:37.598 +0200
 Execution terminated because of runtime error
 NetCDF: Variable not found                                                      
 NetCDF: Variable not found                                                      
 NetCDF: Variable not found                                                      
 NetCDF: Variable not found                                                      
 Abort called by computing node            84 at 2025-08-18 15:05:37.598 +0200
 Execution terminated because of runtime error
 NetCDF: Variable not found                                                      
 Abort called by computing node            89 at 2025-08-18 15:05:37.598 +0200
 Execution terminated because of runtime error
 Abort called by computing node            91 at 2025-08-18 15:05:37.598 +0200
 Execution terminated because of runtime error
 NetCDF: Variable not found                                                      
 NetCDF: Variable not found                                                      
 Abort called by computing node            19 at 2025-08-18 15:05:37.598 +0200
 Execution terminated because of runtime error
 NetCDF: Variable not found                                                      
 Abort called by computing node            33 at 2025-08-18 15:05:37.598 +0200
 Execution terminated because of runtime error
 Abort called by computing node            44 at 2025-08-18 15:05:37.598 +0200
 Execution terminated because of runtime error
 NetCDF: Variable not found                                                      
 NetCDF: Variable not found                                                      
 Abort called by computing node            45 at 2025-08-18 15:05:37.598 +0200
 Execution terminated because of runtime error
 Abort called by computing node            55 at 2025-08-18 15:05:37.598 +0200
 Execution terminated because of runtime error
 NetCDF: Variable not found                                                      
 NetCDF: Variable not found                                                      
 Abort called by computing node            11 at 2025-08-18 15:05:37.598 +0200
 Execution terminated because of runtime error
 NetCDF: Variable not found                                                      
 Abort called by computing node            14 at 2025-08-18 15:05:37.598 +0200
 Execution terminated because of runtime error
 Abort called by computing node            22 at 2025-08-18 15:05:37.598 +0200
 Execution terminated because of runtime error
 Abort called by computing node            28 at 2025-08-18 15:05:37.598 +0200
 Execution terminated because of runtime error
 NetCDF: Variable not found                                                      
 Abort called by computing node            38 at 2025-08-18 15:05:37.599 +0200
 Execution terminated because of runtime error
 NetCDF: Variable not found                                                      
 NetCDF: Variable not found                                                      
 Abort called by computing node            57 at 2025-08-18 15:05:37.599 +0200
 Execution terminated because of runtime error
 NetCDF: Variable not found                                                      
 Abort called by computing node            71 at 2025-08-18 15:05:37.599 +0200
 Execution terminated because of runtime error
 NetCDF: Variable not found                                                      
 Abort called by computing node            80 at 2025-08-18 15:05:37.599 +0200
 Execution terminated because of runtime error
 NetCDF: Variable not found                                                      
 Abort called by computing node            95 at 2025-08-18 15:05:37.599 +0200
 Execution terminated because of runtime error
 NetCDF: Variable not found                                                      
 Abort called by computing node             4 at 2025-08-18 15:05:37.599 +0200
 Execution terminated because of runtime error
 NetCDF: Variable not found                                                      
 NetCDF: Variable not found                                                      
 NetCDF: Variable not found                                                      
 NetCDF: Variable not found                                                      
 NetCDF: Variable not found                                                      
 Abort called by computing node            61 at 2025-08-18 15:05:37.599 +0200
 Execution terminated because of runtime error
 NetCDF: Variable not found                                                      
 Abort called by computing node            67 at 2025-08-18 15:05:37.599 +0200
 Execution terminated because of runtime error
 NetCDF: Variable not found                                                      
 Abort called by computing node            82 at 2025-08-18 15:05:37.599 +0200
 Execution terminated because of runtime error
 NetCDF: Variable not found                                                      
 NetCDF: Variable not found                                                      
 Abort called by computing node            97 at 2025-08-18 15:05:37.599 +0200
 Execution terminated because of runtime error
 NetCDF: Variable not found                                                      
 Abort called by computing node             2 at 2025-08-18 15:05:37.598 +0200
 Execution terminated because of runtime error
 NetCDF: Variable not found                                                      
 NetCDF: Variable not found                                                      
 Abort called by computing node             7 at 2025-08-18 15:05:37.599 +0200
 Execution terminated because of runtime error
 NetCDF: Variable not found                                                      
 NetCDF: Variable not found                                                      
 Abort called by computing node            34 at 2025-08-18 15:05:37.599 +0200
 Execution terminated because of runtime error
 NetCDF: Variable not found                                                      
 NetCDF: Variable not found                                                      
 Abort called by computing node            52 at 2025-08-18 15:05:37.599 +0200
 Execution terminated because of runtime error
 Abort called by computing node            56 at 2025-08-18 15:05:37.598 +0200
 Execution terminated because of runtime error
 NetCDF: Variable not found                                                      
 Abort called by computing node            68 at 2025-08-18 15:05:37.599 +0200
 Execution terminated because of runtime error
 NetCDF: Variable not found                                                      
 Abort called by computing node            72 at 2025-08-18 15:05:37.599 +0200
 Execution terminated because of runtime error
 NetCDF: Variable not found                                                      
 NetCDF: Variable not found                                                      
 NetCDF: Variable not found                                                      
 Abort called by computing node            83 at 2025-08-18 15:05:37.599 +0200
 Execution terminated because of runtime error
 NetCDF: Variable not found                                                      
 NetCDF: Variable not found                                                      
 Abort called by computing node            93 at 2025-08-18 15:05:37.599 +0200
 Execution terminated because of runtime error
 NetCDF: Variable not found                                                      
 Abort called by computing node            98 at 2025-08-18 15:05:37.599 +0200
 Execution terminated because of runtime error
 Abort called by computing node             3 at 2025-08-18 15:05:37.599 +0200
 Execution terminated because of runtime error
 NetCDF: Variable not found                                                      
srun: Job step aborted: Waiting up to 92 seconds for job step to finish.
 NetCDF: Variable not found                                                      
 NetCDF: Variable not found                                                      
 NetCDF: Variable not found                                                      
 NetCDF: Variable not found                                                      
 NetCDF: Variable not found                                                      
 Abort called by computing node            15 at 2025-08-18 15:05:37.599 +0200
 Execution terminated because of runtime error
 NetCDF: Variable not found                                                      
 NetCDF: Variable not found                                                      
 NetCDF: Variable not found                                                      
 Abort called by computing node            21 at 2025-08-18 15:05:37.599 +0200
 Execution terminated because of runtime error
 NetCDF: Variable not found                                                      
 Abort called by computing node            23 at 2025-08-18 15:05:37.599 +0200
 Execution terminated because of runtime error
 NetCDF: Variable not found                                                      
 NetCDF: Variable not found                                                      
 Abort called by computing node            26 at 2025-08-18 15:05:37.599 +0200
 Execution terminated because of runtime error
 Abort called by computing node            30 at 2025-08-18 15:05:37.599 +0200
 Execution terminated because of runtime error
 NetCDF: Variable not found                                                      
 Abort called by computing node            36 at 2025-08-18 15:05:37.599 +0200
 Execution terminated because of runtime error
 NetCDF: Variable not found                                                      
 Abort called by computing node            37 at 2025-08-18 15:05:37.599 +0200
 Execution terminated because of runtime error
 Abort called by computing node            40 at 2025-08-18 15:05:37.599 +0200
 Execution terminated because of runtime error
 Abort called by computing node            46 at 2025-08-18 15:05:37.599 +0200
 Execution terminated because of runtime error
 NetCDF: Variable not found                                                      
 NetCDF: Variable not found                                                      
 Abort called by computing node            48 at 2025-08-18 15:05:37.599 +0200
 Execution terminated because of runtime error
 NetCDF: Variable not found                                                      
 Abort called by computing node            49 at 2025-08-18 15:05:37.599 +0200
 Execution terminated because of runtime error
 NetCDF: Variable not found                                                      
 NetCDF: Variable not found                                                      
 Abort called by computing node            50 at 2025-08-18 15:05:37.599 +0200
 Execution terminated because of runtime error
 NetCDF: Variable not found                                                      
 NetCDF: Variable not found                                                      
 Abort called by computing node            51 at 2025-08-18 15:05:37.599 +0200
 Execution terminated because of runtime error
 NetCDF: Variable not found                                                      
 NetCDF: Variable not found                                                      
 Abort called by computing node            53 at 2025-08-18 15:05:37.599 +0200
 Execution terminated because of runtime error
 NetCDF: Variable not found                                                      
 NetCDF: Variable not found                                                      
 Abort called by computing node            58 at 2025-08-18 15:05:37.599 +0200
 Execution terminated because of runtime error
 NetCDF: Variable not found                                                      
 NetCDF: Variable not found                                                      
 Abort called by computing node            63 at 2025-08-18 15:05:37.599 +0200
 Execution terminated because of runtime error
 NetCDF: Variable not found                                                      
 NetCDF: Variable not found                                                      
 Abort called by computing node            64 at 2025-08-18 15:05:37.599 +0200
 Execution terminated because of runtime error
 NetCDF: Variable not found                                                      
 NetCDF: Variable not found                                                      
 Abort called by computing node            73 at 2025-08-18 15:05:37.599 +0200
 Execution terminated because of runtime error
 NetCDF: Variable not found                                                      
 NetCDF: Variable not found                                                      
 Abort called by computing node            76 at 2025-08-18 15:05:37.599 +0200
 Execution terminated because of runtime error
 NetCDF: Variable not found                                                      
 NetCDF: Variable not found                                                      
 Abort called by computing node            77 at 2025-08-18 15:05:37.599 +0200
 Execution terminated because of runtime error
 NetCDF: Variable not found                                                      
 NetCDF: Variable not found                                                      
 Abort called by computing node            78 at 2025-08-18 15:05:37.599 +0200
 Execution terminated because of runtime error
 NetCDF: Variable not found                                                      
 NetCDF: Variable not found                                                      
 Abort called by computing node            79 at 2025-08-18 15:05:37.599 +0200
 Execution terminated because of runtime error
 NetCDF: Variable not found                                                      
 Abort called by computing node            90 at 2025-08-18 15:05:37.599 +0200
 Execution terminated because of runtime error
 NetCDF: Variable not found                                                      
 NetCDF: Variable not found                                                      
 Abort called by computing node            94 at 2025-08-18 15:05:37.599 +0200
 Execution terminated because of runtime error
 NetCDF: Variable not found                                                      
 Abort called by computing node             1 at 2025-08-18 15:05:37.599 +0200
 Execution terminated because of runtime error
 NetCDF: Variable not found                                                      
 Abort called by computing node             5 at 2025-08-18 15:05:37.599 +0200
 Execution terminated because of runtime error
 NetCDF: Variable not found                                                      
 Abort called by computing node             8 at 2025-08-18 15:05:37.599 +0200
 Execution terminated because of runtime error
 NetCDF: Variable not found                                                      
 Abort called by computing node             9 at 2025-08-18 15:05:37.599 +0200
 Execution terminated because of runtime error
 NetCDF: Variable not found                                                      
 NetCDF: Variable not found                                                      
 Abort called by computing node            12 at 2025-08-18 15:05:37.599 +0200
 Execution terminated because of runtime error
 NetCDF: Variable not found                                                      
 NetCDF: Variable not found                                                      
 Abort called by computing node            13 at 2025-08-18 15:05:37.599 +0200
 Execution terminated because of runtime error
--------------------------------------------------------------------------
MPI_ABORT was invoked on rank 13 in communicator MPI COMMUNICATOR 3 DUP FROM 0
with errorcode 1.

NOTE: invoking MPI_ABORT causes Open MPI to kill all MPI processes.
You may or may not see output from other processes, depending on
exactly when Open MPI kills them.
--------------------------------------------------------------------------
 NetCDF: Variable not found                                                      
 NetCDF: Variable not found                                                      
 Abort called by computing node            16 at 2025-08-18 15:05:37.599 +0200
 Execution terminated because of runtime error
 NetCDF: Variable not found                                                      
 Abort called by computing node            18 at 2025-08-18 15:05:37.599 +0200
 Execution terminated because of runtime error
 NetCDF: Variable not found                                                      
 NetCDF: Variable not found                                                      
 Abort called by computing node            20 at 2025-08-18 15:05:37.599 +0200
 Execution terminated because of runtime error
 NetCDF: Variable not found                                                      
--------------------------------------------------------------------------
MPI_ABORT was invoked on rank 22 in communicator MPI COMMUNICATOR 3 DUP FROM 0
with errorcode 1.

NOTE: invoking MPI_ABORT causes Open MPI to kill all MPI processes.
You may or may not see output from other processes, depending on
exactly when Open MPI kills them.
--------------------------------------------------------------------------
 NetCDF: Variable not found                                                      
 NetCDF: Variable not found                                                      
 Abort called by computing node            27 at 2025-08-18 15:05:37.599 +0200
 Execution terminated because of runtime error
 NetCDF: Variable not found                                                      
 Abort called by computing node            60 at 2025-08-18 15:05:37.599 +0200
 Execution terminated because of runtime error
 NetCDF: Variable not found                                                      
 NetCDF: Variable not found                                                      
 Abort called by computing node            62 at 2025-08-18 15:05:37.599 +0200
 Execution terminated because of runtime error
 NetCDF: Variable not found                                                      
 NetCDF: Variable not found                                                      
 Abort called by computing node            65 at 2025-08-18 15:05:37.599 +0200
 Execution terminated because of runtime error
 NetCDF: Variable not found                                                      
 NetCDF: Variable not found                                                      
 Abort called by computing node            69 at 2025-08-18 15:05:37.599 +0200
 Execution terminated because of runtime error
 NetCDF: Variable not found                                                      
 NetCDF: Variable not found                                                      
 Abort called by computing node            70 at 2025-08-18 15:05:37.599 +0200
 Execution terminated because of runtime error
 NetCDF: Variable not found                                                      
 Abort called by computing node            74 at 2025-08-18 15:05:37.599 +0200
 Execution terminated because of runtime error
 NetCDF: Variable not found                                                      
--------------------------------------------------------------------------
MPI_ABORT was invoked on rank 75 in communicator MPI COMMUNICATOR 3 DUP FROM 0
with errorcode 1.

NOTE: invoking MPI_ABORT causes Open MPI to kill all MPI processes.
You may or may not see output from other processes, depending on
exactly when Open MPI kills them.
--------------------------------------------------------------------------
 NetCDF: Variable not found                                                      
--------------------------------------------------------------------------
MPI_ABORT was invoked on rank 82 in communicator MPI COMMUNICATOR 3 DUP FROM 0
with errorcode 1.

NOTE: invoking MPI_ABORT causes Open MPI to kill all MPI processes.
You may or may not see output from other processes, depending on
exactly when Open MPI kills them.
--------------------------------------------------------------------------
 NetCDF: Variable not found                                                      
 NetCDF: Variable not found                                                      
 Abort called by computing node            85 at 2025-08-18 15:05:37.599 +0200
 Execution terminated because of runtime error
 NetCDF: Variable not found                                                      
 NetCDF: Variable not found                                                      
 Abort called by computing node            87 at 2025-08-18 15:05:37.599 +0200
 Execution terminated because of runtime error
 NetCDF: Variable not found                                                      
 Abort called by computing node            88 at 2025-08-18 15:05:37.599 +0200
 Execution terminated because of runtime error
 NetCDF: Variable not found                                                      
 NetCDF: Variable not found                                                      
 Abort called by computing node            96 at 2025-08-18 15:05:37.599 +0200
 Execution terminated because of runtime error
 NetCDF: Variable not found                                                      
--------------------------------------------------------------------------
MPI_ABORT was invoked on rank 97 in communicator MPI COMMUNICATOR 3 DUP FROM 0
with errorcode 1.

NOTE: invoking MPI_ABORT causes Open MPI to kill all MPI processes.
You may or may not see output from other processes, depending on
exactly when Open MPI kills them.
--------------------------------------------------------------------------
 NetCDF: Variable not found                                                      
--------------------------------------------------------------------------
MPI_ABORT was invoked on rank 26 in communicator MPI COMMUNICATOR 3 DUP FROM 0
with errorcode 1.

NOTE: invoking MPI_ABORT causes Open MPI to kill all MPI processes.
You may or may not see output from other processes, depending on
exactly when Open MPI kills them.
--------------------------------------------------------------------------
 NetCDF: Variable not found                                                      
--------------------------------------------------------------------------
MPI_ABORT was invoked on rank 42 in communicator MPI COMMUNICATOR 3 DUP FROM 0
with errorcode 1.

NOTE: invoking MPI_ABORT causes Open MPI to kill all MPI processes.
You may or may not see output from other processes, depending on
exactly when Open MPI kills them.
--------------------------------------------------------------------------
 NetCDF: Variable not found                                                      
--------------------------------------------------------------------------
MPI_ABORT was invoked on rank 44 in communicator MPI COMMUNICATOR 3 DUP FROM 0
with errorcode 1.

NOTE: invoking MPI_ABORT causes Open MPI to kill all MPI processes.
You may or may not see output from other processes, depending on
exactly when Open MPI kills them.
--------------------------------------------------------------------------
 NetCDF: Variable not found                                                      
--------------------------------------------------------------------------
MPI_ABORT was invoked on rank 66 in communicator MPI COMMUNICATOR 3 DUP FROM 0
with errorcode 1.

NOTE: invoking MPI_ABORT causes Open MPI to kill all MPI processes.
You may or may not see output from other processes, depending on
exactly when Open MPI kills them.
--------------------------------------------------------------------------
 NetCDF: Variable not found                                                      
--------------------------------------------------------------------------
MPI_ABORT was invoked on rank 16 in communicator MPI COMMUNICATOR 3 DUP FROM 0
with errorcode 1.

NOTE: invoking MPI_ABORT causes Open MPI to kill all MPI processes.
You may or may not see output from other processes, depending on
exactly when Open MPI kills them.
--------------------------------------------------------------------------
 NetCDF: Variable not found                                                      
--------------------------------------------------------------------------
MPI_ABORT was invoked on rank 59 in communicator MPI COMMUNICATOR 3 DUP FROM 0
with errorcode 1.

NOTE: invoking MPI_ABORT causes Open MPI to kill all MPI processes.
You may or may not see output from other processes, depending on
exactly when Open MPI kills them.
--------------------------------------------------------------------------
 NetCDF: Variable not found                                                      
--------------------------------------------------------------------------
MPI_ABORT was invoked on rank 63 in communicator MPI COMMUNICATOR 3 DUP FROM 0
with errorcode 1.

NOTE: invoking MPI_ABORT causes Open MPI to kill all MPI processes.
You may or may not see output from other processes, depending on
exactly when Open MPI kills them.
--------------------------------------------------------------------------
 NetCDF: Variable not found                                                      
 NetCDF: Variable not found                                                      
 NetCDF: Variable not found                                                      
 Abort called by computing node            54 at 2025-08-18 15:05:37.600 +0200
 Execution terminated because of runtime error
 NetCDF: Variable not found                                                      
--------------------------------------------------------------------------
MPI_ABORT was invoked on rank 4 in communicator MPI COMMUNICATOR 3 DUP FROM 0
with errorcode 1.

NOTE: invoking MPI_ABORT causes Open MPI to kill all MPI processes.
You may or may not see output from other processes, depending on
exactly when Open MPI kills them.
--------------------------------------------------------------------------
 NetCDF: Variable not found                                                      
--------------------------------------------------------------------------
MPI_ABORT was invoked on rank 46 in communicator MPI COMMUNICATOR 3 DUP FROM 0
with errorcode 1.

NOTE: invoking MPI_ABORT causes Open MPI to kill all MPI processes.
You may or may not see output from other processes, depending on
exactly when Open MPI kills them.
--------------------------------------------------------------------------
 NetCDF: Variable not found                                                      
--------------------------------------------------------------------------
MPI_ABORT was invoked on rank 50 in communicator MPI COMMUNICATOR 3 DUP FROM 0
with errorcode 1.

NOTE: invoking MPI_ABORT causes Open MPI to kill all MPI processes.
You may or may not see output from other processes, depending on
exactly when Open MPI kills them.
--------------------------------------------------------------------------
 NetCDF: Variable not found                                                      
--------------------------------------------------------------------------
MPI_ABORT was invoked on rank 25 in communicator MPI COMMUNICATOR 3 DUP FROM 0
with errorcode 1.

NOTE: invoking MPI_ABORT causes Open MPI to kill all MPI processes.
You may or may not see output from other processes, depending on
exactly when Open MPI kills them.
--------------------------------------------------------------------------
 NetCDF: Variable not found                                                      
--------------------------------------------------------------------------
MPI_ABORT was invoked on rank 49 in communicator MPI COMMUNICATOR 3 DUP FROM 0
with errorcode 1.

NOTE: invoking MPI_ABORT causes Open MPI to kill all MPI processes.
You may or may not see output from other processes, depending on
exactly when Open MPI kills them.
--------------------------------------------------------------------------
 NetCDF: Variable not found                                                      
--------------------------------------------------------------------------
MPI_ABORT was invoked on rank 86 in communicator MPI COMMUNICATOR 3 DUP FROM 0
with errorcode 1.

NOTE: invoking MPI_ABORT causes Open MPI to kill all MPI processes.
You may or may not see output from other processes, depending on
exactly when Open MPI kills them.
--------------------------------------------------------------------------
 NetCDF: Variable not found                                                      
--------------------------------------------------------------------------
MPI_ABORT was invoked on rank 1 in communicator MPI COMMUNICATOR 3 DUP FROM 0
with errorcode 1.

NOTE: invoking MPI_ABORT causes Open MPI to kill all MPI processes.
You may or may not see output from other processes, depending on
exactly when Open MPI kills them.
--------------------------------------------------------------------------
 NetCDF: Variable not found                                                      
--------------------------------------------------------------------------
MPI_ABORT was invoked on rank 53 in communicator MPI COMMUNICATOR 3 DUP FROM 0
with errorcode 1.

NOTE: invoking MPI_ABORT causes Open MPI to kill all MPI processes.
You may or may not see output from other processes, depending on
exactly when Open MPI kills them.
--------------------------------------------------------------------------
 NetCDF: Variable not found                                                      
--------------------------------------------------------------------------
MPI_ABORT was invoked on rank 57 in communicator MPI COMMUNICATOR 3 DUP FROM 0
with errorcode 1.

NOTE: invoking MPI_ABORT causes Open MPI to kill all MPI processes.
You may or may not see output from other processes, depending on
exactly when Open MPI kills them.
--------------------------------------------------------------------------
 NetCDF: Variable not found                                                      
--------------------------------------------------------------------------
MPI_ABORT was invoked on rank 88 in communicator MPI COMMUNICATOR 3 DUP FROM 0
with errorcode 1.

NOTE: invoking MPI_ABORT causes Open MPI to kill all MPI processes.
You may or may not see output from other processes, depending on
exactly when Open MPI kills them.
--------------------------------------------------------------------------
 NetCDF: Variable not found                                                      
--------------------------------------------------------------------------
MPI_ABORT was invoked on rank 89 in communicator MPI COMMUNICATOR 3 DUP FROM 0
with errorcode 1.

NOTE: invoking MPI_ABORT causes Open MPI to kill all MPI processes.
You may or may not see output from other processes, depending on
exactly when Open MPI kills them.
--------------------------------------------------------------------------
 NetCDF: Variable not found                                                      
--------------------------------------------------------------------------
MPI_ABORT was invoked on rank 58 in communicator MPI COMMUNICATOR 3 DUP FROM 0
with errorcode 1.

NOTE: invoking MPI_ABORT causes Open MPI to kill all MPI processes.
You may or may not see output from other processes, depending on
exactly when Open MPI kills them.
--------------------------------------------------------------------------
 NetCDF: Variable not found                                                      
--------------------------------------------------------------------------
MPI_ABORT was invoked on rank 12 in communicator MPI COMMUNICATOR 3 DUP FROM 0
with errorcode 1.

NOTE: invoking MPI_ABORT causes Open MPI to kill all MPI processes.
You may or may not see output from other processes, depending on
exactly when Open MPI kills them.
--------------------------------------------------------------------------
 NetCDF: Variable not found                                                      
--------------------------------------------------------------------------
MPI_ABORT was invoked on rank 45 in communicator MPI COMMUNICATOR 3 DUP FROM 0
with errorcode 1.

NOTE: invoking MPI_ABORT causes Open MPI to kill all MPI processes.
You may or may not see output from other processes, depending on
exactly when Open MPI kills them.
--------------------------------------------------------------------------
 NetCDF: Variable not found                                                      
--------------------------------------------------------------------------
MPI_ABORT was invoked on rank 56 in communicator MPI COMMUNICATOR 3 DUP FROM 0
with errorcode 1.

NOTE: invoking MPI_ABORT causes Open MPI to kill all MPI processes.
You may or may not see output from other processes, depending on
exactly when Open MPI kills them.
--------------------------------------------------------------------------
 NetCDF: Variable not found                                                      
--------------------------------------------------------------------------
MPI_ABORT was invoked on rank 61 in communicator MPI COMMUNICATOR 3 DUP FROM 0
with errorcode 1.

NOTE: invoking MPI_ABORT causes Open MPI to kill all MPI processes.
You may or may not see output from other processes, depending on
exactly when Open MPI kills them.
--------------------------------------------------------------------------
 NetCDF: Variable not found                                                      
--------------------------------------------------------------------------
MPI_ABORT was invoked on rank 65 in communicator MPI COMMUNICATOR 3 DUP FROM 0
with errorcode 1.

NOTE: invoking MPI_ABORT causes Open MPI to kill all MPI processes.
You may or may not see output from other processes, depending on
exactly when Open MPI kills them.
--------------------------------------------------------------------------
 NetCDF: Variable not found                                                      
--------------------------------------------------------------------------
MPI_ABORT was invoked on rank 69 in communicator MPI COMMUNICATOR 3 DUP FROM 0
with errorcode 1.

NOTE: invoking MPI_ABORT causes Open MPI to kill all MPI processes.
You may or may not see output from other processes, depending on
exactly when Open MPI kills them.
--------------------------------------------------------------------------
 NetCDF: Variable not found                                                      
--------------------------------------------------------------------------
MPI_ABORT was invoked on rank 83 in communicator MPI COMMUNICATOR 3 DUP FROM 0
with errorcode 1.

NOTE: invoking MPI_ABORT causes Open MPI to kill all MPI processes.
You may or may not see output from other processes, depending on
exactly when Open MPI kills them.
--------------------------------------------------------------------------
 NetCDF: Variable not found                                                      
--------------------------------------------------------------------------
MPI_ABORT was invoked on rank 94 in communicator MPI COMMUNICATOR 3 DUP FROM 0
with errorcode 1.

NOTE: invoking MPI_ABORT causes Open MPI to kill all MPI processes.
You may or may not see output from other processes, depending on
exactly when Open MPI kills them.
--------------------------------------------------------------------------
 NetCDF: Variable not found                                                      
--------------------------------------------------------------------------
MPI_ABORT was invoked on rank 10 in communicator MPI COMMUNICATOR 3 DUP FROM 0
with errorcode 1.

NOTE: invoking MPI_ABORT causes Open MPI to kill all MPI processes.
You may or may not see output from other processes, depending on
exactly when Open MPI kills them.
--------------------------------------------------------------------------
 NetCDF: Variable not found                                                      
--------------------------------------------------------------------------
MPI_ABORT was invoked on rank 14 in communicator MPI COMMUNICATOR 3 DUP FROM 0
with errorcode 1.

NOTE: invoking MPI_ABORT causes Open MPI to kill all MPI processes.
You may or may not see output from other processes, depending on
exactly when Open MPI kills them.
--------------------------------------------------------------------------
 NetCDF: Variable not found                                                      
--------------------------------------------------------------------------
MPI_ABORT was invoked on rank 48 in communicator MPI COMMUNICATOR 3 DUP FROM 0
with errorcode 1.

NOTE: invoking MPI_ABORT causes Open MPI to kill all MPI processes.
You may or may not see output from other processes, depending on
exactly when Open MPI kills them.
--------------------------------------------------------------------------
 NetCDF: Variable not found                                                      
--------------------------------------------------------------------------
MPI_ABORT was invoked on rank 67 in communicator MPI COMMUNICATOR 3 DUP FROM 0
with errorcode 1.

NOTE: invoking MPI_ABORT causes Open MPI to kill all MPI processes.
You may or may not see output from other processes, depending on
exactly when Open MPI kills them.
--------------------------------------------------------------------------
 NetCDF: Variable not found                                                      
--------------------------------------------------------------------------
MPI_ABORT was invoked on rank 73 in communicator MPI COMMUNICATOR 3 DUP FROM 0
with errorcode 1.

NOTE: invoking MPI_ABORT causes Open MPI to kill all MPI processes.
You may or may not see output from other processes, depending on
exactly when Open MPI kills them.
--------------------------------------------------------------------------
 NetCDF: Variable not found                                                      
 Abort called by computing node           367 at 2025-08-18 15:05:37.603 +0200
 Execution terminated because of runtime error
--------------------------------------------------------------------------
MPI_ABORT was invoked on rank 87 in communicator MPI COMMUNICATOR 3 DUP FROM 0
with errorcode 1.

NOTE: invoking MPI_ABORT causes Open MPI to kill all MPI processes.
You may or may not see output from other processes, depending on
exactly when Open MPI kills them.
--------------------------------------------------------------------------
 NetCDF: Variable not found                                                      
--------------------------------------------------------------------------
MPI_ABORT was invoked on rank 99 in communicator MPI COMMUNICATOR 3 DUP FROM 0
with errorcode 1.

NOTE: invoking MPI_ABORT causes Open MPI to kill all MPI processes.
You may or may not see output from other processes, depending on
exactly when Open MPI kills them.
--------------------------------------------------------------------------
 NetCDF: Variable not found                                                      
 Abort called by computing node           372 at 2025-08-18 15:05:37.603 +0200
 Execution terminated because of runtime error
--------------------------------------------------------------------------
MPI_ABORT was invoked on rank 24 in communicator MPI COMMUNICATOR 3 DUP FROM 0
with errorcode 1.

NOTE: invoking MPI_ABORT causes Open MPI to kill all MPI processes.
You may or may not see output from other processes, depending on
exactly when Open MPI kills them.
--------------------------------------------------------------------------
 NetCDF: Variable not found                                                      
--------------------------------------------------------------------------
MPI_ABORT was invoked on rank 79 in communicator MPI COMMUNICATOR 3 DUP FROM 0
with errorcode 1.

NOTE: invoking MPI_ABORT causes Open MPI to kill all MPI processes.
You may or may not see output from other processes, depending on
exactly when Open MPI kills them.
--------------------------------------------------------------------------
 NetCDF: Variable not found                                                      
--------------------------------------------------------------------------
MPI_ABORT was invoked on rank 8 in communicator MPI COMMUNICATOR 3 DUP FROM 0
with errorcode 1.

NOTE: invoking MPI_ABORT causes Open MPI to kill all MPI processes.
You may or may not see output from other processes, depending on
exactly when Open MPI kills them.
--------------------------------------------------------------------------
 NetCDF: Variable not found                                                      
--------------------------------------------------------------------------
MPI_ABORT was invoked on rank 21 in communicator MPI COMMUNICATOR 3 DUP FROM 0
with errorcode 1.

NOTE: invoking MPI_ABORT causes Open MPI to kill all MPI processes.
You may or may not see output from other processes, depending on
exactly when Open MPI kills them.
--------------------------------------------------------------------------
 NetCDF: Variable not found                                                      
--------------------------------------------------------------------------
MPI_ABORT was invoked on rank 31 in communicator MPI COMMUNICATOR 3 DUP FROM 0
with errorcode 1.

NOTE: invoking MPI_ABORT causes Open MPI to kill all MPI processes.
You may or may not see output from other processes, depending on
exactly when Open MPI kills them.
--------------------------------------------------------------------------
 NetCDF: Variable not found                                                      
--------------------------------------------------------------------------
MPI_ABORT was invoked on rank 32 in communicator MPI COMMUNICATOR 3 DUP FROM 0
with errorcode 1.

NOTE: invoking MPI_ABORT causes Open MPI to kill all MPI processes.
You may or may not see output from other processes, depending on
exactly when Open MPI kills them.
--------------------------------------------------------------------------
 Abort called by computing node           304 at 2025-08-18 15:05:37.603 +0200
 Execution terminated because of runtime error
--------------------------------------------------------------------------
MPI_ABORT was invoked on rank 52 in communicator MPI COMMUNICATOR 3 DUP FROM 0
with errorcode 1.

NOTE: invoking MPI_ABORT causes Open MPI to kill all MPI processes.
You may or may not see output from other processes, depending on
exactly when Open MPI kills them.
--------------------------------------------------------------------------
 Abort called by computing node           306 at 2025-08-18 15:05:37.603 +0200
 Execution terminated because of runtime error
--------------------------------------------------------------------------
MPI_ABORT was invoked on rank 62 in communicator MPI COMMUNICATOR 3 DUP FROM 0
with errorcode 1.

NOTE: invoking MPI_ABORT causes Open MPI to kill all MPI processes.
You may or may not see output from other processes, depending on
exactly when Open MPI kills them.
--------------------------------------------------------------------------
 Abort called by computing node           313 at 2025-08-18 15:05:37.603 +0200
 Execution terminated because of runtime error
--------------------------------------------------------------------------
MPI_ABORT was invoked on rank 68 in communicator MPI COMMUNICATOR 3 DUP FROM 0
with errorcode 1.

NOTE: invoking MPI_ABORT causes Open MPI to kill all MPI processes.
You may or may not see output from other processes, depending on
exactly when Open MPI kills them.
--------------------------------------------------------------------------
 Abort called by computing node           314 at 2025-08-18 15:05:37.603 +0200
 Execution terminated because of runtime error
--------------------------------------------------------------------------
MPI_ABORT was invoked on rank 3 in communicator MPI COMMUNICATOR 3 DUP FROM 0
with errorcode 1.

NOTE: invoking MPI_ABORT causes Open MPI to kill all MPI processes.
You may or may not see output from other processes, depending on
exactly when Open MPI kills them.
--------------------------------------------------------------------------
 Abort called by computing node           315 at 2025-08-18 15:05:37.602 +0200
 Execution terminated because of runtime error
--------------------------------------------------------------------------
MPI_ABORT was invoked on rank 6 in communicator MPI COMMUNICATOR 3 DUP FROM 0
with errorcode 1.

NOTE: invoking MPI_ABORT causes Open MPI to kill all MPI processes.
You may or may not see output from other processes, depending on
exactly when Open MPI kills them.
--------------------------------------------------------------------------
 Abort called by computing node           317 at 2025-08-18 15:05:37.603 +0200
 Execution terminated because of runtime error
--------------------------------------------------------------------------
MPI_ABORT was invoked on rank 19 in communicator MPI COMMUNICATOR 3 DUP FROM 0
with errorcode 1.

NOTE: invoking MPI_ABORT causes Open MPI to kill all MPI processes.
You may or may not see output from other processes, depending on
exactly when Open MPI kills them.
--------------------------------------------------------------------------
 NetCDF: Variable not found                                                      
 Abort called by computing node           319 at 2025-08-18 15:05:37.603 +0200
 Execution terminated because of runtime error
--------------------------------------------------------------------------
MPI_ABORT was invoked on rank 20 in communicator MPI COMMUNICATOR 3 DUP FROM 0
with errorcode 1.

NOTE: invoking MPI_ABORT causes Open MPI to kill all MPI processes.
You may or may not see output from other processes, depending on
exactly when Open MPI kills them.
--------------------------------------------------------------------------
 NetCDF: Variable not found                                                      
 Abort called by computing node           320 at 2025-08-18 15:05:37.603 +0200
 Execution terminated because of runtime error
--------------------------------------------------------------------------
MPI_ABORT was invoked on rank 23 in communicator MPI COMMUNICATOR 3 DUP FROM 0
with errorcode 1.

NOTE: invoking MPI_ABORT causes Open MPI to kill all MPI processes.
You may or may not see output from other processes, depending on
exactly when Open MPI kills them.
--------------------------------------------------------------------------
 NetCDF: Variable not found                                                      
 Abort called by computing node           323 at 2025-08-18 15:05:37.603 +0200
 Execution terminated because of runtime error
--------------------------------------------------------------------------
MPI_ABORT was invoked on rank 30 in communicator MPI COMMUNICATOR 3 DUP FROM 0
with errorcode 1.

NOTE: invoking MPI_ABORT causes Open MPI to kill all MPI processes.
You may or may not see output from other processes, depending on
exactly when Open MPI kills them.
--------------------------------------------------------------------------
 Abort called by computing node           325 at 2025-08-18 15:05:37.603 +0200
 Execution terminated because of runtime error
--------------------------------------------------------------------------
MPI_ABORT was invoked on rank 39 in communicator MPI COMMUNICATOR 3 DUP FROM 0
with errorcode 1.

NOTE: invoking MPI_ABORT causes Open MPI to kill all MPI processes.
You may or may not see output from other processes, depending on
exactly when Open MPI kills them.
--------------------------------------------------------------------------
 NetCDF: Variable not found                                                      
 Abort called by computing node           326 at 2025-08-18 15:05:37.603 +0200
 Execution terminated because of runtime error
--------------------------------------------------------------------------
MPI_ABORT was invoked on rank 47 in communicator MPI COMMUNICATOR 3 DUP FROM 0
with errorcode 1.

NOTE: invoking MPI_ABORT causes Open MPI to kill all MPI processes.
You may or may not see output from other processes, depending on
exactly when Open MPI kills them.
--------------------------------------------------------------------------
 Abort called by computing node           327 at 2025-08-18 15:05:37.602 +0200
 Execution terminated because of runtime error
--------------------------------------------------------------------------
MPI_ABORT was invoked on rank 64 in communicator MPI COMMUNICATOR 3 DUP FROM 0
with errorcode 1.

NOTE: invoking MPI_ABORT causes Open MPI to kill all MPI processes.
You may or may not see output from other processes, depending on
exactly when Open MPI kills them.
--------------------------------------------------------------------------
 Abort called by computing node           328 at 2025-08-18 15:05:37.602 +0200
 Execution terminated because of runtime error
--------------------------------------------------------------------------
MPI_ABORT was invoked on rank 70 in communicator MPI COMMUNICATOR 3 DUP FROM 0
with errorcode 1.

NOTE: invoking MPI_ABORT causes Open MPI to kill all MPI processes.
You may or may not see output from other processes, depending on
exactly when Open MPI kills them.
--------------------------------------------------------------------------
 NetCDF: Variable not found                                                      
 Abort called by computing node           330 at 2025-08-18 15:05:37.603 +0200
 Execution terminated because of runtime error
--------------------------------------------------------------------------
MPI_ABORT was invoked on rank 72 in communicator MPI COMMUNICATOR 3 DUP FROM 0
with errorcode 1.

NOTE: invoking MPI_ABORT causes Open MPI to kill all MPI processes.
You may or may not see output from other processes, depending on
exactly when Open MPI kills them.
--------------------------------------------------------------------------
 Abort called by computing node           340 at 2025-08-18 15:05:37.602 +0200
 Execution terminated because of runtime error
--------------------------------------------------------------------------
MPI_ABORT was invoked on rank 90 in communicator MPI COMMUNICATOR 3 DUP FROM 0
with errorcode 1.

NOTE: invoking MPI_ABORT causes Open MPI to kill all MPI processes.
You may or may not see output from other processes, depending on
exactly when Open MPI kills them.
--------------------------------------------------------------------------
 NetCDF: Variable not found                                                      
 Abort called by computing node           343 at 2025-08-18 15:05:37.603 +0200
 Execution terminated because of runtime error
--------------------------------------------------------------------------
MPI_ABORT was invoked on rank 93 in communicator MPI COMMUNICATOR 3 DUP FROM 0
with errorcode 1.

NOTE: invoking MPI_ABORT causes Open MPI to kill all MPI processes.
You may or may not see output from other processes, depending on
exactly when Open MPI kills them.
--------------------------------------------------------------------------
 Abort called by computing node           346 at 2025-08-18 15:05:37.602 +0200
 Execution terminated because of runtime error
--------------------------------------------------------------------------
MPI_ABORT was invoked on rank 98 in communicator MPI COMMUNICATOR 3 DUP FROM 0
with errorcode 1.

NOTE: invoking MPI_ABORT causes Open MPI to kill all MPI processes.
You may or may not see output from other processes, depending on
exactly when Open MPI kills them.
--------------------------------------------------------------------------
 Abort called by computing node           348 at 2025-08-18 15:05:37.602 +0200
 Execution terminated because of runtime error
--------------------------------------------------------------------------
MPI_ABORT was invoked on rank 0 in communicator MPI COMMUNICATOR 3 DUP FROM 0
with errorcode 1.

NOTE: invoking MPI_ABORT causes Open MPI to kill all MPI processes.
You may or may not see output from other processes, depending on
exactly when Open MPI kills them.
--------------------------------------------------------------------------
 Abort called by computing node           349 at 2025-08-18 15:05:37.603 +0200
 Execution terminated because of runtime error
--------------------------------------------------------------------------
MPI_ABORT was invoked on rank 7 in communicator MPI COMMUNICATOR 3 DUP FROM 0
with errorcode 1.

NOTE: invoking MPI_ABORT causes Open MPI to kill all MPI processes.
You may or may not see output from other processes, depending on
exactly when Open MPI kills them.
--------------------------------------------------------------------------
 Abort called by computing node           350 at 2025-08-18 15:05:37.603 +0200
 Execution terminated because of runtime error
--------------------------------------------------------------------------
MPI_ABORT was invoked on rank 15 in communicator MPI COMMUNICATOR 3 DUP FROM 0
with errorcode 1.

NOTE: invoking MPI_ABORT causes Open MPI to kill all MPI processes.
You may or may not see output from other processes, depending on
exactly when Open MPI kills them.
--------------------------------------------------------------------------
 Abort called by computing node           351 at 2025-08-18 15:05:37.602 +0200
 Execution terminated because of runtime error
--------------------------------------------------------------------------
MPI_ABORT was invoked on rank 17 in communicator MPI COMMUNICATOR 3 DUP FROM 0
with errorcode 1.

NOTE: invoking MPI_ABORT causes Open MPI to kill all MPI processes.
You may or may not see output from other processes, depending on
exactly when Open MPI kills them.
--------------------------------------------------------------------------
 Abort called by computing node           352 at 2025-08-18 15:05:37.602 +0200
 Execution terminated because of runtime error
--------------------------------------------------------------------------
MPI_ABORT was invoked on rank 27 in communicator MPI COMMUNICATOR 3 DUP FROM 0
with errorcode 1.

NOTE: invoking MPI_ABORT causes Open MPI to kill all MPI processes.
You may or may not see output from other processes, depending on
exactly when Open MPI kills them.
--------------------------------------------------------------------------
 Abort called by computing node           358 at 2025-08-18 15:05:37.602 +0200
 Execution terminated because of runtime error
--------------------------------------------------------------------------
MPI_ABORT was invoked on rank 28 in communicator MPI COMMUNICATOR 3 DUP FROM 0
with errorcode 1.

NOTE: invoking MPI_ABORT causes Open MPI to kill all MPI processes.
You may or may not see output from other processes, depending on
exactly when Open MPI kills them.
--------------------------------------------------------------------------
 Abort called by computing node           359 at 2025-08-18 15:05:37.603 +0200
 Execution terminated because of runtime error
--------------------------------------------------------------------------
MPI_ABORT was invoked on rank 34 in communicator MPI COMMUNICATOR 3 DUP FROM 0
with errorcode 1.

NOTE: invoking MPI_ABORT causes Open MPI to kill all MPI processes.
You may or may not see output from other processes, depending on
exactly when Open MPI kills them.
--------------------------------------------------------------------------
 Abort called by computing node           371 at 2025-08-18 15:05:37.603 +0200
 Execution terminated because of runtime error
--------------------------------------------------------------------------
MPI_ABORT was invoked on rank 35 in communicator MPI COMMUNICATOR 3 DUP FROM 0
with errorcode 1.

NOTE: invoking MPI_ABORT causes Open MPI to kill all MPI processes.
You may or may not see output from other processes, depending on
exactly when Open MPI kills them.
--------------------------------------------------------------------------
 Abort called by computing node           376 at 2025-08-18 15:05:37.602 +0200
 Execution terminated because of runtime error
--------------------------------------------------------------------------
MPI_ABORT was invoked on rank 36 in communicator MPI COMMUNICATOR 3 DUP FROM 0
with errorcode 1.

NOTE: invoking MPI_ABORT causes Open MPI to kill all MPI processes.
You may or may not see output from other processes, depending on
exactly when Open MPI kills them.
--------------------------------------------------------------------------
 Abort called by computing node           380 at 2025-08-18 15:05:37.603 +0200
 Execution terminated because of runtime error
--------------------------------------------------------------------------
MPI_ABORT was invoked on rank 37 in communicator MPI COMMUNICATOR 3 DUP FROM 0
with errorcode 1.

NOTE: invoking MPI_ABORT causes Open MPI to kill all MPI processes.
You may or may not see output from other processes, depending on
exactly when Open MPI kills them.
--------------------------------------------------------------------------
 Abort called by computing node           381 at 2025-08-18 15:05:37.602 +0200
 Execution terminated because of runtime error
--------------------------------------------------------------------------
MPI_ABORT was invoked on rank 60 in communicator MPI COMMUNICATOR 3 DUP FROM 0
with errorcode 1.

NOTE: invoking MPI_ABORT causes Open MPI to kill all MPI processes.
You may or may not see output from other processes, depending on
exactly when Open MPI kills them.
--------------------------------------------------------------------------
 Abort called by computing node           384 at 2025-08-18 15:05:37.603 +0200
 Execution terminated because of runtime error
--------------------------------------------------------------------------
MPI_ABORT was invoked on rank 71 in communicator MPI COMMUNICATOR 3 DUP FROM 0
with errorcode 1.

NOTE: invoking MPI_ABORT causes Open MPI to kill all MPI processes.
You may or may not see output from other processes, depending on
exactly when Open MPI kills them.
--------------------------------------------------------------------------
 Abort called by computing node           385 at 2025-08-18 15:05:37.602 +0200
 Execution terminated because of runtime error
--------------------------------------------------------------------------
MPI_ABORT was invoked on rank 74 in communicator MPI COMMUNICATOR 3 DUP FROM 0
with errorcode 1.

NOTE: invoking MPI_ABORT causes Open MPI to kill all MPI processes.
You may or may not see output from other processes, depending on
exactly when Open MPI kills them.
--------------------------------------------------------------------------
 Abort called by computing node           389 at 2025-08-18 15:05:37.603 +0200
 Execution terminated because of runtime error
--------------------------------------------------------------------------
MPI_ABORT was invoked on rank 76 in communicator MPI COMMUNICATOR 3 DUP FROM 0
with errorcode 1.

NOTE: invoking MPI_ABORT causes Open MPI to kill all MPI processes.
You may or may not see output from other processes, depending on
exactly when Open MPI kills them.
--------------------------------------------------------------------------
 Abort called by computing node           390 at 2025-08-18 15:05:37.602 +0200
 Execution terminated because of runtime error
--------------------------------------------------------------------------
MPI_ABORT was invoked on rank 77 in communicator MPI COMMUNICATOR 3 DUP FROM 0
with errorcode 1.

NOTE: invoking MPI_ABORT causes Open MPI to kill all MPI processes.
You may or may not see output from other processes, depending on
exactly when Open MPI kills them.
--------------------------------------------------------------------------
 Abort called by computing node           392 at 2025-08-18 15:05:37.602 +0200
 Execution terminated because of runtime error
--------------------------------------------------------------------------
MPI_ABORT was invoked on rank 78 in communicator MPI COMMUNICATOR 3 DUP FROM 0
with errorcode 1.

NOTE: invoking MPI_ABORT causes Open MPI to kill all MPI processes.
You may or may not see output from other processes, depending on
exactly when Open MPI kills them.
--------------------------------------------------------------------------
 Abort called by computing node           394 at 2025-08-18 15:05:37.603 +0200
 Execution terminated because of runtime error
--------------------------------------------------------------------------
MPI_ABORT was invoked on rank 80 in communicator MPI COMMUNICATOR 3 DUP FROM 0
with errorcode 1.

NOTE: invoking MPI_ABORT causes Open MPI to kill all MPI processes.
You may or may not see output from other processes, depending on
exactly when Open MPI kills them.
--------------------------------------------------------------------------
 Abort called by computing node           396 at 2025-08-18 15:05:37.602 +0200
 Execution terminated because of runtime error
--------------------------------------------------------------------------
MPI_ABORT was invoked on rank 81 in communicator MPI COMMUNICATOR 3 DUP FROM 0
with errorcode 1.

NOTE: invoking MPI_ABORT causes Open MPI to kill all MPI processes.
You may or may not see output from other processes, depending on
exactly when Open MPI kills them.
--------------------------------------------------------------------------
 Abort called by computing node           397 at 2025-08-18 15:05:37.603 +0200
 Execution terminated because of runtime error
--------------------------------------------------------------------------
MPI_ABORT was invoked on rank 85 in communicator MPI COMMUNICATOR 3 DUP FROM 0
with errorcode 1.

NOTE: invoking MPI_ABORT causes Open MPI to kill all MPI processes.
You may or may not see output from other processes, depending on
exactly when Open MPI kills them.
--------------------------------------------------------------------------
 Abort called by computing node           398 at 2025-08-18 15:05:37.603 +0200
 Execution terminated because of runtime error
--------------------------------------------------------------------------
MPI_ABORT was invoked on rank 2 in communicator MPI COMMUNICATOR 3 DUP FROM 0
with errorcode 1.

NOTE: invoking MPI_ABORT causes Open MPI to kill all MPI processes.
You may or may not see output from other processes, depending on
exactly when Open MPI kills them.
--------------------------------------------------------------------------
 Abort called by computing node           300 at 2025-08-18 15:05:37.602 +0200
 Execution terminated because of runtime error
--------------------------------------------------------------------------
MPI_ABORT was invoked on rank 5 in communicator MPI COMMUNICATOR 3 DUP FROM 0
with errorcode 1.

NOTE: invoking MPI_ABORT causes Open MPI to kill all MPI processes.
You may or may not see output from other processes, depending on
exactly when Open MPI kills them.
--------------------------------------------------------------------------
 Abort called by computing node           301 at 2025-08-18 15:05:37.602 +0200
 Execution terminated because of runtime error
--------------------------------------------------------------------------
MPI_ABORT was invoked on rank 9 in communicator MPI COMMUNICATOR 3 DUP FROM 0
with errorcode 1.

NOTE: invoking MPI_ABORT causes Open MPI to kill all MPI processes.
You may or may not see output from other processes, depending on
exactly when Open MPI kills them.
--------------------------------------------------------------------------
 Abort called by computing node           302 at 2025-08-18 15:05:37.602 +0200
 Execution terminated because of runtime error
--------------------------------------------------------------------------
MPI_ABORT was invoked on rank 11 in communicator MPI COMMUNICATOR 3 DUP FROM 0
with errorcode 1.

NOTE: invoking MPI_ABORT causes Open MPI to kill all MPI processes.
You may or may not see output from other processes, depending on
exactly when Open MPI kills them.
--------------------------------------------------------------------------
 Abort called by computing node           303 at 2025-08-18 15:05:37.603 +0200
 Execution terminated because of runtime error
--------------------------------------------------------------------------
MPI_ABORT was invoked on rank 18 in communicator MPI COMMUNICATOR 3 DUP FROM 0
with errorcode 1.

NOTE: invoking MPI_ABORT causes Open MPI to kill all MPI processes.
You may or may not see output from other processes, depending on
exactly when Open MPI kills them.
--------------------------------------------------------------------------
 Abort called by computing node           305 at 2025-08-18 15:05:37.602 +0200
 Execution terminated because of runtime error
--------------------------------------------------------------------------
MPI_ABORT was invoked on rank 29 in communicator MPI COMMUNICATOR 3 DUP FROM 0
with errorcode 1.

NOTE: invoking MPI_ABORT causes Open MPI to kill all MPI processes.
You may or may not see output from other processes, depending on
exactly when Open MPI kills them.
--------------------------------------------------------------------------
 Abort called by computing node           307 at 2025-08-18 15:05:37.602 +0200
 Execution terminated because of runtime error
--------------------------------------------------------------------------
MPI_ABORT was invoked on rank 33 in communicator MPI COMMUNICATOR 3 DUP FROM 0
with errorcode 1.

NOTE: invoking MPI_ABORT causes Open MPI to kill all MPI processes.
You may or may not see output from other processes, depending on
exactly when Open MPI kills them.
--------------------------------------------------------------------------
 Abort called by computing node           308 at 2025-08-18 15:05:37.603 +0200
 Execution terminated because of runtime error
--------------------------------------------------------------------------
MPI_ABORT was invoked on rank 38 in communicator MPI COMMUNICATOR 3 DUP FROM 0
with errorcode 1.

NOTE: invoking MPI_ABORT causes Open MPI to kill all MPI processes.
You may or may not see output from other processes, depending on
exactly when Open MPI kills them.
--------------------------------------------------------------------------
 NetCDF: Variable not found                                                      
 Abort called by computing node           309 at 2025-08-18 15:05:37.603 +0200
 Execution terminated because of runtime error
--------------------------------------------------------------------------
MPI_ABORT was invoked on rank 40 in communicator MPI COMMUNICATOR 3 DUP FROM 0
with errorcode 1.

NOTE: invoking MPI_ABORT causes Open MPI to kill all MPI processes.
You may or may not see output from other processes, depending on
exactly when Open MPI kills them.
--------------------------------------------------------------------------
 Abort called by computing node           310 at 2025-08-18 15:05:37.602 +0200
 Execution terminated because of runtime error
--------------------------------------------------------------------------
MPI_ABORT was invoked on rank 41 in communicator MPI COMMUNICATOR 3 DUP FROM 0
with errorcode 1.

NOTE: invoking MPI_ABORT causes Open MPI to kill all MPI processes.
You may or may not see output from other processes, depending on
exactly when Open MPI kills them.
--------------------------------------------------------------------------
 Abort called by computing node           311 at 2025-08-18 15:05:37.603 +0200
 Execution terminated because of runtime error
--------------------------------------------------------------------------
MPI_ABORT was invoked on rank 43 in communicator MPI COMMUNICATOR 3 DUP FROM 0
with errorcode 1.

NOTE: invoking MPI_ABORT causes Open MPI to kill all MPI processes.
You may or may not see output from other processes, depending on
exactly when Open MPI kills them.
--------------------------------------------------------------------------
 Abort called by computing node           312 at 2025-08-18 15:05:37.603 +0200
 Execution terminated because of runtime error
--------------------------------------------------------------------------
MPI_ABORT was invoked on rank 51 in communicator MPI COMMUNICATOR 3 DUP FROM 0
with errorcode 1.

NOTE: invoking MPI_ABORT causes Open MPI to kill all MPI processes.
You may or may not see output from other processes, depending on
exactly when Open MPI kills them.
--------------------------------------------------------------------------
 Abort called by computing node           316 at 2025-08-18 15:05:37.603 +0200
 Execution terminated because of runtime error
--------------------------------------------------------------------------
MPI_ABORT was invoked on rank 54 in communicator MPI COMMUNICATOR 3 DUP FROM 0
with errorcode 1.

NOTE: invoking MPI_ABORT causes Open MPI to kill all MPI processes.
You may or may not see output from other processes, depending on
exactly when Open MPI kills them.
--------------------------------------------------------------------------
 Abort called by computing node           318 at 2025-08-18 15:05:37.602 +0200
 Execution terminated because of runtime error
--------------------------------------------------------------------------
MPI_ABORT was invoked on rank 55 in communicator MPI COMMUNICATOR 3 DUP FROM 0
with errorcode 1.

NOTE: invoking MPI_ABORT causes Open MPI to kill all MPI processes.
You may or may not see output from other processes, depending on
exactly when Open MPI kills them.
--------------------------------------------------------------------------
 Abort called by computing node           321 at 2025-08-18 15:05:37.603 +0200
 Execution terminated because of runtime error
--------------------------------------------------------------------------
MPI_ABORT was invoked on rank 91 in communicator MPI COMMUNICATOR 3 DUP FROM 0
with errorcode 1.

NOTE: invoking MPI_ABORT causes Open MPI to kill all MPI processes.
You may or may not see output from other processes, depending on
exactly when Open MPI kills them.
--------------------------------------------------------------------------
 Abort called by computing node           322 at 2025-08-18 15:05:37.602 +0200
 Execution terminated because of runtime error
--------------------------------------------------------------------------
MPI_ABORT was invoked on rank 92 in communicator MPI COMMUNICATOR 3 DUP FROM 0
with errorcode 1.

NOTE: invoking MPI_ABORT causes Open MPI to kill all MPI processes.
You may or may not see output from other processes, depending on
exactly when Open MPI kills them.
--------------------------------------------------------------------------
 Abort called by computing node           324 at 2025-08-18 15:05:37.602 +0200
 Execution terminated because of runtime error
--------------------------------------------------------------------------
MPI_ABORT was invoked on rank 96 in communicator MPI COMMUNICATOR 3 DUP FROM 0
with errorcode 1.

NOTE: invoking MPI_ABORT causes Open MPI to kill all MPI processes.
You may or may not see output from other processes, depending on
exactly when Open MPI kills them.
--------------------------------------------------------------------------
 Abort called by computing node           329 at 2025-08-18 15:05:37.602 +0200
 Execution terminated because of runtime error
--------------------------------------------------------------------------
MPI_ABORT was invoked on rank 95 in communicator MPI COMMUNICATOR 3 DUP FROM 0
with errorcode 1.

NOTE: invoking MPI_ABORT causes Open MPI to kill all MPI processes.
You may or may not see output from other processes, depending on
exactly when Open MPI kills them.
--------------------------------------------------------------------------
 Abort called by computing node           331 at 2025-08-18 15:05:37.603 +0200
 Execution terminated because of runtime error
--------------------------------------------------------------------------
MPI_ABORT was invoked on rank 84 in communicator MPI COMMUNICATOR 3 DUP FROM 0
with errorcode 1.

NOTE: invoking MPI_ABORT causes Open MPI to kill all MPI processes.
You may or may not see output from other processes, depending on
exactly when Open MPI kills them.
--------------------------------------------------------------------------
 Abort called by computing node           332 at 2025-08-18 15:05:37.603 +0200
 Execution terminated because of runtime error
slurmstepd: error: *** STEP 19095185.0 ON lrdn4561 CANCELLED AT 2025-08-18T15:05:37 ***
 Abort called by computing node           333 at 2025-08-18 15:05:37.602 +0200
 Execution terminated because of runtime error
 Abort called by computing node           334 at 2025-08-18 15:05:37.602 +0200
 Execution terminated because of runtime error
 Abort called by computing node           335 at 2025-08-18 15:05:37.602 +0200
 Execution terminated because of runtime error
 Abort called by computing node           336 at 2025-08-18 15:05:37.603 +0200
 Execution terminated because of runtime error
 Abort called by computing node           337 at 2025-08-18 15:05:37.602 +0200
 Execution terminated because of runtime error
 Abort called by computing node           338 at 2025-08-18 15:05:37.602 +0200
 Execution terminated because of runtime error
 Abort called by computing node           339 at 2025-08-18 15:05:37.603 +0200
 Execution terminated because of runtime error
 Abort called by computing node           341 at 2025-08-18 15:05:37.602 +0200
 Execution terminated because of runtime error
 Abort called by computing node           342 at 2025-08-18 15:05:37.603 +0200
 Execution terminated because of runtime error
 Abort called by computing node           344 at 2025-08-18 15:05:37.602 +0200
 Execution terminated because of runtime error
 Abort called by computing node           345 at 2025-08-18 15:05:37.602 +0200
 Execution terminated because of runtime error
 Abort called by computing node           347 at 2025-08-18 15:05:37.603 +0200
 Execution terminated because of runtime error
 Abort called by computing node           353 at 2025-08-18 15:05:37.602 +0200
 Execution terminated because of runtime error
 Abort called by computing node           354 at 2025-08-18 15:05:37.603 +0200
 Execution terminated because of runtime error
 Abort called by computing node           355 at 2025-08-18 15:05:37.603 +0200
 Execution terminated because of runtime error
 Abort called by computing node           356 at 2025-08-18 15:05:37.602 +0200
 Execution terminated because of runtime error
 Abort called by computing node           357 at 2025-08-18 15:05:37.603 +0200
 Execution terminated because of runtime error
 Abort called by computing node           360 at 2025-08-18 15:05:37.602 +0200
 Execution terminated because of runtime error
 Abort called by computing node           361 at 2025-08-18 15:05:37.602 +0200
 Execution terminated because of runtime error
 Abort called by computing node           362 at 2025-08-18 15:05:37.602 +0200
 Execution terminated because of runtime error
 Abort called by computing node           363 at 2025-08-18 15:05:37.602 +0200
 Execution terminated because of runtime error
 Abort called by computing node           364 at 2025-08-18 15:05:37.602 +0200
 Execution terminated because of runtime error
 Abort called by computing node           365 at 2025-08-18 15:05:37.602 +0200
 Execution terminated because of runtime error
 Abort called by computing node           366 at 2025-08-18 15:05:37.603 +0200
 Execution terminated because of runtime error
 Abort called by computing node           368 at 2025-08-18 15:05:37.603 +0200
 Execution terminated because of runtime error
 Abort called by computing node           369 at 2025-08-18 15:05:37.602 +0200
 Execution terminated because of runtime error
 Abort called by computing node           370 at 2025-08-18 15:05:37.602 +0200
 Execution terminated because of runtime error
 Abort called by computing node           373 at 2025-08-18 15:05:37.602 +0200
 Execution terminated because of runtime error
 Abort called by computing node           374 at 2025-08-18 15:05:37.603 +0200
 Execution terminated because of runtime error
 Abort called by computing node           375 at 2025-08-18 15:05:37.602 +0200
 Execution terminated because of runtime error
 Abort called by computing node           377 at 2025-08-18 15:05:37.602 +0200
 Execution terminated because of runtime error
 Abort called by computing node           378 at 2025-08-18 15:05:37.603 +0200
 Execution terminated because of runtime error
 Abort called by computing node           379 at 2025-08-18 15:05:37.602 +0200
 Execution terminated because of runtime error
 Abort called by computing node           382 at 2025-08-18 15:05:37.603 +0200
 Execution terminated because of runtime error
 Abort called by computing node           383 at 2025-08-18 15:05:37.602 +0200
 Execution terminated because of runtime error
 Abort called by computing node           386 at 2025-08-18 15:05:37.602 +0200
 Execution terminated because of runtime error
 Abort called by computing node           387 at 2025-08-18 15:05:37.602 +0200
 Execution terminated because of runtime error
 Abort called by computing node           388 at 2025-08-18 15:05:37.602 +0200
 Execution terminated because of runtime error
 Abort called by computing node           391 at 2025-08-18 15:05:37.603 +0200
 Execution terminated because of runtime error
 Abort called by computing node           393 at 2025-08-18 15:05:37.602 +0200
 Execution terminated because of runtime error
 Abort called by computing node           395 at 2025-08-18 15:05:37.602 +0200
 Execution terminated because of runtime error
 Abort called by computing node           399 at 2025-08-18 15:05:37.603 +0200
 Execution terminated because of runtime error
srun: error: lrdn4585: tasks 403,440,443,453,459,486: Killed
srun: error: lrdn4591: tasks 703-704,706-707,710,734-736,739,741,771,786,795: Killed
srun: error: lrdn4589: tasks 500-501,504,520-521,534,545-546,566,573,585,596: Killed
srun: error: lrdn4590: tasks 602,604,607-609,621,623,629,633,644,646,648,655-656,672,678,680,698: Killed
srun: error: lrdn4579: tasks 101,104,120,128,139,148,159,162,168,180,185-186,190,192,198: Killed
srun: error: lrdn4561: tasks 0,3,5,15,28,30,34,41,47,49,55,57,63,71,75,99: Killed
srun: error: lrdn4561: task 82: Exited with exit code 1
srun: error: lrdn4582: tasks 205-206,213,222-223,229,232,239,244,251,255,273,275,283,293,298: Killed
srun: error: lrdn4584: tasks 308,320,330,332,340,344,346,355,357-358,361-362,366,371,381,384,386,392: Killed
srun: error: lrdn4590: tasks 600-601,603,605-606,610-620,622,624-628,630-632,634-643,645,647,649-654,657-671,673-677,679,681-694,696-697,699: Killed
srun: error: lrdn4591: tasks 700,702,705,708-709,711-733,737-738,740,742-770,772-785,787-794,796-799: Killed
srun: error: lrdn4579: tasks 100,102-103,105-119,121-127,129-138,140-147,149-158,160-161,163-167,169,171-179,181-184,187-189,191,193-197,199: Killed
srun: error: lrdn4582: tasks 200-204,207-212,214-221,224-228,230-231,233-238,240-243,245-249,252-254,256-272,274,276-282,284-292,294-297,299: Killed
srun: error: lrdn4584: tasks 300-307,309-319,321-329,331,333-339,341-343,345,347-351,353-354,356,359-360,363-365,367-370,372-380,382-383,385,387-391,393-399: Killed
srun: error: lrdn4561: tasks 1-2,4,6-12,14,16-27,29,32-33,35-40,42-46,48,50-54,56,58-62,64-70,72-74,76-81,83-98: Killed
srun: error: lrdn4561: task 13: Exited with exit code 1
srun: error: lrdn4589: tasks 502-503,505-519,522-533,535-544,547-550,552-565,567-572,574-584,586-595,597-599: Killed
srun: error: lrdn4585: tasks 400-402,404-439,441-442,444-452,454-458,460-485,487-496,498-499: Killed
srun: error: lrdn4590: task 695: Killed
srun: error: lrdn4589: task 551: Killed
srun: error: lrdn4584: task 352: Killed
srun: error: lrdn4591: task 701: Killed
srun: error: lrdn4579: task 170: Killed
srun: error: lrdn4585: task 497: Killed
srun: error: lrdn4582: task 250: Killed
srun: error: lrdn4561: task 31: Killed
