WARNING: Device-side CUDA Event completion trace is currently enabled.
         This may increase runtime overhead and the likelihood of false
         dependencies across CUDA Streams. If you wish to avoid this, please
         disable the feature with --cuda-event-trace=false.
WARNING: Device-side CUDA Event completion trace is currently enabled.
         This may increase runtime overhead and the likelihood of false
         dependencies across CUDA Streams. If you wish to avoid this, please
         disable the feature with --cuda-event-trace=false.
WARNING: Device-side CUDA Event completion trace is currently enabled.
         This may increase runtime overhead and the likelihood of false
         dependencies across CUDA Streams. If you wish to avoid this, please
         disable the feature with --cuda-event-trace=false.
WARNING: Device-side CUDA Event completion trace is currently enabled.
         This may increase runtime overhead and the likelihood of false
         dependencies across CUDA Streams. If you wish to avoid this, please
         disable the feature with --cuda-event-trace=false.
WARNING: Device-side CUDA Event completion trace is currently enabled.
         This may increase runtime overhead and the likelihood of false
         dependencies across CUDA Streams. If you wish to avoid this, please
         disable the feature with --cuda-event-trace=false.
WARNING: Device-side CUDA Event completion trace is currently enabled.
         This may increase runtime overhead and the likelihood of false
         dependencies across CUDA Streams. If you wish to avoid this, please
         disable the feature with --cuda-event-trace=false.
WARNING: Device-side CUDA Event completion trace is currently enabled.
         This may increase runtime overhead and the likelihood of false
         dependencies across CUDA Streams. If you wish to avoid this, please
         disable the feature with --cuda-event-trace=false.
WARNING: Device-side CUDA Event completion trace is currently enabled.
         This may increase runtime overhead and the likelihood of false
         dependencies across CUDA Streams. If you wish to avoid this, please
         disable the feature with --cuda-event-trace=false.
slurmstepd: error:  mpi/pmix_v3: _errhandler: lrdn2918 [0]: pmixp_client_v2.c:212: Error handler invoked: status = -25, source = [slurm.pmix.37261718.0:0]
srun: Job step aborted: Waiting up to 122 seconds for job step to finish.
slurmstepd: error: *** STEP 37261718.0 ON lrdn2918 CANCELLED AT 2026-03-08T22:13:34 ***
slurmstepd: error: Detected 1 oom_kill event in StepId=37261718.0. Some of the step tasks have been OOM Killed.
slurmstepd: error:  mpi/pmix_v3: _errhandler: lrdn2918 [0]: pmixp_client_v2.c:212: Error handler invoked: status = -25, source = [slurm.pmix.37261718.0:1]
slurmstepd: error:  mpi/pmix_v3: _errhandler: lrdn3349 [1]: pmixp_client_v2.c:212: Error handler invoked: status = -25, source = [slurm.pmix.37261718.0:7]
srun: error: lrdn3349: tasks 4-7: Killed
srun: error: lrdn2918: tasks 0-3: Out Of Memory
