 BalanceCheck: soil balance error step =       232 point =   1178703 imbalance =************ W/m2
 indexc=       1178703  errsoi_col=     8347372.343568942     
 -------------- FATAL CALLED ---------------
  Fatal in file: mod_clm_balancecheck.F90 at line:      767
 clm model is stopping
 -------------------------------------------
 Abort called by computing node             1 at 2026-02-17 01:40:45.690 +0100
 Execution terminated because of runtime error
--------------------------------------------------------------------------
MPI_ABORT was invoked on rank 1 in communicator MPI COMMUNICATOR 3 DUP FROM 0
with errorcode 1.

NOTE: invoking MPI_ABORT causes Open MPI to kill all MPI processes.
You may or may not see output from other processes, depending on
exactly when Open MPI kills them.
--------------------------------------------------------------------------
srun: Job step aborted: Waiting up to 182 seconds for job step to finish.
slurmstepd: error: *** STEP 34296503.0 ON lrdn2726 CANCELLED AT 2026-02-17T01:40:45 ***
srun: error: lrdn2726: task 1: Exited with exit code 1
srun: error: lrdn2726: task 3: Killed
srun: error: lrdn2726: task 2: Killed
srun: error: lrdn2726: task 0: Killed
