Failing in Thread:1
Accelerator Fatal Error: call to cuStreamSynchronize returned error 700 (CUDA_ERROR_ILLEGAL_ADDRESS): Illegal address during kernel execution
 File: /leonardo/home/userexternal/ctica000/MS_thesis/RegCM/Share/mod_vertint.F90
 Function: intp1_pointer:1256
 Line: 1274

Failing in Thread:1
Accelerator Fatal Error: call to cuStreamSynchronize returned error 700 (CUDA_ERROR_ILLEGAL_ADDRESS): Illegal address during kernel execution
 File: /leonardo/home/userexternal/ctica000/MS_thesis/RegCM/Share/mod_vertint.F90
 Function: intp1_pointer:1256
 Line: 1274

Failing in Thread:1
Failing in Thread:1
Accelerator Fatal Error: call to cuStreamSynchronize returned error 700 (CUDA_ERROR_ILLEGAL_ADDRESS): Illegal address during kernel execution
 File: /leonardo/home/userexternal/ctica000/MS_thesis/RegCM/Share/mod_vertint.F90
 Function: intp1_pointer:1256
 Line: 1274

Accelerator Fatal Error: call to cuStreamSynchronize returned error 700 (CUDA_ERROR_ILLEGAL_ADDRESS): Illegal address during kernel execution
 File: /leonardo/home/userexternal/ctica000/MS_thesis/RegCM/Share/mod_vertint.F90
 Function: intp1_pointer:1256
 Line: 1274

Failing in Thread:1
Accelerator Fatal Error: call to cuStreamSynchronize returned error 700 (CUDA_ERROR_ILLEGAL_ADDRESS): Illegal address during kernel execution
 File: /leonardo/home/userexternal/ctica000/MS_thesis/RegCM/Share/mod_vertint.F90
 Function: intp1_pointer:1256
 Line: 1274

Failing in Thread:1
Failing in Thread:1
Failing in Thread:1
Failing in Thread:1
Accelerator Fatal Error: call to cuStreamSynchronize returned error 700 (CUDA_ERROR_ILLEGAL_ADDRESS): Illegal address during kernel execution
 File: /leonardo/home/userexternal/ctica000/MS_thesis/RegCM/Share/mod_vertint.F90
 Function: intp1_pointer:1256
 Line: 1274

Accelerator Fatal Error: call to cuStreamSynchronize returned error 700 (CUDA_ERROR_ILLEGAL_ADDRESS): Illegal address during kernel execution
 File: /leonardo/home/userexternal/ctica000/MS_thesis/RegCM/Share/mod_vertint.F90
 Function: intp1_pointer:1256
 Line: 1274

Accelerator Fatal Error: call to cuStreamSynchronize returned error 700 (CUDA_ERROR_ILLEGAL_ADDRESS): Illegal address during kernel execution
 File: /leonardo/home/userexternal/ctica000/MS_thesis/RegCM/Share/mod_vertint.F90
 Function: intp1_pointer:1256
 Line: 1274

Accelerator Fatal Error: call to cuStreamSynchronize returned error 700 (CUDA_ERROR_ILLEGAL_ADDRESS): Illegal address during kernel execution
 File: /leonardo/home/userexternal/ctica000/MS_thesis/RegCM/Share/mod_vertint.F90
 Function: intp1_pointer:1256
 Line: 1274

Failing in Thread:1
Accelerator Fatal Error: call to cuStreamSynchronize returned error 700 (CUDA_ERROR_ILLEGAL_ADDRESS): Illegal address during kernel execution
 File: /leonardo/home/userexternal/ctica000/MS_thesis/RegCM/Share/mod_vertint.F90
 Function: intp1_pointer:1256
 Line: 1274

Failing in Thread:1
Accelerator Fatal Error: call to cuStreamSynchronize returned error 700 (CUDA_ERROR_ILLEGAL_ADDRESS): Illegal address during kernel execution
 File: /leonardo/home/userexternal/ctica000/MS_thesis/RegCM/Share/mod_vertint.F90
 Function: intp1_pointer:1256
 Line: 1274

Failing in Thread:1
Accelerator Fatal Error: call to cuStreamSynchronize returned error 700 (CUDA_ERROR_ILLEGAL_ADDRESS): Illegal address during kernel execution
 File: /leonardo/home/userexternal/ctica000/MS_thesis/RegCM/Share/mod_vertint.F90
 Function: intp1_pointer:1256
 Line: 1274

Failing in Thread:1
Accelerator Fatal Error: call to cuStreamSynchronize returned error 700 (CUDA_ERROR_ILLEGAL_ADDRESS): Illegal address during kernel execution
 File: /leonardo/home/userexternal/ctica000/MS_thesis/RegCM/Share/mod_vertint.F90
 Function: intp1_pointer:1256
 Line: 1274

Failing in Thread:1
Accelerator Fatal Error: call to cuStreamSynchronize returned error 700 (CUDA_ERROR_ILLEGAL_ADDRESS): Illegal address during kernel execution
 File: /leonardo/home/userexternal/ctica000/MS_thesis/RegCM/Share/mod_vertint.F90
 Function: intp1_pointer:1256
 Line: 1274

Failing in Thread:1
Failing in Thread:1
Accelerator Fatal Error: call to cuStreamSynchronize returned error 700 (CUDA_ERROR_ILLEGAL_ADDRESS): Illegal address during kernel execution
 File: /leonardo/home/userexternal/ctica000/MS_thesis/RegCM/Share/mod_vertint.F90
 Function: intp1_pointer:1256
 Line: 1274

Accelerator Fatal Error: call to cuStreamSynchronize returned error 700 (CUDA_ERROR_ILLEGAL_ADDRESS): Illegal address during kernel execution
 File: /leonardo/home/userexternal/ctica000/MS_thesis/RegCM/Share/mod_vertint.F90
 Function: intp1_pointer:1256
 Line: 1274

srun: error: lrdn1783: task 3: Exited with exit code 1
srun: error: lrdn3181: tasks 13,15: Exited with exit code 1
srun: error: lrdn3181: tasks 12,14: Exited with exit code 1
srun: error: lrdn1798: tasks 4,7: Exited with exit code 1
srun: error: lrdn1800: task 11: Exited with exit code 1
srun: error: lrdn1783: tasks 0-2: Exited with exit code 1
srun: error: lrdn1798: tasks 5-6: Exited with exit code 1
srun: error: lrdn1800: tasks 8,10: Exited with exit code 1
srun: error: lrdn1800: task 9: Exited with exit code 1
