checking for a BSD-compatible install... /usr/bin/install -c
checking whether build environment is sane... yes
checking for a race-free mkdir -p... /usr/bin/mkdir -p
checking for gawk... no
checking for mawk... mawk
checking whether make sets $(MAKE)... yes
checking whether make supports nested variables... yes
checking whether make supports the include directive... yes (GNU style)
checking for gcc... mpicc
checking whether the C compiler works... yes
checking for C compiler default output file name... a.out
checking for suffix of executables... 
checking whether we are cross compiling... no
checking for suffix of object files... o
checking whether the compiler supports GNU C... yes
checking whether mpicc accepts -g... yes
checking for mpicc option to enable C11 features... none needed
checking whether mpicc understands -c and -o together... yes
checking dependency style of mpicc... gcc3
checking for ar... ar
checking the archiver (ar) interface... ar
checking build system type... aarch64-unknown-linux-gnu
checking host system type... aarch64-unknown-linux-gnu
checking how to print strings... printf
checking for a sed that does not truncate output... /usr/bin/sed
checking for grep that handles long lines and -e... /usr/bin/grep
checking for egrep... /usr/bin/grep -E
checking for fgrep... /usr/bin/grep -F
checking for ld used by mpicc... /usr/bin/ld
checking if the linker (/usr/bin/ld) is GNU ld... yes
checking for BSD- or MS-compatible name lister (nm)... /usr/bin/nm -B
checking the name lister (/usr/bin/nm -B) interface... BSD nm
checking whether ln -s works... yes
checking the maximum length of command line arguments... 4718592
checking how to convert aarch64-unknown-linux-gnu file names to aarch64-unknown-linux-gnu format... func_convert_file_noop
checking how to convert aarch64-unknown-linux-gnu file names to toolchain format... func_convert_file_noop
checking for /usr/bin/ld option to reload object files... -r
checking for file... file
checking for objdump... objdump
checking how to recognize dependent libraries... pass_all
checking for dlltool... no
checking how to associate runtime and link libraries... printf %s\n
checking for archiver @FILE support... @
checking for strip... strip
checking for ranlib... ranlib
checking command to parse /usr/bin/nm -B output from mpicc object... ok
checking for sysroot... no
checking for a working dd... /usr/bin/dd
checking how to truncate binary pipes... /usr/bin/dd bs=4096 count=1
checking for mt... mt
checking if mt is a manifest tool... no
checking for stdio.h... yes
checking for stdlib.h... yes
checking for string.h... yes
checking for inttypes.h... yes
checking for stdint.h... yes
checking for strings.h... yes
checking for sys/stat.h... yes
checking for sys/types.h... yes
checking for unistd.h... yes
checking for dlfcn.h... yes
checking for objdir... .libs
checking if mpicc supports -fno-rtti -fno-exceptions... no
checking for mpicc option to produce PIC... -fPIC -DPIC
checking if mpicc PIC flag -fPIC -DPIC works... yes
checking if mpicc static flag -static works... no
checking if mpicc supports -c -o file.o... yes
checking if mpicc supports -c -o file.o... (cached) yes
checking whether the mpicc linker (/usr/bin/ld) supports shared libraries... yes
checking whether -lc should be explicitly linked in... no
checking dynamic linker characteristics... nvc-Error-Unknown switch: -print-search-dirs
GNU/Linux ld.so
checking how to hardcode library paths into programs... immediate
checking whether stripping libraries is possible... yes
checking if libtool supports shared libraries... yes
checking whether to build shared libraries... yes
checking whether to build static libraries... yes
checking for gcc... (cached) mpicc
checking whether the compiler supports GNU C... (cached) yes
checking whether mpicc accepts -g... (cached) yes
checking for mpicc option to enable C11 features... (cached) none needed
checking whether mpicc understands -c and -o together... (cached) yes
checking dependency style of mpicc... (cached) gcc3
checking whether the compiler supports GNU Fortran... no
checking whether nvfortran accepts -g... yes
checking if libtool supports shared libraries... yes
checking whether to build shared libraries... yes
checking whether to build static libraries... yes
checking for nvfortran option to produce PIC... 
checking if nvfortran static flag  works... yes
checking if nvfortran supports -c -o file.o... yes
checking if nvfortran supports -c -o file.o... (cached) yes
checking whether the nvfortran linker (/usr/bin/ld) supports shared libraries... yes
checking dynamic linker characteristics... (cached) GNU/Linux ld.so
checking how to hardcode library paths into programs... immediate
checking for ranlib... (cached) ranlib
configure: WARNING: Compiling CLM45 enabled code
checking if nf-config program is present... yes
checking if nc-config program is present... yes
checking whether byte ordering is bigendian... no
checking for Fortran name-mangling scheme... lower case, underscore, no extra underscore
configure: checking for NetCDF...
configure: checking for netcdf.h...
checking for netcdf.h... yes
configure: checking for libnetcdf...
checking for nc_close in -lnetcdf... no
configure: checking if we need to link hdf5 library...
checking for nc_sync in -lnetcdf... no
configure: checking if we need to link szlib library...
checking for nc_inq_libvers in -lnetcdf... no
configure: checking if we need to link libraries for HDF4...
checking for nc_enddef in -lnetcdf... no
configure: error: NetCDF library not found
