 energy balance in canopy       1230856 , err=   0.3591251113533468     
 BalanceCheck: surface flux energy balance error step =       275 point =****** imbalance =    0.359125 W/m2
  sabv           =     64.18077984308455     
  column      =        316251
  sabg           =     18.92516593825069         18.92516593825069      
    18.92516593825069     
  eflx_lwrad_net =     28.33408684992793     
  eflx_sh_tot    =    -8.754633128823796     
  eflx_lh_tot    =     36.86173988017998     
  eflx_soil_grnd =     26.30562706869767     
 -------------- FATAL CALLED ---------------
  Fatal in file: mod_clm_balancecheck.F90 at line:      735
 clm model is stopping
 -------------------------------------------
 Abort called by computing node             2 at 2025-12-27 04:45:38.590 +0100
 Execution terminated because of runtime error
--------------------------------------------------------------------------
MPI_ABORT was invoked on rank 2 in communicator MPI COMMUNICATOR 3 DUP FROM 0
with errorcode 1.

NOTE: invoking MPI_ABORT causes Open MPI to kill all MPI processes.
You may or may not see output from other processes, depending on
exactly when Open MPI kills them.
--------------------------------------------------------------------------
srun: Job step aborted: Waiting up to 182 seconds for job step to finish.
slurmstepd: error: *** STEP 30885459.0 ON lrdn1801 CANCELLED AT 2025-12-27T04:45:38 ***
srun: error: lrdn1801: tasks 1,3: Killed
srun: error: lrdn1801: task 2: Exited with exit code 1
srun: error: lrdn1806: tasks 8-10: Killed
srun: error: lrdn1802: tasks 4-5,7: Killed
srun: error: lrdn1806: task 11: Killed
srun: error: lrdn1802: task 6: Killed
srun: error: lrdn1807: tasks 12-13,15: Killed
srun: error: lrdn1807: task 14: Killed
srun: error: lrdn1801: task 0: Killed
