Unloading spack environment 
 
Spack activated with install: /leonardo/pub/userexternal/ctica000/spack-0.22.2-06/install , modules: /leonardo/pub/userexternal/ctica000/spack-0.22.2-06/modules and cache: /leonardo/pub/userexternal/ctica000/spack-0.22.2-06/cache
Loading cuda/12.2
  Loading requirement: libiconv/1.17-nhc3mhm xz/5.4.6-xxxg42c
    zlib-ng/2.1.6-jkgunjc libxml2/2.10.3-zbbe7lm
CUDA_HOME=/leonardo/prod/spack/06/install/0.22/linux-rhel8-icelake/gcc-8.5.0/cuda-12.2.0-o6rr2unwsp4e4av6ukobro6plj7ceeos
NVHPC_CUDA_HOME=/leonardo/prod/spack/06/install/0.22/linux-rhel8-icelake/gcc-8.5.0/cuda-12.2.0-o6rr2unwsp4e4av6ukobro6plj7ceeos
nvcc: NVIDIA (R) Cuda compiler driver
Copyright (c) 2005-2023 NVIDIA Corporation
Built on Tue_Jun_13_19:16:58_PDT_2023
Cuda compilation tools, release 12.2, V12.2.91
Build cuda_12.2.r12.2/compiler.32965470_0

Loaded RegCM5 Leonardo NVHPC + HPC-X Spack environment
REGCM_SPACK_ENV = /leonardo_work/ICT26_ESP_0/christian/spack-envs/regcm5-leonardo-nvhpc-hpcx
MPI_SHIM        = /leonardo_work/ICT26_ESP_0/christian/externals/hpcx-mpi-2.25.1-ompi-shim

Compiler/MPI wrappers:
  CC     = nvc
  CXX    = nvc++
  FC     = nvfortran
  F77    = nvfortran
  MPICC  = mpicc
  MPIFC  = mpifort

Resolved tools:
  nvc             -> /leonardo/prod/spack/06/install/0.22/linux-rhel8-icelake/gcc-8.5.0/nvhpc-25.11-ayzlbce6ohpmv72ncfv4ogitmppp2usq/Linux_x86_64/25.11/compilers/bin/nvc
  nvfortran       -> /leonardo/prod/spack/06/install/0.22/linux-rhel8-icelake/gcc-8.5.0/nvhpc-25.11-ayzlbce6ohpmv72ncfv4ogitmppp2usq/Linux_x86_64/25.11/compilers/bin/nvfortran
  mpicc           -> /leonardo_work/ICT26_ESP_0/christian/externals/hpcx-mpi-2.25.1-ompi-shim/bin/mpicc
  mpifort         -> /leonardo_work/ICT26_ESP_0/christian/externals/hpcx-mpi-2.25.1-ompi-shim/bin/mpifort
  mpirun          -> /leonardo_work/ICT26_ESP_0/christian/externals/hpcx-mpi-2.25.1-ompi-shim/bin/mpirun
  nc-config       -> /leonardo/pub/userexternal/ctica000/spack-0.22.2-06/install/linux-rhel8-icelake/nvhpc-25.11/netcdf-c-4.9.2-ubl3h57uqcq4yknbtprhrdimzgherplq/bin/nc-config
  nf-config       -> /leonardo/pub/userexternal/ctica000/spack-0.22.2-06/install/linux-rhel8-icelake/nvhpc-25.11/netcdf-fortran-4.6.1-t5pazgfengikrrt3x6kcwd4yjqbeldx6/bin/nf-config
  pnetcdf-config  -> /leonardo/pub/userexternal/ctica000/spack-0.22.2-06/install/linux-rhel8-icelake/nvhpc-25.11/parallel-netcdf-1.12.3-mwecvojjtcxgi7spmmyugbual7ouxs5b/bin/pnetcdf-config

Quick checks:
  nc-config --prefix       -> /leonardo/pub/userexternal/ctica000/spack-0.22.2-06/install/linux-rhel8-icelake/nvhpc-25.11/netcdf-c-4.9.2-ubl3h57uqcq4yknbtprhrdimzgherplq
  nf-config --prefix       -> /leonardo/pub/userexternal/ctica000/spack-0.22.2-06/install/linux-rhel8-icelake/nvhpc-25.11/netcdf-fortran-4.6.1-t5pazgfengikrrt3x6kcwd4yjqbeldx6
  pnetcdf-config --prefix  -> /leonardo/pub/userexternal/ctica000/spack-0.22.2-06/install/linux-rhel8-icelake/nvhpc-25.11/parallel-netcdf-1.12.3-mwecvojjtcxgi7spmmyugbual7ouxs5b
  mpirun --version         -> mpirun (Open MPI) 4.1.9a1

[1779627430.628949] [lrdn2024:1984134:0]     gdr_copy_md.c:284  UCX  WARN  could not open gdr copy, built for v2.5 but loaded v2.2
[1779627430.628974] [lrdn2024:1984135:0]     gdr_copy_md.c:284  UCX  WARN  could not open gdr copy, built for v2.5 but loaded v2.2
[1779627430.628979] [lrdn2024:1984136:0]     gdr_copy_md.c:284  UCX  WARN  could not open gdr copy, built for v2.5 but loaded v2.2
[1779627430.628981] [lrdn2024:1984137:0]     gdr_copy_md.c:284  UCX  WARN  could not open gdr copy, built for v2.5 but loaded v2.2
[1779627430.632743] [lrdn2015:424297:0]     gdr_copy_md.c:284  UCX  WARN  could not open gdr copy, built for v2.5 but loaded v2.2
[1779627430.632771] [lrdn2015:424295:0]     gdr_copy_md.c:284  UCX  WARN  could not open gdr copy, built for v2.5 but loaded v2.2
[1779627430.632782] [lrdn2015:424296:0]     gdr_copy_md.c:284  UCX  WARN  could not open gdr copy, built for v2.5 but loaded v2.2
[1779627430.632786] [lrdn2015:424298:0]     gdr_copy_md.c:284  UCX  WARN  could not open gdr copy, built for v2.5 but loaded v2.2
[1779627430.641456] [lrdn2018:966729:0]     gdr_copy_md.c:284  UCX  WARN  could not open gdr copy, built for v2.5 but loaded v2.2
[1779627430.641464] [lrdn2018:966727:0]     gdr_copy_md.c:284  UCX  WARN  could not open gdr copy, built for v2.5 but loaded v2.2
[1779627430.641467] [lrdn2018:966730:0]     gdr_copy_md.c:284  UCX  WARN  could not open gdr copy, built for v2.5 but loaded v2.2
[1779627430.641479] [lrdn2018:966728:0]     gdr_copy_md.c:284  UCX  WARN  could not open gdr copy, built for v2.5 but loaded v2.2
[1779627430.648912] [lrdn2023:2587559:0]     gdr_copy_md.c:284  UCX  WARN  could not open gdr copy, built for v2.5 but loaded v2.2
[1779627430.648910] [lrdn2023:2587560:0]     gdr_copy_md.c:284  UCX  WARN  could not open gdr copy, built for v2.5 but loaded v2.2
[1779627430.648912] [lrdn2023:2587558:0]     gdr_copy_md.c:284  UCX  WARN  could not open gdr copy, built for v2.5 but loaded v2.2
[1779627430.648916] [lrdn2023:2587561:0]     gdr_copy_md.c:284  UCX  WARN  could not open gdr copy, built for v2.5 but loaded v2.2
[1779627430.694751] [lrdn2015:424297:0]     gdr_copy_md.c:284  UCX  WARN  could not open gdr copy, built for v2.5 but loaded v2.2
[1779627430.694716] [lrdn2015:424298:0]     gdr_copy_md.c:284  UCX  WARN  could not open gdr copy, built for v2.5 but loaded v2.2
[1779627430.696715] [lrdn2024:1984137:0]     gdr_copy_md.c:284  UCX  WARN  could not open gdr copy, built for v2.5 but loaded v2.2
[1779627430.696718] [lrdn2024:1984135:0]     gdr_copy_md.c:284  UCX  WARN  could not open gdr copy, built for v2.5 but loaded v2.2
[1779627430.696725] [lrdn2024:1984134:0]     gdr_copy_md.c:284  UCX  WARN  could not open gdr copy, built for v2.5 but loaded v2.2
[1779627430.697198] [lrdn2015:424296:0]     gdr_copy_md.c:284  UCX  WARN  could not open gdr copy, built for v2.5 but loaded v2.2
[1779627430.696755] [lrdn2024:1984136:0]     gdr_copy_md.c:284  UCX  WARN  could not open gdr copy, built for v2.5 but loaded v2.2
[1779627430.697221] [lrdn2015:424295:0]     gdr_copy_md.c:284  UCX  WARN  could not open gdr copy, built for v2.5 but loaded v2.2
[1779627430.711262] [lrdn2018:966729:0]     gdr_copy_md.c:284  UCX  WARN  could not open gdr copy, built for v2.5 but loaded v2.2
[1779627430.711272] [lrdn2018:966727:0]     gdr_copy_md.c:284  UCX  WARN  could not open gdr copy, built for v2.5 but loaded v2.2
[1779627430.711266] [lrdn2018:966728:0]     gdr_copy_md.c:284  UCX  WARN  could not open gdr copy, built for v2.5 but loaded v2.2
[1779627430.711268] [lrdn2018:966730:0]     gdr_copy_md.c:284  UCX  WARN  could not open gdr copy, built for v2.5 but loaded v2.2
[1779627430.716992] [lrdn2023:2587558:0]     gdr_copy_md.c:284  UCX  WARN  could not open gdr copy, built for v2.5 but loaded v2.2
[1779627430.716998] [lrdn2023:2587560:0]     gdr_copy_md.c:284  UCX  WARN  could not open gdr copy, built for v2.5 but loaded v2.2
[1779627430.716989] [lrdn2023:2587559:0]     gdr_copy_md.c:284  UCX  WARN  could not open gdr copy, built for v2.5 but loaded v2.2
[1779627430.717062] [lrdn2023:2587561:0]     gdr_copy_md.c:284  UCX  WARN  could not open gdr copy, built for v2.5 but loaded v2.2
[1779627430.942630] [lrdn2015:424298:0]     gdr_copy_md.c:284  UCX  WARN  could not open gdr copy, built for v2.5 but loaded v2.2
[1779627430.942630] [lrdn2015:424297:0]     gdr_copy_md.c:284  UCX  WARN  could not open gdr copy, built for v2.5 but loaded v2.2
[1779627430.942629] [lrdn2015:424295:0]     gdr_copy_md.c:284  UCX  WARN  could not open gdr copy, built for v2.5 but loaded v2.2
[1779627430.942824] [lrdn2015:424296:0]     gdr_copy_md.c:284  UCX  WARN  could not open gdr copy, built for v2.5 but loaded v2.2
[1779627430.942948] [lrdn2018:966730:0]     gdr_copy_md.c:284  UCX  WARN  could not open gdr copy, built for v2.5 but loaded v2.2
[1779627430.942942] [lrdn2018:966727:0]     gdr_copy_md.c:284  UCX  WARN  could not open gdr copy, built for v2.5 but loaded v2.2
[1779627430.942993] [lrdn2018:966729:0]     gdr_copy_md.c:284  UCX  WARN  could not open gdr copy, built for v2.5 but loaded v2.2
[1779627430.943283] [lrdn2018:966728:0]     gdr_copy_md.c:284  UCX  WARN  could not open gdr copy, built for v2.5 but loaded v2.2
[1779627430.943250] [lrdn2023:2587560:0]     gdr_copy_md.c:284  UCX  WARN  could not open gdr copy, built for v2.5 but loaded v2.2
[1779627430.943380] [lrdn2023:2587558:0]     gdr_copy_md.c:284  UCX  WARN  could not open gdr copy, built for v2.5 but loaded v2.2
[1779627430.943276] [lrdn2023:2587559:0]     gdr_copy_md.c:284  UCX  WARN  could not open gdr copy, built for v2.5 but loaded v2.2
[1779627430.943289] [lrdn2023:2587561:0]     gdr_copy_md.c:284  UCX  WARN  could not open gdr copy, built for v2.5 but loaded v2.2
[1779627430.943590] [lrdn2024:1984134:0]     gdr_copy_md.c:284  UCX  WARN  could not open gdr copy, built for v2.5 but loaded v2.2
[1779627430.943701] [lrdn2024:1984136:0]     gdr_copy_md.c:284  UCX  WARN  could not open gdr copy, built for v2.5 but loaded v2.2
[1779627430.943589] [lrdn2024:1984137:0]     gdr_copy_md.c:284  UCX  WARN  could not open gdr copy, built for v2.5 but loaded v2.2
[1779627430.943589] [lrdn2024:1984135:0]     gdr_copy_md.c:284  UCX  WARN  could not open gdr copy, built for v2.5 but loaded v2.2
[1779627431.004643] [lrdn2015:424298:0]     gdr_copy_md.c:284  UCX  WARN  could not open gdr copy, built for v2.5 but loaded v2.2
[1779627431.004664] [lrdn2015:424296:0]     gdr_copy_md.c:284  UCX  WARN  could not open gdr copy, built for v2.5 but loaded v2.2
[1779627431.004619] [lrdn2024:1984134:0]     gdr_copy_md.c:284  UCX  WARN  could not open gdr copy, built for v2.5 but loaded v2.2
[1779627431.004661] [lrdn2015:424295:0]     gdr_copy_md.c:284  UCX  WARN  could not open gdr copy, built for v2.5 but loaded v2.2
[1779627431.004663] [lrdn2015:424297:0]     gdr_copy_md.c:284  UCX  WARN  could not open gdr copy, built for v2.5 but loaded v2.2
[1779627431.004866] [lrdn2018:966730:0]     gdr_copy_md.c:284  UCX  WARN  could not open gdr copy, built for v2.5 but loaded v2.2
[1779627431.004881] [lrdn2018:966727:0]     gdr_copy_md.c:284  UCX  WARN  could not open gdr copy, built for v2.5 but loaded v2.2
[1779627431.005926] [lrdn2023:2587560:0]     gdr_copy_md.c:284  UCX  WARN  could not open gdr copy, built for v2.5 but loaded v2.2
[1779627431.005936] [lrdn2023:2587559:0]     gdr_copy_md.c:284  UCX  WARN  could not open gdr copy, built for v2.5 but loaded v2.2
[1779627431.006479] [lrdn2018:966728:0]     gdr_copy_md.c:284  UCX  WARN  could not open gdr copy, built for v2.5 but loaded v2.2
[1779627431.006499] [lrdn2018:966729:0]     gdr_copy_md.c:284  UCX  WARN  could not open gdr copy, built for v2.5 but loaded v2.2
[1779627431.007505] [lrdn2023:2587561:0]     gdr_copy_md.c:284  UCX  WARN  could not open gdr copy, built for v2.5 but loaded v2.2
[1779627431.007514] [lrdn2023:2587558:0]     gdr_copy_md.c:284  UCX  WARN  could not open gdr copy, built for v2.5 but loaded v2.2
[1779627431.008199] [lrdn2024:1984136:0]     gdr_copy_md.c:284  UCX  WARN  could not open gdr copy, built for v2.5 but loaded v2.2
[1779627431.008195] [lrdn2024:1984137:0]     gdr_copy_md.c:284  UCX  WARN  could not open gdr copy, built for v2.5 but loaded v2.2
[1779627431.008201] [lrdn2024:1984135:0]     gdr_copy_md.c:284  UCX  WARN  could not open gdr copy, built for v2.5 but loaded v2.2
[1779627431.104162] [lrdn2015:424297:0]     gdr_copy_md.c:284  UCX  WARN  could not open gdr copy, built for v2.5 but loaded v2.2
[1779627431.104169] [lrdn2015:424295:0]     gdr_copy_md.c:284  UCX  WARN  could not open gdr copy, built for v2.5 but loaded v2.2
[1779627431.104166] [lrdn2015:424296:0]     gdr_copy_md.c:284  UCX  WARN  could not open gdr copy, built for v2.5 but loaded v2.2
[1779627431.104171] [lrdn2015:424298:0]     gdr_copy_md.c:284  UCX  WARN  could not open gdr copy, built for v2.5 but loaded v2.2
[1779627431.104810] [lrdn2018:966727:0]     gdr_copy_md.c:284  UCX  WARN  could not open gdr copy, built for v2.5 but loaded v2.2
[1779627431.104816] [lrdn2018:966729:0]     gdr_copy_md.c:284  UCX  WARN  could not open gdr copy, built for v2.5 but loaded v2.2
[1779627431.104808] [lrdn2018:966728:0]     gdr_copy_md.c:284  UCX  WARN  could not open gdr copy, built for v2.5 but loaded v2.2
[1779627431.104813] [lrdn2018:966730:0]     gdr_copy_md.c:284  UCX  WARN  could not open gdr copy, built for v2.5 but loaded v2.2
[1779627431.105608] [lrdn2024:1984134:0]     gdr_copy_md.c:284  UCX  WARN  could not open gdr copy, built for v2.5 but loaded v2.2
[1779627431.105610] [lrdn2024:1984135:0]     gdr_copy_md.c:284  UCX  WARN  could not open gdr copy, built for v2.5 but loaded v2.2
[1779627431.105616] [lrdn2024:1984137:0]     gdr_copy_md.c:284  UCX  WARN  could not open gdr copy, built for v2.5 but loaded v2.2
[1779627431.105615] [lrdn2024:1984136:0]     gdr_copy_md.c:284  UCX  WARN  could not open gdr copy, built for v2.5 but loaded v2.2
[1779627431.105522] [lrdn2023:2587560:0]     gdr_copy_md.c:284  UCX  WARN  could not open gdr copy, built for v2.5 but loaded v2.2
[1779627431.105524] [lrdn2023:2587558:0]     gdr_copy_md.c:284  UCX  WARN  could not open gdr copy, built for v2.5 but loaded v2.2
[1779627431.105528] [lrdn2023:2587561:0]     gdr_copy_md.c:284  UCX  WARN  could not open gdr copy, built for v2.5 but loaded v2.2
[1779627431.113125] [lrdn2023:2587559:0]     gdr_copy_md.c:284  UCX  WARN  could not open gdr copy, built for v2.5 but loaded v2.2
[1779627431.166237] [lrdn2015:424297:0]     gdr_copy_md.c:284  UCX  WARN  could not open gdr copy, built for v2.5 but loaded v2.2
[1779627431.166237] [lrdn2015:424295:0]     gdr_copy_md.c:284  UCX  WARN  could not open gdr copy, built for v2.5 but loaded v2.2
[1779627431.166230] [lrdn2015:424296:0]     gdr_copy_md.c:284  UCX  WARN  could not open gdr copy, built for v2.5 but loaded v2.2
[1779627431.166235] [lrdn2015:424298:0]     gdr_copy_md.c:284  UCX  WARN  could not open gdr copy, built for v2.5 but loaded v2.2
[1779627431.169446] [lrdn2024:1984136:0]     gdr_copy_md.c:284  UCX  WARN  could not open gdr copy, built for v2.5 but loaded v2.2
[1779627431.169446] [lrdn2024:1984134:0]     gdr_copy_md.c:284  UCX  WARN  could not open gdr copy, built for v2.5 but loaded v2.2
[1779627431.169447] [lrdn2024:1984137:0]     gdr_copy_md.c:284  UCX  WARN  could not open gdr copy, built for v2.5 but loaded v2.2
[1779627431.169558] [lrdn2023:2587558:0]     gdr_copy_md.c:284  UCX  WARN  could not open gdr copy, built for v2.5 but loaded v2.2
[1779627431.169558] [lrdn2023:2587560:0]     gdr_copy_md.c:284  UCX  WARN  could not open gdr copy, built for v2.5 but loaded v2.2
[1779627431.169560] [lrdn2023:2587561:0]     gdr_copy_md.c:284  UCX  WARN  could not open gdr copy, built for v2.5 but loaded v2.2
[1779627431.170000] [lrdn2024:1984135:0]     gdr_copy_md.c:284  UCX  WARN  could not open gdr copy, built for v2.5 but loaded v2.2
[1779627431.169872] [lrdn2018:966728:0]     gdr_copy_md.c:284  UCX  WARN  could not open gdr copy, built for v2.5 but loaded v2.2
[1779627431.169873] [lrdn2018:966730:0]     gdr_copy_md.c:284  UCX  WARN  could not open gdr copy, built for v2.5 but loaded v2.2
[1779627431.169877] [lrdn2018:966727:0]     gdr_copy_md.c:284  UCX  WARN  could not open gdr copy, built for v2.5 but loaded v2.2
[1779627431.169881] [lrdn2018:966729:0]     gdr_copy_md.c:284  UCX  WARN  could not open gdr copy, built for v2.5 but loaded v2.2
[1779627431.170115] [lrdn2023:2587559:0]     gdr_copy_md.c:284  UCX  WARN  could not open gdr copy, built for v2.5 but loaded v2.2
[1779627431.673967] [lrdn2015:424298:0]     gdr_copy_md.c:284  UCX  WARN  could not open gdr copy, built for v2.5 but loaded v2.2
[1779627431.673969] [lrdn2015:424297:0]     gdr_copy_md.c:284  UCX  WARN  could not open gdr copy, built for v2.5 but loaded v2.2
[1779627431.673970] [lrdn2015:424296:0]     gdr_copy_md.c:284  UCX  WARN  could not open gdr copy, built for v2.5 but loaded v2.2
[1779627431.673969] [lrdn2015:424295:0]     gdr_copy_md.c:284  UCX  WARN  could not open gdr copy, built for v2.5 but loaded v2.2
[1779627431.675553] [lrdn2023:2587560:0]     gdr_copy_md.c:284  UCX  WARN  could not open gdr copy, built for v2.5 but loaded v2.2
[1779627431.675553] [lrdn2023:2587558:0]     gdr_copy_md.c:284  UCX  WARN  could not open gdr copy, built for v2.5 but loaded v2.2
[1779627431.675553] [lrdn2023:2587559:0]     gdr_copy_md.c:284  UCX  WARN  could not open gdr copy, built for v2.5 but loaded v2.2
[1779627431.675553] [lrdn2023:2587561:0]     gdr_copy_md.c:284  UCX  WARN  could not open gdr copy, built for v2.5 but loaded v2.2
[1779627431.676290] [lrdn2024:1984135:0]     gdr_copy_md.c:284  UCX  WARN  could not open gdr copy, built for v2.5 but loaded v2.2
[1779627431.676299] [lrdn2024:1984137:0]     gdr_copy_md.c:284  UCX  WARN  could not open gdr copy, built for v2.5 but loaded v2.2
[1779627431.676292] [lrdn2024:1984134:0]     gdr_copy_md.c:284  UCX  WARN  could not open gdr copy, built for v2.5 but loaded v2.2
[1779627431.676300] [lrdn2024:1984136:0]     gdr_copy_md.c:284  UCX  WARN  could not open gdr copy, built for v2.5 but loaded v2.2
[1779627431.676443] [lrdn2018:966729:0]     gdr_copy_md.c:284  UCX  WARN  could not open gdr copy, built for v2.5 but loaded v2.2
[1779627431.676444] [lrdn2018:966727:0]     gdr_copy_md.c:284  UCX  WARN  could not open gdr copy, built for v2.5 but loaded v2.2
[1779627431.676443] [lrdn2018:966728:0]     gdr_copy_md.c:284  UCX  WARN  could not open gdr copy, built for v2.5 but loaded v2.2
[1779627431.676443] [lrdn2018:966730:0]     gdr_copy_md.c:284  UCX  WARN  could not open gdr copy, built for v2.5 but loaded v2.2
[1779627431.737674] [lrdn2015:424295:0]     gdr_copy_md.c:284  UCX  WARN  could not open gdr copy, built for v2.5 but loaded v2.2
[1779627431.737678] [lrdn2015:424297:0]     gdr_copy_md.c:284  UCX  WARN  could not open gdr copy, built for v2.5 but loaded v2.2
[1779627431.737677] [lrdn2015:424298:0]     gdr_copy_md.c:284  UCX  WARN  could not open gdr copy, built for v2.5 but loaded v2.2
[1779627431.737678] [lrdn2015:424296:0]     gdr_copy_md.c:284  UCX  WARN  could not open gdr copy, built for v2.5 but loaded v2.2
[1779627431.740602] [lrdn2023:2587560:0]     gdr_copy_md.c:284  UCX  WARN  could not open gdr copy, built for v2.5 but loaded v2.2
[1779627431.740604] [lrdn2023:2587558:0]     gdr_copy_md.c:284  UCX  WARN  could not open gdr copy, built for v2.5 but loaded v2.2
[1779627431.740602] [lrdn2023:2587561:0]     gdr_copy_md.c:284  UCX  WARN  could not open gdr copy, built for v2.5 but loaded v2.2
[1779627431.740602] [lrdn2023:2587559:0]     gdr_copy_md.c:284  UCX  WARN  could not open gdr copy, built for v2.5 but loaded v2.2
[1779627431.742578] [lrdn2024:1984134:0]     gdr_copy_md.c:284  UCX  WARN  could not open gdr copy, built for v2.5 but loaded v2.2
[1779627431.742585] [lrdn2024:1984136:0]     gdr_copy_md.c:284  UCX  WARN  could not open gdr copy, built for v2.5 but loaded v2.2
[1779627431.742585] [lrdn2024:1984137:0]     gdr_copy_md.c:284  UCX  WARN  could not open gdr copy, built for v2.5 but loaded v2.2
[1779627431.742586] [lrdn2024:1984135:0]     gdr_copy_md.c:284  UCX  WARN  could not open gdr copy, built for v2.5 but loaded v2.2
[1779627431.742969] [lrdn2018:966728:0]     gdr_copy_md.c:284  UCX  WARN  could not open gdr copy, built for v2.5 but loaded v2.2
[1779627431.742970] [lrdn2018:966730:0]     gdr_copy_md.c:284  UCX  WARN  could not open gdr copy, built for v2.5 but loaded v2.2
[1779627431.742949] [lrdn2018:966729:0]     gdr_copy_md.c:284  UCX  WARN  could not open gdr copy, built for v2.5 but loaded v2.2
[1779627431.742970] [lrdn2018:966727:0]     gdr_copy_md.c:284  UCX  WARN  could not open gdr copy, built for v2.5 but loaded v2.2

  This is RegCM development version
   GIT Revision: 5.0.0-944-g5801-dirty compiled at: data : May 24 2026  time: 14:50:02

 : this run start at  : 2026-05-24 14:57:12+0200
 : it is submitted by : ctica000
 : it is running on   : lrdn2015.leonardo.local 
 : it is using        :            16   processors
 : in directory       : 
 /leonardo/home/userexternal/ctica000/MS_thesis/RegCM/Benchmark/no_IO/1003_1003_50_7_days_no_IO/16gpu_16proc
                       
 CPUS DIM1 =             4
 CPUS DIM2 =             4
 
 Reading model namelist file
 Using default microphysical parameter.
 Initial date of the global simulation:  1900-01-01 00:00:00 UTC        
 Initial date of this run             :  1900-01-01 00:00:00 UTC        
 Final date of this run               :  1900-01-08 00:00:00 UTC        
 Total simulation length              :           168  hours
 Timestep in seconds =   45.000000
 Advection timestep =    15.000 (factor  3)
 Max. Courant number for horizontal advection =    1.5910
 Sound waves timestep =     3.000 (factor  5)
 Courant number of horizontal sound waves =    0.7525
 Setting IPCC scenario to CONST   
 Selected value at year          1900
 Create SAV files :   F
 Create ATM files :   F
 Create RAD files :   F
 Create SRF files :   F
 Create STS files :   F
 Create SHF files :   F
 Create OPT files :   F
 Monthly new files are created
 Monthly SAV files are written
 Frequency in hours to create ATM :    3.0
 Frequency in hours to create RAD :    3.0
 Frequency in hours to create SRF :    3.0
 Physical Parameterizations
  Lateral Boundary conditions :  0
  Semi-Lagrangian Advection   :  0
  Land cumulus conv. scheme   :  0
  Ocean cumulus conv. scheme  :  0
  Moisture schem              :  2
  Ocean Flux scheme           :  2
  Zeng roughness formula      :  1
  Zeng roughness method       :  1
  Coupling with ocean         :  0
  Coupling with wave          :  0
  Coupling with COP           :  0
  Pressure gradient force     :  0
  Prescribed LW emissivity    :  0
  Lake model in BATS          :  0
  Simulate diurnal sst cycle  :  0
  Simulate sea ice cover      :  0
  Enable chem/aerosol model   :  0
  Large scale LWP as convect. :  0
  Cloud fraction scheme       :  7
  Marine stratocumulus        :  0
  Climate O3 dataset          :  0
  Climate Aerosol dataset     :  0
 Model Timestep Pameterizations
  time step for dynamical model in seconds :          45.000000
  time step for surface   model in seconds :         540.000000
  time step for cumulus   model in seconds :         270.000000
  time step for radiation model in seconds :        1620.000000
  time step for emission  model in seconds :       58320.000000
Vertical level height profile: 
  1    27.61
  2    86.03
  3   149.01
  4   216.88
  5   290.05
  6   368.91
  7   453.92
  8   545.55
  9   644.31
 10   750.76
 11   865.51
 12   989.19
 13  1122.51
 14  1266.21
 15  1421.10
 16  1588.05
 17  1768.01
 18  1961.98
 19  2171.06
 20  2396.42
 21  2639.34
 22  2901.18
 23  3183.41
 24  3487.62
 25  3815.52
 26  4168.96
 27  4549.93
 28  4960.57
 29  5403.19
 30  5880.29
 31  6394.55
 32  6948.85
 33  7546.33
 34  8190.34
 35  8884.51
 36  9632.75
 37 10439.26
 38 11308.59
 39 12245.62
 40 13255.64
 41 14344.31
 42 15517.78
 43 16782.64
 44 18146.02
 45 19615.58
 46 21199.59
 47 22906.98
 48 24747.34
 49 26731.04
 50 28869.24
 Model top at     30000.00000000000       m
 Domain grid parameters:
  Map Projection        : NORMER
  Dot Grid Full Extent  : 1003x1003x 50
  Model Grid Spacing    :    2.000000 km
  Proj Center Latitude  :    0.000000 deg
  Proj Center longitude :   90.000000 deg
 Holtslag PBL Scheme
  ricr_ocn     =    0.250000
  ricr_lnd     =    0.250000
  zhnew_fac    =    0.250000
  ifaholt      =  0
  ifaholtth10  =  2
  holtth10iter =    1
 Cloud fraction schemes parameters
  # of bottom no cloud model levels :  1
  Maximum relative humidity         :    1.010000
  Minimum relative humidity         :    0.010000
  Maximum total cloud cover for rad :    1.000000
  Conv. CF UMF factor deep cumulus  :    0.140000
  Conv. CF UMF factor deep cumulus  :    0.140000
  Conv. CF UMF factor k2            :  500.000000
  Surface radiation hack            :           F
  Vavrus-Waliser Arctic cloud fix   :           T
 Convective Cloud Cover parameters after resolution scaling
  Maximum Convective Cloud Cover :    1.000000
  Convective Cloud Water         :    0.000300
 The surface energy budget is used to calculate the ground temperature.
 The radiation is computed every   27. minutes.
 The lateral boundary conditions are fixed.
 Successfully read in surface temperature.
  # Ozone profile #
    0.170E-04  0.160E-04  0.129E-04  0.872E-05  0.480E-05  0.210E-05  0.714E-06
    0.185E-06  0.360E-07  0.527E-08  0.600E-09  0.561E-10  0.447E-11  0.100E-11
    0.100E-11  0.100E-11  0.100E-11  0.100E-11  0.100E-11  0.100E-11  0.100E-11
    0.100E-11  0.100E-11  0.100E-11  0.100E-11  0.100E-11  0.100E-11  0.100E-11
    0.100E-11  0.100E-11  0.100E-11  0.100E-11  0.100E-11  0.100E-11  0.100E-11
    0.100E-11  0.100E-11  0.100E-11  0.100E-11  0.100E-11  0.100E-11  0.100E-11
    0.100E-11  0.100E-11  0.100E-11  0.100E-11  0.100E-11  0.100E-11  0.100E-11
    0.100E-11  0.100E-11  0.100E-11
 At  1900-01-01 00:00:00 UTC        
 JDay      0.00000 solar zenith angle = 42.05 degrees
                   solar TSI irradiance    =     340.0000 W/m^2
