[1;93m==>[0m Warning: upstream not found: /leonardo/prod/spack/06/spack_sources/0.22.2_preprod_base/etc/spack/$SPACK_UPSTREAM_INSTALL_DIR_01/.spack-db/index.json
[1;93m==>[0m Warning: Failed to initialize repository: '$SPACK_REPO_DIR_01'.
  No repo.yaml found in '$SPACK_REPO_DIR_01'
  To remove the bad repository, run this command:
      spack repo rm $SPACK_REPO_DIR_01
/leonardo/prod/spack/06/spack_sources/0.22.2_preprod_base/share/spack/setup-env.sh: line 169: export: `{name}_INC=/leonardo_work/ICT26_ESP_0/christian/spack-envs/regcm5-leonardo-nvhpc-hpcx/.spack-env/view/include:/leonardo_work/ICT26_ESP_0/christian/externals/hpcx-mpi-2.25.1-ompi-shim/include:.': not a valid identifier
/leonardo/prod/spack/06/spack_sources/0.22.2_preprod_base/share/spack/setup-env.sh: line 170: export: `{name}_INCLUDE=/leonardo_work/ICT26_ESP_0/christian/spack-envs/regcm5-leonardo-nvhpc-hpcx/.spack-env/view/include:/leonardo_work/ICT26_ESP_0/christian/externals/hpcx-mpi-2.25.1-ompi-shim/include:.': not a valid identifier
/leonardo/prod/spack/06/spack_sources/0.22.2_preprod_base/share/spack/setup-env.sh: line 171: export: `{name}_LIB=/leonardo_work/ICT26_ESP_0/christian/spack-envs/regcm5-leonardo-nvhpc-hpcx/.spack-env/view/lib:/leonardo_work/ICT26_ESP_0/christian/spack-envs/regcm5-leonardo-nvhpc-hpcx/.spack-env/view/lib64:/leonardo_work/ICT26_ESP_0/christian/externals/hpcx-mpi-2.25.1-ompi-shim/lib:.': not a valid identifier
[1;93m==>[0m Warning: upstream not found: /leonardo/prod/spack/06/spack_sources/0.22.2_preprod_base/etc/spack/$SPACK_UPSTREAM_INSTALL_DIR_01/.spack-db/index.json
[1;93m==>[0m Warning: Failed to initialize repository: '$SPACK_REPO_DIR_01'.
  No repo.yaml found in '$SPACK_REPO_DIR_01'
  To remove the bad repository, run this command:
      spack repo rm $SPACK_REPO_DIR_01
/leonardo/prod/spack/06/spack_sources/0.22.2_preprod_base/share/spack/setup-env.sh: line 200: export: `{name}_INC=/leonardo/pub/userexternal/ctica000/spack-0.22.2-06/install/linux-rhel8-icelake/nvhpc-25.11/hdf5-1.14.3-j7ftuxf5gpbxqrxsemdplnn4mzj5ehzb/include:/leonardo/prod/spack/06/install/0.22/linux-rhel8-icelake/gcc-8.5.0/zlib-ng-2.1.6-jkgunjc2hc2qpkzoodjcn6fu3qpfly73/include:/leonardo/prod/spack/06/install/0.22/linux-rhel8-icelake/gcc-8.5.0/pkgconf-2.2.0-n5plvg444qqbw6mod7623onora4j6uiy/include:/leonardo_work/ICT26_ESP_0/christian/externals/hpcx-mpi-2.25.1-ompi-shim/include': not a valid identifier
/leonardo/prod/spack/06/spack_sources/0.22.2_preprod_base/share/spack/setup-env.sh: line 201: export: `{name}_INCLUDE=/leonardo/pub/userexternal/ctica000/spack-0.22.2-06/install/linux-rhel8-icelake/nvhpc-25.11/hdf5-1.14.3-j7ftuxf5gpbxqrxsemdplnn4mzj5ehzb/include:/leonardo/prod/spack/06/install/0.22/linux-rhel8-icelake/gcc-8.5.0/zlib-ng-2.1.6-jkgunjc2hc2qpkzoodjcn6fu3qpfly73/include:/leonardo/prod/spack/06/install/0.22/linux-rhel8-icelake/gcc-8.5.0/pkgconf-2.2.0-n5plvg444qqbw6mod7623onora4j6uiy/include:/leonardo_work/ICT26_ESP_0/christian/externals/hpcx-mpi-2.25.1-ompi-shim/include': not a valid identifier
/leonardo/prod/spack/06/spack_sources/0.22.2_preprod_base/share/spack/setup-env.sh: line 202: export: `{name}_LIB=/leonardo/pub/userexternal/ctica000/spack-0.22.2-06/install/linux-rhel8-icelake/nvhpc-25.11/hdf5-1.14.3-j7ftuxf5gpbxqrxsemdplnn4mzj5ehzb/lib:/leonardo/prod/spack/06/install/0.22/linux-rhel8-icelake/gcc-8.5.0/zlib-ng-2.1.6-jkgunjc2hc2qpkzoodjcn6fu3qpfly73/lib:/leonardo/prod/spack/06/install/0.22/linux-rhel8-icelake/gcc-8.5.0/pkgconf-2.2.0-n5plvg444qqbw6mod7623onora4j6uiy/lib:/leonardo/prod/spack/06/install/0.22/linux-rhel8-icelake/gcc-8.5.0/gcc-runtime-8.5.0-tm43bfw5tjxltzb4hh6avyvrxdzodtyb/lib:/leonardo_work/ICT26_ESP_0/christian/externals/hpcx-mpi-2.25.1-ompi-shim/lib': not a valid identifier
[1;93m==>[0m Warning: upstream not found: /leonardo/prod/spack/06/spack_sources/0.22.2_preprod_base/etc/spack/$SPACK_UPSTREAM_INSTALL_DIR_01/.spack-db/index.json
[1;93m==>[0m Warning: Failed to initialize repository: '$SPACK_REPO_DIR_01'.
  No repo.yaml found in '$SPACK_REPO_DIR_01'
  To remove the bad repository, run this command:
      spack repo rm $SPACK_REPO_DIR_01
/leonardo/prod/spack/06/spack_sources/0.22.2_preprod_base/share/spack/setup-env.sh: line 200: export: `{name}_INC=/leonardo/pub/userexternal/ctica000/spack-0.22.2-06/install/linux-rhel8-icelake/nvhpc-25.11/parallel-netcdf-1.12.3-mwecvojjtcxgi7spmmyugbual7ouxs5b/include:/leonardo_work/ICT26_ESP_0/christian/externals/hpcx-mpi-2.25.1-ompi-shim/include': not a valid identifier
/leonardo/prod/spack/06/spack_sources/0.22.2_preprod_base/share/spack/setup-env.sh: line 201: export: `{name}_INCLUDE=/leonardo/pub/userexternal/ctica000/spack-0.22.2-06/install/linux-rhel8-icelake/nvhpc-25.11/parallel-netcdf-1.12.3-mwecvojjtcxgi7spmmyugbual7ouxs5b/include:/leonardo_work/ICT26_ESP_0/christian/externals/hpcx-mpi-2.25.1-ompi-shim/include': not a valid identifier
/leonardo/prod/spack/06/spack_sources/0.22.2_preprod_base/share/spack/setup-env.sh: line 202: export: `{name}_LIB=/leonardo/pub/userexternal/ctica000/spack-0.22.2-06/install/linux-rhel8-icelake/nvhpc-25.11/parallel-netcdf-1.12.3-mwecvojjtcxgi7spmmyugbual7ouxs5b/lib:/leonardo_work/ICT26_ESP_0/christian/externals/hpcx-mpi-2.25.1-ompi-shim/lib': not a valid identifier
[1;93m==>[0m Warning: upstream not found: /leonardo/prod/spack/06/spack_sources/0.22.2_preprod_base/etc/spack/$SPACK_UPSTREAM_INSTALL_DIR_01/.spack-db/index.json
[1;93m==>[0m Warning: Failed to initialize repository: '$SPACK_REPO_DIR_01'.
  No repo.yaml found in '$SPACK_REPO_DIR_01'
  To remove the bad repository, run this command:
      spack repo rm $SPACK_REPO_DIR_01
/leonardo/prod/spack/06/spack_sources/0.22.2_preprod_base/share/spack/setup-env.sh: line 201: export: `{name}_INC=/leonardo/pub/userexternal/ctica000/spack-0.22.2-06/install/linux-rhel8-icelake/nvhpc-25.11/netcdf-c-4.9.2-ubl3h57uqcq4yknbtprhrdimzgherplq/include:/leonardo/pub/userexternal/ctica000/spack-0.22.2-06/install/linux-rhel8-icelake/nvhpc-25.11/parallel-netcdf-1.12.3-mwecvojjtcxgi7spmmyugbual7ouxs5b/include:/leonardo/prod/spack/06/install/0.22/linux-rhel8-icelake/gcc-12.2.0/libaec-1.0.6-blqbmaifeiv2c6x4jasmcjstjqcztygu/include:/leonardo/pub/userexternal/ctica000/spack-0.22.2-06/install/linux-rhel8-icelake/nvhpc-25.11/hdf5-1.14.3-j7ftuxf5gpbxqrxsemdplnn4mzj5ehzb/include:/leonardo/prod/spack/06/install/0.22/linux-rhel8-icelake/gcc-8.5.0/pkgconf-2.2.0-n5plvg444qqbw6mod7623onora4j6uiy/include:/leonardo_work/ICT26_ESP_0/christian/externals/hpcx-mpi-2.25.1-ompi-shim/include:/leonardo/prod/spack/06/install/0.22/linux-rhel8-icelake/gcc-12.2.0/c-blosc-1.21.5-buk7w2lvyguxwdcvxl5qmbvsd5dkddik/include:/leonardo/prod/spack/06/install/0.22/linux-rhel8-icelake/gcc-8.5.0/zstd-1.5.6-uq5yyuxtjqrpsuijsvemu64222yto3qm/include:/leonardo/prod/spack/06/install/0.22/linux-rhel8-icelake/gcc-8.5.0/zlib-ng-2.1.6-jkgunjc2hc2qpkzoodjcn6fu3qpfly73/include:/leonardo/prod/spack/06/install/0.22/linux-rhel8-icelake/gcc-12.2.0/snappy-1.1.10-gagtospjxpbyx3mpahge7occbgktak3d/include:/leonardo/prod/spack/06/install/0.22/linux-rhel8-icelake/gcc-12.2.0/lz4-1.9.4-dcavnmib67fokguqjtiafsweixkn6u77/include:/leonardo/prod/spack/06/install/0.22/linux-rhel8-icelake/gcc-8.5.0/bzip2-1.0.8-ib3znejizupogmu7ontk67drg656svun/include': not a valid identifier
/leonardo/prod/spack/06/spack_sources/0.22.2_preprod_base/share/spack/setup-env.sh: line 202: export: `{name}_INCLUDE=/leonardo/pub/userexternal/ctica000/spack-0.22.2-06/install/linux-rhel8-icelake/nvhpc-25.11/netcdf-c-4.9.2-ubl3h57uqcq4yknbtprhrdimzgherplq/include:/leonardo/pub/userexternal/ctica000/spack-0.22.2-06/install/linux-rhel8-icelake/nvhpc-25.11/parallel-netcdf-1.12.3-mwecvojjtcxgi7spmmyugbual7ouxs5b/include:/leonardo/prod/spack/06/install/0.22/linux-rhel8-icelake/gcc-12.2.0/libaec-1.0.6-blqbmaifeiv2c6x4jasmcjstjqcztygu/include:/leonardo/pub/userexternal/ctica000/spack-0.22.2-06/install/linux-rhel8-icelake/nvhpc-25.11/hdf5-1.14.3-j7ftuxf5gpbxqrxsemdplnn4mzj5ehzb/include:/leonardo/prod/spack/06/install/0.22/linux-rhel8-icelake/gcc-8.5.0/pkgconf-2.2.0-n5plvg444qqbw6mod7623onora4j6uiy/include:/leonardo_work/ICT26_ESP_0/christian/externals/hpcx-mpi-2.25.1-ompi-shim/include:/leonardo/prod/spack/06/install/0.22/linux-rhel8-icelake/gcc-12.2.0/c-blosc-1.21.5-buk7w2lvyguxwdcvxl5qmbvsd5dkddik/include:/leonardo/prod/spack/06/install/0.22/linux-rhel8-icelake/gcc-8.5.0/zstd-1.5.6-uq5yyuxtjqrpsuijsvemu64222yto3qm/include:/leonardo/prod/spack/06/install/0.22/linux-rhel8-icelake/gcc-8.5.0/zlib-ng-2.1.6-jkgunjc2hc2qpkzoodjcn6fu3qpfly73/include:/leonardo/prod/spack/06/install/0.22/linux-rhel8-icelake/gcc-12.2.0/snappy-1.1.10-gagtospjxpbyx3mpahge7occbgktak3d/include:/leonardo/prod/spack/06/install/0.22/linux-rhel8-icelake/gcc-12.2.0/lz4-1.9.4-dcavnmib67fokguqjtiafsweixkn6u77/include:/leonardo/prod/spack/06/install/0.22/linux-rhel8-icelake/gcc-8.5.0/bzip2-1.0.8-ib3znejizupogmu7ontk67drg656svun/include': not a valid identifier
/leonardo/prod/spack/06/spack_sources/0.22.2_preprod_base/share/spack/setup-env.sh: line 203: export: `{name}_LIB=/leonardo/pub/userexternal/ctica000/spack-0.22.2-06/install/linux-rhel8-icelake/nvhpc-25.11/netcdf-c-4.9.2-ubl3h57uqcq4yknbtprhrdimzgherplq/lib:/leonardo/pub/userexternal/ctica000/spack-0.22.2-06/install/linux-rhel8-icelake/nvhpc-25.11/parallel-netcdf-1.12.3-mwecvojjtcxgi7spmmyugbual7ouxs5b/lib:/leonardo/prod/spack/06/install/0.22/linux-rhel8-icelake/gcc-12.2.0/libaec-1.0.6-blqbmaifeiv2c6x4jasmcjstjqcztygu/lib64:/leonardo/pub/userexternal/ctica000/spack-0.22.2-06/install/linux-rhel8-icelake/nvhpc-25.11/hdf5-1.14.3-j7ftuxf5gpbxqrxsemdplnn4mzj5ehzb/lib:/leonardo/prod/spack/06/install/0.22/linux-rhel8-icelake/gcc-8.5.0/pkgconf-2.2.0-n5plvg444qqbw6mod7623onora4j6uiy/lib:/leonardo_work/ICT26_ESP_0/christian/externals/hpcx-mpi-2.25.1-ompi-shim/lib:/leonardo/prod/spack/06/install/0.22/linux-rhel8-icelake/gcc-12.2.0/c-blosc-1.21.5-buk7w2lvyguxwdcvxl5qmbvsd5dkddik/lib64:/leonardo/prod/spack/06/install/0.22/linux-rhel8-icelake/gcc-8.5.0/zstd-1.5.6-uq5yyuxtjqrpsuijsvemu64222yto3qm/lib:/leonardo/prod/spack/06/install/0.22/linux-rhel8-icelake/gcc-8.5.0/zlib-ng-2.1.6-jkgunjc2hc2qpkzoodjcn6fu3qpfly73/lib:/leonardo/prod/spack/06/install/0.22/linux-rhel8-icelake/gcc-12.2.0/snappy-1.1.10-gagtospjxpbyx3mpahge7occbgktak3d/lib:/leonardo/prod/spack/06/install/0.22/linux-rhel8-icelake/gcc-12.2.0/lz4-1.9.4-dcavnmib67fokguqjtiafsweixkn6u77/lib:/leonardo/prod/spack/06/install/0.22/linux-rhel8-icelake/gcc-12.2.0/gcc-runtime-12.2.0-dqfwf7yjtbtdzllj66jx6suk34ir2ct3/lib:/leonardo/prod/spack/06/install/0.22/linux-rhel8-icelake/gcc-8.5.0/bzip2-1.0.8-ib3znejizupogmu7ontk67drg656svun/lib:/leonardo/prod/spack/06/install/0.22/linux-rhel8-icelake/gcc-8.5.0/gcc-runtime-8.5.0-tm43bfw5tjxltzb4hh6avyvrxdzodtyb/lib': not a valid identifier
[1;93m==>[0m Warning: upstream not found: /leonardo/prod/spack/06/spack_sources/0.22.2_preprod_base/etc/spack/$SPACK_UPSTREAM_INSTALL_DIR_01/.spack-db/index.json
[1;93m==>[0m Warning: Failed to initialize repository: '$SPACK_REPO_DIR_01'.
  No repo.yaml found in '$SPACK_REPO_DIR_01'
  To remove the bad repository, run this command:
      spack repo rm $SPACK_REPO_DIR_01
/leonardo/prod/spack/06/spack_sources/0.22.2_preprod_base/share/spack/setup-env.sh: line 201: export: `{name}_INC=/leonardo/pub/userexternal/ctica000/spack-0.22.2-06/install/linux-rhel8-icelake/nvhpc-25.11/netcdf-fortran-4.6.1-t5pazgfengikrrt3x6kcwd4yjqbeldx6/include:/leonardo/pub/userexternal/ctica000/spack-0.22.2-06/install/linux-rhel8-icelake/nvhpc-25.11/netcdf-c-4.9.2-ubl3h57uqcq4yknbtprhrdimzgherplq/include:/leonardo/pub/userexternal/ctica000/spack-0.22.2-06/install/linux-rhel8-icelake/nvhpc-25.11/parallel-netcdf-1.12.3-mwecvojjtcxgi7spmmyugbual7ouxs5b/include:/leonardo/prod/spack/06/install/0.22/linux-rhel8-icelake/gcc-12.2.0/libaec-1.0.6-blqbmaifeiv2c6x4jasmcjstjqcztygu/include:/leonardo/pub/userexternal/ctica000/spack-0.22.2-06/install/linux-rhel8-icelake/nvhpc-25.11/hdf5-1.14.3-j7ftuxf5gpbxqrxsemdplnn4mzj5ehzb/include:/leonardo/prod/spack/06/install/0.22/linux-rhel8-icelake/gcc-8.5.0/pkgconf-2.2.0-n5plvg444qqbw6mod7623onora4j6uiy/include:/leonardo_work/ICT26_ESP_0/christian/externals/hpcx-mpi-2.25.1-ompi-shim/include:/leonardo/prod/spack/06/install/0.22/linux-rhel8-icelake/gcc-12.2.0/c-blosc-1.21.5-buk7w2lvyguxwdcvxl5qmbvsd5dkddik/include:/leonardo/prod/spack/06/install/0.22/linux-rhel8-icelake/gcc-8.5.0/zstd-1.5.6-uq5yyuxtjqrpsuijsvemu64222yto3qm/include:/leonardo/prod/spack/06/install/0.22/linux-rhel8-icelake/gcc-8.5.0/zlib-ng-2.1.6-jkgunjc2hc2qpkzoodjcn6fu3qpfly73/include:/leonardo/prod/spack/06/install/0.22/linux-rhel8-icelake/gcc-12.2.0/snappy-1.1.10-gagtospjxpbyx3mpahge7occbgktak3d/include:/leonardo/prod/spack/06/install/0.22/linux-rhel8-icelake/gcc-12.2.0/lz4-1.9.4-dcavnmib67fokguqjtiafsweixkn6u77/include:/leonardo/prod/spack/06/install/0.22/linux-rhel8-icelake/gcc-8.5.0/bzip2-1.0.8-ib3znejizupogmu7ontk67drg656svun/include': not a valid identifier
/leonardo/prod/spack/06/spack_sources/0.22.2_preprod_base/share/spack/setup-env.sh: line 202: export: `{name}_INCLUDE=/leonardo/pub/userexternal/ctica000/spack-0.22.2-06/install/linux-rhel8-icelake/nvhpc-25.11/netcdf-fortran-4.6.1-t5pazgfengikrrt3x6kcwd4yjqbeldx6/include:/leonardo/pub/userexternal/ctica000/spack-0.22.2-06/install/linux-rhel8-icelake/nvhpc-25.11/netcdf-c-4.9.2-ubl3h57uqcq4yknbtprhrdimzgherplq/include:/leonardo/pub/userexternal/ctica000/spack-0.22.2-06/install/linux-rhel8-icelake/nvhpc-25.11/parallel-netcdf-1.12.3-mwecvojjtcxgi7spmmyugbual7ouxs5b/include:/leonardo/prod/spack/06/install/0.22/linux-rhel8-icelake/gcc-12.2.0/libaec-1.0.6-blqbmaifeiv2c6x4jasmcjstjqcztygu/include:/leonardo/pub/userexternal/ctica000/spack-0.22.2-06/install/linux-rhel8-icelake/nvhpc-25.11/hdf5-1.14.3-j7ftuxf5gpbxqrxsemdplnn4mzj5ehzb/include:/leonardo/prod/spack/06/install/0.22/linux-rhel8-icelake/gcc-8.5.0/pkgconf-2.2.0-n5plvg444qqbw6mod7623onora4j6uiy/include:/leonardo_work/ICT26_ESP_0/christian/externals/hpcx-mpi-2.25.1-ompi-shim/include:/leonardo/prod/spack/06/install/0.22/linux-rhel8-icelake/gcc-12.2.0/c-blosc-1.21.5-buk7w2lvyguxwdcvxl5qmbvsd5dkddik/include:/leonardo/prod/spack/06/install/0.22/linux-rhel8-icelake/gcc-8.5.0/zstd-1.5.6-uq5yyuxtjqrpsuijsvemu64222yto3qm/include:/leonardo/prod/spack/06/install/0.22/linux-rhel8-icelake/gcc-8.5.0/zlib-ng-2.1.6-jkgunjc2hc2qpkzoodjcn6fu3qpfly73/include:/leonardo/prod/spack/06/install/0.22/linux-rhel8-icelake/gcc-12.2.0/snappy-1.1.10-gagtospjxpbyx3mpahge7occbgktak3d/include:/leonardo/prod/spack/06/install/0.22/linux-rhel8-icelake/gcc-12.2.0/lz4-1.9.4-dcavnmib67fokguqjtiafsweixkn6u77/include:/leonardo/prod/spack/06/install/0.22/linux-rhel8-icelake/gcc-8.5.0/bzip2-1.0.8-ib3znejizupogmu7ontk67drg656svun/include': not a valid identifier
/leonardo/prod/spack/06/spack_sources/0.22.2_preprod_base/share/spack/setup-env.sh: line 203: export: `{name}_LIB=/leonardo/pub/userexternal/ctica000/spack-0.22.2-06/install/linux-rhel8-icelake/nvhpc-25.11/netcdf-fortran-4.6.1-t5pazgfengikrrt3x6kcwd4yjqbeldx6/lib:/leonardo/pub/userexternal/ctica000/spack-0.22.2-06/install/linux-rhel8-icelake/nvhpc-25.11/netcdf-c-4.9.2-ubl3h57uqcq4yknbtprhrdimzgherplq/lib:/leonardo/pub/userexternal/ctica000/spack-0.22.2-06/install/linux-rhel8-icelake/nvhpc-25.11/parallel-netcdf-1.12.3-mwecvojjtcxgi7spmmyugbual7ouxs5b/lib:/leonardo/prod/spack/06/install/0.22/linux-rhel8-icelake/gcc-12.2.0/libaec-1.0.6-blqbmaifeiv2c6x4jasmcjstjqcztygu/lib64:/leonardo/pub/userexternal/ctica000/spack-0.22.2-06/install/linux-rhel8-icelake/nvhpc-25.11/hdf5-1.14.3-j7ftuxf5gpbxqrxsemdplnn4mzj5ehzb/lib:/leonardo/prod/spack/06/install/0.22/linux-rhel8-icelake/gcc-8.5.0/pkgconf-2.2.0-n5plvg444qqbw6mod7623onora4j6uiy/lib:/leonardo_work/ICT26_ESP_0/christian/externals/hpcx-mpi-2.25.1-ompi-shim/lib:/leonardo/prod/spack/06/install/0.22/linux-rhel8-icelake/gcc-12.2.0/c-blosc-1.21.5-buk7w2lvyguxwdcvxl5qmbvsd5dkddik/lib64:/leonardo/prod/spack/06/install/0.22/linux-rhel8-icelake/gcc-8.5.0/zstd-1.5.6-uq5yyuxtjqrpsuijsvemu64222yto3qm/lib:/leonardo/prod/spack/06/install/0.22/linux-rhel8-icelake/gcc-8.5.0/zlib-ng-2.1.6-jkgunjc2hc2qpkzoodjcn6fu3qpfly73/lib:/leonardo/prod/spack/06/install/0.22/linux-rhel8-icelake/gcc-12.2.0/snappy-1.1.10-gagtospjxpbyx3mpahge7occbgktak3d/lib:/leonardo/prod/spack/06/install/0.22/linux-rhel8-icelake/gcc-12.2.0/lz4-1.9.4-dcavnmib67fokguqjtiafsweixkn6u77/lib:/leonardo/prod/spack/06/install/0.22/linux-rhel8-icelake/gcc-12.2.0/gcc-runtime-12.2.0-dqfwf7yjtbtdzllj66jx6suk34ir2ct3/lib:/leonardo/prod/spack/06/install/0.22/linux-rhel8-icelake/gcc-8.5.0/bzip2-1.0.8-ib3znejizupogmu7ontk67drg656svun/lib:/leonardo/prod/spack/06/install/0.22/linux-rhel8-icelake/gcc-8.5.0/gcc-runtime-8.5.0-tm43bfw5tjxltzb4hh6avyvrxdzodtyb/lib': not a valid identifier
 WHUUUUBBBASAAAGASDDWD!!!!!!!!!!!!!!!!
 No more atmosphere here....
 CFL violation detected, so model STOP
 #####################################
 #            DECREASE DT !!!!       #
 #####################################
 -------------- FATAL CALLED ---------------
  Fatal in file: mod_moloch.F90 at line:      608
 CFL VIOLATION
 -------------------------------------------
 mod_moloch.F90 :      608:             1
 Abort called by computing node             0 at 2026-05-24 15:02:25.455 +0200
 Execution terminated because of runtime error
 WHUUUUBBBASAAAGASDDWD!!!!!!!!!!!!!!!!
 No more atmosphere here....
 CFL violation detected, so model STOP
 #####################################
 #            DECREASE DT !!!!       #
 #####################################
 -------------- FATAL CALLED ---------------
  Fatal in file: mod_moloch.F90 at line:      608
 CFL VIOLATION
 -------------------------------------------
 Abort called by computing node             2 at 2026-05-24 15:02:25.455 +0200
 Execution terminated because of runtime error
 WHUUUUBBBASAAAGASDDWD!!!!!!!!!!!!!!!!
 No more atmosphere here....
 CFL violation detected, so model STOP
 #####################################
 #            DECREASE DT !!!!       #
 #####################################
 -------------- FATAL CALLED ---------------
  Fatal in file: mod_moloch.F90 at line:      608
 CFL VIOLATION
 -------------------------------------------
 Abort called by computing node             3 at 2026-05-24 15:02:25.455 +0200
 Execution terminated because of runtime error
 WHUUUUBBBASAAAGASDDWD!!!!!!!!!!!!!!!!
 No more atmosphere here....
 CFL violation detected, so model STOP
 #####################################
 #            DECREASE DT !!!!       #
 #####################################
 -------------- FATAL CALLED ---------------
  Fatal in file: mod_moloch.F90 at line:      608
 CFL VIOLATION
 -------------------------------------------
 Abort called by computing node             1 at 2026-05-24 15:02:25.455 +0200
 Execution terminated because of runtime error
 WHUUUUBBBASAAAGASDDWD!!!!!!!!!!!!!!!!
 No more atmosphere here....
 CFL violation detected, so model STOP
 #####################################
 #            DECREASE DT !!!!       #
 #####################################
 -------------- FATAL CALLED ---------------
  Fatal in file: mod_moloch.F90 at line:      608
 CFL VIOLATION
 -------------------------------------------
 WHUUUUBBBASAAAGASDDWD!!!!!!!!!!!!!!!!
 No more atmosphere here....
 CFL violation detected, so model STOP
 #####################################
 #            DECREASE DT !!!!       #
 #####################################
 -------------- FATAL CALLED ---------------
  Fatal in file: mod_moloch.F90 at line:      608
 CFL VIOLATION
 -------------------------------------------
 WHUUUUBBBASAAAGASDDWD!!!!!!!!!!!!!!!!
 No more atmosphere here....
 CFL violation detected, so model STOP
 #####################################
 #            DECREASE DT !!!!       #
 #####################################
 -------------- FATAL CALLED ---------------
  Fatal in file: mod_moloch.F90 at line:      608
 CFL VIOLATION
 -------------------------------------------
 WHUUUUBBBASAAAGASDDWD!!!!!!!!!!!!!!!!
 No more atmosphere here....
 CFL violation detected, so model STOP
 #####################################
 #            DECREASE DT !!!!       #
 #####################################
 -------------- FATAL CALLED ---------------
  Fatal in file: mod_moloch.F90 at line:      608
 CFL VIOLATION
 -------------------------------------------
 WHUUUUBBBASAAAGASDDWD!!!!!!!!!!!!!!!!
 No more atmosphere here....
 CFL violation detected, so model STOP
 #####################################
 #            DECREASE DT !!!!       #
 #####################################
 -------------- FATAL CALLED ---------------
  Fatal in file: mod_moloch.F90 at line:      608
 CFL VIOLATION
 -------------------------------------------
 WHUUUUBBBASAAAGASDDWD!!!!!!!!!!!!!!!!
 No more atmosphere here....
 CFL violation detected, so model STOP
 #####################################
 #            DECREASE DT !!!!       #
 #####################################
 -------------- FATAL CALLED ---------------
  Fatal in file: mod_moloch.F90 at line:      608
 CFL VIOLATION
 -------------------------------------------
 WHUUUUBBBASAAAGASDDWD!!!!!!!!!!!!!!!!
 No more atmosphere here....
 CFL violation detected, so model STOP
 #####################################
 #            DECREASE DT !!!!       #
 #####################################
 -------------- FATAL CALLED ---------------
  Fatal in file: mod_moloch.F90 at line:      608
 CFL VIOLATION
 -------------------------------------------
 WHUUUUBBBASAAAGASDDWD!!!!!!!!!!!!!!!!
 No more atmosphere here....
 CFL violation detected, so model STOP
 #####################################
 #            DECREASE DT !!!!       #
 #####################################
 -------------- FATAL CALLED ---------------
  Fatal in file: mod_moloch.F90 at line:      608
 CFL VIOLATION
 -------------------------------------------
 Abort called by computing node   Abort called by computing node  Abort called by computing node            13 at 2026-05-24  Abort called by computing node            12 at 2026-05-24 15:02:25.456 +0200
 Execution terminated because of runtime error
          15 at 2026-05-24 15:02:25.456 +0200
 Execution terminated because of runtime error
           14 at 2026-05-24 15:02:25.456 +0200
 Execution terminated because of runtime error
15:02:25.456 +0200
 Execution terminated because of runtime error
 WHUUUUBBBASAAAGASDDWD!!!!!!!!!!!!!!!!
 No more atmosphere here....
 CFL violation detected, so model STOP
 #####################################
 #            DECREASE DT !!!!       #
 #####################################
 WHUUUUBBBASAAAGASDDWD!!!!!!!!!!!!!!!!
 No more atmosphere here....
 CFL violation detected, so model STOP
 #####################################
 #            DECREASE DT !!!!       #
 #####################################
 -------------- FATAL CALLED ---------------
  Fatal in file: mod_moloch.F90 at line:      608
 CFL VIOLATION
 ------------------------------------------- WHUUUUBBBASAAAGASDDWD!!!!!!!!!!!!!!!!
 No more atmosphere here....
 CFL violation detected, so model STOP
 #####################################
 #            DECREASE DT !!!!       #
 #####################################
 -------------- FATAL CALLED ---------------
  Fatal in file: mod_moloch.F90 at line:      608
 CFL VIOLATION
 -------------------------------------------
 WHUUUUBBBASAAAGASDDWD!!!!!!!!!!!!!!!!
 No more atmosphere here....
 CFL violation detected, so model STOP
 #####################################
 #            DECREASE DT !!!!       #
 #####################################
 -------------- FATAL CALLED ---------------
  Fatal in file: mod_moloch.F90 at line:      608
 CFL VIOLATION
 -------------------------------------------
 -------------- FATAL CALLED ---------------
  Fatal in file: mod_moloch.F90 at line:      608
 CFL VIOLATION
 -------------------------------------------

--------------------------------------------------------------------------
MPI_ABORT was invoked on rank 1 in communicator MPI COMMUNICATOR 3 DUP FROM 0
with errorcode 1.

NOTE: invoking MPI_ABORT causes Open MPI to kill all MPI processes.
You may or may not see output from other processes, depending on
exactly when Open MPI kills them.
--------------------------------------------------------------------------
 Abort called by computing node  Abort called by computing node  Abort called by computing node  Abort called by computing node             4 at 2026-05-24 15:02 Abort called by computing node            10 at 2026-05-24 15:02:25.457 +0200
 Execution terminated because of runtime error
 Abort called by computing node             7 at 2026-05-24 15:02:25.457 +0200
 Execution terminated because of runtime error
 Abort called by computing node             8 at 2026-05-24 15:02:25.457 +0200
 Execution terminated because of runtime error
            5 at 2026-05-24 15:02:25.457 +0200
 Execution terminated because of runtime error
            9 at 2026-05-24 15:02:25.457 +0200
 Execution terminated because of runtime error
:25.457 +0200
 Execution terminated because of runtime error
           11 at 2026-05-24 15:02:25.457 +0200
 Execution terminated because of runtime error
 Abort called by computing node             6 at 2026-05-24 15:02:25.457 +0200
 Execution terminated because of runtime error
[lrdn2015.leonardo.local:424279] 15 more processes have sent help message help-mpi-api.txt / mpi-abort
[lrdn2015.leonardo.local:424279] Set MCA parameter "orte_base_help_aggregate" to 0 to see all help / error messages
