 No such file or directory                                                       
 /leonardo_work/ICT25_ESP/RCMDATA/CMIP6/GHG/mole-fraction-of-carbon-dioxide-in-air_input4MIPs_GHGConcentrations_CMIP_UoM-CMIP-1-2-0_gr-0p5x360deg_000001-201412.nc
 -------------- FATAL CALLED ---------------
  Fatal in file: mod_ipcc_scenario.F90 at line:     2152
 CANNOT OPEN FILE
 -------------------------------------------
 mod_ipcc_scenario.F90 :     2152:             1
 Abort called by computing node             0 at 2026-04-17 21:52:14.499 +0200
 Execution terminated because of runtime error
 No such file or directory                                                       
 /leonardo_work/ICT25_ESP/RCMDATA/CMIP6/GHG/mole-fraction-of-carbon-dioxide-in-air_input4MIPs_GHGConcentrations_CMIP_UoM-CMIP-1-2-0_gr-0p5x360deg_000001-201412.nc
 -------------- FATAL CALLED ---------------
  Fatal in file: mod_ipcc_scenario.F90 at line:     2152
 CANNOT OPEN FILE
 -------------------------------------------
 Abort called by computing node             3 at 2026-04-17 21:52:14.500 +0200
 Execution terminated because of runtime error
 No such file or directory                                                       
 /leonardo_work/ICT25_ESP/RCMDATA/CMIP6/GHG/mole-fraction-of-carbon-dioxide-in-air_input4MIPs_GHGConcentrations_CMIP_UoM-CMIP-1-2-0_gr-0p5x360deg_000001-201412.nc
 -------------- FATAL CALLED ---------------
  Fatal in file: mod_ipcc_scenario.F90 at line:     2152
 CANNOT OPEN FILE
 -------------------------------------------
 Abort called by computing node             1 at 2026-04-17 21:52:14.500 +0200
 Execution terminated because of runtime error
 No such file or directory                                                       
 /leonardo_work/ICT25_ESP/RCMDATA/CMIP6/GHG/mole-fraction-of-carbon-dioxide-in-air_input4MIPs_GHGConcentrations_CMIP_UoM-CMIP-1-2-0_gr-0p5x360deg_000001-201412.nc
 -------------- FATAL CALLED ---------------
  Fatal in file: mod_ipcc_scenario.F90 at line:     2152
 CANNOT OPEN FILE
 -------------------------------------------
 Abort called by computing node             2 at 2026-04-17 21:52:14.500 +0200
 Execution terminated because of runtime error
 No such file or directory                                                       
 /leonardo_work/ICT25_ESP/RCMDATA/CMIP6/GHG/mole-fraction-of-carbon-dioxide-in-air_input4MIPs_GHGConcentrations_CMIP_UoM-CMIP-1-2-0_gr-0p5x360deg_000001-201412.nc
 No such file or directory                                                       
 /leonardo_work/ICT25_ESP/RCMDATA/CMIP6/GHG/mole-fraction-of-carbon-dioxide-in-air_input4MIPs_GHGConcentrations_CMIP_UoM-CMIP-1-2-0_gr-0p5x360deg_000001-201412.nc
 -------------- FATAL CALLED ---------------
 No such file or directory                                                       
 /leonardo_work/ICT25_ESP/RCMDATA/CMIP6/GHG/mole-fraction-of-carbon-dioxide-in-air_input4MIPs_GHGConcentrations_CMIP_UoM-CMIP-1-2-0_gr-0p5x360deg_000001-201412.nc
 -------------- FATAL CALLED ---------------
  Fatal in file: mod_ipcc_scenario.F90 at line:     2152
 CANNOT OPEN FILE
 -------------------------------------------
 -------------- FATAL CALLED ---------------
  Fatal in file: mod_ipcc_scenario.F90 at line:     2152
 CANNOT OPEN FILE
 -------------------------------------------
  Fatal in file: mod_ipcc_scenario.F90 at line:     2152
 CANNOT OPEN FILE
 -------------------------------------------
 No such file or directory                                                       
 /leonardo_work/ICT25_ESP/RCMDATA/CMIP6/GHG/mole-fraction-of-carbon-dioxide-in-air_input4MIPs_GHGConcentrations_CMIP_UoM-CMIP-1-2-0_gr-0p5x360deg_000001-201412.nc
 -------------- FATAL CALLED ---------------
  Fatal in file: mod_ipcc_scenario.F90 at line:     2152
 CANNOT OPEN FILE
 -------------------------------------------
--------------------------------------------------------------------------
MPI_ABORT was invoked on rank 0 in communicator MPI COMMUNICATOR 3 DUP FROM 0
with errorcode 1.

NOTE: invoking MPI_ABORT causes Open MPI to kill all MPI processes.
You may or may not see output from other processes, depending on
exactly when Open MPI kills them.
--------------------------------------------------------------------------
--------------------------------------------------------------------------
MPI_ABORT was invoked on rank 1 in communicator MPI COMMUNICATOR 3 DUP FROM 0
with errorcode 1.

NOTE: invoking MPI_ABORT causes Open MPI to kill all MPI processes.
You may or may not see output from other processes, depending on
exactly when Open MPI kills them.
--------------------------------------------------------------------------
--------------------------------------------------------------------------
MPI_ABORT was invoked on rank 2 in communicator MPI COMMUNICATOR 3 DUP FROM 0
with errorcode 1.

NOTE: invoking MPI_ABORT causes Open MPI to kill all MPI processes.
You may or may not see output from other processes, depending on
exactly when Open MPI kills them.
--------------------------------------------------------------------------
--------------------------------------------------------------------------
MPI_ABORT was invoked on rank 3 in communicator MPI COMMUNICATOR 3 DUP FROM 0
with errorcode 1.

NOTE: invoking MPI_ABORT causes Open MPI to kill all MPI processes.
You may or may not see output from other processes, depending on
exactly when Open MPI kills them.
--------------------------------------------------------------------------
 Abort called by computing node             4 at 2026-04-17 21:52:14.501 +0200
 Execution terminated because of runtime error
 Abort called by computing node             5 at 2026-04-17 21:52:14.501 +0200
 Execution terminated because of runtime error
 Abort called by computing node             7 at 2026-04-17 21:52:14.501 +0200
 Execution terminated because of runtime error
 Abort called by computing node             6 at 2026-04-17 21:52:14.501 +0200
 Execution terminated because of runtime error
--------------------------------------------------------------------------
MPI_ABORT was invoked on rank 4 in communicator MPI COMMUNICATOR 3 DUP FROM 0
with errorcode 1.

NOTE: invoking MPI_ABORT causes Open MPI to kill all MPI processes.
You may or may not see output from other processes, depending on
exactly when Open MPI kills them.
--------------------------------------------------------------------------
--------------------------------------------------------------------------
MPI_ABORT was invoked on rank 5 in communicator MPI COMMUNICATOR 3 DUP FROM 0
with errorcode 1.

NOTE: invoking MPI_ABORT causes Open MPI to kill all MPI processes.
You may or may not see output from other processes, depending on
exactly when Open MPI kills them.
--------------------------------------------------------------------------
--------------------------------------------------------------------------
MPI_ABORT was invoked on rank 6 in communicator MPI COMMUNICATOR 3 DUP FROM 0
with errorcode 1.

NOTE: invoking MPI_ABORT causes Open MPI to kill all MPI processes.
You may or may not see output from other processes, depending on
exactly when Open MPI kills them.
--------------------------------------------------------------------------
--------------------------------------------------------------------------
MPI_ABORT was invoked on rank 7 in communicator MPI COMMUNICATOR 3 DUP FROM 0
with errorcode 1.

NOTE: invoking MPI_ABORT causes Open MPI to kill all MPI processes.
You may or may not see output from other processes, depending on
exactly when Open MPI kills them.
--------------------------------------------------------------------------
slurmstepd: error: *** STEP 39842274.0 ON lrdn2761 CANCELLED AT 2026-04-17T21:52:14 ***
slurmstepd: error: *** STEP 39842274.0 ON lrdn2761 CANCELLED AT 2026-04-17T21:52:14 ***
srun: Job step aborted: Waiting up to 122 seconds for job step to finish.
srun: error: lrdn2761: tasks 1,3: Killed
srun: error: lrdn2761: task 2: Exited with exit code 1
srun: error: lrdn2795: tasks 4-7: Killed
srun: error: lrdn2761: task 0: Exited with exit code 1
