[ perf record: Woken up 65812 times to write data ]
[ perf record: Woken up 65974 times to write data ]
[ perf record: Woken up 65967 times to write data ]
[ perf record: Woken up 66087 times to write data ]
[ perf record: Woken up 65941 times to write data ]
[ perf record: Woken up 65834 times to write data ]
[ perf record: Woken up 65936 times to write data ]
[ perf record: Woken up 65874 times to write data ]
[ perf record: Woken up 65990 times to write data ]
[ perf record: Woken up 65970 times to write data ]
[ perf record: Woken up 65979 times to write data ]
[ perf record: Woken up 65892 times to write data ]
[ perf record: Woken up 65744 times to write data ]
[ perf record: Woken up 65949 times to write data ]
[ perf record: Woken up 65780 times to write data ]
[ perf record: Woken up 66899 times to write data ]
Warning:
Processed 2123967 events and lost 3 chunks!

Check IO/CPU overload!

[ perf record: Captured and wrote 16486.384 MB /leonardo_scratch/large/userexternal/ctica000/perf/with_IO/sequential_write/perf_25815927/perf.data.rank12 (2046082 samples) ]
Warning:
Processed 2148358 events and lost 3 chunks!

Check IO/CPU overload!

[ perf record: Captured and wrote 16494.430 MB /leonardo_scratch/large/userexternal/ctica000/perf/with_IO/sequential_write/perf_25815927/perf.data.rank8 (2046782 samples) ]
Warning:
Processed 2151940 events and lost 6 chunks!

Check IO/CPU overload!

[ perf record: Captured and wrote 16522.418 MB /leonardo_scratch/large/userexternal/ctica000/perf/with_IO/sequential_write/perf_25815927/perf.data.rank10 (2050256 samples) ]
Warning:
Processed 2148950 events and lost 2 chunks!

Check IO/CPU overload!

[ perf record: Captured and wrote 16499.246 MB /leonardo_scratch/large/userexternal/ctica000/perf/with_IO/sequential_write/perf_25815927/perf.data.rank7 (2047380 samples) ]
Warning:
Processed 2146395 events and lost 3 chunks!

Check IO/CPU overload!

[ perf record: Captured and wrote 16469.447 MB /leonardo_scratch/large/userexternal/ctica000/perf/with_IO/sequential_write/perf_25815927/perf.data.rank9 (2043665 samples) ]
Warning:
Processed 2124941 events and lost 3 chunks!

Check IO/CPU overload!

[ perf record: Captured and wrote 16494.278 MB /leonardo_scratch/large/userexternal/ctica000/perf/with_IO/sequential_write/perf_25815927/perf.data.rank13 (2047062 samples) ]
Warning:
Processed 2127809 events and lost 6 chunks!

Check IO/CPU overload!

[ perf record: Captured and wrote 16493.910 MB /leonardo_scratch/large/userexternal/ctica000/perf/with_IO/sequential_write/perf_25815927/perf.data.rank5 (2046979 samples) ]
Warning:
Processed 2123901 events and lost 3 chunks!

Check IO/CPU overload!

[ perf record: Captured and wrote 16485.997 MB /leonardo_scratch/large/userexternal/ctica000/perf/with_IO/sequential_write/perf_25815927/perf.data.rank14 (2046034 samples) ]
Warning:
Processed 2127335 events and lost 4 chunks!

Check IO/CPU overload!

[ perf record: Captured and wrote 16495.498 MB /leonardo_scratch/large/userexternal/ctica000/perf/with_IO/sequential_write/perf_25815927/perf.data.rank15 (2047185 samples) ]
Warning:
Processed 2122812 events and lost 4 chunks!

Check IO/CPU overload!

[ perf record: Captured and wrote 16454.897 MB /leonardo_scratch/large/userexternal/ctica000/perf/with_IO/sequential_write/perf_25815927/perf.data.rank6 (2042137 samples) ]
Warning:
Processed 2125319 events and lost 8 chunks!

Check IO/CPU overload!

[ perf record: Captured and wrote 16474.825 MB /leonardo_scratch/large/userexternal/ctica000/perf/with_IO/sequential_write/perf_25815927/perf.data.rank11 (2044611 samples) ]
Warning:
Processed 2123445 events and lost 3 chunks!

Check IO/CPU overload!

[ perf record: Captured and wrote 16459.979 MB /leonardo_scratch/large/userexternal/ctica000/perf/with_IO/sequential_write/perf_25815927/perf.data.rank4 (2042768 samples) ]
Warning:
Processed 2792590 events and lost 14 chunks!

Check IO/CPU overload!

[ perf record: Captured and wrote 16725.494 MB /leonardo_scratch/large/userexternal/ctica000/perf/with_IO/sequential_write/perf_25815927/perf.data.rank0 (2067606 samples) ]
Warning:
Processed 2127171 events and lost 4 chunks!

Check IO/CPU overload!

[ perf record: Captured and wrote 16488.702 MB /leonardo_scratch/large/userexternal/ctica000/perf/with_IO/sequential_write/perf_25815927/perf.data.rank2 (2046333 samples) ]
Warning:
Processed 2121696 events and lost 4 chunks!

Check IO/CPU overload!

[ perf record: Captured and wrote 16446.255 MB /leonardo_scratch/large/userexternal/ctica000/perf/with_IO/sequential_write/perf_25815927/perf.data.rank3 (2041065 samples) ]
Warning:
Processed 2120492 events and lost 3 chunks!

Check IO/CPU overload!

[ perf record: Captured and wrote 16437.101 MB /leonardo_scratch/large/userexternal/ctica000/perf/with_IO/sequential_write/perf_25815927/perf.data.rank1 (2039929 samples) ]
