[ perf record: Woken up 65304 times to write data ]
[ perf record: Woken up 65572 times to write data ]
[ perf record: Woken up 65499 times to write data ]
[ perf record: Woken up 65293 times to write data ]
[ perf record: Woken up 65377 times to write data ]
[ perf record: Woken up 65421 times to write data ]
[ perf record: Woken up 65485 times to write data ]
[ perf record: Woken up 65235 times to write data ]
[ perf record: Woken up 65407 times to write data ]
[ perf record: Woken up 65417 times to write data ]
[ perf record: Woken up 65434 times to write data ]
[ perf record: Woken up 65434 times to write data ]
[ perf record: Woken up 65229 times to write data ]
[ perf record: Woken up 65459 times to write data ]
[ perf record: Woken up 65211 times to write data ]
[ perf record: Woken up 66317 times to write data ]
Warning:
Processed 2110060 events and lost 21 chunks!

Check IO/CPU overload!

[ perf record: Captured and wrote 16355.065 MB /leonardo_scratch/large/userexternal/ctica000/perf/with_IO/sequential_write/perf_26472460/perf.data.rank5 (2029746 samples) ]
Warning:
Processed 2106485 events and lost 14 chunks!

Check IO/CPU overload!

[ perf record: Captured and wrote 16327.357 MB /leonardo_scratch/large/userexternal/ctica000/perf/with_IO/sequential_write/perf_26472460/perf.data.rank6 (2026307 samples) ]
Warning:
Processed 2130541 events and lost 15 chunks!

Check IO/CPU overload!

[ perf record: Captured and wrote 16345.428 MB /leonardo_scratch/large/userexternal/ctica000/perf/with_IO/sequential_write/perf_26472460/perf.data.rank9 (2028272 samples) ]
Warning:
Processed 2106271 events and lost 22 chunks!

Check IO/CPU overload!

[ perf record: Captured and wrote 16325.488 MB /leonardo_scratch/large/userexternal/ctica000/perf/with_IO/sequential_write/perf_26472460/perf.data.rank4 (2026075 samples) ]
Warning:
Processed 2135612 events and lost 18 chunks!

Check IO/CPU overload!

[ perf record: Captured and wrote 16394.881 MB /leonardo_scratch/large/userexternal/ctica000/perf/with_IO/sequential_write/perf_26472460/perf.data.rank10 (2034426 samples) ]
Warning:
Processed 2104322 events and lost 20 chunks!

Check IO/CPU overload!

[ perf record: Captured and wrote 16311.115 MB /leonardo_scratch/large/userexternal/ctica000/perf/with_IO/sequential_write/perf_26472460/perf.data.rank11 (2024292 samples) ]
Warning:
Processed 2131094 events and lost 16 chunks!

Check IO/CPU overload!

[ perf record: Captured and wrote 16359.472 MB /leonardo_scratch/large/userexternal/ctica000/perf/with_IO/sequential_write/perf_26472460/perf.data.rank8 (2030031 samples) ]
Warning:
Processed 2109885 events and lost 7 chunks!

Check IO/CPU overload!

[ perf record: Captured and wrote 16376.376 MB /leonardo_scratch/large/userexternal/ctica000/perf/with_IO/sequential_write/perf_26472460/perf.data.rank13 (2032428 samples) ]
Warning:
Processed 2132826 events and lost 15 chunks!

Check IO/CPU overload!

[ perf record: Captured and wrote 16373.214 MB /leonardo_scratch/large/userexternal/ctica000/perf/with_IO/sequential_write/perf_26472460/perf.data.rank7 (2031737 samples) ]
Warning:
Processed 2107311 events and lost 16 chunks!

Check IO/CPU overload!

[ perf record: Captured and wrote 16356.633 MB /leonardo_scratch/large/userexternal/ctica000/perf/with_IO/sequential_write/perf_26472460/perf.data.rank14 (2029978 samples) ]
Warning:
Processed 2110081 events and lost 17 chunks!

Check IO/CPU overload!

[ perf record: Captured and wrote 16360.754 MB /leonardo_scratch/large/userexternal/ctica000/perf/with_IO/sequential_write/perf_26472460/perf.data.rank15 (2030461 samples) ]
Warning:
Processed 2107011 events and lost 16 chunks!

Check IO/CPU overload!

[ perf record: Captured and wrote 16353.911 MB /leonardo_scratch/large/userexternal/ctica000/perf/with_IO/sequential_write/perf_26472460/perf.data.rank12 (2029640 samples) ]
Warning:
Processed 2104120 events and lost 19 chunks!

Check IO/CPU overload!

[ perf record: Captured and wrote 16309.229 MB /leonardo_scratch/large/userexternal/ctica000/perf/with_IO/sequential_write/perf_26472460/perf.data.rank1 (2024058 samples) ]
Warning:
Processed 2773643 events and lost 36 chunks!

Check IO/CPU overload!

[ perf record: Captured and wrote 16580.529 MB /leonardo_scratch/large/userexternal/ctica000/perf/with_IO/sequential_write/perf_26472460/perf.data.rank0 (2049618 samples) ]
Warning:
Processed 2111507 events and lost 16 chunks!

Check IO/CPU overload!

[ perf record: Captured and wrote 16366.447 MB /leonardo_scratch/large/userexternal/ctica000/perf/with_IO/sequential_write/perf_26472460/perf.data.rank2 (2031159 samples) ]
Warning:
Processed 2103505 events and lost 31 chunks!

Check IO/CPU overload!

[ perf record: Captured and wrote 16304.211 MB /leonardo_scratch/large/userexternal/ctica000/perf/with_IO/sequential_write/perf_26472460/perf.data.rank3 (2023435 samples) ]
