 energy balance in canopy       9177470 , err=  -0.2683920590183629     
 BalanceCheck: surface flux energy balance error step =       237 point =****** imbalance =   -0.268392 W/m2
  sabv           =     22.58561778525507     
  column      =       2374148
  sabg           =     2.244226143412091         2.244226143412091      
    2.244226143412091     
  eflx_lwrad_net =     74.31718874175135     
  eflx_sh_tot    =    -38.78863939157706     
  eflx_lh_tot    =     19.32869876727864     
  eflx_soil_grnd =    -29.75901212976749     
 -------------- FATAL CALLED ---------------
  Fatal in file: mod_clm_balancecheck.F90 at line:      735
 clm model is stopping
 -------------------------------------------
 Abort called by computing node             3 at 2026-02-11 13:18:40.825 +0100
 Execution terminated because of runtime error
--------------------------------------------------------------------------
MPI_ABORT was invoked on rank 3 in communicator MPI COMMUNICATOR 3 DUP FROM 0
with errorcode 1.

NOTE: invoking MPI_ABORT causes Open MPI to kill all MPI processes.
You may or may not see output from other processes, depending on
exactly when Open MPI kills them.
--------------------------------------------------------------------------
srun: Job step aborted: Waiting up to 122 seconds for job step to finish.
slurmstepd: error: *** STEP 33936572.0 ON lrdn2249 CANCELLED AT 2026-02-11T13:18:40 ***
srun: error: lrdn2249: task 1: Killed
srun: error: lrdn2249: task 3: Exited with exit code 1
srun: error: lrdn2249: task 2: Killed
srun: error: lrdn2249: task 0: Killed
