 energy balance in canopy       8455595 , err=  -0.1060784481132826     
 BalanceCheck: surface flux energy balance error step =        81 point =****** imbalance =   -0.106078 W/m2
  sabv           =     99.69304072876250     
  column      =       2235202
  sabg           =     10.31350309256643         10.31350309256643      
    10.31350309256643     
  eflx_lwrad_net =     24.12181164030261     
  eflx_sh_tot    =     33.72653389633103     
  eflx_lh_tot    =     11.44839826008855     
  eflx_soil_grnd =     40.81587847272002     
 -------------- FATAL CALLED ---------------
  Fatal in file: mod_clm_balancecheck.F90 at line:      735
 clm model is stopping
 -------------------------------------------
 Abort called by computing node             3 at 2026-02-11 14:50:57.318 +0100
 Execution terminated because of runtime error
--------------------------------------------------------------------------
MPI_ABORT was invoked on rank 3 in communicator MPI COMMUNICATOR 3 DUP FROM 0
with errorcode 1.

NOTE: invoking MPI_ABORT causes Open MPI to kill all MPI processes.
You may or may not see output from other processes, depending on
exactly when Open MPI kills them.
--------------------------------------------------------------------------
srun: Job step aborted: Waiting up to 182 seconds for job step to finish.
slurmstepd: error: *** STEP 33944463.0 ON lrdn0102 CANCELLED AT 2026-02-11T14:50:57 ***
srun: error: lrdn0102: task 3: Exited with exit code 1
srun: error: lrdn0102: tasks 1-2: Killed
srun: error: lrdn0102: task 0: Killed
