+ RANK_GLOBAL=0
+ RANK_LOCAL=0
+ PROFILE_RANK=7
+ export CUDA_VISIBLE_DEVICES=0
+ CUDA_VISIBLE_DEVICES=0
+ export ACC_DEVICE_TYPE=nvidia
+ ACC_DEVICE_TYPE=nvidia
+ export ACC_DEVICE_NUM=0
+ ACC_DEVICE_NUM=0
+ export OMP_NUM_THREADS=1
+ OMP_NUM_THREADS=1
+ NSYS_BIN=/leonardo/prod/opt/compilers/nvhpc/25.3/binary/Linux_x86_64/25.3/compilers/bin/nsys
+ BINDIR=/leonardo/home/userexternal/ctica000/MS_thesis/RegCM/bin/profile_binary
+ BIN=regcmMPICLM45_OPENACC_GPU_STDPAR
+ INPUT_FILE=EURR-3_namelist.in
+ OUTDIR=/leonardo_scratch/large/userexternal/ctica000/profile_new_nsys_8gpu
+ TMPDIR_BASE=/leonardo_scratch/large/userexternal/ctica000/tmp_nsys
+ mkdir -p /leonardo_scratch/large/userexternal/ctica000/profile_new_nsys_8gpu /leonardo_scratch/large/userexternal/ctica000/tmp_nsys/rank_0
+ RANK_GLOBAL=1
+ RANK_LOCAL=1
+ PROFILE_RANK=7
+ export CUDA_VISIBLE_DEVICES=1
+ CUDA_VISIBLE_DEVICES=1
+ export ACC_DEVICE_TYPE=nvidia
+ ACC_DEVICE_TYPE=nvidia
+ export ACC_DEVICE_NUM=0
+ ACC_DEVICE_NUM=0
+ export OMP_NUM_THREADS=1
+ OMP_NUM_THREADS=1
+ NSYS_BIN=/leonardo/prod/opt/compilers/nvhpc/25.3/binary/Linux_x86_64/25.3/compilers/bin/nsys
+ BINDIR=/leonardo/home/userexternal/ctica000/MS_thesis/RegCM/bin/profile_binary
+ BIN=regcmMPICLM45_OPENACC_GPU_STDPAR
+ INPUT_FILE=EURR-3_namelist.in
+ OUTDIR=/leonardo_scratch/large/userexternal/ctica000/profile_new_nsys_8gpu
+ TMPDIR_BASE=/leonardo_scratch/large/userexternal/ctica000/tmp_nsys
+ mkdir -p /leonardo_scratch/large/userexternal/ctica000/profile_new_nsys_8gpu /leonardo_scratch/large/userexternal/ctica000/tmp_nsys/rank_1
+ RANK_GLOBAL=2
+ RANK_LOCAL=2
+ PROFILE_RANK=7
+ export CUDA_VISIBLE_DEVICES=2
+ CUDA_VISIBLE_DEVICES=2
+ export ACC_DEVICE_TYPE=nvidia
+ ACC_DEVICE_TYPE=nvidia
+ export ACC_DEVICE_NUM=0
+ ACC_DEVICE_NUM=0
+ export OMP_NUM_THREADS=1
+ OMP_NUM_THREADS=1
+ NSYS_BIN=/leonardo/prod/opt/compilers/nvhpc/25.3/binary/Linux_x86_64/25.3/compilers/bin/nsys
+ BINDIR=/leonardo/home/userexternal/ctica000/MS_thesis/RegCM/bin/profile_binary
+ BIN=regcmMPICLM45_OPENACC_GPU_STDPAR
+ INPUT_FILE=EURR-3_namelist.in
+ OUTDIR=/leonardo_scratch/large/userexternal/ctica000/profile_new_nsys_8gpu
+ TMPDIR_BASE=/leonardo_scratch/large/userexternal/ctica000/tmp_nsys
+ mkdir -p /leonardo_scratch/large/userexternal/ctica000/profile_new_nsys_8gpu /leonardo_scratch/large/userexternal/ctica000/tmp_nsys/rank_2
+ RANK_GLOBAL=3
+ RANK_LOCAL=3
+ PROFILE_RANK=7
+ export CUDA_VISIBLE_DEVICES=3
+ CUDA_VISIBLE_DEVICES=3
+ export ACC_DEVICE_TYPE=nvidia
+ ACC_DEVICE_TYPE=nvidia
+ export ACC_DEVICE_NUM=0
+ ACC_DEVICE_NUM=0
+ export OMP_NUM_THREADS=1
+ OMP_NUM_THREADS=1
+ NSYS_BIN=/leonardo/prod/opt/compilers/nvhpc/25.3/binary/Linux_x86_64/25.3/compilers/bin/nsys
+ BINDIR=/leonardo/home/userexternal/ctica000/MS_thesis/RegCM/bin/profile_binary
+ BIN=regcmMPICLM45_OPENACC_GPU_STDPAR
+ INPUT_FILE=EURR-3_namelist.in
+ OUTDIR=/leonardo_scratch/large/userexternal/ctica000/profile_new_nsys_8gpu
+ TMPDIR_BASE=/leonardo_scratch/large/userexternal/ctica000/tmp_nsys
+ mkdir -p /leonardo_scratch/large/userexternal/ctica000/profile_new_nsys_8gpu /leonardo_scratch/large/userexternal/ctica000/tmp_nsys/rank_3
+ export TMPDIR=/leonardo_scratch/large/userexternal/ctica000/tmp_nsys/rank_0
+ TMPDIR=/leonardo_scratch/large/userexternal/ctica000/tmp_nsys/rank_0
+ NSYS_OUT=/leonardo_scratch/large/userexternal/ctica000/profile_new_nsys_8gpu/nsys_rank0
+ [[ 0 -eq 7 ]]
+ echo '[Rank 0] Running normally'
+ exec /leonardo/home/userexternal/ctica000/MS_thesis/RegCM/bin/profile_binary/regcmMPICLM45_OPENACC_GPU_STDPAR EURR-3_namelist.in
+ export TMPDIR=/leonardo_scratch/large/userexternal/ctica000/tmp_nsys/rank_2
+ TMPDIR=/leonardo_scratch/large/userexternal/ctica000/tmp_nsys/rank_2
+ NSYS_OUT=/leonardo_scratch/large/userexternal/ctica000/profile_new_nsys_8gpu/nsys_rank2
+ [[ 2 -eq 7 ]]
+ echo '[Rank 2] Running normally'
+ exec /leonardo/home/userexternal/ctica000/MS_thesis/RegCM/bin/profile_binary/regcmMPICLM45_OPENACC_GPU_STDPAR EURR-3_namelist.in
+ export TMPDIR=/leonardo_scratch/large/userexternal/ctica000/tmp_nsys/rank_1
+ TMPDIR=/leonardo_scratch/large/userexternal/ctica000/tmp_nsys/rank_1
+ NSYS_OUT=/leonardo_scratch/large/userexternal/ctica000/profile_new_nsys_8gpu/nsys_rank1
+ [[ 1 -eq 7 ]]
+ echo '[Rank 1] Running normally'
+ exec /leonardo/home/userexternal/ctica000/MS_thesis/RegCM/bin/profile_binary/regcmMPICLM45_OPENACC_GPU_STDPAR EURR-3_namelist.in
+ export TMPDIR=/leonardo_scratch/large/userexternal/ctica000/tmp_nsys/rank_3
+ TMPDIR=/leonardo_scratch/large/userexternal/ctica000/tmp_nsys/rank_3
+ NSYS_OUT=/leonardo_scratch/large/userexternal/ctica000/profile_new_nsys_8gpu/nsys_rank3
+ [[ 3 -eq 7 ]]
+ echo '[Rank 3] Running normally'
+ exec /leonardo/home/userexternal/ctica000/MS_thesis/RegCM/bin/profile_binary/regcmMPICLM45_OPENACC_GPU_STDPAR EURR-3_namelist.in
+ RANK_GLOBAL=5
+ RANK_LOCAL=1
+ PROFILE_RANK=7
+ export CUDA_VISIBLE_DEVICES=1
+ CUDA_VISIBLE_DEVICES=1
+ export ACC_DEVICE_TYPE=nvidia
+ ACC_DEVICE_TYPE=nvidia
+ export ACC_DEVICE_NUM=0
+ ACC_DEVICE_NUM=0
+ export OMP_NUM_THREADS=1
+ OMP_NUM_THREADS=1
+ NSYS_BIN=/leonardo/prod/opt/compilers/nvhpc/25.3/binary/Linux_x86_64/25.3/compilers/bin/nsys
+ BINDIR=/leonardo/home/userexternal/ctica000/MS_thesis/RegCM/bin/profile_binary
+ BIN=regcmMPICLM45_OPENACC_GPU_STDPAR
+ INPUT_FILE=EURR-3_namelist.in
+ OUTDIR=/leonardo_scratch/large/userexternal/ctica000/profile_new_nsys_8gpu
+ TMPDIR_BASE=/leonardo_scratch/large/userexternal/ctica000/tmp_nsys
+ mkdir -p /leonardo_scratch/large/userexternal/ctica000/profile_new_nsys_8gpu /leonardo_scratch/large/userexternal/ctica000/tmp_nsys/rank_5
+ RANK_GLOBAL=7
+ RANK_LOCAL=3
+ PROFILE_RANK=7
+ export CUDA_VISIBLE_DEVICES=3
+ CUDA_VISIBLE_DEVICES=3
+ export ACC_DEVICE_TYPE=nvidia
+ ACC_DEVICE_TYPE=nvidia
+ export ACC_DEVICE_NUM=0
+ ACC_DEVICE_NUM=0
+ export OMP_NUM_THREADS=1
+ OMP_NUM_THREADS=1
+ NSYS_BIN=/leonardo/prod/opt/compilers/nvhpc/25.3/binary/Linux_x86_64/25.3/compilers/bin/nsys
+ BINDIR=/leonardo/home/userexternal/ctica000/MS_thesis/RegCM/bin/profile_binary
+ BIN=regcmMPICLM45_OPENACC_GPU_STDPAR
+ INPUT_FILE=EURR-3_namelist.in
+ OUTDIR=/leonardo_scratch/large/userexternal/ctica000/profile_new_nsys_8gpu
+ TMPDIR_BASE=/leonardo_scratch/large/userexternal/ctica000/tmp_nsys
+ mkdir -p /leonardo_scratch/large/userexternal/ctica000/profile_new_nsys_8gpu /leonardo_scratch/large/userexternal/ctica000/tmp_nsys/rank_7
+ RANK_GLOBAL=6
+ RANK_LOCAL=2
+ PROFILE_RANK=7
+ export CUDA_VISIBLE_DEVICES=2
+ CUDA_VISIBLE_DEVICES=2
+ export ACC_DEVICE_TYPE=nvidia
+ ACC_DEVICE_TYPE=nvidia
+ export ACC_DEVICE_NUM=0
+ ACC_DEVICE_NUM=0
+ export OMP_NUM_THREADS=1
+ OMP_NUM_THREADS=1
+ NSYS_BIN=/leonardo/prod/opt/compilers/nvhpc/25.3/binary/Linux_x86_64/25.3/compilers/bin/nsys
+ BINDIR=/leonardo/home/userexternal/ctica000/MS_thesis/RegCM/bin/profile_binary
+ BIN=regcmMPICLM45_OPENACC_GPU_STDPAR
+ INPUT_FILE=EURR-3_namelist.in
+ OUTDIR=/leonardo_scratch/large/userexternal/ctica000/profile_new_nsys_8gpu
+ TMPDIR_BASE=/leonardo_scratch/large/userexternal/ctica000/tmp_nsys
+ mkdir -p /leonardo_scratch/large/userexternal/ctica000/profile_new_nsys_8gpu /leonardo_scratch/large/userexternal/ctica000/tmp_nsys/rank_6
+ RANK_GLOBAL=4
+ RANK_LOCAL=0
+ PROFILE_RANK=7
+ export CUDA_VISIBLE_DEVICES=0
+ CUDA_VISIBLE_DEVICES=0
+ export ACC_DEVICE_TYPE=nvidia
+ ACC_DEVICE_TYPE=nvidia
+ export ACC_DEVICE_NUM=0
+ ACC_DEVICE_NUM=0
+ export OMP_NUM_THREADS=1
+ OMP_NUM_THREADS=1
+ NSYS_BIN=/leonardo/prod/opt/compilers/nvhpc/25.3/binary/Linux_x86_64/25.3/compilers/bin/nsys
+ BINDIR=/leonardo/home/userexternal/ctica000/MS_thesis/RegCM/bin/profile_binary
+ BIN=regcmMPICLM45_OPENACC_GPU_STDPAR
+ INPUT_FILE=EURR-3_namelist.in
+ OUTDIR=/leonardo_scratch/large/userexternal/ctica000/profile_new_nsys_8gpu
+ TMPDIR_BASE=/leonardo_scratch/large/userexternal/ctica000/tmp_nsys
+ mkdir -p /leonardo_scratch/large/userexternal/ctica000/profile_new_nsys_8gpu /leonardo_scratch/large/userexternal/ctica000/tmp_nsys/rank_4
+ export TMPDIR=/leonardo_scratch/large/userexternal/ctica000/tmp_nsys/rank_5
+ TMPDIR=/leonardo_scratch/large/userexternal/ctica000/tmp_nsys/rank_5
+ NSYS_OUT=/leonardo_scratch/large/userexternal/ctica000/profile_new_nsys_8gpu/nsys_rank5
+ [[ 5 -eq 7 ]]
+ echo '[Rank 5] Running normally'
+ exec /leonardo/home/userexternal/ctica000/MS_thesis/RegCM/bin/profile_binary/regcmMPICLM45_OPENACC_GPU_STDPAR EURR-3_namelist.in
+ export TMPDIR=/leonardo_scratch/large/userexternal/ctica000/tmp_nsys/rank_7
+ TMPDIR=/leonardo_scratch/large/userexternal/ctica000/tmp_nsys/rank_7
+ NSYS_OUT=/leonardo_scratch/large/userexternal/ctica000/profile_new_nsys_8gpu/nsys_rank7
+ [[ 7 -eq 7 ]]
+ echo '[Rank 7] Profiling with Nsight Systems'
+ exec /leonardo/prod/opt/compilers/nvhpc/25.3/binary/Linux_x86_64/25.3/compilers/bin/nsys profile --force-overwrite=true --sample=none --cpuctxsw=none --trace=nvtx,mpi,cuda --mpi-impl=openmpi --output /leonardo_scratch/large/userexternal/ctica000/profile_new_nsys_8gpu/nsys_rank7 /leonardo/home/userexternal/ctica000/MS_thesis/RegCM/bin/profile_binary/regcmMPICLM45_OPENACC_GPU_STDPAR EURR-3_namelist.in
+ export TMPDIR=/leonardo_scratch/large/userexternal/ctica000/tmp_nsys/rank_6
+ TMPDIR=/leonardo_scratch/large/userexternal/ctica000/tmp_nsys/rank_6
+ NSYS_OUT=/leonardo_scratch/large/userexternal/ctica000/profile_new_nsys_8gpu/nsys_rank6
+ [[ 6 -eq 7 ]]
+ echo '[Rank 6] Running normally'
+ exec /leonardo/home/userexternal/ctica000/MS_thesis/RegCM/bin/profile_binary/regcmMPICLM45_OPENACC_GPU_STDPAR EURR-3_namelist.in
+ export TMPDIR=/leonardo_scratch/large/userexternal/ctica000/tmp_nsys/rank_4
+ TMPDIR=/leonardo_scratch/large/userexternal/ctica000/tmp_nsys/rank_4
+ NSYS_OUT=/leonardo_scratch/large/userexternal/ctica000/profile_new_nsys_8gpu/nsys_rank4
+ [[ 4 -eq 7 ]]
+ echo '[Rank 4] Running normally'
+ exec /leonardo/home/userexternal/ctica000/MS_thesis/RegCM/bin/profile_binary/regcmMPICLM45_OPENACC_GPU_STDPAR EURR-3_namelist.in
WARNING: Device-side CUDA Event completion trace is currently enabled.
         This may increase runtime overhead and the likelihood of false
         dependencies across CUDA Streams. If you wish to avoid this, please
         disable the feature with --cuda-event-trace=false.
 Moloch core does not work SL advection code
srun: Job step aborted: Waiting up to 182 seconds for job step to finish.
slurmstepd: error: *** JOB 20320653 ON lrdn2510 CANCELLED AT 2025-09-19T03:41:50 ***
