[Wrapper][Rank 0][Local 0] on lrdn0389.leonardo.local: CUDA_VISIBLE_DEVICES=0
[Wrapper][Rank 3][Local 3] on lrdn0389.leonardo.local: CUDA_VISIBLE_DEVICES=3
[Wrapper][Rank 1][Local 1] on lrdn0389.leonardo.local: CUDA_VISIBLE_DEVICES=1
[Wrapper][Rank 2][Local 2] on lrdn0389.leonardo.local: CUDA_VISIBLE_DEVICES=2
[Wrapper][Rank 5][Local 1] on lrdn0393.leonardo.local: CUDA_VISIBLE_DEVICES=1
[Wrapper][Rank 4][Local 0] on lrdn0393.leonardo.local: CUDA_VISIBLE_DEVICES=0
[Wrapper][Rank 6][Local 2] on lrdn0393.leonardo.local: CUDA_VISIBLE_DEVICES=2
[Wrapper][Rank 7][Local 3] on lrdn0393.leonardo.local: CUDA_VISIBLE_DEVICES=3

  This is RegCM development version
   GIT Revision: 5.0.0-944-g5801-dirty compiled at: data : Aug 29 2025  time: 20:41:26

 MPI Rank:            0  using device:            0
 : this run start at  : 2025-08-29 23:47:32+0200
 : it is submitted by : 
 : it is running on   : lrdn0389.leonardo.local
 : it is using        :             8   processors
 : in directory       : 
 /leonardo/home/userexternal/ctica000/MS_thesis/RegCM/1003_1003_50_1day_Benchmark/pnetcdf/Non_MPS_stdpar/8gpu_8proc
                       
 CPUS DIM1 =             2
 CPUS DIM2 =             4
 
 Reading model namelist file
 Using default non-hydrostatc parameters.
 Using default microphysical parameter.
 Using default Holtslag parameter.
 Initial date of the global simulation:  2009-10-01 00:00:00 UTC        
 Initial date of this run             :  2009-10-01 00:00:00 UTC        
 Final date of this run               :  2009-10-02 00:00:00 UTC        
 Total simulation length              :            24  hours
 Timestep in seconds =   45.000000
 Reading Domain file : input/EURR-3_DOMAIN000.nc
 Advection timestep =    15.000 (factor  3)
 Max. Courant number for horizontal advection =    0.9538
 Sound waves timestep =     3.000 (factor  5)
 Courant number of horizontal sound waves =    0.4512
 Setting IPCC scenario to SSP585  
 Load GHG for 200910 SSP585
 Model will output required CORDEX variables.
 Create SAV files :   T
 Create ATM files :   T
 Create RAD files :   T
 Create SRF files :   T
 Create STS files :   T
 Create SHF files :   F
 Frequency in days for new files:    1.0
 Monthly SAV files are written
 Frequency in hours to create ATM :    1.0
 Frequency in hours to create RAD :    1.0
 Frequency in hours to create SRF :    1.0
 Physical Parameterizations
  Lateral Boundary conditions :  5
  Semi-Lagrangian Advection   :  0
  Land cumulus conv. scheme   :  0
  Ocean cumulus conv. scheme  :  0
  Moisture schem              :  2
  Ocean Flux scheme           :  2
  Zeng roughness formula      :  1
  Zeng roughness method       :  1
  Coupling with ocean         :  0
  Coupling with wave          :  0
  Coupling with COP           :  0
  Pressure gradient force     :  0
  Prescribed LW emissivity    :  0
  Lake model in BATS          :  0
  Simulate diurnal sst cycle  :  0
  Simulate sea ice cover      :  1
  Enable chem/aerosol model   :  0
  Large scale LWP as convect. :  1
  Cloud fraction scheme       :  0
  Marine stratocumulus        :  0
  Climate O3 dataset          :  1
  Climate Aerosol dataset     :  2
 Boundary Pameterizations
  Num. of bndy points cross  :  31
  Num. of bndy points dot    :  31
  Nudge value high range     :  6.000000
  Nudge value medium range   :  4.000000
  Nudge value low range      :  2.000000
  Nm paramter                : -1.000000
  Dm paramter                : -1.000000
 Model Timestep Pameterizations
  time step for dynamical model in seconds :          45.000000
  time step for surface   model in seconds :         450.000000
  time step for cumulus   model in seconds :         225.000000
  time step for radiation model in seconds :        1350.000000
  time step for emission  model in seconds :       48600.000000
 Nudging coefficients F1=    0.033333, F2=    0.000000
  # Nudging coefficient profile #
     5.95       5.86       5.76       5.67       5.57       5.48       5.38    
     5.28       5.19       5.09       5.00       4.90       4.81       4.71    
     4.62       4.52       4.43       4.33       4.24       4.14       4.05    
     3.97       3.90       3.83       3.76       3.69       3.62       3.55    
     3.48       3.41       3.34       3.27       3.20       3.14       3.07    
     3.00       2.93       2.86       2.79       2.72       2.65       2.58    
     2.52       2.45       2.38       2.31       2.24       2.17       2.10    
     2.10       2.03    
 Model top at     30000.00000000000       m
 Domain grid parameters:
  Map Projection        : ROTLLR
  Dot Grid Full Extent  : 1003x1003x 50
  Model Grid Spacing    :    3.335968 km
  Proj Center Latitude  :   50.000000 deg
  Proj Center longitude :    6.600000 deg
  Pole Latitude         :   40.000000 deg
  Pole longitude        :  186.600000 deg
 Holtslag PBL Scheme
  ricr_ocn     =    0.250000
  ricr_lnd     =    0.250000
  zhnew_fac    =    0.250000
  ifaholt      =  0
  ifaholtth10  =  2
  holtth10iter =    1
 Cloud fraction schemes parameters
  # of bottom no cloud model levels :  0
  Maximum relative humidity         :    1.010000
  Minimum relative humidity         :    0.010000
  RH0 temperature threshold         :  238.000000
  Relative humidity thresholds: Land =    0.800000 Ocean =    0.900000
  Maximum total cloud cover for rad :    0.750000
  Conv. CF UMF factor deep cumulus  :    0.140000
  Conv. CF UMF factor deep cumulus  :    0.140000
  Conv. CF UMF factor k2            :  500.000000
  Surface radiation hack            :           F
  Vavrus-Waliser Arctic cloud fix   :           T
 Convective Cloud Cover parameters after resolution scaling
  Maximum Convective Cloud Cover :    0.750000
  Convective Cloud Water         :    0.000300
 The surface energy budget is used to calculate the ground temperature.
 The radiation is computed every   23. minutes.
 Relaxation boundary conditions (exponential method)
 READY IC DATA for  2009-10-01 00:00:00 UTC        
 SEARCH BC data for 2009100106 , step =        0
 READY  BC from     2009100100  to 2009100106 
 Computing weights, R =     348.80780029 .......... Done.
 Reading Initial Ozone Data...
  # Updated ozone profile #
    0.765E-05  0.694E-05  0.569E-05  0.413E-05  0.280E-05  0.178E-05  0.101E-05
    0.544E-06  0.304E-06  0.192E-06  0.138E-06  0.104E-06  0.848E-07  0.726E-07
    0.682E-07  0.663E-07  0.652E-07  0.645E-07  0.639E-07  0.633E-07  0.628E-07
    0.619E-07  0.606E-07  0.593E-07  0.580E-07  0.564E-07  0.549E-07  0.535E-07
    0.524E-07  0.516E-07  0.508E-07  0.501E-07  0.496E-07  0.493E-07  0.490E-07
    0.487E-07  0.487E-07  0.487E-07  0.487E-07  0.487E-07  0.487E-07  0.485E-07
    0.483E-07  0.481E-07  0.480E-07  0.478E-07  0.477E-07  0.475E-07  0.475E-07
    0.475E-07  0.475E-07  0.475E-07
 Read solar forcing total irradiance data...
 Updating orbit parameters at  2009-10-01 00:00:00 UTC        
 At  2009-10-01 00:00:00 UTC        
 JDay    273.00000 solar declination angle =  -2.71002168 degrees
                   solar TSI irradiance    =    1355.8045 W/m^2
 CLM version: 4.5 - RegCM 5.0.0-944-g5801-dirty
 Attempting to initialize the land model .....
 Mask given by RegCM model has a total of        487659  land points
 Attempting to initialize run control settings .....
 Read in clm_inparm namelist from: EURR-3_namelist.in
 Read in clm_hydrology1_inparm namelist
 Read in clm_soilhydrology_inparm namelist
 Successfully initialized run control settings
 
 define run:
    source                = Community Land Model CLM4.5
    model_version         = 5.0.0-944-g5801-dirty
    run type              = initial
    case title            = RegCM driven CLM4.5
    username              = 
    hostname              = lrdn0389.leonardo.local
 input data files:
    PFT physiology = 
 /leonardo_work/ICT25_ESP/RCMDATA/CLM45/pftdata/pft-physiology.c130503.nc
    surface data   = input/EURR-3_CLM45_surface.nc
    land frac data = input/EURR-3_DOMAIN000.nc
    enable_megan_emission                                 :   F
    enable_urban_landunit                                 :   T
    enable_more_crop_pft                                  :   F
    SNICAR optical = 
 /leonardo_work/ICT25_ESP/RCMDATA/CLM45/snicardata/snicar_optics_5bnd_c090915.nc
    SNICAR aging = 
 /leonardo_work/ICT25_ESP/RCMDATA/CLM45/snicardata/snicar_drdt_bst_fit_60_c070416.nc
    initial data is from RegCM atm model
    atmospheric forcing data is from RegCM atm model
 Large file support for output files is ON
 model physics parameters:
    flag for random perturbation test is not set
    CO2 volume mixing ratio   (umol/mol)   =     355.0000000000000     
    land albedos  (unitless 0-1)   =    0.8000000000000000     
    ice albedos   (unitless 0-1)   =    0.5500000000000000     
    urban air conditioning/heating and wasteheat   = ON_WASTEHEAT    
    urban traffic flux   =   F
    more vertical layers =   F
    maxpatch_pft         =            17
    allocate_all_vegpfts =   T
    perchroot (PWS based on unfrozen layers only) =   F
    perchroot (PWS based on time-integrated active layer only) =   F
 
 Lake Model Namelists:
 Hostetler eddy increase low    :     25.00000000000000     
 Hostetler eddy increase factor :     10.00000000000000     
 Albedo melting lakes (visible) :   0.1000000000000000     
 Albedo melting lakes (NIR)     :   0.1000000000000000     
 Attempting to read ldomain from input/EURR-3_DOMAIN000.nc
   domain_check set       = domain_set
   domain_check decomped  =   T
   domain_check ns        =       1000000
   domain_check ni,nj     =          1000         1000
   domain_check clmlevel  = gridcell
   domain_check nbeg,nend =             1        60957
   domain_check lonc      =    -9.477360997950548      
    25.58443359099941     
   domain_check latc      =     33.94779705280406      
    40.68618701948886     
   domain_check mask      =             1            1
   domain_check frac      =     100.0000000000000      
    100.0000000000000     
   domain_check topo      =     0.000000000000000      
    2621.892182716621     
   domain_check area      =     10.74947992534302      
    10.98240198575074     
   domain_check pftm      =             1            1
  
  Reading in urban input data from surface data file ...
  UrbanInput : input/EURR-3_CLM45_surface.nc
  Sucessfully read urban input data
 
 Attempting to read PFT physiological data .....
 Successfully read PFT physiological data
 Attempting to read surface boundary data .....
 Checked LAT/LON compliance
 Successfully read surface boundary data
 
  Surface Grid Characteristics
    total number of gridcells =        487659
    total number of landunits =       1169625
    total number of columns   =       2379439
    total number of pfts      =       9206259
  
 ---clm_ptrs_check:
    clm_ptrs_check: g index ranges - OK
    clm_ptrs_check: l index ranges - OK
    clm_ptrs_check: c index ranges - OK
    clm_ptrs_check: p index ranges - OK
    clm_ptrs_check: g mono increasing - OK
    clm_ptrs_check: l mono increasing - OK
    clm_ptrs_check: c mono increasing - OK
    clm_ptrs_check: p mono increasing - OK
    clm_ptrs_check: tree consistent - OK
  
 Attempting to initialize time invariant variables
 Attempting to read soil color, sand and clay boundary data .....
 WARNING:: ETALAKE not found on surface data set.
 All lake columns will have eta set equal to default value
 WARNING:: LAKEFETCH not found on surface data set.
 All lake columns will have fetch set equal to default value
 Successfully read fmax, soil color, sand and clay boundary data
 
 Attempting to read organic matter data .....
  organicrd : input/EURR-3_CLM45_surface.nc
 Successfully read organic matter data
 
  # zsoi #
    0.710E-02  0.279E-01  0.623E-01  0.119      0.212      0.366      0.620    
     1.04       1.73       2.86       4.74       7.83       12.9       21.3    
     21.3       35.2    
  # zisoi #
     0.00      0.175E-01  0.451E-01  0.906E-01  0.166      0.289      0.493    
    0.829       1.38       2.30       3.80       6.28       10.4       17.1    
     17.1       28.3       42.1    
  # dzsoi #
    0.175E-01  0.276E-01  0.455E-01  0.750E-01  0.124      0.204      0.336    
    0.554      0.913       1.51       2.48       4.09       6.75       11.1    
     11.1       13.9    
 dzsoi_decomp    1.000000000000000     
 Set    10 100% special land-units points to zero slope
 Attempting to read snow optical properties .....
 SnowOptics_init : 
 /leonardo_work/ICT25_ESP/RCMDATA/CLM45/snicardata/snicar_optics_5bnd_c090915.nc
 Successfully read snow optical properties
 Attempting to read snow aging parameters .....
 Successfully read snow aging properties
 Successfully initialized time invariant variables
 CLM_hist_printflds : number of master fields =           241
 Setting initial data to non-spun up values
 Attempting to initialize time invariant variables for lakes
 CLM timestep appears to differ from 1800s. 
 Adjusting minimum snow layer thickness over lakes to maintain stability.
 New minimum thickness is    2.0000000000000000E-002 .
 Successfully initialized time invariant variables for lakes
 Setting initial data to non-spun up values for lake points
 Initializing clm2 history files
 There will be a total of             2  history tapes
 History tape             1  write frequency is MONTHLY
 All fields on history tape             1  are grid averaged
 Output precision on history tape             1 =            2
 History tape             2  write frequency =             1
 All fields on history tape             2  are grid averaged
 Output precision on history tape             2 =            2
 hist tape =             1  written with dov2xy=   T
 hist tape =             2  written with dov2xy=   T
 Successfully initialized clm2 history files
 Successfully initialized the land model
 begin initial run at:  2009-10-01 00:00:00 UTC
 Attempting to read monthly vegetation data .....
 At  2009-10-01 00:00:00 UTC
 Month =            10  Day =             1
 Reading months :             9           10
 Successfully read monthly vegetation data for
 month            10
 Restrict outout to CORDEX variables
 Opening new output file output//EURR-3_ATM.2009100100.nc
 Opening new output file output//EURR-3_SRF.2009100100.nc
 Opening new output file output//EURR-3_STS.2009100100.nc
 Opening new output file output//EURR-3_RAD.2009100100.nc
Time to run newoutfiles:   0.000000 s
Time to run write_record_output_stream:  13.626441 s
 ATM variables written at  2009-10-01 00:00:00 UTC        
 Computing weights, R =      89.00187683 .......... Done.
 Reading EXT,SSA,ASY Data...
 AEROPP file open 
 /leonardo_work/ICT25_ESP/RCMDATA/MERRA2/OPPMONTH/MERRA2_OPPMONTH_wb3.200909.nc
 AEROPP file open 
 /leonardo_work/ICT25_ESP/RCMDATA/MERRA2/OPPMONTH/MERRA2_OPPMONTH_wb3.200910.nc
 AEROPP file open 
 /leonardo_work/ICT25_ESP/RCMDATA/MERRA2/OPPMONTH/MERRA2_OPPMONTH_wb6.200909.nc
 AEROPP file open 
 /leonardo_work/ICT25_ESP/RCMDATA/MERRA2/OPPMONTH/MERRA2_OPPMONTH_wb6.200910.nc
 AEROPP file open 
 /leonardo_work/ICT25_ESP/RCMDATA/MERRA2/OPPMONTH/MERRA2_OPPMONTH_wb10.200909.nc
 AEROPP file open 
 /leonardo_work/ICT25_ESP/RCMDATA/MERRA2/OPPMONTH/MERRA2_OPPMONTH_wb10.200910.nc
 AEROPP file open 
 /leonardo_work/ICT25_ESP/RCMDATA/MERRA2/OPPMONTH/MERRA2_OPPMONTH_wb13.200909.nc
 AEROPP file open 
 /leonardo_work/ICT25_ESP/RCMDATA/MERRA2/OPPMONTH/MERRA2_OPPMONTH_wb13.200910.nc
 AEROPP file open 
 /leonardo_work/ICT25_ESP/RCMDATA/MERRA2/OPPMONTH/MERRA2_OPPMONTH_wb19.200909.nc
 AEROPP file open 
 /leonardo_work/ICT25_ESP/RCMDATA/MERRA2/OPPMONTH/MERRA2_OPPMONTH_wb19.200910.nc
  # Updated VIS ext profile #
    0.196E-05  0.568E-05  0.207E-04  0.770E-04  0.396E-03  0.111E-02  0.190E-02
    0.237E-02  0.247E-02  0.268E-02  0.275E-02  0.242E-02  0.206E-02  0.190E-02
    0.178E-02  0.163E-02  0.148E-02  0.140E-02  0.137E-02  0.137E-02  0.140E-02
    0.152E-02  0.173E-02  0.199E-02  0.226E-02  0.250E-02  0.270E-02  0.289E-02
    0.311E-02  0.334E-02  0.352E-02  0.367E-02  0.375E-02  0.378E-02  0.379E-02
    0.383E-02  0.390E-02  0.401E-02  0.422E-02  0.448E-02  0.471E-02  0.503E-02
    0.545E-02  0.582E-02  0.608E-02  0.601E-02  0.580E-02  0.537E-02  0.495E-02
    0.495E-02  0.458E-02
  # Updated VIS ssa profile #
    0.916      0.917      0.931      0.953      0.974      0.980      0.974    
    0.964      0.955      0.953      0.953      0.949      0.940      0.933    
    0.927      0.920      0.913      0.908      0.903      0.899      0.898    
    0.898      0.899      0.899      0.900      0.902      0.904      0.905    
    0.907      0.908      0.909      0.911      0.913      0.915      0.917    
    0.919      0.922      0.926      0.932      0.939      0.943      0.949    
    0.955      0.960      0.963      0.964      0.964      0.964      0.964    
    0.964      0.963    
  # Updated VIS asy profile #
    0.661      0.662      0.666      0.671      0.678      0.685      0.691    
    0.698      0.706      0.725      0.742      0.748      0.744      0.739    
    0.734      0.729      0.724      0.721      0.718      0.715      0.713    
    0.714      0.714      0.715      0.715      0.716      0.718      0.720    
    0.723      0.725      0.727      0.731      0.733      0.735      0.737    
    0.740      0.742      0.746      0.752      0.759      0.764      0.770    
    0.776      0.783      0.787      0.788      0.788      0.788      0.786    
    0.786      0.786    
 Creating history file output//EURR-3.clm.regcm.h1.20091001_03600.nc
 CLM History variables written
Time to run write_record_output_stream:  13.589324 s
 ATM variables written at  2009-10-01 01:00:00 UTC        
Time to run write_record_output_stream:  29.825438 s
 SRF variables written at  2009-10-01 01:00:00 UTC        
Time to run write_record_output_stream:   3.323027 s
 RAD variables written at  2009-10-01 01:00:00 UTC        
 CLM History variables written
Time to run write_record_output_stream:  13.588403 s
 ATM variables written at  2009-10-01 02:00:00 UTC        
Time to run write_record_output_stream:  34.918355 s
 SRF variables written at  2009-10-01 02:00:00 UTC        
Time to run write_record_output_stream:   3.321116 s
 RAD variables written at  2009-10-01 02:00:00 UTC        
 CLM History variables written
Time to run write_record_output_stream:  13.575587 s
 ATM variables written at  2009-10-01 03:00:00 UTC        
Time to run write_record_output_stream:  38.494925 s
 SRF variables written at  2009-10-01 03:00:00 UTC        
Time to run write_record_output_stream:   3.324056 s
 RAD variables written at  2009-10-01 03:00:00 UTC        
 $$$  2009-10-01 03:00:00 UTC        
 $$$ max, min of ps (mb) =  1027.23  679.73
 CLM History variables written
Time to run write_record_output_stream:  13.604526 s
 ATM variables written at  2009-10-01 04:00:00 UTC        
Time to run write_record_output_stream:   0.000000 s
 SRF variables written at  2009-10-01 04:00:00 UTC        
Time to run write_record_output_stream:   3.329365 s
 RAD variables written at  2009-10-01 04:00:00 UTC        
 CLM History variables written
Time to run write_record_output_stream:  13.585496 s
 ATM variables written at  2009-10-01 05:00:00 UTC        
Time to run write_record_output_stream:  43.334975 s
 SRF variables written at  2009-10-01 05:00:00 UTC        
Time to run write_record_output_stream:   3.323838 s
 RAD variables written at  2009-10-01 05:00:00 UTC        
 CLM History variables written
Time to run write_record_output_stream:  15.170477 s
 ATM variables written at  2009-10-01 06:00:00 UTC        
Time to run write_record_output_stream:  44.724306 s
 SRF variables written at  2009-10-01 06:00:00 UTC        
Time to run write_record_output_stream:   3.324857 s
 RAD variables written at  2009-10-01 06:00:00 UTC        
 SEARCH BC data for 2009100112 , step =      480
 READY  BC from     2009100106  to 2009100112 
  Time to read in seconds RCM_run is:     1.177953    
 $$$  2009-10-01 06:00:00 UTC        
 $$$ max, min of ps (mb) =  1027.43  679.19
 CLM History variables written
Time to run write_record_output_stream:  13.625246 s
 ATM variables written at  2009-10-01 07:00:00 UTC        
Time to run write_record_output_stream:  47.124301 s
 SRF variables written at  2009-10-01 07:00:00 UTC        
Time to run write_record_output_stream:   3.343543 s
 RAD variables written at  2009-10-01 07:00:00 UTC        
 CLM History variables written
Time to run write_record_output_stream:  13.623503 s
 ATM variables written at  2009-10-01 08:00:00 UTC        
Time to run write_record_output_stream:  49.653359 s
 SRF variables written at  2009-10-01 08:00:00 UTC        
Time to run write_record_output_stream:   3.335526 s
 RAD variables written at  2009-10-01 08:00:00 UTC        
 CLM History variables written
Time to run write_record_output_stream:   0.000000 s
 ATM variables written at  2009-10-01 09:00:00 UTC        
Time to run write_record_output_stream:  46.788493 s
 SRF variables written at  2009-10-01 09:00:00 UTC        
Time to run write_record_output_stream:   3.337385 s
 RAD variables written at  2009-10-01 09:00:00 UTC        
 $$$  2009-10-01 09:00:00 UTC        
 $$$ max, min of ps (mb) =  1028.22  679.32
 CLM History variables written
Time to run write_record_output_stream:  13.607264 s
 ATM variables written at  2009-10-01 10:00:00 UTC        
Time to run write_record_output_stream:  43.940474 s
 SRF variables written at  2009-10-01 10:00:00 UTC        
Time to run write_record_output_stream:   3.333979 s
 RAD variables written at  2009-10-01 10:00:00 UTC        
 CLM History variables written
Time to run write_record_output_stream:  13.624266 s
 ATM variables written at  2009-10-01 11:00:00 UTC        
Time to run write_record_output_stream:  39.581560 s
 SRF variables written at  2009-10-01 11:00:00 UTC        
Time to run write_record_output_stream:   3.337041 s
 RAD variables written at  2009-10-01 11:00:00 UTC        
 CLM History variables written
Time to run write_record_output_stream:  13.633423 s
 ATM variables written at  2009-10-01 12:00:00 UTC        
Time to run write_record_output_stream:  35.883348 s
 SRF variables written at  2009-10-01 12:00:00 UTC        
Time to run write_record_output_stream:   3.348404 s
 RAD variables written at  2009-10-01 12:00:00 UTC        
 SEARCH BC data for 2009100118 , step =      960
 READY  BC from     2009100112  to 2009100118 
  Time to read in seconds RCM_run is:     1.276952    
 $$$  2009-10-01 12:00:00 UTC        
 $$$ max, min of ps (mb) =  1028.83  679.01
 CLM History variables written
Time to run write_record_output_stream:   0.000000 s
 ATM variables written at  2009-10-01 13:00:00 UTC        
Time to run write_record_output_stream:  33.169260 s
 SRF variables written at  2009-10-01 13:00:00 UTC        
Time to run write_record_output_stream:   3.331465 s
 RAD variables written at  2009-10-01 13:00:00 UTC        
 CLM History variables written
Time to run write_record_output_stream:  13.628044 s
 ATM variables written at  2009-10-01 14:00:00 UTC        
Time to run write_record_output_stream:  29.618125 s
 SRF variables written at  2009-10-01 14:00:00 UTC        
Time to run write_record_output_stream:   3.323299 s
 RAD variables written at  2009-10-01 14:00:00 UTC        
 CLM History variables written
Time to run write_record_output_stream:  13.636768 s
 ATM variables written at  2009-10-01 15:00:00 UTC        
Time to run write_record_output_stream:  26.223218 s
 SRF variables written at  2009-10-01 15:00:00 UTC        
Time to run write_record_output_stream:   3.314270 s
 RAD variables written at  2009-10-01 15:00:00 UTC        
 $$$  2009-10-01 15:00:00 UTC        
 $$$ max, min of ps (mb) =  1029.07  678.16
 CLM History variables written
Time to run write_record_output_stream:  13.691811 s
 ATM variables written at  2009-10-01 16:00:00 UTC        
Time to run write_record_output_stream:  23.289604 s
 SRF variables written at  2009-10-01 16:00:00 UTC        
Time to run write_record_output_stream:   3.375122 s
 RAD variables written at  2009-10-01 16:00:00 UTC        
 CLM History variables written
Time to run write_record_output_stream:   0.000000 s
 ATM variables written at  2009-10-01 17:00:00 UTC        
Time to run write_record_output_stream:  21.602632 s
 SRF variables written at  2009-10-01 17:00:00 UTC        
Time to run write_record_output_stream:   3.329265 s
 RAD variables written at  2009-10-01 17:00:00 UTC        
 CLM History variables written
Time to run write_record_output_stream:  13.672133 s
 ATM variables written at  2009-10-01 18:00:00 UTC        
Time to run write_record_output_stream:  21.904520 s
 SRF variables written at  2009-10-01 18:00:00 UTC        
Time to run write_record_output_stream:   3.327904 s
 RAD variables written at  2009-10-01 18:00:00 UTC        
 SEARCH BC data for 2009100200 , step =     1440
 READY  BC from     2009100118  to 2009100200 
  Time to read in seconds RCM_run is:     1.209809    
 $$$  2009-10-01 18:00:00 UTC        
 $$$ max, min of ps (mb) =  1028.98  677.95
 CLM History variables written
Time to run write_record_output_stream:  13.742089 s
 MPI Rank:            2  using device:            0
 Set    21 100% special land-units points to zero slope
Time to run newoutfiles:   1.685213 s
Time to run write_record_output_stream:  13.623154 s
Time to run write_record_output_stream:  13.588234 s
Time to run write_record_output_stream:  61.721098 s
Time to run write_record_output_stream:   3.323233 s
Time to run write_record_output_stream:  13.587643 s
Time to run write_record_output_stream:  61.592513 s
Time to run write_record_output_stream:   3.321211 s
Time to run write_record_output_stream:  13.574525 s
Time to run write_record_output_stream:  61.696368 s
Time to run write_record_output_stream:   3.324166 s
Time to run write_record_output_stream:  13.603988 s
Time to run write_record_output_stream:   0.000000 s
Time to run write_record_output_stream:   3.329540 s
Time to run write_record_output_stream:  13.584703 s
Time to run write_record_output_stream:  63.984208 s
Time to run write_record_output_stream:   3.324038 s
Time to run write_record_output_stream:  15.169455 s
Time to run write_record_output_stream:  63.937430 s
Time to run write_record_output_stream:   3.325053 s
  Time to read in seconds RCM_run is:     1.178233    
Time to run write_record_output_stream:  13.624929 s
Time to run write_record_output_stream:  68.313188 s
Time to run write_record_output_stream:   3.343616 s
Time to run write_record_output_stream:  13.622643 s
Time to run write_record_output_stream:  75.244858 s
Time to run write_record_output_stream:   3.335741 s
Time to run write_record_output_stream:   0.000000 s
Time to run write_record_output_stream:  80.716472 s
Time to run write_record_output_stream:   3.337581 s
Time to run write_record_output_stream:  13.606727 s
Time to run write_record_output_stream:  85.712445 s
Time to run write_record_output_stream:   3.334267 s
Time to run write_record_output_stream:  13.623244 s
Time to run write_record_output_stream:  87.742033 s
Time to run write_record_output_stream:   3.337360 s
 MPI Rank:            4  using device:            0
 Set    70 100% special land-units points to zero slope
Time to run newoutfiles:   1.651268 s
Time to run write_record_output_stream:  13.625356 s
Time to run write_record_output_stream:  13.589008 s
Time to run write_record_output_stream:   0.300456 s
Time to run write_record_output_stream:   3.322232 s
Time to run write_record_output_stream:  13.588377 s
Time to run write_record_output_stream:   0.266029 s
Time to run write_record_output_stream:   3.321151 s
Time to run write_record_output_stream:  13.574518 s
Time to run write_record_output_stream:   0.266891 s
Time to run write_record_output_stream:   3.323905 s
Time to run write_record_output_stream:  13.604021 s
Time to run write_record_output_stream:   0.000000 s
Time to run write_record_output_stream:   3.329442 s
Time to run write_record_output_stream:  13.585004 s
Time to run write_record_output_stream:   0.871349 s
Time to run write_record_output_stream:   3.323966 s
Time to run write_record_output_stream:  13.632514 s
Time to run write_record_output_stream:  88.555472 s
Time to run write_record_output_stream:   3.348366 s
  Time to read in seconds RCM_run is:     1.276652    
Time to run write_record_output_stream:   0.000000 s
Time to run write_record_output_stream:  88.125961 s
Time to run write_record_output_stream:   3.331822 s
Time to run write_record_output_stream:  13.627563 s
Time to run write_record_output_stream:  86.241676 s
Time to run write_record_output_stream:   3.323659 s
Time to run write_record_output_stream:  13.636834 s
Time to run write_record_output_stream:  84.355439 s
Time to run write_record_output_stream:   3.314475 s
Time to run write_record_output_stream:  13.691813 s
Time to run write_record_output_stream:  81.554334 s
Time to run write_record_output_stream:   3.375290 s
Time to run write_record_output_stream:   0.000000 s
Time to run write_record_output_stream:  78.830272 s
Time to run write_record_output_stream:   3.329361 s
Time to run write_record_output_stream:  15.169700 s
Time to run write_record_output_stream:   0.265867 s
Time to run write_record_output_stream:   3.324822 s
  Time to read in seconds RCM_run is:     1.178077    
Time to run write_record_output_stream:  13.624892 s
Time to run write_record_output_stream:   0.268651 s
Time to run write_record_output_stream:   3.343497 s
Time to run write_record_output_stream:  13.622971 s
Time to run write_record_output_stream:   0.267078 s
Time to run write_record_output_stream:   3.335517 s
Time to run write_record_output_stream:   0.000000 s
Time to run write_record_output_stream:   0.268855 s
Time to run write_record_output_stream:   3.337749 s
Time to run write_record_output_stream:  13.606874 s
Time to run write_record_output_stream:   0.266397 s
Time to run write_record_output_stream:   3.334215 s
Time to run write_record_output_stream:  13.623890 s
Time to run write_record_output_stream:   0.269267 s
Time to run write_record_output_stream:   3.337179 s
Time to run write_record_output_stream:  13.670903 s
Time to run write_record_output_stream:  78.596986 s
Time to run write_record_output_stream:   3.327950 s
  Time to read in seconds RCM_run is:     1.209705    
Time to run write_record_output_stream:  13.742091 s
Time to run write_record_output_stream:  79.876352 s
Time to run write_record_output_stream:   3.389284 s
Time to run write_record_output_stream:  13.644238 s
Time to run write_record_output_stream:  82.280059 s
Time to run write_record_output_stream:   3.327672 s
Time to run write_record_output_stream:  13.604784 s
Time to run write_record_output_stream:   0.000000 s
Time to run write_record_output_stream:   3.337724 s
Time to run write_record_output_stream:  13.621106 s
Time to run write_record_output_stream:  84.647971 s
Time to run write_record_output_stream:   3.318286 s
Time to run write_record_output_stream:  13.617100 s
Time to run write_record_output_stream:  85.719319 s
Time to run write_record_output_stream:   3.316321 s
Time to run write_record_output_stream:  13.633048 s
Time to run write_record_output_stream:   0.268638 s
Time to run write_record_output_stream:   3.348382 s
  Time to read in seconds RCM_run is:     1.276932    
Time to run write_record_output_stream:   0.000000 s
Time to run write_record_output_stream:   0.268762 s
Time to run write_record_output_stream:   3.331613 s
Time to run write_record_output_stream:  13.627891 s
Time to run write_record_output_stream:   0.270103 s
Time to run write_record_output_stream:   3.323490 s
Time to run write_record_output_stream:  13.641358 s
Time to run write_record_output_stream:   0.297486 s
Time to run write_record_output_stream:   3.318035 s
Time to run write_record_output_stream:  13.694513 s
Time to run write_record_output_stream:   0.272892 s
Time to run write_record_output_stream:   3.375516 s
Time to run write_record_output_stream:   0.000000 s
Time to run write_record_output_stream:   0.267070 s
Time to run write_record_output_stream:   3.329434 s
Time to run write_record_output_stream:  13.619608 s
Time to run write_record_output_stream:  13.671399 s
Time to run write_record_output_stream:   0.300364 s
Time to run write_record_output_stream:   3.331158 s
  Time to read in seconds RCM_run is:     1.210683    
Time to run write_record_output_stream:  13.745226 s
Time to run write_record_output_stream:   0.273474 s
Time to run write_record_output_stream:   3.389925 s
Time to run write_record_output_stream:  13.648324 s
Time to run write_record_output_stream:   0.275680 s
Time to run write_record_output_stream:   3.328769 s
Time to run write_record_output_stream:  13.604792 s
Time to run write_record_output_stream:   0.000000 s
Time to run write_record_output_stream:   3.337575 s
Time to run write_record_output_stream:  13.621819 s
Time to run write_record_output_stream:   0.267169 s
Time to run write_record_output_stream:   3.318249 s
Time to run write_record_output_stream:  13.616905 s
Time to run write_record_output_stream:   0.265935 s
Time to run write_record_output_stream:   3.316134 s
 MPI Rank:            3  using device:            0
 Set   120 100% special land-units points to zero slope
Time to run newoutfiles:   1.693796 s
Time to run write_record_output_stream:  13.623934 s
Time to run write_record_output_stream:  13.588891 s
Time to run write_record_output_stream:  69.167300 s
Time to run write_record_output_stream:   3.323062 s
Time to run write_record_output_stream:  13.588198 s
Time to run write_record_output_stream:  71.357347 s
Time to run write_record_output_stream:   3.320989 s
Time to run write_record_output_stream:  13.575176 s
Time to run write_record_output_stream:  73.499493 s
Time to run write_record_output_stream:   3.324038 s
Time to run write_record_output_stream:  13.604650 s
Time to run write_record_output_stream:   0.000000 s
Time to run write_record_output_stream:   3.329503 s
Time to run write_record_output_stream:  13.585007 s
Time to run write_record_output_stream:  78.327313 s
Time to run write_record_output_stream:   3.324084 s
Time to run write_record_output_stream:  13.618929 s
Time to run write_record_output_stream:  15.169919 s
Time to run write_record_output_stream:  79.777318 s
Time to run write_record_output_stream:   3.324872 s
  Time to read in seconds RCM_run is:     1.178466    
Time to run write_record_output_stream:  13.625706 s
Time to run write_record_output_stream:  85.030291 s
Time to run write_record_output_stream:   3.343447 s
Time to run write_record_output_stream:  13.623010 s
Time to run write_record_output_stream:  91.426898 s
Time to run write_record_output_stream:   3.335555 s
Time to run write_record_output_stream:   0.000000 s
Time to run write_record_output_stream:  95.033499 s
Time to run write_record_output_stream:   3.337477 s
Time to run write_record_output_stream:  13.606823 s
Time to run write_record_output_stream:  98.224767 s
Time to run write_record_output_stream:   3.334184 s
Time to run write_record_output_stream:  13.623864 s
Time to run write_record_output_stream:  98.464474 s
Time to run write_record_output_stream:   3.337128 s
 MPI Rank:            5  using device:            0
 Set    30 100% special land-units points to zero slope
Time to run newoutfiles:   1.636413 s
Time to run write_record_output_stream:  13.625439 s
Time to run write_record_output_stream:  13.589191 s
Time to run write_record_output_stream:  47.142754 s
Time to run write_record_output_stream:   3.322076 s
Time to run write_record_output_stream:  13.588352 s
Time to run write_record_output_stream:  49.225802 s
Time to run write_record_output_stream:   3.321356 s
Time to run write_record_output_stream:  13.574616 s
Time to run write_record_output_stream:  51.206124 s
Time to run write_record_output_stream:   3.324234 s
Time to run write_record_output_stream:  13.604260 s
Time to run write_record_output_stream:   0.000000 s
Time to run write_record_output_stream:   3.329618 s
Time to run write_record_output_stream:  13.585236 s
Time to run write_record_output_stream:  56.099201 s
Time to run write_record_output_stream:   3.324117 s
Time to run write_record_output_stream:  13.632877 s
Time to run write_record_output_stream:  97.697475 s
Time to run write_record_output_stream:   3.348536 s
  Time to read in seconds RCM_run is:     1.276682    
Time to run write_record_output_stream:   0.000000 s
Time to run write_record_output_stream:  95.971624 s
Time to run write_record_output_stream:   3.331654 s
Time to run write_record_output_stream:  13.628098 s
Time to run write_record_output_stream:  92.090530 s
Time to run write_record_output_stream:   3.323449 s
Time to run write_record_output_stream:  13.636762 s
Time to run write_record_output_stream:  87.779483 s
Time to run write_record_output_stream:   3.314288 s
Time to run write_record_output_stream:  13.691809 s
Time to run write_record_output_stream:  81.642674 s
Time to run write_record_output_stream:   3.375298 s
Time to run write_record_output_stream:   0.000000 s
Time to run write_record_output_stream:  75.760795 s
Time to run write_record_output_stream:   3.329330 s
Time to run write_record_output_stream:  15.169906 s
Time to run write_record_output_stream:  57.354857 s
Time to run write_record_output_stream:   3.325261 s
  Time to read in seconds RCM_run is:     1.178119    
Time to run write_record_output_stream:  13.625129 s
Time to run write_record_output_stream:  60.395211 s
Time to run write_record_output_stream:   3.343676 s
Time to run write_record_output_stream:  13.623303 s
Time to run write_record_output_stream:  58.366730 s
Time to run write_record_output_stream:   3.335742 s
Time to run write_record_output_stream:   0.000000 s
Time to run write_record_output_stream:  48.943372 s
Time to run write_record_output_stream:   3.337929 s
Time to run write_record_output_stream:  13.607023 s
Time to run write_record_output_stream:  37.855103 s
Time to run write_record_output_stream:   3.334149 s
Time to run write_record_output_stream:  13.624398 s
Time to run write_record_output_stream:  28.469222 s
Time to run write_record_output_stream:   3.337421 s
Time to run write_record_output_stream:  13.671782 s
Time to run write_record_output_stream:  72.026134 s
Time to run write_record_output_stream:   3.327767 s
  Time to read in seconds RCM_run is:     1.209673    
Time to run write_record_output_stream:  13.742092 s
Time to run write_record_output_stream:  69.547600 s
Time to run write_record_output_stream:   3.389374 s
Time to run write_record_output_stream:  13.644156 s
Time to run write_record_output_stream:  69.333121 s
Time to run write_record_output_stream:   3.327441 s
Time to run write_record_output_stream:  13.604956 s
Time to run write_record_output_stream:   0.000000 s
Time to run write_record_output_stream:   3.337630 s
Time to run write_record_output_stream:  13.621972 s
Time to run write_record_output_stream:  69.173555 s
Time to run write_record_output_stream:   3.318118 s
Time to run write_record_output_stream:  13.617286 s
Time to run write_record_output_stream:  70.408050 s
Time to run write_record_output_stream:   3.316112 s
Time to run write_record_output_stream:  13.633147 s
Time to run write_record_output_stream:  20.870287 s
Time to run write_record_output_stream:   3.348527 s
  Time to read in seconds RCM_run is:     1.276666    
Time to run write_record_output_stream:   0.000000 s
Time to run write_record_output_stream:  16.245718 s
Time to run write_record_output_stream:   3.331745 s
Time to run write_record_output_stream:  13.627680 s
Time to run write_record_output_stream:  14.272854 s
Time to run write_record_output_stream:   3.323709 s
Time to run write_record_output_stream:  13.641275 s
Time to run write_record_output_stream:  17.063900 s
Time to run write_record_output_stream:   3.318190 s
Time to run write_record_output_stream:  13.694681 s
Time to run write_record_output_stream:  27.081345 s
Time to run write_record_output_stream:   3.375672 s
Time to run write_record_output_stream:   0.000000 s
Time to run write_record_output_stream:  38.886594 s
Time to run write_record_output_stream:   3.329569 s
Time to run write_record_output_stream:  13.620855 s
Time to run write_record_output_stream:  13.671395 s
Time to run write_record_output_stream:  45.571192 s
Time to run write_record_output_stream:   3.331343 s
  Time to read in seconds RCM_run is:     1.210397    
Time to run write_record_output_stream:  13.745362 s
Time to run write_record_output_stream:  49.531753 s
Time to run write_record_output_stream:   3.390049 s
Time to run write_record_output_stream:  13.647800 s
Time to run write_record_output_stream:  53.597054 s
Time to run write_record_output_stream:   3.329050 s
Time to run write_record_output_stream:  13.604900 s
Time to run write_record_output_stream:   0.000000 s
Time to run write_record_output_stream:   3.337783 s
Time to run write_record_output_stream:  13.621913 s
Time to run write_record_output_stream:  57.466074 s
Time to run write_record_output_stream:   3.318512 s
Time to run write_record_output_stream:  13.616942 s
Time to run write_record_output_stream:  59.459270 s
Time to run write_record_output_stream:   3.316309 s
Time to run write_record_output_stream:  13.618962 s
 MPI Rank:            6  using device:            0
 Set    10 100% special land-units points to zero slope
Time to run newoutfiles:   1.610683 s
Time to run write_record_output_stream:  13.622684 s
Time to run write_record_output_stream:  13.588585 s
Time to run write_record_output_stream:  79.348812 s
Time to run write_record_output_stream:   3.321919 s
Time to run write_record_output_stream:  13.587938 s
Time to run write_record_output_stream:  82.113563 s
Time to run write_record_output_stream:   3.321215 s
Time to run write_record_output_stream:  13.574034 s
Time to run write_record_output_stream:  83.574275 s
Time to run write_record_output_stream:   3.323978 s
Time to run write_record_output_stream:  13.603705 s
Time to run write_record_output_stream:   0.000000 s
Time to run write_record_output_stream:   3.329413 s
Time to run write_record_output_stream:  13.584408 s
Time to run write_record_output_stream:  83.190622 s
Time to run write_record_output_stream:   3.323893 s
Time to run write_record_output_stream:  15.169127 s
Time to run write_record_output_stream:  81.075463 s
Time to run write_record_output_stream:   3.324957 s
  Time to read in seconds RCM_run is:     1.178235    
Time to run write_record_output_stream:  13.625277 s
Time to run write_record_output_stream:  83.187086 s
Time to run write_record_output_stream:   3.343595 s
Time to run write_record_output_stream:  13.622506 s
Time to run write_record_output_stream:  87.165085 s
Time to run write_record_output_stream:   3.335733 s
Time to run write_record_output_stream:   0.000000 s
Time to run write_record_output_stream:  88.612848 s
Time to run write_record_output_stream:   3.337688 s
Time to run write_record_output_stream:  13.606054 s
Time to run write_record_output_stream:  90.054397 s
Time to run write_record_output_stream:   3.334208 s
Time to run write_record_output_stream:  13.623632 s
Time to run write_record_output_stream:  89.047598 s
Time to run write_record_output_stream:   3.337127 s
Time to run write_record_output_stream:  13.632272 s
Time to run write_record_output_stream:  87.709764 s
Time to run write_record_output_stream:   3.348540 s
  Time to read in seconds RCM_run is:     1.276411    
Time to run write_record_output_stream:   0.000000 s
Time to run write_record_output_stream:  86.095680 s
Time to run write_record_output_stream:   3.331644 s
Time to run write_record_output_stream:  13.628183 s
Time to run write_record_output_stream:  83.082787 s
Time to run write_record_output_stream:   3.323577 s
Time to run write_record_output_stream:  13.641339 s
Time to run write_record_output_stream:  79.186471 s
Time to run write_record_output_stream:   3.318002 s
Time to run write_record_output_stream:  13.694643 s
Time to run write_record_output_stream:  73.701336 s
Time to run write_record_output_stream:   3.375459 s
Time to run write_record_output_stream:   0.000000 s
Time to run write_record_output_stream:  69.099307 s
Time to run write_record_output_stream:   3.329487 s
Time to run write_record_output_stream:  13.670821 s
Time to run write_record_output_stream:  65.346976 s
Time to run write_record_output_stream:   3.331248 s
  Time to read in seconds RCM_run is:     1.210384    
Time to run write_record_output_stream:  13.745170 s
Time to run write_record_output_stream:  62.337008 s
Time to run write_record_output_stream:   3.389961 s
Time to run write_record_output_stream:  13.647638 s
Time to run write_record_output_stream:  60.147748 s
Time to run write_record_output_stream:   3.328750 s
Time to run write_record_output_stream:  13.604390 s
Time to run write_record_output_stream:   0.000000 s
Time to run write_record_output_stream:   3.337504 s
Time to run write_record_output_stream:  13.621453 s
Time to run write_record_output_stream:  56.980025 s
Time to run write_record_output_stream:   3.318113 s
Time to run write_record_output_stream:  13.616382 s
Time to run write_record_output_stream:  55.939986 s
Time to run write_record_output_stream:   3.316103 s
Time to run write_record_output_stream:  13.619880 s
 MPI Rank:            7  using device:            0
 Set    11 100% special land-units points to zero slope
Time to run newoutfiles:   1.617481 s
Time to run write_record_output_stream:  13.623672 s
Time to run write_record_output_stream:  13.588630 s
Time to run write_record_output_stream:  33.919994 s
Time to run write_record_output_stream:   3.322061 s
Time to run write_record_output_stream:  13.588197 s
Time to run write_record_output_stream:  32.733129 s
Time to run write_record_output_stream:   3.321090 s
Time to run write_record_output_stream:  13.574397 s
Time to run write_record_output_stream:  32.376699 s
Time to run write_record_output_stream:   3.323753 s
Time to run write_record_output_stream:  13.603863 s
Time to run write_record_output_stream:   0.000000 s
Time to run write_record_output_stream:   3.329329 s
Time to run write_record_output_stream:  13.584789 s
Time to run write_record_output_stream:  31.906426 s
Time to run write_record_output_stream:   3.323967 s
Time to run write_record_output_stream:  15.169976 s
Time to run write_record_output_stream:  30.562723 s
Time to run write_record_output_stream:   3.324955 s
  Time to read in seconds RCM_run is:     1.178329    
Time to run write_record_output_stream:  13.625701 s
Time to run write_record_output_stream:  33.702512 s
Time to run write_record_output_stream:   3.343524 s
Time to run write_record_output_stream:  13.623076 s
Time to run write_record_output_stream:  39.507153 s
Time to run write_record_output_stream:   3.335497 s
Time to run write_record_output_stream:   0.000000 s
Time to run write_record_output_stream:  44.323943 s
Time to run write_record_output_stream:   3.337687 s
Time to run write_record_output_stream:  13.607241 s
Time to run write_record_output_stream:  48.575347 s
Time to run write_record_output_stream:   3.334082 s
Time to run write_record_output_stream:  13.623765 s
Time to run write_record_output_stream:  47.635215 s
Time to run write_record_output_stream:   3.336989 s
Time to run write_record_output_stream:  13.632905 s
Time to run write_record_output_stream:  44.586843 s
Time to run write_record_output_stream:   3.348267 s
  Time to read in seconds RCM_run is:     1.276548    
Time to run write_record_output_stream:   0.000000 s
Time to run write_record_output_stream:  42.672346 s
Time to run write_record_output_stream:   3.331527 s
Time to run write_record_output_stream:  13.628104 s
Time to run write_record_output_stream:  39.217627 s
Time to run write_record_output_stream:   3.323379 s
Time to run write_record_output_stream:  13.642466 s
Time to run write_record_output_stream:  35.710712 s
Time to run write_record_output_stream:   3.317946 s
Time to run write_record_output_stream:  13.694925 s
Time to run write_record_output_stream:  31.819911 s
Time to run write_record_output_stream:   3.375427 s
Time to run write_record_output_stream:   0.000000 s
Time to run write_record_output_stream:  27.477950 s
Time to run write_record_output_stream:   3.329290 s
Time to run write_record_output_stream:  13.671657 s
Time to run write_record_output_stream:  24.476158 s
Time to run write_record_output_stream:   3.331216 s
  Time to read in seconds RCM_run is:     1.210652    
Time to run write_record_output_stream:  13.745646 s
Time to run write_record_output_stream:  23.460793 s
Time to run write_record_output_stream:   3.389818 s
Time to run write_record_output_stream:  13.648639 s
Time to run write_record_output_stream:  24.676695 s
Time to run write_record_output_stream:   3.328753 s
Time to run write_record_output_stream:  13.605045 s
Time to run write_record_output_stream:   0.000000 s
Time to run write_record_output_stream:   3.337453 s
Time to run write_record_output_stream:  13.621927 s
Time to run write_record_output_stream:  23.770967 s
Time to run write_record_output_stream:   3.318305 s
Time to run write_record_output_stream:  13.617263 s
Time to run write_record_output_stream:  22.977682 s
Time to run write_record_output_stream:   3.315951 s
Time to run write_record_output_stream:  13.620923 s
 MPI Rank:            1  using device:            0
Time to run newoutfiles:   1.694410 s
Time to run write_record_output_stream:  13.623297 s
Time to run write_record_output_stream:  13.588553 s
Time to run write_record_output_stream:  48.516194 s
Time to run write_record_output_stream:   3.323471 s
Time to run write_record_output_stream:  13.587992 s
Time to run write_record_output_stream:  52.385288 s
Time to run write_record_output_stream:   3.321312 s
Time to run write_record_output_stream:  13.574866 s
Time to run write_record_output_stream:  54.736702 s
Time to run write_record_output_stream:   3.324363 s
Time to run write_record_output_stream:  13.603978 s
Time to run write_record_output_stream:   0.000000 s
Time to run write_record_output_stream:   3.329740 s
Time to run write_record_output_stream:  13.584593 s
Time to run write_record_output_stream:  57.299594 s
Time to run write_record_output_stream:   3.324317 s
Time to run write_record_output_stream:  15.169360 s
Time to run write_record_output_stream:  56.997206 s
Time to run write_record_output_stream:   3.325161 s
  Time to read in seconds RCM_run is:     1.178003    
Time to run write_record_output_stream:  13.625008 s
Time to run write_record_output_stream:  60.889567 s
Time to run write_record_output_stream:   3.343693 s
Time to run write_record_output_stream:  13.622924 s
Time to run write_record_output_stream:  65.093314 s
Time to run write_record_output_stream:   3.335792 s
Time to run write_record_output_stream:   0.000000 s
Time to run write_record_output_stream:  63.187009 s
Time to run write_record_output_stream:   3.337840 s
Time to run write_record_output_stream:  13.606498 s
Time to run write_record_output_stream:  61.158914 s
Time to run write_record_output_stream:   3.334381 s
Time to run write_record_output_stream:  13.623189 s
Time to run write_record_output_stream:  57.906633 s
Time to run write_record_output_stream:   3.337391 s
Time to run write_record_output_stream:  13.632693 s
Time to run write_record_output_stream:  53.015683 s
Time to run write_record_output_stream:   3.348633 s
  Time to read in seconds RCM_run is:     1.276680    
Time to run write_record_output_stream:   0.000000 s
Time to run write_record_output_stream:  48.005856 s
Time to run write_record_output_stream:   3.331906 s
Time to run write_record_output_stream:  13.627794 s
Time to run write_record_output_stream:  44.063336 s
Time to run write_record_output_stream:   3.323758 s
Time to run write_record_output_stream:  13.636856 s
Time to run write_record_output_stream:  42.345695 s
Time to run write_record_output_stream:   3.314553 s
Time to run write_record_output_stream:  13.691816 s
Time to run write_record_output_stream:  41.183173 s
Time to run write_record_output_stream:   3.375575 s
Time to run write_record_output_stream:   0.000000 s
Time to run write_record_output_stream:  41.440796 s
Time to run write_record_output_stream:   3.329574 s
Time to run write_record_output_stream:  13.671867 s
Time to run write_record_output_stream:  45.712263 s
Time to run write_record_output_stream:   3.328092 s
  Time to read in seconds RCM_run is:     1.209697    
Time to run write_record_output_stream:  13.742214 s
Time to run write_record_output_stream:  47.748691 s
Time to run write_record_output_stream:   3.389459 s
Time to run write_record_output_stream:  13.644242 s
Time to run write_record_output_stream:  49.360441 s
Time to run write_record_output_stream:   3.327714 s
Time to run write_record_output_stream:  13.604740 s
Time to run write_record_output_stream:   0.000000 s
Time to run write_record_output_stream:   3.337779 s
Time to run write_record_output_stream:  13.621544 s
Time to run write_record_output_stream:  48.387768 s
Time to run write_record_output_stream:   3.318423 s
Time to run write_record_output_stream:  13.616943 s
Time to run write_record_output_stream:  47.986856 s
Time to run write_record_output_stream:   3.316356 s
Time to run write_record_output_stream:  13.619473 s
Time to run write_record_output_stream:  48.788070 s
Time to run write_record_output_stream:  56.295047 s
Time to run write_record_output_stream:   0.119887 s
Time to run write_record_output_stream:   3.756595 s
Time to run dispose_output_streams subroutine:   6.829866 s
Time to run write_record_output_stream:  23.266489 s
Time to run write_record_output_stream:   0.119606 s
Time to run write_record_output_stream:   3.756582 s
Time to run dispose_output_streams subroutine:   6.830118 s
Time to run write_record_output_stream:  61.857701 s
Time to run write_record_output_stream:   0.120020 s
Time to run write_record_output_stream:   3.756787 s
Time to run dispose_output_streams subroutine:   6.830835 s
Time to run write_record_output_stream:   0.274482 s
Time to run write_record_output_stream:   0.119992 s
Time to run write_record_output_stream:   3.756665 s
Time to run dispose_output_streams subroutine:   6.830958 s
 ATM variables written at  2009-10-01 19:00:00 UTC        
Time to run write_record_output_stream:  25.389311 s
 SRF variables written at  2009-10-01 19:00:00 UTC        
Time to run write_record_output_stream:   3.389310 s
 RAD variables written at  2009-10-01 19:00:00 UTC        
 CLM History variables written
Time to run write_record_output_stream:  13.644161 s
 ATM variables written at  2009-10-01 20:00:00 UTC        
Time to run write_record_output_stream:  28.874938 s
 SRF variables written at  2009-10-01 20:00:00 UTC        
Time to run write_record_output_stream:   3.327784 s
 RAD variables written at  2009-10-01 20:00:00 UTC        
 CLM History variables written
Time to run write_record_output_stream:  13.605422 s
 ATM variables written at  2009-10-01 21:00:00 UTC        
Time to run write_record_output_stream:   0.000000 s
 SRF variables written at  2009-10-01 21:00:00 UTC        
Time to run write_record_output_stream:   3.337541 s
 RAD variables written at  2009-10-01 21:00:00 UTC        
 $$$  2009-10-01 21:00:00 UTC        
 $$$ max, min of ps (mb) =  1028.74  677.65
 CLM History variables written
Time to run write_record_output_stream:  13.622742 s
 ATM variables written at  2009-10-01 22:00:00 UTC        
Time to run write_record_output_stream:  32.406343 s
 SRF variables written at  2009-10-01 22:00:00 UTC        
Time to run write_record_output_stream:   3.318103 s
 RAD variables written at  2009-10-01 22:00:00 UTC        
 CLM History variables written
Time to run write_record_output_stream:  13.617491 s
 ATM variables written at  2009-10-01 23:00:00 UTC        
Time to run write_record_output_stream:  33.949498 s
 SRF variables written at  2009-10-01 23:00:00 UTC        
Time to run write_record_output_stream:   3.316105 s
 RAD variables written at  2009-10-01 23:00:00 UTC        
 Write restart file for CLM at  2009-10-02 00:00:00 UTC        
 CLM History variables written
 history tape             1 : no open file to close
 Closing local history file output//EURR-3.clm.regcm.h1.20091001_03600.nc
 Writing restart dataset on output/EURR-3.clm.regcm.r.2009100200.nc
 Writing restart dataset on output//EURR-3.clm.regcm.rh0.2009100200.nc
 Writing restart dataset on output//EURR-3.clm.regcm.rh1.2009100200.nc
 Successfully wrote out restart data for CLM 4.5
 At  2009-10-02 00:00:00 UTC        
 JDay    274.00000 solar declination angle =  -3.09798020 degrees
                   solar TSI irradiance    =    1355.8045 W/m^2
Time to run write_record_output_stream:  13.619631 s
 ATM variables written at  2009-10-02 00:00:00 UTC        
Time to run write_record_output_stream:  37.371615 s
 SRF variables written at  2009-10-02 00:00:00 UTC        
Time to run write_record_output_stream:   0.119044 s
 STS variables written at  2009-10-02 00:00:00 UTC        
Time to run write_record_output_stream:   3.756474 s
 RAD variables written at  2009-10-02 00:00:00 UTC        
 SAV variables written at  2009-10-02 00:00:00 UTC        
 Final time  2009-10-02 00:00:00 UTC reached.
Time to run dispose_output_streams subroutine:   6.822554 s
 Elapsed seconds of run for this final timeslice :     1841.908    
 : this run stops at  : 2025-08-30 05:39:59+0200
 : Run has been completed using             8  processors.
 : Total elapsed seconds of run :     1843.126888036728     
 RegCM V5 simulation successfully reached end
Time to run write_record_output_stream:  87.000276 s
Time to run write_record_output_stream:   0.119066 s
Time to run write_record_output_stream:   3.756602 s
Time to run dispose_output_streams subroutine:   6.826757 s
Time to run write_record_output_stream:   0.118993 s
Time to run write_record_output_stream:   3.756415 s
Time to run dispose_output_streams subroutine:   6.826803 s
Time to run write_record_output_stream:  73.197073 s
Time to run write_record_output_stream:   0.110989 s
Time to run write_record_output_stream:   3.756613 s
Time to run dispose_output_streams subroutine:   6.826972 s
