[Wrapper][Rank 00][Local 00] on as01r5b04: CUDA_VISIBLE_DEVICES=0 ACC_DEVICE_NUM=0
[Wrapper][Rank 24][Local 00] on as02r4b27: CUDA_VISIBLE_DEVICES=0 ACC_DEVICE_NUM=0
[Wrapper][Rank 20][Local 00] on as02r4b26: CUDA_VISIBLE_DEVICES=0 ACC_DEVICE_NUM=0
[Wrapper][Rank 16][Local 00] on as02r4b12: CUDA_VISIBLE_DEVICES=0 ACC_DEVICE_NUM=0
[Wrapper][Rank 12][Local 00] on as02r4b08: CUDA_VISIBLE_DEVICES=0 ACC_DEVICE_NUM=0
[Wrapper][Rank 28][Local 00] on as02r4b28: CUDA_VISIBLE_DEVICES=0 ACC_DEVICE_NUM=0
[Wrapper][Rank 08][Local 00] on as01r5b09: CUDA_VISIBLE_DEVICES=0 ACC_DEVICE_NUM=0
[Wrapper][Rank 04][Local 00] on as01r5b07: CUDA_VISIBLE_DEVICES=0 ACC_DEVICE_NUM=0
[Wrapper][Rank 01][Local 01] on as01r5b04: CUDA_VISIBLE_DEVICES=1 ACC_DEVICE_NUM=0
[Wrapper][Rank 21][Local 01] on as02r4b26: CUDA_VISIBLE_DEVICES=1 ACC_DEVICE_NUM=0
[Wrapper][Rank 25][Local 01] on as02r4b27: CUDA_VISIBLE_DEVICES=1 ACC_DEVICE_NUM=0
[Wrapper][Rank 17][Local 01] on as02r4b12: CUDA_VISIBLE_DEVICES=1 ACC_DEVICE_NUM=0
[Wrapper][Rank 13][Local 01] on as02r4b08: CUDA_VISIBLE_DEVICES=1 ACC_DEVICE_NUM=0
[Wrapper][Rank 05][Local 01] on as01r5b07: CUDA_VISIBLE_DEVICES=1 ACC_DEVICE_NUM=0
[Wrapper][Rank 29][Local 01] on as02r4b28: CUDA_VISIBLE_DEVICES=1 ACC_DEVICE_NUM=0
[Wrapper][Rank 09][Local 01] on as01r5b09: CUDA_VISIBLE_DEVICES=1 ACC_DEVICE_NUM=0
[Wrapper][Rank 02][Local 02] on as01r5b04: CUDA_VISIBLE_DEVICES=2 ACC_DEVICE_NUM=0
[Wrapper][Rank 22][Local 02] on as02r4b26: CUDA_VISIBLE_DEVICES=2 ACC_DEVICE_NUM=0
[Wrapper][Rank 14][Local 02] on as02r4b08: CUDA_VISIBLE_DEVICES=2 ACC_DEVICE_NUM=0
[Wrapper][Rank 18][Local 02] on as02r4b12: CUDA_VISIBLE_DEVICES=2 ACC_DEVICE_NUM=0
[Wrapper][Rank 26][Local 02] on as02r4b27: CUDA_VISIBLE_DEVICES=2 ACC_DEVICE_NUM=0
[Wrapper][Rank 30][Local 02] on as02r4b28: CUDA_VISIBLE_DEVICES=2 ACC_DEVICE_NUM=0
[Wrapper][Rank 06][Local 02] on as01r5b07: CUDA_VISIBLE_DEVICES=2 ACC_DEVICE_NUM=0
[Wrapper][Rank 03][Local 03] on as01r5b04: CUDA_VISIBLE_DEVICES=3 ACC_DEVICE_NUM=0
[Wrapper][Rank 15][Local 03] on as02r4b08: CUDA_VISIBLE_DEVICES=3 ACC_DEVICE_NUM=0
[Wrapper][Rank 10][Local 02] on as01r5b09: CUDA_VISIBLE_DEVICES=2 ACC_DEVICE_NUM=0
[Wrapper][Rank 23][Local 03] on as02r4b26: CUDA_VISIBLE_DEVICES=3 ACC_DEVICE_NUM=0
[Wrapper][Rank 27][Local 03] on as02r4b27: CUDA_VISIBLE_DEVICES=3 ACC_DEVICE_NUM=0
[Wrapper][Rank 07][Local 03] on as01r5b07: CUDA_VISIBLE_DEVICES=3 ACC_DEVICE_NUM=0
[Wrapper][Rank 19][Local 03] on as02r4b12: CUDA_VISIBLE_DEVICES=3 ACC_DEVICE_NUM=0
[Wrapper][Rank 31][Local 03] on as02r4b28: CUDA_VISIBLE_DEVICES=3 ACC_DEVICE_NUM=0
[Wrapper][Rank 11][Local 03] on as01r5b09: CUDA_VISIBLE_DEVICES=3 ACC_DEVICE_NUM=0

  This is RegCM development version
   GIT Revision: 5.0.0-1335-g4079-dirty compiled at: data : Feb  8 2026  time: 15:23:33

 MPI rank             2  local_rank             2  sees             1 
  devices; the OpenACC dev =             0
 MPI rank             0  local_rank             0  sees             1 
  devices; the OpenACC dev =             0
 MPI rank             1  local_rank             1  sees             1 
  devices; the OpenACC dev =             0
 MPI rank             3  local_rank             3  sees             1 
  devices; the OpenACC dev =             0
 MPI rank            11  local_rank             3  sees             1 
  devices; the OpenACC dev =             0
 MPI rank             8  local_rank             0  sees             1 
  devices; the OpenACC dev =             0
 MPI rank             9  local_rank             1  sees             1 
  devices; the OpenACC dev =             0
 MPI rank            10  local_rank             2  sees             1 
  devices; the OpenACC dev =             0
 MPI rank            28  local_rank             0  sees             1 
  devices; the OpenACC dev =             0
 MPI rank            30  local_rank             2  sees             1 
  devices; the OpenACC dev =             0
 MPI rank            29  local_rank             1  sees             1 
  devices; the OpenACC dev =             0
 MPI rank            31  local_rank             3  sees             1 
  devices; the OpenACC dev =             0
 MPI rank            23  local_rank             3  sees             1 
  devices; the OpenACC dev =             0
 MPI rank             7  local_rank             3  sees             1 
  devices; the OpenACC dev =             0
 MPI rank             4  local_rank             0  sees             1 
  devices; the OpenACC dev =             0
 MPI rank            22  local_rank             2  sees             1 
  devices; the OpenACC dev =             0
 MPI rank            21  local_rank             1  sees             1 
  devices; the OpenACC dev =             0
 MPI rank            20  local_rank             0  sees             1 
  devices; the OpenACC dev =             0
 MPI rank             6  local_rank             2  sees             1 
  devices; the OpenACC dev =             0
 MPI rank             5  local_rank             1  sees             1 
  devices; the OpenACC dev =             0
 MPI rank            16  local_rank             0  sees             1 
  devices; the OpenACC dev =             0
 MPI rank            19  local_rank             3  sees             1 
  devices; the OpenACC dev =             0
 MPI rank            17  local_rank             1  sees             1 
  devices; the OpenACC dev =             0
 MPI rank            18  local_rank             2  sees             1 
  devices; the OpenACC dev =             0
 MPI rank            27  local_rank             3  sees             1 
  devices; the OpenACC dev =             0
 MPI rank            26  local_rank             2  sees             1 
  devices; the OpenACC dev =             0
 MPI rank            24  local_rank             0  sees             1 
  devices; the OpenACC dev =             0
 MPI rank            25  local_rank             1  sees             1 
  devices; the OpenACC dev =             0
 MPI rank            14  local_rank             2  sees             1 
  devices; the OpenACC dev =             0
 MPI rank            13  local_rank             1  sees             1 
  devices; the OpenACC dev =             0
 MPI rank            12  local_rank             0  sees             1 
  devices; the OpenACC dev =             0
 MPI rank            15  local_rank             3  sees             1 
  devices; the OpenACC dev =             0
 MPI rank             8  local_rank             0  CUDA_VISIBLE_DEVICES= 0
  ndev             1 OpenACC dev=            0
 MPI rank            10  local_rank             2  CUDA_VISIBLE_DEVICES= 2
  ndev             1 OpenACC dev=            0
 MPI rank             9  local_rank             1  CUDA_VISIBLE_DEVICES= 1
  ndev             1 OpenACC dev=            0
 MPI rank            11  local_rank             3  CUDA_VISIBLE_DEVICES= 3
  ndev             1 OpenACC dev=            0
 MPI rank             2  local_rank             2  CUDA_VISIBLE_DEVICES= 2
  ndev             1 OpenACC dev=            0
 MPI rank             3  local_rank             3  CUDA_VISIBLE_DEVICES= 3
  ndev             1 OpenACC dev=            0
 MPI rank             1  local_rank             1  CUDA_VISIBLE_DEVICES= 1
  ndev             1 OpenACC dev=            0
 MPI rank             0  local_rank             0  CUDA_VISIBLE_DEVICES= 0
  ndev             1 OpenACC dev=            0
 : this run start at  : 2026-02-10 17:39:24+0100
 : it is submitted by : 
 : it is running on   : as01r5b04
 : it is using        :            32   processors
 : in directory       : 
 /gpfs/home/ictp/ictp549985/RegCM/1003_1003_50_3day_with_IO_profiling/sequential_output/Non_MPS_stdpar/Prod_32gpu_32proc_less_freq
                       
 MPI rank            23  local_rank             3  CUDA_VISIBLE_DEVICES= 3
  ndev             1 OpenACC dev=            0
 MPI rank            22  local_rank             2  CUDA_VISIBLE_DEVICES= 2
  ndev             1 OpenACC dev=            0
 MPI rank            20  local_rank             0  CUDA_VISIBLE_DEVICES= 0
  ndev             1 OpenACC dev=            0
 MPI rank            21  local_rank             1  CUDA_VISIBLE_DEVICES= 1
  ndev             1 OpenACC dev=            0
 MPI rank            28  local_rank             0  CUDA_VISIBLE_DEVICES= 0
  ndev             1 OpenACC dev=            0
 MPI rank            30  local_rank             2  CUDA_VISIBLE_DEVICES= 2
  ndev             1 OpenACC dev=            0
 MPI rank            31  local_rank             3  CUDA_VISIBLE_DEVICES= 3
  ndev             1 OpenACC dev=            0
 MPI rank            29  local_rank             1  CUDA_VISIBLE_DEVICES= 1
  ndev             1 OpenACC dev=            0
 MPI rank             5  local_rank             1  CUDA_VISIBLE_DEVICES= 1
  ndev             1 OpenACC dev=            0
 MPI rank             7  local_rank             3  CUDA_VISIBLE_DEVICES= 3
  ndev             1 OpenACC dev=            0
 MPI rank             6  local_rank             2  CUDA_VISIBLE_DEVICES= 2
  ndev             1 OpenACC dev=            0
 MPI rank             4  local_rank             0  CUDA_VISIBLE_DEVICES= 0
  ndev             1 OpenACC dev=            0
 MPI rank            19  local_rank             3  CUDA_VISIBLE_DEVICES= 3
  ndev             1 OpenACC dev=            0
 MPI rank            16  local_rank             0  CUDA_VISIBLE_DEVICES= 0
  ndev             1 OpenACC dev=            0
 MPI rank            17  local_rank             1  CUDA_VISIBLE_DEVICES= 1
  ndev             1 OpenACC dev=            0
 MPI rank            18  local_rank             2  CUDA_VISIBLE_DEVICES= 2
  ndev             1 OpenACC dev=            0
 MPI rank            26  local_rank             2  CUDA_VISIBLE_DEVICES= 2
  ndev             1 OpenACC dev=            0
 MPI rank            24  local_rank             0  CUDA_VISIBLE_DEVICES= 0
  ndev             1 OpenACC dev=            0
 MPI rank            27  local_rank             3  CUDA_VISIBLE_DEVICES= 3
  ndev             1 OpenACC dev=            0
 MPI rank            25  local_rank             1  CUDA_VISIBLE_DEVICES= 1
  ndev             1 OpenACC dev=            0
 MPI rank            12  local_rank             0  CUDA_VISIBLE_DEVICES= 0
  ndev             1 OpenACC dev=            0
 MPI rank            13  local_rank             1  CUDA_VISIBLE_DEVICES= 1
  ndev             1 OpenACC dev=            0
 MPI rank            14  local_rank             2  CUDA_VISIBLE_DEVICES= 2
  ndev             1 OpenACC dev=            0
 MPI rank            15  local_rank             3  CUDA_VISIBLE_DEVICES= 3
  ndev             1 OpenACC dev=            0
 CPUS DIM1 =             8
 CPUS DIM2 =             4
 
 Reading model namelist file
 Using default non-hydrostatc parameters.
 Using default microphysical parameter.
 Using default Holtslag parameter.
 Initial date of the global simulation:  2009-09-01 00:00:00 UTC        
 Initial date of this run             :  2009-09-01 00:00:00 UTC        
 Final date of this run               :  2009-09-04 00:00:00 UTC        
 Total simulation length              :            72  hours
 Timestep in seconds =   45.000000
 Reading Domain file : input/EURR-3_DOMAIN000.nc
 Advection timestep =    15.000 (factor  3)
 Max. Courant number for horizontal advection =    0.9538
 Sound waves timestep =     3.000 (factor  5)
 Courant number of horizontal sound waves =    0.4512
 Setting IPCC scenario to SSP585  
 Load GHG for 200909 SSP585
 Model will output required CORDEX variables.
 Create SAV files :   T
 Create ATM files :   T
 Create RAD files :   T
 Create SRF files :   T
 Create STS files :   T
 Create SHF files :   F
 Create OPT files :   F
 Frequency in days for new files:    1.0
 Monthly SAV files are written
 Frequency in hours to create ATM :    1.0
 Frequency in hours to create RAD :    1.0
 Frequency in hours to create SRF :    1.0
 Physical Parameterizations
  Lateral Boundary conditions :  5
  Semi-Lagrangian Advection   :  0
  Land cumulus conv. scheme   :  0
  Ocean cumulus conv. scheme  :  0
  Moisture schem              :  2
  Ocean Flux scheme           :  2
  Zeng roughness formula      :  1
  Zeng roughness method       :  1
  Coupling with ocean         :  0
  Coupling with wave          :  0
  Coupling with COP           :  0
  Pressure gradient force     :  0
  Prescribed LW emissivity    :  0
  Lake model in BATS          :  0
  Simulate diurnal sst cycle  :  0
  Simulate sea ice cover      :  1
  Enable chem/aerosol model   :  0
  Large scale LWP as convect. :  1
  Cloud fraction scheme       :  0
  Marine stratocumulus        :  0
  Climate O3 dataset          :  1
  Climate Aerosol dataset     :  2
 Boundary Pameterizations
  Num. of bndy points cross  :  31
  Num. of bndy points dot    :  31
  Nudge value high range     :  6.000000
  Nudge value medium range   :  4.000000
  Nudge value low range      :  2.000000
  Nm paramter                : -1.000000
  Dm paramter                : -1.000000
 Model Timestep Pameterizations
  time step for dynamical model in seconds :          45.000000
  time step for surface   model in seconds :         450.000000
  time step for cumulus   model in seconds :         225.000000
  time step for radiation model in seconds :        1350.000000
  time step for emission  model in seconds :       48600.000000
 Nudging coefficients F1=    0.033333, F2=    0.000000
  # Nudging coefficient profile #
     5.95       5.86       5.76       5.67       5.57       5.48       5.38    
     5.28       5.19       5.09       5.00       4.90       4.81       4.71    
     4.62       4.52       4.43       4.33       4.24       4.14       4.05    
     3.97       3.90       3.83       3.76       3.69       3.62       3.55    
     3.48       3.41       3.34       3.27       3.20       3.14       3.07    
     3.00       2.93       2.86       2.79       2.72       2.65       2.58    
     2.52       2.45       2.38       2.31       2.24       2.17       2.10    
     2.10       2.03    
 Model top at     30000.00000000000       m
 Domain grid parameters:
  Map Projection        : ROTLLR
  Dot Grid Full Extent  : 1003x1003x 50
  Model Grid Spacing    :    3.335968 km
  Proj Center Latitude  :   50.000000 deg
  Proj Center longitude :    6.600000 deg
  Pole Latitude         :   40.000000 deg
  Pole longitude        :  186.600000 deg
 Holtslag PBL Scheme
  ricr_ocn     =    0.250000
  ricr_lnd     =    0.250000
  zhnew_fac    =    0.250000
  ifaholt      =  0
  ifaholtth10  =  2
  holtth10iter =    1
 Cloud fraction schemes parameters
  # of bottom no cloud model levels :  0
  Maximum relative humidity         :    1.010000
  Minimum relative humidity         :    0.010000
  RH0 temperature threshold         :  238.000000
  Relative humidity thresholds: Land =    0.800000 Ocean =    0.900000
  Maximum total cloud cover for rad :    0.750000
  Conv. CF UMF factor deep cumulus  :    0.140000
  Conv. CF UMF factor deep cumulus  :    0.140000
  Conv. CF UMF factor k2            :  500.000000
  Surface radiation hack            :           F
  Vavrus-Waliser Arctic cloud fix   :           T
 Convective Cloud Cover parameters after resolution scaling
  Maximum Convective Cloud Cover :    0.750000
  Convective Cloud Water         :    0.000300
 The surface energy budget is used to calculate the ground temperature.
 The radiation is computed every   23. minutes.
 Relaxation boundary conditions (exponential method)
 READY IC DATA for  2009-09-01 00:00:00 UTC        
 SEARCH BC data for 2009090106 , step =        0
 READY  BC from     2009090100  to 2009090106 
 Computing weights, R =     348.80780029 .......... Done.
 Reading Initial Ozone Data...
  # Updated ozone profile #
    0.790E-05  0.718E-05  0.581E-05  0.414E-05  0.273E-05  0.165E-05  0.872E-06
    0.417E-06  0.231E-06  0.153E-06  0.119E-06  0.100E-06  0.892E-07  0.817E-07
    0.796E-07  0.785E-07  0.777E-07  0.769E-07  0.758E-07  0.744E-07  0.727E-07
    0.706E-07  0.681E-07  0.657E-07  0.634E-07  0.612E-07  0.593E-07  0.576E-07
    0.564E-07  0.555E-07  0.548E-07  0.541E-07  0.535E-07  0.528E-07  0.522E-07
    0.518E-07  0.517E-07  0.517E-07  0.517E-07  0.517E-07  0.517E-07  0.512E-07
    0.508E-07  0.504E-07  0.501E-07  0.497E-07  0.494E-07  0.491E-07  0.490E-07
    0.490E-07  0.490E-07  0.490E-07
 Read solar forcing total irradiance data...
 Updating orbit parameters at  2009-09-01 00:00:00 UTC        
 At  2009-09-01 00:00:00 UTC        
 JDay    243.00000 solar declination angle =   8.71388392 degrees
                   solar TSI irradiance    =    1355.7983 W/m^2
 CLM version: 4.5 - RegCM 5.0.0-1335-g4079-dirty
 Attempting to initialize the land model .....
 Mask given by RegCM model has a total of        487659  land points
 Attempting to initialize run control settings .....
 Read in clm_inparm namelist from: EURR-3_namelist.in
 Read in clm_hydrology1_inparm namelist
 Read in clm_soilhydrology_inparm namelist
 Successfully initialized run control settings
 
 define run:
    source                = Community Land Model CLM4.5
    model_version         = 5.0.0-1335-g4079-dirty
    run type              = initial
    case title            = RegCM driven CLM4.5
    username              = 
    hostname              = as01r5b04
 input data files:
    PFT physiology = 
 /home/ictp/ictp992004/project/EURR3/RCMDATA/CLM45/pftdata/pft-physiology.c130503.nc
    surface data   = input/EURR-3_CLM45_surface.nc
    land frac data = input/EURR-3_DOMAIN000.nc
    enable_megan_emission                                 :   F
    enable_urban_landunit                                 :   T
    enable_more_crop_pft                                  :   F
    SNICAR optical = 
 /home/ictp/ictp992004/project/EURR3/RCMDATA/CLM45/snicardata/snicar_optics_5bnd_c090915.nc
    SNICAR aging = 
 /home/ictp/ictp992004/project/EURR3/RCMDATA/CLM45/snicardata/snicar_drdt_bst_fit_60_c070416.nc
    initial data is from RegCM atm model
    atmospheric forcing data is from RegCM atm model
 Large file support for output files is ON
 model physics parameters:
    flag for random perturbation test is not set
    CO2 volume mixing ratio   (umol/mol)   =     355.0000000000000     
    land albedos  (unitless 0-1)   =    0.8000000000000000     
    ice albedos   (unitless 0-1)   =    0.5500000000000000     
    urban air conditioning/heating and wasteheat   = ON_WASTEHEAT    
    urban traffic flux   =   F
    more vertical layers =   F
    maxpatch_pft         =            17
    allocate_all_vegpfts =   T
    perchroot (PWS based on unfrozen layers only) =   F
    perchroot (PWS based on time-integrated active layer only) =   F
 
 Lake Model Namelists:
 Hostetler eddy increase low    :     25.00000000000000     
 Hostetler eddy increase factor :     10.00000000000000     
 Albedo melting lakes (visible) :   0.1000000000000000     
 Albedo melting lakes (NIR)     :   0.1000000000000000     
 Attempting to read ldomain from input/EURR-3_DOMAIN000.nc
   domain_check set       = domain_set
   domain_check decomped  =   T
   domain_check ns        =       1000000
   domain_check ni,nj     =          1000         1000
   domain_check clmlevel  = gridcell
   domain_check nbeg,nend =             1        15239
   domain_check lonc      =    -6.952402887032403      
    11.11733380539798     
   domain_check latc      =     33.94779705280406      
    35.93000000000000     
   domain_check mask      =             1            1
   domain_check frac      =     100.0000000000000      
    100.0000000000000     
   domain_check topo      =     0.000000000000000      
    1849.270369674424     
   domain_check area      =     10.74947992534302      
    10.79622895484203     
   domain_check pftm      =             1            1
  
  Reading in urban input data from surface data file ...
  UrbanInput : input/EURR-3_CLM45_surface.nc
  Sucessfully read urban input data
 
 Attempting to read PFT physiological data .....
 Successfully read PFT physiological data
 Attempting to read surface boundary data .....
 Checked LAT/LON compliance
 Successfully read surface boundary data
 
  Surface Grid Characteristics
    total number of gridcells =        487659
    total number of landunits =       1169625
    total number of columns   =       2379439
    total number of pfts      =       9206259
  
 ---clm_ptrs_check:
    clm_ptrs_check: g index ranges - OK
    clm_ptrs_check: l index ranges - OK
    clm_ptrs_check: c index ranges - OK
    clm_ptrs_check: p index ranges - OK
    clm_ptrs_check: g mono increasing - OK
    clm_ptrs_check: l mono increasing - OK
    clm_ptrs_check: c mono increasing - OK
    clm_ptrs_check: p mono increasing - OK
    clm_ptrs_check: tree consistent - OK
  
 Attempting to initialize time invariant variables
 Attempting to read soil color, sand and clay boundary data .....
 WARNING:: ETALAKE not found on surface data set.
 All lake columns will have eta set equal to default value
 WARNING:: LAKEFETCH not found on surface data set.
 All lake columns will have fetch set equal to default value
 Successfully read fmax, soil color, sand and clay boundary data
 
 Attempting to read organic matter data .....
  organicrd : input/EURR-3_CLM45_surface.nc
 Successfully read organic matter data
 
  # zsoi #
    0.710E-02  0.279E-01  0.623E-01  0.119      0.212      0.366      0.620    
     1.04       1.73       2.86       4.74       7.83       12.9       21.3    
     21.3       35.2    
  # zisoi #
     0.00      0.175E-01  0.451E-01  0.906E-01  0.166      0.289      0.493    
    0.829       1.38       2.30       3.80       6.28       10.4       17.1    
     17.1       28.3       42.1    
  # dzsoi #
    0.175E-01  0.276E-01  0.455E-01  0.750E-01  0.124      0.204      0.336    
    0.554      0.913       1.51       2.48       4.09       6.75       11.1    
     11.1       13.9    
 dzsoi_decomp    1.000000000000000     
 Set     1 100% special land-units points to zero slope
 Set    10 100% special land-units points to zero slope
 Set    10 100% special land-units points to zero slope
 Set    20 100% special land-units points to zero slope
 Set    10 100% special land-units points to zero slope
 Set     1 100% special land-units points to zero slope
 Set    10 100% special land-units points to zero slope
 Set    30 100% special land-units points to zero slope
 Set   110 100% special land-units points to zero slope
 Set    70 100% special land-units points to zero slope
 Attempting to read snow optical properties .....
 SnowOptics_init : 
 /home/ictp/ictp992004/project/EURR3/RCMDATA/CLM45/snicardata/snicar_optics_5bnd_c090915.nc
 Successfully read snow optical properties
 Attempting to read snow aging parameters .....
 Successfully read snow aging properties
 Successfully initialized time invariant variables
 CLM_hist_printflds : number of master fields =           241
 Setting initial data to non-spun up values
 Attempting to initialize time invariant variables for lakes
 CLM timestep appears to differ from 1800s. 
 Adjusting minimum snow layer thickness over lakes to maintain stability.
 New minimum thickness is    2.0000000000000000E-002 .
 Successfully initialized time invariant variables for lakes
 Setting initial data to non-spun up values for lake points
 Initializing clm2 history files
 There will be a total of             2  history tapes
 History tape             1  write frequency is MONTHLY
 All fields on history tape             1  are grid averaged
 Output precision on history tape             1 =            2
 History tape             2  write frequency =             1
 All fields on history tape             2  are grid averaged
 Output precision on history tape             2 =            2
 hist tape =             1  written with dov2xy=   T
 hist tape =             2  written with dov2xy=   T
 Successfully initialized clm2 history files
 Successfully initialized the land model
 begin initial run at:  2009-09-01 00:00:00 UTC
 Attempting to read monthly vegetation data .....
 At  2009-09-01 00:00:00 UTC
 Month =             9  Day =             1
 Reading months :             8            9
 Successfully read monthly vegetation data for
 month             9
 Restrict outout to CORDEX variables
 Opening new output file output//EURR-3_ATM.2009090100.nc
 Opening new output file output//EURR-3_SRF.2009090100.nc
 Opening new output file output//EURR-3_STS.2009090100.nc
 Opening new output file output//EURR-3_RAD.2009090100.nc
 ATM variables written at  2009-09-01 00:00:00 UTC        
 Computing weights, R =      89.00187683 .......... Done.
 Reading EXT,SSA,ASY Data...
 AEROPP file open 
 /home/ictp/ictp992004/project/EURR3/RCMDATA/MERRA2/OPPMONTH/MERRA2_OPPMONTH_wb3.200908.nc
 AEROPP file open 
 /home/ictp/ictp992004/project/EURR3/RCMDATA/MERRA2/OPPMONTH/MERRA2_OPPMONTH_wb3.200909.nc
 AEROPP file open 
 /home/ictp/ictp992004/project/EURR3/RCMDATA/MERRA2/OPPMONTH/MERRA2_OPPMONTH_wb6.200908.nc
 AEROPP file open 
 /home/ictp/ictp992004/project/EURR3/RCMDATA/MERRA2/OPPMONTH/MERRA2_OPPMONTH_wb6.200909.nc
 AEROPP file open 
 /home/ictp/ictp992004/project/EURR3/RCMDATA/MERRA2/OPPMONTH/MERRA2_OPPMONTH_wb10.200908.nc
 AEROPP file open 
 /home/ictp/ictp992004/project/EURR3/RCMDATA/MERRA2/OPPMONTH/MERRA2_OPPMONTH_wb10.200909.nc
 AEROPP file open 
 /home/ictp/ictp992004/project/EURR3/RCMDATA/MERRA2/OPPMONTH/MERRA2_OPPMONTH_wb13.200908.nc
 AEROPP file open 
 /home/ictp/ictp992004/project/EURR3/RCMDATA/MERRA2/OPPMONTH/MERRA2_OPPMONTH_wb13.200909.nc
 AEROPP file open 
 /home/ictp/ictp992004/project/EURR3/RCMDATA/MERRA2/OPPMONTH/MERRA2_OPPMONTH_wb19.200908.nc
 AEROPP file open 
 /home/ictp/ictp992004/project/EURR3/RCMDATA/MERRA2/OPPMONTH/MERRA2_OPPMONTH_wb19.200909.nc
  # Updated VIS ext profile #
    0.237E-05  0.685E-05  0.214E-04  0.809E-04  0.446E-03  0.123E-02  0.216E-02
    0.278E-02  0.280E-02  0.275E-02  0.274E-02  0.263E-02  0.233E-02  0.226E-02
    0.209E-02  0.191E-02  0.180E-02  0.177E-02  0.178E-02  0.184E-02  0.202E-02
    0.252E-02  0.318E-02  0.382E-02  0.424E-02  0.441E-02  0.442E-02  0.431E-02
    0.420E-02  0.412E-02  0.408E-02  0.418E-02  0.424E-02  0.421E-02  0.417E-02
    0.422E-02  0.433E-02  0.452E-02  0.484E-02  0.527E-02  0.575E-02  0.637E-02
    0.724E-02  0.795E-02  0.822E-02  0.814E-02  0.788E-02  0.738E-02  0.685E-02
    0.685E-02  0.636E-02
  # Updated VIS ssa profile #
    0.912      0.909      0.919      0.949      0.974      0.981      0.972    
    0.960      0.946      0.938      0.936      0.937      0.933      0.929    
    0.922      0.916      0.911      0.908      0.906      0.905      0.905    
    0.904      0.903      0.901      0.901      0.902      0.903      0.904    
    0.904      0.904      0.906      0.909      0.912      0.914      0.916    
    0.918      0.921      0.926      0.933      0.941      0.947      0.954    
    0.962      0.968      0.971      0.973      0.973      0.973      0.973    
    0.973      0.973    
  # Updated VIS asy profile #
    0.661      0.661      0.663      0.671      0.676      0.686      0.691    
    0.698      0.704      0.712      0.721      0.729      0.729      0.727    
    0.722      0.718      0.715      0.714      0.714      0.714      0.713    
    0.713      0.714      0.714      0.713      0.714      0.715      0.716    
    0.716      0.716      0.718      0.723      0.727      0.729      0.731    
    0.733      0.735      0.738      0.745      0.753      0.761      0.770    
    0.780      0.789      0.793      0.795      0.796      0.795      0.794    
    0.794      0.794    
