 WARNING:  CLM step     :                      2938
 WARNING:  indexc       :        815810
 WARNING:  ctype(indexc):            64
 WARNING:  water balance error                        Inf
 clm urban model is stopping - error is greater than .10
 indexc=        815810  errh2o=                        Inf
 ctype(indexc):            64
 forc_rain    =     0.000000000000000     
 forc_snow    =    3.9965400219544080E-013
 endwb        =                        Inf
 begwb        =    1.6151147554732122E-009
 qflx_evap_tot=     0.000000000000000     
 qflx_irrig   =     0.000000000000000     
 qflx_surf    =     0.000000000000000     
 qflx_qrgwl   =     0.000000000000000     
 qflx_drain   =     0.000000000000000     
 qflx_snwcp_ice   =     0.000000000000000     
 -------------- FATAL CALLED ---------------
  Fatal in file: mod_clm_balancecheck.F90 at line:      487
 clm model is stopping
 -------------------------------------------
 Abort called by computing node             5 at 2025-12-28 23:40:13.892 +0100
 Execution terminated because of runtime error
--------------------------------------------------------------------------
MPI_ABORT was invoked on rank 5 in communicator MPI COMMUNICATOR 3 DUP FROM 0
with errorcode 1.

NOTE: invoking MPI_ABORT causes Open MPI to kill all MPI processes.
You may or may not see output from other processes, depending on
exactly when Open MPI kills them.
--------------------------------------------------------------------------
slurmstepd: error: *** STEP 31300861.0 ON lrdn0910 CANCELLED AT 2025-12-28T23:40:13 ***
srun: Job step aborted: Waiting up to 182 seconds for job step to finish.
srun: error: lrdn0910: tasks 1-3: Killed
srun: error: lrdn0912: tasks 4,6: Killed
srun: error: lrdn0912: task 5: Exited with exit code 1
srun: error: lrdn0929: tasks 8,10-11: Killed
srun: error: lrdn0930: tasks 12-13,15: Killed
srun: error: lrdn0929: task 9: Killed
srun: error: lrdn0912: task 7: Killed
srun: error: lrdn0930: task 14: Killed
srun: error: lrdn0910: task 0: Killed
