Loading nvidia/hpcsdk/nvhpc-hpcx-cuda12/25.1
  Loading requirement: hpcx

Loaded RegCM5 Discoverer+ NVHPC 25.1 + HPC-X candidate environment

Modules:
  nvidia/hpcsdk/nvhpc-hpcx-cuda12/25.1

Compiler/MPI wrappers:
  CC     = nvc
  CXX    = nvc++
  FC     = nvfortran
  F77    = nvfortran
  MPICC  = mpicc
  MPIFC  = mpifort

Resolved tools:
  nvc             -> /opt/software/nvidia/packages/hpc_sdk/Linux_x86_64/25.1/compilers/bin/nvc
  nvfortran       -> /opt/software/nvidia/packages/hpc_sdk/Linux_x86_64/25.1/compilers/bin/nvfortran
  mpicc           -> /weka/software/nvidia/packages/hpc_sdk/Linux_x86_64/25.1/comm_libs/12.6/hpcx/hpcx-2.21/ompi/bin/mpicc
  mpifort         -> /weka/software/nvidia/packages/hpc_sdk/Linux_x86_64/25.1/comm_libs/12.6/hpcx/hpcx-2.21/ompi/bin/mpifort
  mpirun          -> /weka/software/nvidia/packages/hpc_sdk/Linux_x86_64/25.1/comm_libs/12.6/hpcx/hpcx-2.21/ompi/bin/mpirun
  nc-config       -> /valhalla/projects/ehpc-ben-2026b06-085/tchristian/software/regcm5-discoverer-nvhpc25.1-hpcx/bin/nc-config
  nf-config       -> /valhalla/projects/ehpc-ben-2026b06-085/tchristian/software/regcm5-discoverer-nvhpc25.1-hpcx/bin/nf-config
  pnetcdf-config  -> /valhalla/projects/ehpc-ben-2026b06-085/tchristian/software/regcm5-discoverer-nvhpc25.1-hpcx/bin/pnetcdf-config

Quick checks:
  MPI_SHIM                 -> /valhalla/projects/ehpc-ben-2026b06-085/tchristian/software/discoverer-hpcx-2.21-ompi-shim
  MPI shim enabled         -> 0
  Disable UCC collectives  -> 1
  OMPI_MCA_coll            -> ^ucc
  CUDA_HOME                -> /weka/software/nvidia/packages/hpc_sdk/Linux_x86_64/25.1/cuda/12.6
  NVHPC_CUDA_HOME          -> /weka/software/nvidia/packages/hpc_sdk/Linux_x86_64/25.1/cuda/12.6
  CUDA target lib          -> /weka/software/nvidia/packages/hpc_sdk/Linux_x86_64/25.1/cuda/12.6/targets/x86_64-linux/lib
  CUDA stubs policy        -> always
  CUDA stubs status        -> using /weka/software/nvidia/packages/hpc_sdk/Linux_x86_64/25.1/cuda/12.6/lib64/stubs
  NVHPC_ROOT               -> /weka/software/nvidia/packages/hpc_sdk/Linux_x86_64/25.1
  NVHPC_MATH_LIB           -> /weka/software/nvidia/packages/hpc_sdk/Linux_x86_64/25.1/math_libs/lib64
  HDF5                     -> /valhalla/projects/ehpc-ben-2026b06-085/tchristian/software/regcm5-discoverer-nvhpc25.1-hpcx
  NETCDF                   -> /valhalla/projects/ehpc-ben-2026b06-085/tchristian/software/regcm5-discoverer-nvhpc25.1-hpcx
  PNETCDF                  -> /valhalla/projects/ehpc-ben-2026b06-085/tchristian/software/regcm5-discoverer-nvhpc25.1-hpcx
  I/O stack status         -> NetCDF C/Fortran + PnetCDF detected
  nc-config --version      -> netCDF 4.9.3
  nf-config --version      -> netCDF-Fortran 4.6.2
  pnetcdf-config --version -> PnetCDF 1.14.0
  mpirun --version         -> mpirun (Open MPI) 4.1.7rc1
  mpifort --show           -> nvfortran -I/weka/software/nvidia/packages/hpc_sdk/Linux_x86_64/25.1/comm_libs/12.6/hpcx/hpcx-2.21/ompi/include -I/weka/software/nvidia/packages/hpc_sdk/Linux_x86_64/25.1/comm_libs/12.6/hpcx/hpcx-2.21/ompi/lib -L/weka/software/nvidia/packages/hpc_sdk/Linux_x86_64/25.1/comm_libs/12.6/hpcx/hpcx-2.21/ompi/lib -rpath /weka/software/nvidia/packages/hpc_sdk/Linux_x86_64/25.1/comm_libs/12.6/hpcx/hpcx-2.21/ompi/lib -lmpi_usempif08 -lmpi_usempi_ignore_tkr -lmpi_mpifh -lmpi

=== Ablation case ===
ABLATION_CASE=case01_no_shim_ucc_off_stubs_always
ABLATION_DESCRIPTION=Disable MPI shim only: site HPC-X runtime paths remain, UCC still disabled
REGCM_DISCOVERER_USE_MPI_SHIM=0
REGCM_DISCOVERER_DISABLE_UCC=1
REGCM_CUDA_STUBS=always

=== Job info ===
SLURM_JOB_ID=178814
SLURM_JOB_NODELIST=dgx1
SLURM_NNODES=1
SLURM_NTASKS=8
SLURM_NTASKS_PER_NODE=8
SLURM_CPUS_PER_TASK=2

=== Toolchain ===
/opt/software/nvidia/packages/hpc_sdk/Linux_x86_64/25.1/compilers/bin/nvfortran
/opt/software/nvidia/packages/hpc_sdk/Linux_x86_64/25.1/compilers/bin/nvcc
/weka/software/nvidia/packages/hpc_sdk/Linux_x86_64/25.1/comm_libs/12.6/hpcx/hpcx-2.21/ompi/bin/mpifort
/usr/bin/ld
nvcc: NVIDIA (R) Cuda compiler driver
Copyright (c) 2005-2024 NVIDIA Corporation
Built on Tue_Oct_29_23:50:19_PDT_2024
Cuda compilation tools, release 12.6, V12.6.85
Build cuda_12.6.r12.6/compiler.35059454_0
GNU ld version 2.35.2-54.el9
Copyright (C) 2020 Free Software Foundation, Inc.
This program is free software; you may redistribute it under the terms of
the GNU General Public License version 3 or (at your option) a later version.
This program has absolutely no warranty.
CUDA_HOME=/weka/software/nvidia/packages/hpc_sdk/Linux_x86_64/25.1/cuda/12.6
NVHPC_CUDA_HOME=/weka/software/nvidia/packages/hpc_sdk/Linux_x86_64/25.1/cuda/12.6
MPI_SHIM=/valhalla/projects/ehpc-ben-2026b06-085/tchristian/software/discoverer-hpcx-2.21-ompi-shim
OMPI_MCA_coll=^ucc
LD_LIBRARY_PATH=/valhalla/projects/ehpc-ben-2026b06-085/tchristian/software/regcm5-discoverer-nvhpc25.1-hpcx/lib:/valhalla/projects/ehpc-ben-2026b06-085/tchristian/software/regcm5-discoverer-nvhpc25.1-hpcx/lib:/valhalla/projects/ehpc-ben-2026b06-085/tchristian/software/regcm5-discoverer-nvhpc25.1-hpcx/lib:/valhalla/projects/ehpc-ben-2026b06-085/tchristian/software/regcm5-discoverer-nvhpc25.1-hpcx/lib64:/valhalla/projects/ehpc-ben-2026b06-085/tchristian/software/regcm5-discoverer-nvhpc25.1-hpcx/lib:/valhalla/projects/ehpc-ben-2026b06-085/tchristian/software/regcm5-discoverer-nvhpc25.1-hpcx/lib64:/valhalla/projects/ehpc-ben-2026b06-085/tchristian/software/regcm5-discoverer-nvhpc25.1-hpcx/lib:/valhalla/projects/ehpc-ben-2026b06-085/tchristian/software/regcm5-discoverer-nvhpc25.1-hpcx/lib64:/valhalla/projects/ehpc-ben-2026b06-085/tchristian/software/regcm5-discoverer-nvhpc25.1-hpcx/lib:/weka/software/nvidia/packages/hpc_sdk/Linux_x86_64/25.1/math_libs/lib64:/weka/software/nvidia/packages/hpc_sdk/Linux_x86_64/25.1/REDIST/compilers/lib:/weka/software/nvidia/packages/hpc_sdk/Linux_x86_64/25.1/compilers/lib:/weka/software/nvidia/packages/hpc_sdk/Linux_x86_64/25.1/cuda/12.6/targets/x86_64-linux/lib:/weka/software/nvidia/packages/hpc_sdk/Linux_x86_64/25.1/comm_libs/12.6/hpcx/hpcx-2.21/ompi/lib:/weka/software/nvidia/packages/hpc_sdk/Linux_x86_64/25.1/comm_libs/12.6/hpcx/hpcx-2.21/nccl_rdma_sharp_plugin/lib:/weka/software/nvidia/packages/hpc_sdk/Linux_x86_64/25.1/comm_libs/12.6/hpcx/hpcx-2.21/sharp/lib:/weka/software/nvidia/packages/hpc_sdk/Linux_x86_64/25.1/comm_libs/12.6/hpcx/hpcx-2.21/hcoll/lib:/weka/software/nvidia/packages/hpc_sdk/Linux_x86_64/25.1/comm_libs/12.6/hpcx/hpcx-2.21/ucc/lib/ucc:/weka/software/nvidia/packages/hpc_sdk/Linux_x86_64/25.1/comm_libs/12.6/hpcx/hpcx-2.21/ucc/lib:/weka/software/nvidia/packages/hpc_sdk/Linux_x86_64/25.1/comm_libs/12.6/hpcx/hpcx-2.21/ucx/lib/ucx:/weka/software/nvidia/packages/hpc_sdk/Linux_x86_64/25.1/comm_libs/12.6/hpcx/hpcx-2.21/ucx/lib:/opt/software/nvidia/packages/hpc_sdk/Linux_x86_64/25.1/comm_libs/nvshmem/lib:/opt/software/nvidia/packages/hpc_sdk/Linux_x86_64/25.1/comm_libs/nccl/lib:/opt/software/nvidia/packages/hpc_sdk/Linux_x86_64/25.1/math_libs/lib64:/opt/software/nvidia/packages/hpc_sdk/Linux_x86_64/25.1/compilers/lib:/opt/software/nvidia/packages/hpc_sdk/Linux_x86_64/25.1/compilers/extras/qd/lib:/opt/software/nvidia/packages/hpc_sdk/Linux_x86_64/25.1/cuda/lib64

=== Binary dependency check ===
	libnvhpcmanaux.so => /weka/software/nvidia/packages/hpc_sdk/Linux_x86_64/25.1/compilers/lib/libnvhpcmanaux.so (0x00007fd443c03000)
	libnetcdff.so.7 => /valhalla/projects/ehpc-ben-2026b06-085/tchristian/software/regcm5-discoverer-nvhpc25.1-hpcx/lib/libnetcdff.so.7 (0x00007fd4439c9000)
	libnetcdf.so.22 => /valhalla/projects/ehpc-ben-2026b06-085/tchristian/software/regcm5-discoverer-nvhpc25.1-hpcx/lib/libnetcdf.so.22 (0x00007fd443729000)
	libhdf5_hl.so.310 => /valhalla/projects/ehpc-ben-2026b06-085/tchristian/software/regcm5-discoverer-nvhpc25.1-hpcx/lib/libhdf5_hl.so.310 (0x00007fd4436f6000)
	libhdf5.so.310 => /valhalla/projects/ehpc-ben-2026b06-085/tchristian/software/regcm5-discoverer-nvhpc25.1-hpcx/lib/libhdf5.so.310 (0x00007fd4431d4000)
	libsz.so.2 => /valhalla/projects/ehpc-ben-2026b06-085/tchristian/software/regcm5-discoverer-nvhpc25.1-hpcx/lib64/libsz.so.2 (0x00007fd4431c2000)
	libmpi_usempif08.so.40 => /weka/software/nvidia/packages/hpc_sdk/Linux_x86_64/25.1/comm_libs/12.6/hpcx/hpcx-2.21/ompi/lib/libmpi_usempif08.so.40 (0x00007fd442f87000)
	libmpi_usempi_ignore_tkr.so.40 => /weka/software/nvidia/packages/hpc_sdk/Linux_x86_64/25.1/comm_libs/12.6/hpcx/hpcx-2.21/ompi/lib/libmpi_usempi_ignore_tkr.so.40 (0x00007fd442d7e000)
	libmpi_mpifh.so.40 => /weka/software/nvidia/packages/hpc_sdk/Linux_x86_64/25.1/comm_libs/12.6/hpcx/hpcx-2.21/ompi/lib/libmpi_mpifh.so.40 (0x00007fd442b06000)
	libmpi.so.40 => /weka/software/nvidia/packages/hpc_sdk/Linux_x86_64/25.1/comm_libs/12.6/hpcx/hpcx-2.21/ompi/lib/libmpi.so.40 (0x00007fd4427c9000)
	libcudaforwrapsparse12.so => /weka/software/nvidia/packages/hpc_sdk/Linux_x86_64/25.1/compilers/lib/libcudaforwrapsparse12.so (0x00007fd4425b7000)
	libnvJitLink.so.12 => /weka/software/nvidia/packages/hpc_sdk/Linux_x86_64/25.1/cuda/12.6/lib64/libnvJitLink.so.12 (0x00007fd42d944000)
	libnvhpcwrapnvtx.so => /weka/software/nvidia/packages/hpc_sdk/Linux_x86_64/25.1/compilers/lib/libnvhpcwrapnvtx.so (0x00007fd42d73a000)
	libcudart.so.12 => /weka/software/nvidia/packages/hpc_sdk/Linux_x86_64/25.1/cuda/12.6/lib64/libcudart.so.12 (0x00007fd42d487000)
	libcudafor_120.so => /weka/software/nvidia/packages/hpc_sdk/Linux_x86_64/25.1/compilers/lib/libcudafor_120.so (0x00007fd426c8d000)
	libcudafor.so => /weka/software/nvidia/packages/hpc_sdk/Linux_x86_64/25.1/compilers/lib/libcudafor.so (0x00007fd426a78000)
	libacchost.so => /weka/software/nvidia/packages/hpc_sdk/Linux_x86_64/25.1/compilers/lib/libacchost.so (0x00007fd426814000)
	libaccdevaux.so => /weka/software/nvidia/packages/hpc_sdk/Linux_x86_64/25.1/compilers/lib/libaccdevaux.so (0x00007fd4265f6000)
	libaccdevice.so => /weka/software/nvidia/packages/hpc_sdk/Linux_x86_64/25.1/compilers/lib/libaccdevice.so (0x00007fd4262c5000)
	libcuda.so.1 => /usr/lib64/libcuda.so.1 (0x00007fd423200000)
	libnvhpcman.so => /weka/software/nvidia/packages/hpc_sdk/Linux_x86_64/25.1/compilers/lib/libnvhpcman.so (0x00007fd422ffa000)
	libcudadevice.so => /weka/software/nvidia/packages/hpc_sdk/Linux_x86_64/25.1/compilers/lib/libcudadevice.so (0x00007fd422de4000)
	libcudafor2.so => /weka/software/nvidia/packages/hpc_sdk/Linux_x86_64/25.1/compilers/lib/libcudafor2.so (0x00007fd422be1000)
	libnvf.so => /weka/software/nvidia/packages/hpc_sdk/Linux_x86_64/25.1/compilers/lib/libnvf.so (0x00007fd4224d0000)
	libnvomp.so => /weka/software/nvidia/packages/hpc_sdk/Linux_x86_64/25.1/compilers/lib/libnvomp.so (0x00007fd4214cf000)
	libnvcpumath.so => /weka/software/nvidia/packages/hpc_sdk/Linux_x86_64/25.1/compilers/lib/libnvcpumath.so (0x00007fd421061000)
	libnvc.so => /weka/software/nvidia/packages/hpc_sdk/Linux_x86_64/25.1/compilers/lib/libnvc.so (0x00007fd420dfd000)
	libpnetcdf.so.6 => /valhalla/projects/ehpc-ben-2026b06-085/tchristian/software/regcm5-discoverer-nvhpc25.1-hpcx/lib/libpnetcdf.so.6 (0x00007fd420522000)
	libnvhpcatm.so => /weka/software/nvidia/packages/hpc_sdk/Linux_x86_64/25.1/REDIST/compilers/lib/libnvhpcatm.so (0x00007fd420275000)
	libopen-rte.so.40 => /weka/software/nvidia/packages/hpc_sdk/Linux_x86_64/25.1/comm_libs/12.6/hpcx/hpcx-2.21/ompi/lib/libopen-rte.so.40 (0x00007fd41ffb5000)
	libopen-pal.so.40 => /weka/software/nvidia/packages/hpc_sdk/Linux_x86_64/25.1/comm_libs/12.6/hpcx/hpcx-2.21/ompi/lib/libopen-pal.so.40 (0x00007fd41fc9b000)

=== Data check ===
input/output symlinks and /valhalla/projects/ehpc-ben-2026b06-085/tchristian/scratch/EURR3/RCMDATA are present.

=== GPU layout ===
GPU 0: NVIDIA H200 (UUID: GPU-5649b894-3fdd-1bab-aa4b-9f0eebde0b27)
GPU 1: NVIDIA H200 (UUID: GPU-530e53d5-dd47-5918-708a-92f6226b92d5)
GPU 2: NVIDIA H200 (UUID: GPU-08d45570-836a-9517-5453-ede8509067c7)
GPU 3: NVIDIA H200 (UUID: GPU-f2c59e82-a754-7c00-943b-87683b6d90bc)
GPU 4: NVIDIA H200 (UUID: GPU-cc3ee720-86b1-f6d6-2433-9614db20c37c)
GPU 5: NVIDIA H200 (UUID: GPU-e602ffaa-f3b2-0588-5730-ceff65977d6b)
GPU 6: NVIDIA H200 (UUID: GPU-ac5b7477-6096-f45d-8dd9-61a2047c3819)
GPU 7: NVIDIA H200 (UUID: GPU-f7af1b74-f977-4d65-0429-e08fae4bcb11)

=== Launching RegCM ===
[Wrapper][Rank 2][Local 2] host=dgx1 CUDA_VISIBLE_DEVICES=2 ACC_DEVICE_NUM=0 REGCM_EXE=/valhalla/projects/ehpc-ben-2026b06-085/tchristian/work/RegCM/bin/regcmMPICLM45
[Wrapper][Rank 4][Local 4] host=dgx1 CUDA_VISIBLE_DEVICES=4 ACC_DEVICE_NUM=0 REGCM_EXE=/valhalla/projects/ehpc-ben-2026b06-085/tchristian/work/RegCM/bin/regcmMPICLM45
[Wrapper][Rank 6][Local 6] host=dgx1 CUDA_VISIBLE_DEVICES=6 ACC_DEVICE_NUM=0 REGCM_EXE=/valhalla/projects/ehpc-ben-2026b06-085/tchristian/work/RegCM/bin/regcmMPICLM45
[Wrapper][Rank 0][Local 0] host=dgx1 CUDA_VISIBLE_DEVICES=0 ACC_DEVICE_NUM=0 REGCM_EXE=/valhalla/projects/ehpc-ben-2026b06-085/tchristian/work/RegCM/bin/regcmMPICLM45
[Wrapper][Rank 5][Local 5] host=dgx1 CUDA_VISIBLE_DEVICES=5 ACC_DEVICE_NUM=0 REGCM_EXE=/valhalla/projects/ehpc-ben-2026b06-085/tchristian/work/RegCM/bin/regcmMPICLM45
[Wrapper][Rank 1][Local 1] host=dgx1 CUDA_VISIBLE_DEVICES=1 ACC_DEVICE_NUM=0 REGCM_EXE=/valhalla/projects/ehpc-ben-2026b06-085/tchristian/work/RegCM/bin/regcmMPICLM45
[Wrapper][Rank 7][Local 7] host=dgx1 CUDA_VISIBLE_DEVICES=7 ACC_DEVICE_NUM=0 REGCM_EXE=/valhalla/projects/ehpc-ben-2026b06-085/tchristian/work/RegCM/bin/regcmMPICLM45
[Wrapper][Rank 3][Local 3] host=dgx1 CUDA_VISIBLE_DEVICES=3 ACC_DEVICE_NUM=0 REGCM_EXE=/valhalla/projects/ehpc-ben-2026b06-085/tchristian/work/RegCM/bin/regcmMPICLM45

  This is RegCM development version
   GIT Revision: 27e37e-dirty compiled at: data : Jul  6 2026  time: 13:39:49

 : this run start at  : 2026-07-07 15:26:37+0000
 : it is submitted by : tchristian
 : it is running on   : dgx1 
 : it is using        :             8   processors
 : in directory       : 
 /valhalla/projects/ehpc-ben-2026b06-085/tchristian/work/RegCM/Benchmark/with_IO/1003_1003_50_1day_with_IO/sequential_output/Non_MPS_stdpar/Discoverer_8gpu_8proc_ablation/case01_no_shim_ucc_off_stubs_always
                       
 CPUS DIM1 =             2
 CPUS DIM2 =             4
 
 Reading model namelist file
 Using default non-hydrostatc parameters.
 Using default microphysical parameter.
 Using default Holtslag parameter.
 Initial date of the global simulation:  2009-09-01 00:00:00 UTC        
 Initial date of this run             :  2009-09-01 00:00:00 UTC        
 Final date of this run               :  2009-09-02 00:00:00 UTC        
 Total simulation length              :            24  hours
 Timestep in seconds =   45.000000
 Reading Domain file : input/EURR-3_DOMAIN000.nc
 Advection timestep =    15.000 (factor  3)
 Max. Courant number for horizontal advection =    0.9538
 Sound waves timestep =     3.000 (factor  5)
 Courant number of horizontal sound waves =    0.4512
 Setting IPCC scenario to SSP585  
 Load GHG for 200909 SSP585
 Model will output required CORDEX variables.
 Create SAV files :   T
 Create ATM files :   T
 Create RAD files :   T
 Create SRF files :   T
 Create STS files :   T
 Create SHF files :   F
 Create OPT files :   F
 Frequency in days for new files:    1.0
 Monthly SAV files are written
 Frequency in hours to create ATM :    1.0
 Frequency in hours to create RAD :    1.0
 Frequency in hours to create SRF :    1.0
 Physical Parameterizations
  Lateral Boundary conditions :  5
  Semi-Lagrangian Advection   :  0
  Land cumulus conv. scheme   :  0
  Ocean cumulus conv. scheme  :  0
  Moisture schem              :  2
  Ocean Flux scheme           :  2
  Zeng roughness formula      :  1
  Zeng roughness method       :  1
  Coupling with ocean         :  0
  Coupling with wave          :  0
  Coupling with COP           :  0
  Pressure gradient force     :  0
  Prescribed LW emissivity    :  0
  Lake model in BATS          :  0
  Simulate diurnal sst cycle  :  0
  Simulate sea ice cover      :  1
  Enable chem/aerosol model   :  0
  Large scale LWP as convect. :  1
  Cloud fraction scheme       :  0
  Marine stratocumulus        :  0
  Climate O3 dataset          :  1
  Climate Aerosol dataset     :  2
 Boundary Pameterizations
  Num. of bndy points cross  :  31
  Num. of bndy points dot    :  31
  Nudge value high range     :  6.000000
  Nudge value medium range   :  4.000000
  Nudge value low range      :  2.000000
  Nm paramter                : -1.000000
  Dm paramter                : -1.000000
 Model Timestep Pameterizations
  time step for dynamical model in seconds :          45.000000
  time step for surface   model in seconds :         450.000000
  time step for cumulus   model in seconds :         225.000000
  time step for radiation model in seconds :        1350.000000
  time step for emission  model in seconds :       48600.000000
 Nudging coefficients F1=  0.00666667, F2=  0.00200000
  # Nudging coefficient profile #
     5.95       5.86       5.76       5.67       5.57       5.48       5.38    
     5.28       5.19       5.09       5.00       4.90       4.81       4.71    
     4.62       4.52       4.43       4.33       4.24       4.14       4.05    
     3.97       3.90       3.83       3.76       3.69       3.62       3.55    
     3.48       3.41       3.34       3.27       3.20       3.14       3.07    
     3.00       2.93       2.86       2.79       2.72       2.65       2.58    
     2.52       2.45       2.38       2.31       2.24       2.17       2.10    
     2.10       2.03    
 Model top at     30000.00000000000       m
 Domain grid parameters:
  Map Projection        : ROTLLR
  Dot Grid Full Extent  : 1003x1003x 50
  Model Grid Spacing    :    3.335968 km
  Proj Center Latitude  :   50.000000 deg
  Proj Center longitude :    6.600000 deg
  Pole Latitude         :   40.000000 deg
  Pole longitude        :  186.600000 deg
 Holtslag PBL Scheme
  ricr_ocn     =    0.250000
  ricr_lnd     =    0.250000
  zhnew_fac    =    0.250000
  ifaholt      =  0
  ifaholtth10  =  2
  holtth10iter =    1
 Cloud fraction schemes parameters
  # of bottom no cloud model levels :  0
  Maximum relative humidity         :    1.010000
  Minimum relative humidity         :    0.010000
  RH0 temperature threshold         :  238.000000
  Relative humidity thresholds: Land =    0.800000 Ocean =    0.900000
  Maximum total cloud cover for rad :    0.750000
  Conv. CF UMF factor deep cumulus  :    0.140000
  Conv. CF UMF factor deep cumulus  :    0.140000
  Conv. CF UMF factor k2            :  500.000000
  Surface radiation hack            :           F
  Vavrus-Waliser Arctic cloud fix   :           T
 Convective Cloud Cover parameters after resolution scaling
  Maximum Convective Cloud Cover :    0.750000
  Convective Cloud Water         :    0.000300
 The surface energy budget is used to calculate the ground temperature.
 The radiation is computed every   23. minutes.
 Relaxation boundary conditions (exponential method)
 READY IC DATA for  2009-09-01 00:00:00 UTC        
 SEARCH BC data for 2009090106 , step =        0
 READY  BC from     2009090100  to 2009090106 
 Computing weights, R =     348.80779089 .......... Done.
 Reading Initial Ozone Data...
  # Updated ozone profile #
    0.790E-05  0.718E-05  0.581E-05  0.414E-05  0.273E-05  0.165E-05  0.872E-06
    0.417E-06  0.231E-06  0.153E-06  0.119E-06  0.100E-06  0.892E-07  0.817E-07
    0.796E-07  0.785E-07  0.777E-07  0.769E-07  0.758E-07  0.744E-07  0.727E-07
    0.706E-07  0.681E-07  0.657E-07  0.634E-07  0.612E-07  0.593E-07  0.576E-07
    0.564E-07  0.555E-07  0.548E-07  0.541E-07  0.535E-07  0.528E-07  0.522E-07
    0.518E-07  0.517E-07  0.517E-07  0.517E-07  0.517E-07  0.517E-07  0.512E-07
    0.508E-07  0.504E-07  0.501E-07  0.497E-07  0.494E-07  0.491E-07  0.490E-07
    0.490E-07  0.490E-07  0.490E-07
 Read solar forcing total irradiance data...
 Updating orbit parameters at  2009-09-01 00:00:00 UTC        
 At  2009-09-01 00:00:00 UTC        
 JDay    243.00000 solar declination angle =   8.71388392 degrees
                   solar TSI irradiance    =    1355.7983 W/m^2
 CLM version: 4.5 - RegCM 27e37e-dirty
 Attempting to initialize the land model .....
 Mask given by RegCM model has a total of        485456  land points
 Attempting to initialize run control settings .....
 Read in clm_inparm namelist from: EURR-3_namelist.in
 Read in clm_hydrology1_inparm namelist
 Read in clm_soilhydrology_inparm namelist
 Successfully initialized run control settings
 
 define run:
    source                = Community Land Model CLM4.5
    model_version         = 27e37e-dirty
    run type              = initial
    case title            = RegCM driven CLM4.5
    username              = ?
    hostname              = dgx1 
 input data files:
    PFT physiology = 
 /valhalla/projects/ehpc-ben-2026b06-085/tchristian/scratch/EURR3/RCMDATA/CLM45/pftdata/pft-physiology.c130503.nc
    surface data   = input/EURR-3_CLM45_surface.nc
    land frac data = input/EURR-3_DOMAIN000.nc
    enable_megan_emission                                 :   F
    enable_urban_landunit                                 :   T
    enable_more_crop_pft                                  :   F
    SNICAR optical = 
 /valhalla/projects/ehpc-ben-2026b06-085/tchristian/scratch/EURR3/RCMDATA/CLM45/snicardata/snicar_optics_5bnd_c090915.nc
    SNICAR aging = 
 /valhalla/projects/ehpc-ben-2026b06-085/tchristian/scratch/EURR3/RCMDATA/CLM45/snicardata/snicar_drdt_bst_fit_60_c070416.nc
    initial data is from RegCM atm model
    atmospheric forcing data is from RegCM atm model
 Large file support for output files is ON
 model physics parameters:
    flag for random perturbation test is not set
    CO2 volume mixing ratio   (umol/mol)   =     355.0000000000000     
    land albedos  (unitless 0-1)   =    0.8000000000000000     
    ice albedos   (unitless 0-1)   =    0.5500000000000000     
    urban air conditioning/heating and wasteheat   = ON_WASTEHEAT    
    urban traffic flux   =   F
    more vertical layers =   F
    maxpatch_pft         =            17
    allocate_all_vegpfts =   T
    perchroot (PWS based on unfrozen layers only) =   F
    perchroot (PWS based on time-integrated active layer only) =   F
 
 Lake Model Namelists:
 Hostetler eddy increase low    :     25.00000000000000     
 Hostetler eddy increase factor :     10.00000000000000     
 Albedo melting lakes (visible) :   0.1000000000000000     
 Albedo melting lakes (NIR)     :   0.1000000000000000     
 Attempting to read ldomain from input/EURR-3_DOMAIN000.nc
   domain_check set       = domain_set
   domain_check decomped  =   T
   domain_check ns        =       1000000
   domain_check ni,nj     =          1000         1000
   domain_check clmlevel  = gridcell
   domain_check nbeg,nend =             1        60682
   domain_check lonc      =    -9.485650062561035      
    25.58443450927734     
   domain_check latc      =     33.95317459106445      
    40.65684509277344     
   domain_check mask      =             1            1
   domain_check frac      =     100.0000000000000      
    100.0000000000000     
   domain_check topo      =     0.000000000000000      
    2650.913641348371     
   domain_check area      =     10.74947982954181      
    10.98240204542914     
   domain_check pftm      =             1            1
  
  Reading in urban input data from surface data file ...
  UrbanInput : input/EURR-3_CLM45_surface.nc
  Sucessfully read urban input data
 
 Attempting to read PFT physiological data .....
 Successfully read PFT physiological data
 Attempting to read surface boundary data .....
 Checked LAT/LON compliance
 Successfully read surface boundary data
 
  Surface Grid Characteristics
    total number of gridcells =        485456
    total number of landunits =       1146517
    total number of columns   =       2304936
    total number of pfts      =       9100914
  
 ---clm_ptrs_check:
    clm_ptrs_check: g index ranges - OK
    clm_ptrs_check: l index ranges - OK
    clm_ptrs_check: c index ranges - OK
    clm_ptrs_check: p index ranges - OK
    clm_ptrs_check: g mono increasing - OK
    clm_ptrs_check: l mono increasing - OK
    clm_ptrs_check: c mono increasing - OK
    clm_ptrs_check: p mono increasing - OK
    clm_ptrs_check: tree consistent - OK
  
 Attempting to initialize time invariant variables
 Attempting to read soil color, sand and clay boundary data .....
 WARNING:: ETALAKE not found on surface data set.
 All lake columns will have eta set equal to default value
 WARNING:: LAKEFETCH not found on surface data set.
 All lake columns will have fetch set equal to default value
 Successfully read fmax, soil color, sand and clay boundary data
 
 Attempting to read organic matter data .....
  organicrd : input/EURR-3_CLM45_surface.nc
 Successfully read organic matter data
 
  # zsoi #
    0.710E-02  0.279E-01  0.623E-01  0.119      0.212      0.366      0.620    
     1.04       1.73       2.86       4.74       7.83       12.9       21.3    
     21.3       35.2    
  # zisoi #
     0.00      0.175E-01  0.451E-01  0.906E-01  0.166      0.289      0.493    
    0.829       1.38       2.30       3.80       6.28       10.4       17.1    
     17.1       28.3       42.1    
  # dzsoi #
    0.175E-01  0.276E-01  0.455E-01  0.750E-01  0.124      0.204      0.336    
    0.554      0.913       1.51       2.48       4.09       6.75       11.1    
     11.1       13.9    
 dzsoi_decomp    1.000000000000000     
 Set     1 100% special land-units points to zero slope
 Attempting to read snow optical properties .....
 SnowOptics_init : 
 /valhalla/projects/ehpc-ben-2026b06-085/tchristian/scratch/EURR3/RCMDATA/CLM45/snicardata/snicar_optics_5bnd_c090915.nc
 Successfully read snow optical properties
 Attempting to read snow aging parameters .....
 Successfully read snow aging properties
 Successfully initialized time invariant variables
 CLM_hist_printflds : number of master fields =           241
 Setting initial data to non-spun up values
 Attempting to initialize time invariant variables for lakes
 CLM timestep appears to differ from 1800s. 
 Adjusting minimum snow layer thickness over lakes to maintain stability.
 New minimum thickness is    2.0000000000000000E-002 .
 Successfully initialized time invariant variables for lakes
 Setting initial data to non-spun up values for lake points
 Initializing clm2 history files
 There will be a total of             2  history tapes
 History tape             1  write frequency is MONTHLY
 All fields on history tape             1  are grid averaged
 Output precision on history tape             1 =            2
 History tape             2  write frequency =             1
 All fields on history tape             2  are grid averaged
 Output precision on history tape             2 =            2
 hist tape =             1  written with dov2xy=   T
 hist tape =             2  written with dov2xy=   T
 Successfully initialized clm2 history files
 Successfully initialized the land model
 begin initial run at:  2009-09-01 00:00:00 UTC
 Attempting to read monthly vegetation data .....
 At  2009-09-01 00:00:00 UTC
 Month =             9  Day =             1
 Reading months :             8            9
 Successfully read monthly vegetation data for
 month             9
 Restrict outout to CORDEX variables
 Opening new output file output//EURR-3_ATM.2009090100.nc
 Opening new output file output//EURR-3_SRF.2009090100.nc
 Opening new output file output//EURR-3_STS.2009090100.nc
 Opening new output file output//EURR-3_RAD.2009090100.nc
 ATM variables written at  2009-09-01 00:00:00 UTC        
 Computing weights, R =      89.00187641 .......... Done.
 Reading EXT,SSA,ASY Data...
 AEROPP file open 
 /valhalla/projects/ehpc-ben-2026b06-085/tchristian/scratch/EURR3/RCMDATA/MERRA2/OPPMONTH/MERRA2_OPPMONTH_wb3.200908.nc
 AEROPP file open 
 /valhalla/projects/ehpc-ben-2026b06-085/tchristian/scratch/EURR3/RCMDATA/MERRA2/OPPMONTH/MERRA2_OPPMONTH_wb3.200909.nc
 AEROPP file open 
 /valhalla/projects/ehpc-ben-2026b06-085/tchristian/scratch/EURR3/RCMDATA/MERRA2/OPPMONTH/MERRA2_OPPMONTH_wb6.200908.nc
 AEROPP file open 
 /valhalla/projects/ehpc-ben-2026b06-085/tchristian/scratch/EURR3/RCMDATA/MERRA2/OPPMONTH/MERRA2_OPPMONTH_wb6.200909.nc
 AEROPP file open 
 /valhalla/projects/ehpc-ben-2026b06-085/tchristian/scratch/EURR3/RCMDATA/MERRA2/OPPMONTH/MERRA2_OPPMONTH_wb10.200908.nc
 AEROPP file open 
 /valhalla/projects/ehpc-ben-2026b06-085/tchristian/scratch/EURR3/RCMDATA/MERRA2/OPPMONTH/MERRA2_OPPMONTH_wb10.200909.nc
 AEROPP file open 
 /valhalla/projects/ehpc-ben-2026b06-085/tchristian/scratch/EURR3/RCMDATA/MERRA2/OPPMONTH/MERRA2_OPPMONTH_wb13.200908.nc
 AEROPP file open 
 /valhalla/projects/ehpc-ben-2026b06-085/tchristian/scratch/EURR3/RCMDATA/MERRA2/OPPMONTH/MERRA2_OPPMONTH_wb13.200909.nc
 AEROPP file open 
 /valhalla/projects/ehpc-ben-2026b06-085/tchristian/scratch/EURR3/RCMDATA/MERRA2/OPPMONTH/MERRA2_OPPMONTH_wb19.200908.nc
 AEROPP file open 
 /valhalla/projects/ehpc-ben-2026b06-085/tchristian/scratch/EURR3/RCMDATA/MERRA2/OPPMONTH/MERRA2_OPPMONTH_wb19.200909.nc
  # Updated VIS ext profile #
    0.237E-05  0.685E-05  0.214E-04  0.809E-04  0.446E-03  0.123E-02  0.216E-02
    0.278E-02  0.280E-02  0.275E-02  0.274E-02  0.262E-02  0.233E-02  0.226E-02
    0.209E-02  0.191E-02  0.180E-02  0.177E-02  0.178E-02  0.184E-02  0.202E-02
    0.252E-02  0.318E-02  0.382E-02  0.424E-02  0.441E-02  0.442E-02  0.431E-02
    0.420E-02  0.412E-02  0.408E-02  0.418E-02  0.424E-02  0.421E-02  0.417E-02
    0.422E-02  0.433E-02  0.452E-02  0.484E-02  0.527E-02  0.575E-02  0.637E-02
    0.724E-02  0.795E-02  0.822E-02  0.814E-02  0.788E-02  0.738E-02  0.685E-02
    0.685E-02  0.636E-02
  # Updated VIS ssa profile #
    0.912      0.909      0.919      0.949      0.974      0.981      0.972    
    0.960      0.946      0.938      0.936      0.937      0.933      0.929    
    0.922      0.916      0.911      0.908      0.906      0.905      0.905    
    0.904      0.903      0.901      0.901      0.902      0.903      0.904    
    0.904      0.904      0.906      0.909      0.912      0.914      0.916    
    0.918      0.921      0.926      0.933      0.941      0.947      0.954    
    0.962      0.968      0.971      0.973      0.973      0.973      0.973    
    0.973      0.973    
  # Updated VIS asy profile #
    0.661      0.661      0.663      0.671      0.676      0.686      0.691    
    0.698      0.704      0.712      0.721      0.729      0.729      0.727    
    0.722      0.718      0.715      0.714      0.714      0.714      0.713    
    0.713      0.714      0.714      0.713      0.714      0.715      0.716    
    0.716      0.716      0.718      0.723      0.727      0.729      0.731    
    0.733      0.735      0.738      0.745      0.753      0.761      0.770    
    0.780      0.789      0.793      0.795      0.796      0.795      0.794    
    0.794      0.794    
 Creating history file output//EURR-3.clm.regcm.h1.20090901_03600.nc
 CLM History variables written
 ATM variables written at  2009-09-01 01:00:00 UTC        
 SRF variables written at  2009-09-01 01:00:00 UTC        
 RAD variables written at  2009-09-01 01:00:00 UTC        
 CLM History variables written
 ATM variables written at  2009-09-01 02:00:00 UTC        
 SRF variables written at  2009-09-01 02:00:00 UTC        
 RAD variables written at  2009-09-01 02:00:00 UTC        
 CLM History variables written
 ATM variables written at  2009-09-01 03:00:00 UTC        
 SRF variables written at  2009-09-01 03:00:00 UTC        
 RAD variables written at  2009-09-01 03:00:00 UTC        
 $$$  2009-09-01 03:00:00 UTC        
 $$$ max, min of ps (mb) =  1022.67  684.04
 CLM History variables written
 ATM variables written at  2009-09-01 04:00:00 UTC        
 SRF variables written at  2009-09-01 04:00:00 UTC        
 RAD variables written at  2009-09-01 04:00:00 UTC        
 CLM History variables written
 ATM variables written at  2009-09-01 05:00:00 UTC        
 SRF variables written at  2009-09-01 05:00:00 UTC        
 RAD variables written at  2009-09-01 05:00:00 UTC        
 CLM History variables written
 ATM variables written at  2009-09-01 06:00:00 UTC        
 SRF variables written at  2009-09-01 06:00:00 UTC        
 RAD variables written at  2009-09-01 06:00:00 UTC        
 SEARCH BC data for 2009090112 , step =      480
 READY  BC from     2009090106  to 2009090112 
 $$$  2009-09-01 06:00:00 UTC        
 $$$ max, min of ps (mb) =  1023.50  683.95
 CLM History variables written
 ATM variables written at  2009-09-01 07:00:00 UTC        
 SRF variables written at  2009-09-01 07:00:00 UTC        
 RAD variables written at  2009-09-01 07:00:00 UTC        
 CLM History variables written
 ATM variables written at  2009-09-01 08:00:00 UTC        
 SRF variables written at  2009-09-01 08:00:00 UTC        
 RAD variables written at  2009-09-01 08:00:00 UTC        
 CLM History variables written
 ATM variables written at  2009-09-01 09:00:00 UTC        
 SRF variables written at  2009-09-01 09:00:00 UTC        
 RAD variables written at  2009-09-01 09:00:00 UTC        
 $$$  2009-09-01 09:00:00 UTC        
 $$$ max, min of ps (mb) =  1022.24  684.51
 CLM History variables written
 ATM variables written at  2009-09-01 10:00:00 UTC        
 SRF variables written at  2009-09-01 10:00:00 UTC        
 RAD variables written at  2009-09-01 10:00:00 UTC        
 CLM History variables written
 ATM variables written at  2009-09-01 11:00:00 UTC        
 SRF variables written at  2009-09-01 11:00:00 UTC        
 RAD variables written at  2009-09-01 11:00:00 UTC        
 CLM History variables written
 ATM variables written at  2009-09-01 12:00:00 UTC        
 SRF variables written at  2009-09-01 12:00:00 UTC        
 RAD variables written at  2009-09-01 12:00:00 UTC        
 SEARCH BC data for 2009090118 , step =      960
 READY  BC from     2009090112  to 2009090118 
 $$$  2009-09-01 12:00:00 UTC        
 $$$ max, min of ps (mb) =  1021.96  685.02
 CLM History variables written
 ATM variables written at  2009-09-01 13:00:00 UTC        
 SRF variables written at  2009-09-01 13:00:00 UTC        
 RAD variables written at  2009-09-01 13:00:00 UTC        
 CLM History variables written
 ATM variables written at  2009-09-01 14:00:00 UTC        
 SRF variables written at  2009-09-01 14:00:00 UTC        
 RAD variables written at  2009-09-01 14:00:00 UTC        
 CLM History variables written
 ATM variables written at  2009-09-01 15:00:00 UTC        
 SRF variables written at  2009-09-01 15:00:00 UTC        
 RAD variables written at  2009-09-01 15:00:00 UTC        
 $$$  2009-09-01 15:00:00 UTC        
 $$$ max, min of ps (mb) =  1021.99  684.50
 CLM History variables written
 ATM variables written at  2009-09-01 16:00:00 UTC        
 SRF variables written at  2009-09-01 16:00:00 UTC        
 RAD variables written at  2009-09-01 16:00:00 UTC        
 CLM History variables written
 ATM variables written at  2009-09-01 17:00:00 UTC        
 SRF variables written at  2009-09-01 17:00:00 UTC        
 RAD variables written at  2009-09-01 17:00:00 UTC        
 CLM History variables written
 ATM variables written at  2009-09-01 18:00:00 UTC        
 SRF variables written at  2009-09-01 18:00:00 UTC        
 RAD variables written at  2009-09-01 18:00:00 UTC        
 SEARCH BC data for 2009090200 , step =     1440
 READY  BC from     2009090118  to 2009090200 
 $$$  2009-09-01 18:00:00 UTC        
 $$$ max, min of ps (mb) =  1021.92  684.19
 CLM History variables written
 ATM variables written at  2009-09-01 19:00:00 UTC        
 SRF variables written at  2009-09-01 19:00:00 UTC        
 RAD variables written at  2009-09-01 19:00:00 UTC        
 CLM History variables written
 ATM variables written at  2009-09-01 20:00:00 UTC        
 SRF variables written at  2009-09-01 20:00:00 UTC        
 RAD variables written at  2009-09-01 20:00:00 UTC        
 CLM History variables written
 ATM variables written at  2009-09-01 21:00:00 UTC        
 SRF variables written at  2009-09-01 21:00:00 UTC        
 RAD variables written at  2009-09-01 21:00:00 UTC        
 $$$  2009-09-01 21:00:00 UTC        
 $$$ max, min of ps (mb) =  1022.30  683.89
 CLM History variables written
 ATM variables written at  2009-09-01 22:00:00 UTC        
 SRF variables written at  2009-09-01 22:00:00 UTC        
 RAD variables written at  2009-09-01 22:00:00 UTC        
 CLM History variables written
 ATM variables written at  2009-09-01 23:00:00 UTC        
 SRF variables written at  2009-09-01 23:00:00 UTC        
 RAD variables written at  2009-09-01 23:00:00 UTC        
 Write restart file for CLM at  2009-09-02 00:00:00 UTC        
 CLM History variables written
 history tape             1 : no open file to close
 Closing local history file output//EURR-3.clm.regcm.h1.20090901_03600.nc
 Writing restart dataset on output/EURR-3.clm.regcm.r.2009090200.nc
 Writing restart dataset on output//EURR-3.clm.regcm.rh0.2009090200.nc
 Writing restart dataset on output//EURR-3.clm.regcm.rh1.2009090200.nc
 Successfully wrote out restart data for CLM 4.5
 At  2009-09-02 00:00:00 UTC        
 JDay    244.00000 solar declination angle =   8.35316377 degrees
                   solar TSI irradiance    =    1355.7983 W/m^2
 ATM variables written at  2009-09-02 00:00:00 UTC        
 SRF variables written at  2009-09-02 00:00:00 UTC        
 STS variables written at  2009-09-02 00:00:00 UTC        
 RAD variables written at  2009-09-02 00:00:00 UTC        
 SAV variables written at  2009-09-02 00:00:00 UTC        
 Final time  2009-09-02 00:00:00 UTC reached.
 Elapsed seconds of run for this final timeslice :     534.2868    
 : this run stops at  : 2026-07-07 15:35:34+0000
 : Run has been completed using             8  processors.
 : Total elapsed seconds of run :     536.2198312282562     
 RegCM V5 simulation successfully reached end
 Set    95 100% special land-units points to zero slope
 Set    20 100% special land-units points to zero slope
 Set    12 100% special land-units points to zero slope
 Set    10 100% special land-units points to zero slope
 Set   110 100% special land-units points to zero slope
 Set     1 100% special land-units points to zero slope
