checking for a BSD-compatible install... /usr/bin/install -c
checking whether build environment is sane... yes
checking for a race-free mkdir -p... /usr/bin/mkdir -p
checking for gawk... gawk
checking whether make sets $(MAKE)... yes
checking whether make supports nested variables... yes
checking whether make supports the include directive... yes (GNU style)
checking for gcc... nvc
checking whether the C compiler works... no
Making install in external
make[1]: Entering directory '/orfeo/cephfs/home/external/ctica/MS_thesis/RegCM/external'
make[2]: Entering directory '/orfeo/cephfs/home/external/ctica/MS_thesis/RegCM/external'
make[2]: Nothing to be done for 'install-exec-am'.
make[2]: Nothing to be done for 'install-data-am'.
make[2]: Leaving directory '/orfeo/cephfs/home/external/ctica/MS_thesis/RegCM/external'
make[1]: Leaving directory '/orfeo/cephfs/home/external/ctica/MS_thesis/RegCM/external'
Making install in Share
make[1]: Entering directory '/orfeo/cephfs/home/external/ctica/MS_thesis/RegCM/Share'
make[2]: Entering directory '/orfeo/cephfs/home/external/ctica/MS_thesis/RegCM/Share'
make[2]: Nothing to be done for 'install-exec-am'.
make[2]: Nothing to be done for 'install-data-am'.
make[2]: Leaving directory '/orfeo/cephfs/home/external/ctica/MS_thesis/RegCM/Share'
make[1]: Leaving directory '/orfeo/cephfs/home/external/ctica/MS_thesis/RegCM/Share'
Making install in PreProc
make[1]: Entering directory '/orfeo/cephfs/home/external/ctica/MS_thesis/RegCM/PreProc'
Making install in Terrain
make[2]: Entering directory '/orfeo/cephfs/home/external/ctica/MS_thesis/RegCM/PreProc/Terrain'
make[3]: Entering directory '/orfeo/cephfs/home/external/ctica/MS_thesis/RegCM/PreProc/Terrain'
 /usr/bin/mkdir -p '/orfeo/cephfs/home/external/ctica/MS_thesis/RegCM/bin'
  /bin/sh ../../libtool   --mode=install /usr/bin/install -c terrain '/orfeo/cephfs/home/external/ctica/MS_thesis/RegCM/bin/./terrainCLM45'
libtool: install: /usr/bin/install -c terrain /orfeo/cephfs/home/external/ctica/MS_thesis/RegCM/bin/./terrainCLM45
make[3]: Nothing to be done for 'install-data-am'.
make[3]: Leaving directory '/orfeo/cephfs/home/external/ctica/MS_thesis/RegCM/PreProc/Terrain'
make[2]: Leaving directory '/orfeo/cephfs/home/external/ctica/MS_thesis/RegCM/PreProc/Terrain'
Making install in ICBC
make[2]: Entering directory '/orfeo/cephfs/home/external/ctica/MS_thesis/RegCM/PreProc/ICBC'
Making install in cmip6
make[3]: Entering directory '/orfeo/cephfs/home/external/ctica/MS_thesis/RegCM/PreProc/ICBC/cmip6'
make[4]: Entering directory '/orfeo/cephfs/home/external/ctica/MS_thesis/RegCM/PreProc/ICBC/cmip6'
make[4]: Nothing to be done for 'install-exec-am'.
make[4]: Nothing to be done for 'install-data-am'.
make[4]: Leaving directory '/orfeo/cephfs/home/external/ctica/MS_thesis/RegCM/PreProc/ICBC/cmip6'
make[3]: Leaving directory '/orfeo/cephfs/home/external/ctica/MS_thesis/RegCM/PreProc/ICBC/cmip6'
make[3]: Entering directory '/orfeo/cephfs/home/external/ctica/MS_thesis/RegCM/PreProc/ICBC'
make[4]: Entering directory '/orfeo/cephfs/home/external/ctica/MS_thesis/RegCM/PreProc/ICBC'
 /usr/bin/mkdir -p '/orfeo/cephfs/home/external/ctica/MS_thesis/RegCM/bin'
  /bin/sh ../../libtool   --mode=install /usr/bin/install -c sst '/orfeo/cephfs/home/external/ctica/MS_thesis/RegCM/bin/./sstCLM45'
libtool: install: /usr/bin/install -c sst /orfeo/cephfs/home/external/ctica/MS_thesis/RegCM/bin/./sstCLM45
  /bin/sh ../../libtool   --mode=install /usr/bin/install -c icbc '/orfeo/cephfs/home/external/ctica/MS_thesis/RegCM/bin/./icbcCLM45'
libtool: install: /usr/bin/install -c icbc /orfeo/cephfs/home/external/ctica/MS_thesis/RegCM/bin/./icbcCLM45
  /bin/sh ../../libtool   --mode=install /usr/bin/install -c chem_icbc '/orfeo/cephfs/home/external/ctica/MS_thesis/RegCM/bin/./chem_icbcCLM45'
libtool: install: /usr/bin/install -c chem_icbc /orfeo/cephfs/home/external/ctica/MS_thesis/RegCM/bin/./chem_icbcCLM45
  /bin/sh ../../libtool   --mode=install /usr/bin/install -c clmbc '/orfeo/cephfs/home/external/ctica/MS_thesis/RegCM/bin/./clmbcCLM45'
libtool: install: /usr/bin/install -c clmbc /orfeo/cephfs/home/external/ctica/MS_thesis/RegCM/bin/./clmbcCLM45
  /bin/sh ../../libtool   --mode=install /usr/bin/install -c pgwbc '/orfeo/cephfs/home/external/ctica/MS_thesis/RegCM/bin/./pgwbcCLM45'
libtool: install: /usr/bin/install -c pgwbc /orfeo/cephfs/home/external/ctica/MS_thesis/RegCM/bin/./pgwbcCLM45
  /bin/sh ../../libtool   --mode=install /usr/bin/install -c pgw_icbc '/orfeo/cephfs/home/external/ctica/MS_thesis/RegCM/bin/./pgw_icbcCLM45'
libtool: install: /usr/bin/install -c pgw_icbc /orfeo/cephfs/home/external/ctica/MS_thesis/RegCM/bin/./pgw_icbcCLM45
make[4]: Nothing to be done for 'install-data-am'.
make[4]: Leaving directory '/orfeo/cephfs/home/external/ctica/MS_thesis/RegCM/PreProc/ICBC'
make[3]: Leaving directory '/orfeo/cephfs/home/external/ctica/MS_thesis/RegCM/PreProc/ICBC'
make[2]: Leaving directory '/orfeo/cephfs/home/external/ctica/MS_thesis/RegCM/PreProc/ICBC'
Making install in CLM
make[2]: Entering directory '/orfeo/cephfs/home/external/ctica/MS_thesis/RegCM/PreProc/CLM'
make[3]: Entering directory '/orfeo/cephfs/home/external/ctica/MS_thesis/RegCM/PreProc/CLM'
make[3]: Nothing to be done for 'install-data-am'.
make[3]: Leaving directory '/orfeo/cephfs/home/external/ctica/MS_thesis/RegCM/PreProc/CLM'
make[2]: Leaving directory '/orfeo/cephfs/home/external/ctica/MS_thesis/RegCM/PreProc/CLM'
Making install in CLM45
make[2]: Entering directory '/orfeo/cephfs/home/external/ctica/MS_thesis/RegCM/PreProc/CLM45'
make[3]: Entering directory '/orfeo/cephfs/home/external/ctica/MS_thesis/RegCM/PreProc/CLM45'
 /usr/bin/mkdir -p '/orfeo/cephfs/home/external/ctica/MS_thesis/RegCM/bin'
  /bin/sh ../../libtool   --mode=install /usr/bin/install -c mksurfdata '/orfeo/cephfs/home/external/ctica/MS_thesis/RegCM/bin/./mksurfdataCLM45'
libtool: install: /usr/bin/install -c mksurfdata /orfeo/cephfs/home/external/ctica/MS_thesis/RegCM/bin/./mksurfdataCLM45
  /bin/sh ../../libtool   --mode=install /usr/bin/install -c interpinic '/orfeo/cephfs/home/external/ctica/MS_thesis/RegCM/bin/./interpinicCLM45'
libtool: install: /usr/bin/install -c interpinic /orfeo/cephfs/home/external/ctica/MS_thesis/RegCM/bin/./interpinicCLM45
make[3]: Nothing to be done for 'install-data-am'.
make[3]: Leaving directory '/orfeo/cephfs/home/external/ctica/MS_thesis/RegCM/PreProc/CLM45'
make[2]: Leaving directory '/orfeo/cephfs/home/external/ctica/MS_thesis/RegCM/PreProc/CLM45'
Making install in CH_EMISSIONS
make[2]: Entering directory '/orfeo/cephfs/home/external/ctica/MS_thesis/RegCM/PreProc/CH_EMISSIONS'
Making install in interpolation
make[3]: Entering directory '/orfeo/cephfs/home/external/ctica/MS_thesis/RegCM/PreProc/CH_EMISSIONS/interpolation'
Making install in tools
make[4]: Entering directory '/orfeo/cephfs/home/external/ctica/MS_thesis/RegCM/PreProc/CH_EMISSIONS/interpolation/tools'
Making install in REGCM_grid
make[5]: Entering directory '/orfeo/cephfs/home/external/ctica/MS_thesis/RegCM/PreProc/CH_EMISSIONS/interpolation/tools/REGCM_grid'
make[6]: Entering directory '/orfeo/cephfs/home/external/ctica/MS_thesis/RegCM/PreProc/CH_EMISSIONS/interpolation/tools/REGCM_grid'
 /usr/bin/mkdir -p '/orfeo/cephfs/home/external/ctica/MS_thesis/RegCM/bin'
  /bin/sh ../../../../../libtool   --mode=install /usr/bin/install -c emcre_grid '/orfeo/cephfs/home/external/ctica/MS_thesis/RegCM/bin/./emcre_gridCLM45'
libtool: install: /usr/bin/install -c emcre_grid /orfeo/cephfs/home/external/ctica/MS_thesis/RegCM/bin/./emcre_gridCLM45
make[6]: Nothing to be done for 'install-data-am'.
make[6]: Leaving directory '/orfeo/cephfs/home/external/ctica/MS_thesis/RegCM/PreProc/CH_EMISSIONS/interpolation/tools/REGCM_grid'
make[5]: Leaving directory '/orfeo/cephfs/home/external/ctica/MS_thesis/RegCM/PreProc/CH_EMISSIONS/interpolation/tools/REGCM_grid'
make[5]: Entering directory '/orfeo/cephfs/home/external/ctica/MS_thesis/RegCM/PreProc/CH_EMISSIONS/interpolation/tools'
make[6]: Entering directory '/orfeo/cephfs/home/external/ctica/MS_thesis/RegCM/PreProc/CH_EMISSIONS/interpolation/tools'
make[6]: Nothing to be done for 'install-exec-am'.
make[6]: Nothing to be done for 'install-data-am'.
make[6]: Leaving directory '/orfeo/cephfs/home/external/ctica/MS_thesis/RegCM/PreProc/CH_EMISSIONS/interpolation/tools'
make[5]: Leaving directory '/orfeo/cephfs/home/external/ctica/MS_thesis/RegCM/PreProc/CH_EMISSIONS/interpolation/tools'
make[4]: Leaving directory '/orfeo/cephfs/home/external/ctica/MS_thesis/RegCM/PreProc/CH_EMISSIONS/interpolation/tools'
make[4]: Entering directory '/orfeo/cephfs/home/external/ctica/MS_thesis/RegCM/PreProc/CH_EMISSIONS/interpolation'
make[5]: Entering directory '/orfeo/cephfs/home/external/ctica/MS_thesis/RegCM/PreProc/CH_EMISSIONS/interpolation'
make  install-exec-hook
make[6]: Entering directory '/orfeo/cephfs/home/external/ctica/MS_thesis/RegCM/PreProc/CH_EMISSIONS/interpolation'
cp interp_emissions.sh /orfeo/cephfs/home/external/ctica/MS_thesis/RegCM/bin/interp_emissions
cp interp_pollen.sh /orfeo/cephfs/home/external/ctica/MS_thesis/RegCM/bin/interp_pollen
cp interp_bionox.sh /orfeo/cephfs/home/external/ctica/MS_thesis/RegCM/bin/interp_bionox
cp interp_dustparam.sh /orfeo/cephfs/home/external/ctica/MS_thesis/RegCM/bin/interp_dustparam
cp interp_emissions_bioburn.sh /orfeo/cephfs/home/external/ctica/MS_thesis/RegCM/bin/interp_emissions_bioburn.sh
make[6]: Leaving directory '/orfeo/cephfs/home/external/ctica/MS_thesis/RegCM/PreProc/CH_EMISSIONS/interpolation'
make[5]: Nothing to be done for 'install-data-am'.
make[5]: Leaving directory '/orfeo/cephfs/home/external/ctica/MS_thesis/RegCM/PreProc/CH_EMISSIONS/interpolation'
make[4]: Leaving directory '/orfeo/cephfs/home/external/ctica/MS_thesis/RegCM/PreProc/CH_EMISSIONS/interpolation'
make[3]: Leaving directory '/orfeo/cephfs/home/external/ctica/MS_thesis/RegCM/PreProc/CH_EMISSIONS/interpolation'
make[3]: Entering directory '/orfeo/cephfs/home/external/ctica/MS_thesis/RegCM/PreProc/CH_EMISSIONS'
make[4]: Entering directory '/orfeo/cephfs/home/external/ctica/MS_thesis/RegCM/PreProc/CH_EMISSIONS'
make[4]: Nothing to be done for 'install-exec-am'.
make[4]: Nothing to be done for 'install-data-am'.
make[4]: Leaving directory '/orfeo/cephfs/home/external/ctica/MS_thesis/RegCM/PreProc/CH_EMISSIONS'
make[3]: Leaving directory '/orfeo/cephfs/home/external/ctica/MS_thesis/RegCM/PreProc/CH_EMISSIONS'
make[2]: Leaving directory '/orfeo/cephfs/home/external/ctica/MS_thesis/RegCM/PreProc/CH_EMISSIONS'
make[2]: Entering directory '/orfeo/cephfs/home/external/ctica/MS_thesis/RegCM/PreProc'
make[3]: Entering directory '/orfeo/cephfs/home/external/ctica/MS_thesis/RegCM/PreProc'
make[3]: Nothing to be done for 'install-exec-am'.
make[3]: Nothing to be done for 'install-data-am'.
make[3]: Leaving directory '/orfeo/cephfs/home/external/ctica/MS_thesis/RegCM/PreProc'
make[2]: Leaving directory '/orfeo/cephfs/home/external/ctica/MS_thesis/RegCM/PreProc'
make[1]: Leaving directory '/orfeo/cephfs/home/external/ctica/MS_thesis/RegCM/PreProc'
Making install in Main
make[1]: Entering directory '/orfeo/cephfs/home/external/ctica/MS_thesis/RegCM/Main'
Making install in mpplib
make[2]: Entering directory '/orfeo/cephfs/home/external/ctica/MS_thesis/RegCM/Main/mpplib'
make[3]: Entering directory '/orfeo/cephfs/home/external/ctica/MS_thesis/RegCM/Main/mpplib'
make[3]: Nothing to be done for 'install-exec-am'.
make[3]: Nothing to be done for 'install-data-am'.
make[3]: Leaving directory '/orfeo/cephfs/home/external/ctica/MS_thesis/RegCM/Main/mpplib'
make[2]: Leaving directory '/orfeo/cephfs/home/external/ctica/MS_thesis/RegCM/Main/mpplib'
Making install in netlib
make[2]: Entering directory '/orfeo/cephfs/home/external/ctica/MS_thesis/RegCM/Main/netlib'
make[3]: Entering directory '/orfeo/cephfs/home/external/ctica/MS_thesis/RegCM/Main/netlib'
make[3]: Nothing to be done for 'install-exec-am'.
make[3]: Nothing to be done for 'install-data-am'.
make[3]: Leaving directory '/orfeo/cephfs/home/external/ctica/MS_thesis/RegCM/Main/netlib'
make[2]: Leaving directory '/orfeo/cephfs/home/external/ctica/MS_thesis/RegCM/Main/netlib'
Making install in batslib
make[2]: Entering directory '/orfeo/cephfs/home/external/ctica/MS_thesis/RegCM/Main/batslib'
make[3]: Entering directory '/orfeo/cephfs/home/external/ctica/MS_thesis/RegCM/Main/batslib'
make[3]: Nothing to be done for 'install-exec-am'.
make[3]: Nothing to be done for 'install-data-am'.
make[3]: Leaving directory '/orfeo/cephfs/home/external/ctica/MS_thesis/RegCM/Main/batslib'
make[2]: Leaving directory '/orfeo/cephfs/home/external/ctica/MS_thesis/RegCM/Main/batslib'
Making install in ocnlib
make[2]: Entering directory '/orfeo/cephfs/home/external/ctica/MS_thesis/RegCM/Main/ocnlib'
make[3]: Entering directory '/orfeo/cephfs/home/external/ctica/MS_thesis/RegCM/Main/ocnlib'
make[3]: Nothing to be done for 'install-exec-am'.
make[3]: Nothing to be done for 'install-data-am'.
make[3]: Leaving directory '/orfeo/cephfs/home/external/ctica/MS_thesis/RegCM/Main/ocnlib'
make[2]: Leaving directory '/orfeo/cephfs/home/external/ctica/MS_thesis/RegCM/Main/ocnlib'
Making install in chemlib
make[2]: Entering directory '/orfeo/cephfs/home/external/ctica/MS_thesis/RegCM/Main/chemlib'
Making install in GAS_CBMZ_NEW
make[3]: Entering directory '/orfeo/cephfs/home/external/ctica/MS_thesis/RegCM/Main/chemlib/GAS_CBMZ_NEW'
make[4]: Entering directory '/orfeo/cephfs/home/external/ctica/MS_thesis/RegCM/Main/chemlib/GAS_CBMZ_NEW'
make[4]: Nothing to be done for 'install-exec-am'.
make[4]: Nothing to be done for 'install-data-am'.
make[4]: Leaving directory '/orfeo/cephfs/home/external/ctica/MS_thesis/RegCM/Main/chemlib/GAS_CBMZ_NEW'
make[3]: Leaving directory '/orfeo/cephfs/home/external/ctica/MS_thesis/RegCM/Main/chemlib/GAS_CBMZ_NEW'
make[3]: Entering directory '/orfeo/cephfs/home/external/ctica/MS_thesis/RegCM/Main/chemlib'
make[4]: Entering directory '/orfeo/cephfs/home/external/ctica/MS_thesis/RegCM/Main/chemlib'
make[4]: Nothing to be done for 'install-exec-am'.
make[4]: Nothing to be done for 'install-data-am'.
make[4]: Leaving directory '/orfeo/cephfs/home/external/ctica/MS_thesis/RegCM/Main/chemlib'
make[3]: Leaving directory '/orfeo/cephfs/home/external/ctica/MS_thesis/RegCM/Main/chemlib'
make[2]: Leaving directory '/orfeo/cephfs/home/external/ctica/MS_thesis/RegCM/Main/chemlib'
Making install in clmlib
make[2]: Entering directory '/orfeo/cephfs/home/external/ctica/MS_thesis/RegCM/Main/clmlib'
Making install in clm4.5
make[3]: Entering directory '/orfeo/cephfs/home/external/ctica/MS_thesis/RegCM/Main/clmlib/clm4.5'
make[4]: Entering directory '/orfeo/cephfs/home/external/ctica/MS_thesis/RegCM/Main/clmlib/clm4.5'
make[4]: Nothing to be done for 'install-exec-am'.
make[4]: Nothing to be done for 'install-data-am'.
make[4]: Leaving directory '/orfeo/cephfs/home/external/ctica/MS_thesis/RegCM/Main/clmlib/clm4.5'
make[3]: Leaving directory '/orfeo/cephfs/home/external/ctica/MS_thesis/RegCM/Main/clmlib/clm4.5'
make[3]: Entering directory '/orfeo/cephfs/home/external/ctica/MS_thesis/RegCM/Main/clmlib'
make[4]: Entering directory '/orfeo/cephfs/home/external/ctica/MS_thesis/RegCM/Main/clmlib'
make[4]: Nothing to be done for 'install-exec-am'.
make[4]: Nothing to be done for 'install-data-am'.
make[4]: Leaving directory '/orfeo/cephfs/home/external/ctica/MS_thesis/RegCM/Main/clmlib'
make[3]: Leaving directory '/orfeo/cephfs/home/external/ctica/MS_thesis/RegCM/Main/clmlib'
make[2]: Leaving directory '/orfeo/cephfs/home/external/ctica/MS_thesis/RegCM/Main/clmlib'
Making install in microlib
make[2]: Entering directory '/orfeo/cephfs/home/external/ctica/MS_thesis/RegCM/Main/microlib'
make[3]: Entering directory '/orfeo/cephfs/home/external/ctica/MS_thesis/RegCM/Main/microlib'
make[3]: Nothing to be done for 'install-exec-am'.
make[3]: Nothing to be done for 'install-data-am'.
make[3]: Leaving directory '/orfeo/cephfs/home/external/ctica/MS_thesis/RegCM/Main/microlib'
make[2]: Leaving directory '/orfeo/cephfs/home/external/ctica/MS_thesis/RegCM/Main/microlib'
Making install in cloudlib
make[2]: Entering directory '/orfeo/cephfs/home/external/ctica/MS_thesis/RegCM/Main/cloudlib'
make[3]: Entering directory '/orfeo/cephfs/home/external/ctica/MS_thesis/RegCM/Main/cloudlib'
make[3]: Nothing to be done for 'install-exec-am'.
make[3]: Nothing to be done for 'install-data-am'.
make[3]: Leaving directory '/orfeo/cephfs/home/external/ctica/MS_thesis/RegCM/Main/cloudlib'
make[2]: Leaving directory '/orfeo/cephfs/home/external/ctica/MS_thesis/RegCM/Main/cloudlib'
Making install in cumlib
make[2]: Entering directory '/orfeo/cephfs/home/external/ctica/MS_thesis/RegCM/Main/cumlib'
make[3]: Entering directory '/orfeo/cephfs/home/external/ctica/MS_thesis/RegCM/Main/cumlib'
make[3]: Nothing to be done for 'install-exec-am'.
make[3]: Nothing to be done for 'install-data-am'.
make[3]: Leaving directory '/orfeo/cephfs/home/external/ctica/MS_thesis/RegCM/Main/cumlib'
make[2]: Leaving directory '/orfeo/cephfs/home/external/ctica/MS_thesis/RegCM/Main/cumlib'
Making install in radlib
make[2]: Entering directory '/orfeo/cephfs/home/external/ctica/MS_thesis/RegCM/Main/radlib'
Making install in RRTMG
make[3]: Entering directory '/orfeo/cephfs/home/external/ctica/MS_thesis/RegCM/Main/radlib/RRTMG'
make[4]: Entering directory '/orfeo/cephfs/home/external/ctica/MS_thesis/RegCM/Main/radlib/RRTMG'
make[4]: Nothing to be done for 'install-exec-am'.
make[4]: Nothing to be done for 'install-data-am'.
make[4]: Leaving directory '/orfeo/cephfs/home/external/ctica/MS_thesis/RegCM/Main/radlib/RRTMG'
make[3]: Leaving directory '/orfeo/cephfs/home/external/ctica/MS_thesis/RegCM/Main/radlib/RRTMG'
make[3]: Entering directory '/orfeo/cephfs/home/external/ctica/MS_thesis/RegCM/Main/radlib'
make[4]: Entering directory '/orfeo/cephfs/home/external/ctica/MS_thesis/RegCM/Main/radlib'
make[4]: Nothing to be done for 'install-exec-am'.
make[4]: Nothing to be done for 'install-data-am'.
make[4]: Leaving directory '/orfeo/cephfs/home/external/ctica/MS_thesis/RegCM/Main/radlib'
make[3]: Leaving directory '/orfeo/cephfs/home/external/ctica/MS_thesis/RegCM/Main/radlib'
make[2]: Leaving directory '/orfeo/cephfs/home/external/ctica/MS_thesis/RegCM/Main/radlib'
Making install in pbllib
make[2]: Entering directory '/orfeo/cephfs/home/external/ctica/MS_thesis/RegCM/Main/pbllib'
make[3]: Entering directory '/orfeo/cephfs/home/external/ctica/MS_thesis/RegCM/Main/pbllib'
make[3]: Nothing to be done for 'install-exec-am'.
make[3]: Nothing to be done for 'install-data-am'.
make[3]: Leaving directory '/orfeo/cephfs/home/external/ctica/MS_thesis/RegCM/Main/pbllib'
make[2]: Leaving directory '/orfeo/cephfs/home/external/ctica/MS_thesis/RegCM/Main/pbllib'
Making install in oasislib
make[2]: Entering directory '/orfeo/cephfs/home/external/ctica/MS_thesis/RegCM/Main/oasislib'
make[3]: Entering directory '/orfeo/cephfs/home/external/ctica/MS_thesis/RegCM/Main/oasislib'
make[3]: Nothing to be done for 'install-exec-am'.
make[3]: Nothing to be done for 'install-data-am'.
make[3]: Leaving directory '/orfeo/cephfs/home/external/ctica/MS_thesis/RegCM/Main/oasislib'
make[2]: Leaving directory '/orfeo/cephfs/home/external/ctica/MS_thesis/RegCM/Main/oasislib'
make[2]: Entering directory '/orfeo/cephfs/home/external/ctica/MS_thesis/RegCM/Main'
make[3]: Entering directory '/orfeo/cephfs/home/external/ctica/MS_thesis/RegCM/Main'
 /usr/bin/mkdir -p '/orfeo/cephfs/home/external/ctica/MS_thesis/RegCM/bin'
  /bin/sh ../libtool   --mode=install /usr/bin/install -c regcm '/orfeo/cephfs/home/external/ctica/MS_thesis/RegCM/bin/./regcmMPICLM45'
libtool: install: /usr/bin/install -c regcm /orfeo/cephfs/home/external/ctica/MS_thesis/RegCM/bin/./regcmMPICLM45
  /bin/sh ../libtool   --mode=install /usr/bin/install -c clmsa '/orfeo/cephfs/home/external/ctica/MS_thesis/RegCM/bin/./clmsaMPICLM45'
libtool: install: /usr/bin/install -c clmsa /orfeo/cephfs/home/external/ctica/MS_thesis/RegCM/bin/./clmsaMPICLM45
make[3]: Nothing to be done for 'install-data-am'.
make[3]: Leaving directory '/orfeo/cephfs/home/external/ctica/MS_thesis/RegCM/Main'
make[2]: Leaving directory '/orfeo/cephfs/home/external/ctica/MS_thesis/RegCM/Main'
make[1]: Leaving directory '/orfeo/cephfs/home/external/ctica/MS_thesis/RegCM/Main'
Making install in PostProc
make[1]: Entering directory '/orfeo/cephfs/home/external/ctica/MS_thesis/RegCM/PostProc'
make[2]: Entering directory '/orfeo/cephfs/home/external/ctica/MS_thesis/RegCM/PostProc'
 /usr/bin/mkdir -p '/orfeo/cephfs/home/external/ctica/MS_thesis/RegCM/bin'
  /bin/sh ../libtool   --mode=install /usr/bin/install -c sigma2p '/orfeo/cephfs/home/external/ctica/MS_thesis/RegCM/bin/./sigma2pCLM45'
libtool: install: /usr/bin/install -c sigma2p /orfeo/cephfs/home/external/ctica/MS_thesis/RegCM/bin/./sigma2pCLM45
  /bin/sh ../libtool   --mode=install /usr/bin/install -c sigma2z '/orfeo/cephfs/home/external/ctica/MS_thesis/RegCM/bin/./sigma2zCLM45'
libtool: install: /usr/bin/install -c sigma2z /orfeo/cephfs/home/external/ctica/MS_thesis/RegCM/bin/./sigma2zCLM45
  /bin/sh ../libtool   --mode=install /usr/bin/install -c GrADSNcPlot '/orfeo/cephfs/home/external/ctica/MS_thesis/RegCM/bin/./GrADSNcPlotCLM45'
libtool: install: /usr/bin/install -c GrADSNcPlot /orfeo/cephfs/home/external/ctica/MS_thesis/RegCM/bin/./GrADSNcPlotCLM45
  /bin/sh ../libtool   --mode=install /usr/bin/install -c GrADSNcPrepare '/orfeo/cephfs/home/external/ctica/MS_thesis/RegCM/bin/./GrADSNcPrepareCLM45'
libtool: install: /usr/bin/install -c GrADSNcPrepare /orfeo/cephfs/home/external/ctica/MS_thesis/RegCM/bin/./GrADSNcPrepareCLM45
  /bin/sh ../libtool   --mode=install /usr/bin/install -c clm45_1dto2d '/orfeo/cephfs/home/external/ctica/MS_thesis/RegCM/bin/./clm45_1dto2dCLM45'
libtool: install: /usr/bin/install -c clm45_1dto2d /orfeo/cephfs/home/external/ctica/MS_thesis/RegCM/bin/./clm45_1dto2dCLM45
make  install-exec-hook
make[3]: Entering directory '/orfeo/cephfs/home/external/ctica/MS_thesis/RegCM/PostProc'
cp regrid.sh /orfeo/cephfs/home/external/ctica/MS_thesis/RegCM/bin/regrid
cp average.sh /orfeo/cephfs/home/external/ctica/MS_thesis/RegCM/bin/average
make[3]: Leaving directory '/orfeo/cephfs/home/external/ctica/MS_thesis/RegCM/PostProc'
make[2]: Nothing to be done for 'install-data-am'.
make[2]: Leaving directory '/orfeo/cephfs/home/external/ctica/MS_thesis/RegCM/PostProc'
make[1]: Leaving directory '/orfeo/cephfs/home/external/ctica/MS_thesis/RegCM/PostProc'
make[1]: Entering directory '/orfeo/cephfs/home/external/ctica/MS_thesis/RegCM'
make[2]: Entering directory '/orfeo/cephfs/home/external/ctica/MS_thesis/RegCM'
make[2]: Nothing to be done for 'install-exec-am'.
make[2]: Nothing to be done for 'install-data-am'.
make[2]: Leaving directory '/orfeo/cephfs/home/external/ctica/MS_thesis/RegCM'
make[1]: Leaving directory '/orfeo/cephfs/home/external/ctica/MS_thesis/RegCM'
