WARNING: Device-side CUDA Event completion trace is currently enabled.
         This may increase runtime overhead and the likelihood of false
         dependencies across CUDA Streams. If you wish to avoid this, please
         disable the feature with --cuda-event-trace=false.
WARNING: Device-side CUDA Event completion trace is currently enabled.
         This may increase runtime overhead and the likelihood of false
         dependencies across CUDA Streams. If you wish to avoid this, please
         disable the feature with --cuda-event-trace=false.
WARNING: Device-side CUDA Event completion trace is currently enabled.
         This may increase runtime overhead and the likelihood of false
         dependencies across CUDA Streams. If you wish to avoid this, please
         disable the feature with --cuda-event-trace=false.
WARNING: Device-side CUDA Event completion trace is currently enabled.
         This may increase runtime overhead and the likelihood of false
         dependencies across CUDA Streams. If you wish to avoid this, please
         disable the feature with --cuda-event-trace=false.
 Permission denied                                                               
 In File mod_ncstream.F90 at line:           378
 nc_stream : Cannot create or open file output//EURR-3_ATM.2009100100.nc:  
            1
 Abort called by computing node             0 at 2026-03-08 23:42:08.095 +0100
 Execution terminated because of runtime error
--------------------------------------------------------------------------
MPI_ABORT was invoked on rank 0 in communicator MPI COMMUNICATOR 3 DUP FROM 0
with errorcode 1.

NOTE: invoking MPI_ABORT causes Open MPI to kill all MPI processes.
You may or may not see output from other processes, depending on
exactly when Open MPI kills them.
--------------------------------------------------------------------------
slurmstepd: error: *** STEP 37287944.0 ON lrdn2317 CANCELLED AT 2026-03-08T23:42:08 ***
srun: Job step aborted: Waiting up to 122 seconds for job step to finish.
slurmstepd: error:  mpi/pmix_v3: _errhandler: lrdn2317 [0]: pmixp_client_v2.c:212: Error handler invoked: status = -25, source = [slurm.pmix.37287944.0:3]
srun: error: lrdn2317: tasks 0-3: Killed
