 No such file or directory                                                       
 /leonardo_work/ICT25_ESP/RCMDATA/CMIP6/GHG/mole-fraction-of-carbon-dioxide-in-air_input4MIPs_GHGConcentrations_CMIP_UoM-CMIP-1-2-0_gr-0p5x360deg_000001-201412.nc
 -------------- FATAL CALLED ---------------
  Fatal in file: mod_ipcc_scenario.F90 at line:     2152
 CANNOT OPEN FILE
 -------------------------------------------
 mod_ipcc_scenario.F90 :     2152:             1
 Abort called by computing node             0 at 2026-05-01 14:59:25.411 +0200
 Execution terminated because of runtime error
--------------------------------------------------------------------------
MPI_ABORT was invoked on rank 0 in communicator MPI COMMUNICATOR 3 DUP FROM 0
with errorcode 1.

NOTE: invoking MPI_ABORT causes Open MPI to kill all MPI processes.
You may or may not see output from other processes, depending on
exactly when Open MPI kills them.
--------------------------------------------------------------------------
srun: Job step aborted: Waiting up to 122 seconds for job step to finish.
slurmstepd: error: *** STEP 40463993.0 ON lrdn1158 CANCELLED AT 2026-05-01T14:59:25 ***
srun: error: lrdn1158: tasks 1-3: Killed
srun: error: lrdn1158: task 0: Exited with exit code 1
