 WARNING:  CLM step     :                      2690
 WARNING:  indexc       :        922830
 WARNING:  ctype(indexc):            61
 WARNING:  water balance error                        Inf
 clm urban model is stopping - error is greater than .10
 indexc=        922830  errh2o=                        Inf
 ctype(indexc):            61
 forc_rain    =     0.000000000000000     
 forc_snow    =    2.2510178657539801E-014
 endwb        =                        Inf
 begwb        =    1.9393410559088314E-008
 qflx_evap_tot=     0.000000000000000     
 qflx_irrig   =     0.000000000000000     
 qflx_surf    =     0.000000000000000     
 qflx_qrgwl   =     0.000000000000000     
 qflx_drain   =     0.000000000000000     
 qflx_snwcp_ice   =     0.000000000000000     
 -------------- FATAL CALLED ---------------
  Fatal in file: mod_clm_balancecheck.F90 at line:      487
 clm model is stopping
 -------------------------------------------
 Abort called by computing node             6 at 2025-12-28 03:30:24.959 +0100
 Execution terminated because of runtime error
--------------------------------------------------------------------------
MPI_ABORT was invoked on rank 6 in communicator MPI COMMUNICATOR 3 DUP FROM 0
with errorcode 1.

NOTE: invoking MPI_ABORT causes Open MPI to kill all MPI processes.
You may or may not see output from other processes, depending on
exactly when Open MPI kills them.
--------------------------------------------------------------------------
srun: Job step aborted: Waiting up to 182 seconds for job step to finish.
slurmstepd: error: *** STEP 31137673.0 ON lrdn0919 CANCELLED AT 2025-12-28T03:30:24 ***
srun: error: lrdn0920: tasks 4-5,7: Killed
srun: error: lrdn0919: tasks 1-3: Killed
srun: error: lrdn0930: tasks 12,14: Killed
srun: error: lrdn0929: tasks 8-9,11: Killed
srun: error: lrdn0929: task 10: Killed
srun: error: lrdn0920: task 6: Exited with exit code 1
srun: error: lrdn0930: tasks 13,15: Killed
srun: error: lrdn0919: task 0: Killed
