 WARNING:  CLM step     :                      2552
 WARNING:  indexc       :       2070266
 WARNING:  ctype(indexc):            64
 WARNING:  water balance error                        Inf
 clm urban model is stopping - error is greater than .10
 indexc=       2070266  errh2o=                        Inf
 ctype(indexc):            64
 forc_rain    =     0.000000000000000     
 forc_snow    =    1.5334535571931731E-006
 endwb        =                        Inf
 begwb        =    8.1767567523825249E-004
 qflx_evap_tot=     0.000000000000000     
 qflx_irrig   =     0.000000000000000     
 qflx_surf    =     0.000000000000000     
 qflx_qrgwl   =     0.000000000000000     
 qflx_drain   =     0.000000000000000     
 qflx_snwcp_ice   =     0.000000000000000     
 -------------- FATAL CALLED ---------------
  Fatal in file: mod_clm_balancecheck.F90 at line:      487
 clm model is stopping
 -------------------------------------------
 Abort called by computing node            13 at 2025-12-29 01:39:58.512 +0100
 Execution terminated because of runtime error
--------------------------------------------------------------------------
MPI_ABORT was invoked on rank 13 in communicator MPI COMMUNICATOR 3 DUP FROM 0
with errorcode 1.

NOTE: invoking MPI_ABORT causes Open MPI to kill all MPI processes.
You may or may not see output from other processes, depending on
exactly when Open MPI kills them.
--------------------------------------------------------------------------
srun: Job step aborted: Waiting up to 182 seconds for job step to finish.
slurmstepd: error: *** STEP 31370203.0 ON lrdn0911 CANCELLED AT 2025-12-29T01:39:58 ***
srun: error: lrdn0919: tasks 12,14: Killed
srun: error: lrdn0919: task 13: Exited with exit code 1
srun: error: lrdn0918: tasks 8,10: Killed
srun: error: lrdn0919: task 15: Killed
srun: error: lrdn0911: tasks 1-3: Killed
srun: error: lrdn0917: tasks 5-7: Killed
srun: error: lrdn0917: task 4: Killed
srun: error: lrdn0918: tasks 9,11: Killed
srun: error: lrdn0911: task 0: Killed
