 WARNING:  CLM step     :                      3653
 WARNING:  indexc       :       1059563
 WARNING:  ctype(indexc):            61
 WARNING:  water balance error                        Inf
 clm urban model is stopping - error is greater than .10
 indexc=       1059563  errh2o=                        Inf
 ctype(indexc):            61
 forc_rain    =     0.000000000000000     
 forc_snow    =    1.3118996041944216E-010
 endwb        =                        Inf
 begwb        =    1.0226368231538082E-008
 qflx_evap_tot=     0.000000000000000     
 qflx_irrig   =     0.000000000000000     
 qflx_surf    =     0.000000000000000     
 qflx_qrgwl   =     0.000000000000000     
 qflx_drain   =     0.000000000000000     
 qflx_snwcp_ice   =     0.000000000000000     
 -------------- FATAL CALLED ---------------
  Fatal in file: mod_clm_balancecheck.F90 at line:      487
 clm model is stopping
 -------------------------------------------
 Abort called by computing node             7 at 2025-12-28 19:21:43.247 +0100
 Execution terminated because of runtime error
--------------------------------------------------------------------------
MPI_ABORT was invoked on rank 7 in communicator MPI COMMUNICATOR 3 DUP FROM 0
with errorcode 1.

NOTE: invoking MPI_ABORT causes Open MPI to kill all MPI processes.
You may or may not see output from other processes, depending on
exactly when Open MPI kills them.
--------------------------------------------------------------------------
srun: Job step aborted: Waiting up to 182 seconds for job step to finish.
slurmstepd: error: *** STEP 31300160.0 ON lrdn0909 CANCELLED AT 2025-12-28T19:21:43 ***
srun: error: lrdn0911: tasks 5-6: Killed
srun: error: lrdn0911: task 7: Exited with exit code 1
srun: error: lrdn0918: tasks 9-10: Killed
srun: error: lrdn0919: tasks 13-15: Killed
srun: error: lrdn0909: tasks 1-3: Killed
srun: error: lrdn0911: task 4: Killed
srun: error: lrdn0919: task 12: Killed
srun: error: lrdn0918: tasks 8,11: Killed
srun: error: lrdn0909: task 0: Killed
