 energy balance in canopy       2849107 , err=   0.2803058893543995     
 BalanceCheck: surface flux energy balance error step =       668 point =****** imbalance =    0.280306 W/m2
  sabv           =     112.5479361930041     
  column      =        719651
  sabg           =     16.50411486436455         16.50411486436455      
    16.50411486436455     
  eflx_lwrad_net =     19.22206994018416     
  eflx_sh_tot    =    -8.293024463714694     
  eflx_lh_tot    =     105.5473011663486     
  eflx_soil_grnd =     12.29539852519611     
 -------------- FATAL CALLED ---------------
  Fatal in file: mod_clm_balancecheck.F90 at line:      735
 clm model is stopping
 -------------------------------------------
 Abort called by computing node             4 at 2025-11-12 04:17:30.251 +0100
 Execution terminated because of runtime error
--------------------------------------------------------------------------
MPI_ABORT was invoked on rank 4 in communicator MPI COMMUNICATOR 3 DUP FROM 0
with errorcode 1.

NOTE: invoking MPI_ABORT causes Open MPI to kill all MPI processes.
You may or may not see output from other processes, depending on
exactly when Open MPI kills them.
--------------------------------------------------------------------------
srun: Job step aborted: Waiting up to 182 seconds for job step to finish.
slurmstepd: error: *** STEP 25618622.0 ON lrdn2902 CANCELLED AT 2025-11-12T04:17:30 ***
srun: error: lrdn2905: tasks 12-15: Killed
srun: error: lrdn2904: tasks 8-11: Killed
srun: error: lrdn2903: tasks 4-7: Killed
slurmstepd: error:  mpi/pmix_v3: _errhandler: lrdn2902 [0]: pmixp_client_v2.c:212: Error handler invoked: status = -25, source = [slurm.pmix.25618622.0:1]
srun: error: lrdn2902: tasks 0-3: Killed
