Out of memory allocating 205449216 bytes of device memory
Failing in Thread:1
total/free CUDA memory: 85017624576/2818048
Present table dump for device[1]: NVIDIA Tesla GPU 0, compute capability 9.0, threadid=1
Hint: specify 0x800 bit in NV_ACC_DEBUG for verbose info.
host:0x38d5c40 device:0x7f09e6a0b200 size:80 presentcount:0+1 line:-1 name:_mod_bdycod_21
host:0x3964ac0 device:0x7f09e6a0b300 size:96 presentcount:0+1 line:-1 name:_mod_slice_21
host:0x39dedc0 device:0x7f09e6a0b400 size:328 presentcount:0+1 line:-1 name:_mod_moloch_21
host:0x3a27780 device:0x7f09e6a0bb00 size:184 presentcount:0+1 line:-1 name:_mod_che_carbonaer_21
host:0x3a28ec0 device:0x7f09e6a0b600 size:1248 presentcount:0+1 line:-1 name:_mod_che_param_21
host:0x3a29500 device:0x7f09e6a14900 size:500 presentcount:0+1 line:-1 name:_mod_cbmz_integrator_21
host:0x3a29940 device:0x7f09e6a0bc00 size:10076 presentcount:0+1 line:-1 name:_mod_cbmz_jacobiansp_21
host:0x3a6cb00 device:0x7f09e6a14b00 size:1016 presentcount:0+1 line:-1 name:_mod_rad_o3blk_21
host:0x3a7adc0 device:0x7f09e6a14f00 size:544 presentcount:0+1 line:-1 name:_mod_rad_common_21
host:0x3a7b080 device:0x7f09e6a15200 size:5136 presentcount:0+1 line:-1 name:_mod_rad_radiation_21
host:0x3a92180 device:0x7f09e6a1a600 size:53520 presentcount:0+1 line:-1 name:_mod_rad_aerosol_21
host:0x3aeae40 device:0x7f09e6a27800 size:60 presentcount:0+1 line:-1 name:_rrlw_ncpar_21
host:0x3aeb140 device:0x7f09e6a27900 size:468 presentcount:0+1 line:-1 name:_rrsw_ncpar_21
host:0x3b1dce0 device:0x7f09e1efa000 size:128 presentcount:0+1 line:561 name:descriptor
host:0x3b21ac0 device:0x7f09e6a27b00 size:192 presentcount:0+1 line:-1 name:_mod_ipcc_scenario_21
host:0x3b23200 device:0x7f09e6a27c00 size:11 presentcount:0+1 line:-1 name:_mod_message_21
host:0x3b4d500 device:0x7f09e6a16700 size:15888 presentcount:0+1 line:-1 name:_mod_stdatm_21
host:0x3c485d0 device:0x7f09e1efa200 size:176 presentcount:0+1 line:64 name:descriptor
host:0x5ed5040 device:0x7f09e6a27d00 size:64 presentcount:0+1 line:-1 name:_st_381c011e445123051f39190047657540652c54700605725042624e57007c03266140__ieee_arithmetic_la_8
allocated block device:0x7f09e1efa000 size:512 thread:1
allocated block device:0x7f09e1efa200 size:512 thread:1
Accelerator Fatal Error: call to cuMemAlloc returned error 2 (CUDA_ERROR_OUT_OF_MEMORY): Out of memory
 File: /orfeo/cephfs/home/external/ctica/ICTP_RegCM/RegCM/Main/radlib/mod_rad_radiation.F90
 Function: radabs:2162
 Line: 2355

Out of memory allocating 205031424 bytes of device memory
Failing in Thread:1
total/free CUDA memory: 85017624576/2359296
Present table dump for device[2]: NVIDIA Tesla GPU 1, compute capability 9.0, threadid=1
Hint: specify 0x800 bit in NV_ACC_DEBUG for verbose info.
host:0x38d5c40 device:0x7ff3aaa0b200 size:80 presentcount:0+1 line:-1 name:_mod_bdycod_21
host:0x3964ac0 device:0x7ff3aaa0b300 size:96 presentcount:0+1 line:-1 name:_mod_slice_21
host:0x39dedc0 device:0x7ff3aaa0b400 size:328 presentcount:0+1 line:-1 name:_mod_moloch_21
host:0x3a27780 device:0x7ff3aaa0bb00 size:184 presentcount:0+1 line:-1 name:_mod_che_carbonaer_21
host:0x3a28ec0 device:0x7ff3aaa0b600 size:1248 presentcount:0+1 line:-1 name:_mod_che_param_21
host:0x3a29500 device:0x7ff3aaa14900 size:500 presentcount:0+1 line:-1 name:_mod_cbmz_integrator_21
host:0x3a29940 device:0x7ff3aaa0bc00 size:10076 presentcount:0+1 line:-1 name:_mod_cbmz_jacobiansp_21
host:0x3a6cb00 device:0x7ff3aaa14b00 size:1016 presentcount:0+1 line:-1 name:_mod_rad_o3blk_21
host:0x3a7adc0 device:0x7ff3aaa14f00 size:544 presentcount:0+1 line:-1 name:_mod_rad_common_21
host:0x3a7b080 device:0x7ff3aaa15200 size:5136 presentcount:0+1 line:-1 name:_mod_rad_radiation_21
host:0x3a92180 device:0x7ff3aaa1a600 size:53520 presentcount:0+1 line:-1 name:_mod_rad_aerosol_21
host:0x3aeae40 device:0x7ff3aaa27800 size:60 presentcount:0+1 line:-1 name:_rrlw_ncpar_21
host:0x3aeb140 device:0x7ff3aaa27900 size:468 presentcount:0+1 line:-1 name:_rrsw_ncpar_21
host:0x3b1dce0 device:0x7ff3a5efa000 size:128 presentcount:0+1 line:561 name:descriptor
host:0x3b21ac0 device:0x7ff3aaa27b00 size:192 presentcount:0+1 line:-1 name:_mod_ipcc_scenario_21
host:0x3b23200 device:0x7ff3aaa27c00 size:11 presentcount:0+1 line:-1 name:_mod_message_21
host:0x3b4d500 device:0x7ff3aaa16700 size:15888 presentcount:0+1 line:-1 name:_mod_stdatm_21
host:0x3c485d0 device:0x7ff3a5efa200 size:176 presentcount:0+1 line:64 name:descriptor
host:0x5ed5040 device:0x7ff3aaa27d00 size:64 presentcount:0+1 line:-1 name:_st_381c011e445123051f39190047657540652c54700605725042624e57007c03266140__ieee_arithmetic_la_8
allocated block device:0x7ff3a5efa000 size:512 thread:1
allocated block device:0x7ff3a5efa200 size:512 thread:1
Accelerator Fatal Error: call to cuMemAlloc returned error 2 (CUDA_ERROR_OUT_OF_MEMORY): Out of memory
 File: /orfeo/cephfs/home/external/ctica/ICTP_RegCM/RegCM/Main/radlib/mod_rad_radiation.F90
 Function: radabs:2162
 Line: 2355

--------------------------------------------------------------------------
Primary job  terminated normally, but 1 process returned
a non-zero exit code. Per user-direction, the job has been aborted.
--------------------------------------------------------------------------
--------------------------------------------------------------------------
mpirun detected that one or more processes exited with non-zero status, thus causing
the job to be terminated. The first process to do so was:

  Process name: [[24853,1],0]
  Exit code:    1
--------------------------------------------------------------------------
