load CMAKE/3.30.5 (PATH)
 energy balance in canopy       2140476 , err=  -0.1836428657005768     
 BalanceCheck: surface flux energy balance error step =         6 point =****** imbalance =   -0.183643 W/m2
  sabv           =     0.000000000000000     
  column      =        539191
  sabg           =     0.000000000000000         0.000000000000000      
    0.000000000000000     
  eflx_lwrad_net =     89.82688763010003     
  eflx_sh_tot    =    -68.45645754296471     
  eflx_lh_tot    =     8.334834794942545     
  eflx_soil_grnd =    -29.52162201637726     
 -------------- FATAL CALLED ---------------
  Fatal in file: mod_clm_balancecheck.F90 at line:      735
 clm model is stopping
 -------------------------------------------
 Abort called by computing node             7 at 2026-02-10 17:42:50.239 +0100
 Execution terminated because of runtime error
--------------------------------------------------------------------------
MPI_ABORT was invoked on rank 7 in communicator MPI COMMUNICATOR 3 DUP FROM 0
with errorcode 1.

NOTE: invoking MPI_ABORT causes Open MPI to kill all MPI processes.
You may or may not see output from other processes, depending on
exactly when Open MPI kills them.
--------------------------------------------------------------------------
