load CMAKE/3.30.5 (PATH)
[as07r1b11:775370:0:775370] proto_select.c:210  Assertion `init_params.rkey_config_key->ep_cfg_index == ep_cfg_index' failed: rkey->ep_cfg_index=9 ep_cfg_index=4
==== backtrace (tid: 775370) ====
 0 0x0000000000069ec5 ucp_proto_select_init_protocols()  /build-result/src/hpcx-v2.25.1-gcc-doca_ofed-redhat8-cuda12-x86_64/ucx-be940c1de97a134a6a9c4b131e91db6b8d1711f1/src/ucp/proto/proto_select.c:207
 1 0x000000000006b4b7 ucp_proto_select_elem_init()  /build-result/src/hpcx-v2.25.1-gcc-doca_ofed-redhat8-cuda12-x86_64/ucx-be940c1de97a134a6a9c4b131e91db6b8d1711f1/src/ucp/proto/proto_select.c:478
 2 0x000000000006b803 ucp_proto_select_lookup_slow()  /build-result/src/hpcx-v2.25.1-gcc-doca_ofed-redhat8-cuda12-x86_64/ucx-be940c1de97a134a6a9c4b131e91db6b8d1711f1/src/ucp/proto/proto_select.c:541
 3 0x000000000008181d ucp_proto_rndv_ctrl_select_remote_proto()  /build-result/src/hpcx-v2.25.1-gcc-doca_ofed-redhat8-cuda12-x86_64/ucx-be940c1de97a134a6a9c4b131e91db6b8d1711f1/src/ucp/rndv/proto_rndv.c:181
 4 0x0000000000082029 ucp_proto_rndv_ctrl_probe()  /build-result/src/hpcx-v2.25.1-gcc-doca_ofed-redhat8-cuda12-x86_64/ucx-be940c1de97a134a6a9c4b131e91db6b8d1711f1/src/ucp/rndv/proto_rndv.c:452
 5 0x000000000008ec28 ucp_proto_rndv_rtr_mtype_probe()  /build-result/src/hpcx-v2.25.1-gcc-doca_ofed-redhat8-cuda12-x86_64/ucx-be940c1de97a134a6a9c4b131e91db6b8d1711f1/src/ucp/rndv/rndv_rtr.c:452
 6 0x0000000000069dd7 ucp_proto_select_init_protocols()  /build-result/src/hpcx-v2.25.1-gcc-doca_ofed-redhat8-cuda12-x86_64/ucx-be940c1de97a134a6a9c4b131e91db6b8d1711f1/src/ucp/proto/proto_select.c:220
 7 0x000000000006b4b7 ucp_proto_select_elem_init()  /build-result/src/hpcx-v2.25.1-gcc-doca_ofed-redhat8-cuda12-x86_64/ucx-be940c1de97a134a6a9c4b131e91db6b8d1711f1/src/ucp/proto/proto_select.c:478
 8 0x000000000006b803 ucp_proto_select_lookup_slow()  /build-result/src/hpcx-v2.25.1-gcc-doca_ofed-redhat8-cuda12-x86_64/ucx-be940c1de97a134a6a9c4b131e91db6b8d1711f1/src/ucp/proto/proto_select.c:541
 9 0x000000000008304c ucp_proto_select_lookup()  /build-result/src/hpcx-v2.25.1-gcc-doca_ofed-redhat8-cuda12-x86_64/ucx-be940c1de97a134a6a9c4b131e91db6b8d1711f1/src/ucp/proto/proto_select.inl:98
10 0x000000000008304c ucp_proto_request_lookup_proto()  /build-result/src/hpcx-v2.25.1-gcc-doca_ofed-redhat8-cuda12-x86_64/ucx-be940c1de97a134a6a9c4b131e91db6b8d1711f1/src/ucp/proto/proto_common.inl:209
11 0x000000000008304c ucp_proto_rndv_send_reply()  /build-result/src/hpcx-v2.25.1-gcc-doca_ofed-redhat8-cuda12-x86_64/ucx-be940c1de97a134a6a9c4b131e91db6b8d1711f1/src/ucp/rndv/proto_rndv.c:766
12 0x00000000000831b3 ucp_proto_rndv_receive_start()  /build-result/src/hpcx-v2.25.1-gcc-doca_ofed-redhat8-cuda12-x86_64/ucx-be940c1de97a134a6a9c4b131e91db6b8d1711f1/src/ucp/rndv/proto_rndv.c:851
13 0x00000000000b0eff ucp_tag_recv_common()  /build-result/src/hpcx-v2.25.1-gcc-doca_ofed-redhat8-cuda12-x86_64/ucx-be940c1de97a134a6a9c4b131e91db6b8d1711f1/src/ucp/tag/tag_recv.c:140
14 0x00000000000b0eff ucp_tag_recv_common()  /build-result/src/hpcx-v2.25.1-gcc-doca_ofed-redhat8-cuda12-x86_64/ucx-be940c1de97a134a6a9c4b131e91db6b8d1711f1/src/ucp/tag/tag_recv.c:144
15 0x00000000000b0eff ucp_tag_recv_nbx()  /build-result/src/hpcx-v2.25.1-gcc-doca_ofed-redhat8-cuda12-x86_64/ucx-be940c1de97a134a6a9c4b131e91db6b8d1711f1/src/ucp/tag/tag_recv.c:246
16 0x0000000000003f67 mca_pml_ucx_recv()  /proj/scratch/qa/library_builds/Linux_x86_64/rel_nv_lib_hpcx_cuda12_x86_64/work/rebuild_ompi/ompi/build/ompi/mca/pml/ucx/../../../../../ompi/mca/pml/ucx/pml_ucx.c:648
17 0x00000000000057f3 mca_coll_basic_gatherv_intra()  /proj/scratch/qa/library_builds/Linux_x86_64/rel_nv_lib_hpcx_cuda12_x86_64/work/rebuild_ompi/ompi/build/ompi/mca/coll/basic/../../../../../ompi/mca/coll/basic/coll_basic_gatherv.c:88
18 0x0000000000072f02 PMPI_Gatherv()  /proj/scratch/qa/library_builds/Linux_x86_64/rel_nv_lib_hpcx_cuda12_x86_64/work/rebuild_ompi/ompi/build/ompi/mpi/c/profile/pgatherv.c:196
19 0x000000000004889c ompi_gatherv_f()  /proj/scratch/qa/library_builds/Linux_x86_64/rel_nv_lib_hpcx_cuda12_x86_64/work/rebuild_ompi/ompi/build/ompi/mpi/fortran/mpif-h/profile/pgatherv_f.c:93
20 0x00000000017c2a64 mod_mppparam_cl_setup_real8_()  /gpfs/home/ictp/ictp549985/RegCM/Main/mpplib/mod_mppparam.F90:18864
21 0x0000000000461266 mod_lm_interface_init_surface_model_()  /gpfs/home/ictp/ictp549985/RegCM/Main/mod_lm_interface.F90:258
22 0x0000000000973e61 mod_params_param_()  /gpfs/home/ictp/ictp549985/RegCM/Main/mod_params.F90:2344
23 0x000000000044bef6 mod_regcm_interface_rcm_initialize_()  /gpfs/home/ictp/ictp549985/RegCM/Main/mod_regcm_interface.F90:146
24 0x0000000000aaa34f MAIN_()  /gpfs/home/ictp/ictp549985/RegCM/Main/regcm.F90:64
25 0x000000000044b4f1 main()  ???:0
26 0x000000000003feb0 __libc_start_call_main()  ???:0
27 0x000000000003ff60 __libc_start_main_alias_2()  :0
28 0x000000000044b3e5 _start()  ???:0
=================================
[as07r1b11:775370] *** Process received signal ***
[as07r1b11:775370] Signal: Aborted (6)
[as07r1b11:775370] Signal code:  (-6)
[as07r1b11:775370] [ 0] /lib64/libc.so.6(+0x54df0)[0x7f78b5295df0]
[as07r1b11:775370] [ 1] /lib64/libc.so.6(+0xa154c)[0x7f78b52e254c]
[as07r1b11:775370] [ 2] /lib64/libc.so.6(raise+0x16)[0x7f78b5295d46]
[as07r1b11:775370] [ 3] /lib64/libc.so.6(abort+0xd3)[0x7f78b52697f3]
[as07r1b11:775370] [ 4] /gpfs/home/ictp/ictp992004/netcdf/Linux_x86_64/26.1/comm_libs/12.9/hpcx/hpcx-2.25.1/ucx/mt/lib/libucs.so.0(+0x5f365)[0x7f77aeac8365]
[as07r1b11:775370] [ 5] /gpfs/home/ictp/ictp992004/netcdf/Linux_x86_64/26.1/comm_libs/12.9/hpcx/hpcx-2.25.1/ucx/mt/lib/libucs.so.0(+0x5f437)[0x7f77aeac8437]
[as07r1b11:775370] [ 6] /gpfs/home/ictp/ictp992004/netcdf/Linux_x86_64/26.1/comm_libs/12.9/hpcx/hpcx-2.25.1/ucx/mt/lib/libucp.so.0(+0x69ec5)[0x7f78b2803ec5]
[as07r1b11:775370] [ 7] /gpfs/home/ictp/ictp992004/netcdf/Linux_x86_64/26.1/comm_libs/12.9/hpcx/hpcx-2.25.1/ucx/mt/lib/libucp.so.0(+0x6b4b7)[0x7f78b28054b7]
[as07r1b11:775370] [ 8] /gpfs/home/ictp/ictp992004/netcdf/Linux_x86_64/26.1/comm_libs/12.9/hpcx/hpcx-2.25.1/ucx/mt/lib/libucp.so.0(ucp_proto_select_lookup_slow+0xf3)[0x7f78b2805803]
[as07r1b11:775370] [ 9] /gpfs/home/ictp/ictp992004/netcdf/Linux_x86_64/26.1/comm_libs/12.9/hpcx/hpcx-2.25.1/ucx/mt/lib/libucp.so.0(+0x8181d)[0x7f78b281b81d]
[as07r1b11:775370] [10] /gpfs/home/ictp/ictp992004/netcdf/Linux_x86_64/26.1/comm_libs/12.9/hpcx/hpcx-2.25.1/ucx/mt/lib/libucp.so.0(ucp_proto_rndv_ctrl_probe+0x109)[0x7f78b281c029]
[as07r1b11:775370] [11] /gpfs/home/ictp/ictp992004/netcdf/Linux_x86_64/26.1/comm_libs/12.9/hpcx/hpcx-2.25.1/ucx/mt/lib/libucp.so.0(+0x8ec28)[0x7f78b2828c28]
[as07r1b11:775370] [12] /gpfs/home/ictp/ictp992004/netcdf/Linux_x86_64/26.1/comm_libs/12.9/hpcx/hpcx-2.25.1/ucx/mt/lib/libucp.so.0(+0x69dd7)[0x7f78b2803dd7]
[as07r1b11:775370] [13] /gpfs/home/ictp/ictp992004/netcdf/Linux_x86_64/26.1/comm_libs/12.9/hpcx/hpcx-2.25.1/ucx/mt/lib/libucp.so.0(+0x6b4b7)[0x7f78b28054b7]
[as07r1b11:775370] [14] /gpfs/home/ictp/ictp992004/netcdf/Linux_x86_64/26.1/comm_libs/12.9/hpcx/hpcx-2.25.1/ucx/mt/lib/libucp.so.0(ucp_proto_select_lookup_slow+0xf3)[0x7f78b2805803]
[as07r1b11:775370] [15] /gpfs/home/ictp/ictp992004/netcdf/Linux_x86_64/26.1/comm_libs/12.9/hpcx/hpcx-2.25.1/ucx/mt/lib/libucp.so.0(ucp_proto_rndv_send_reply+0x29c)[0x7f78b281d04c]
[as07r1b11:775370] [16] /gpfs/home/ictp/ictp992004/netcdf/Linux_x86_64/26.1/comm_libs/12.9/hpcx/hpcx-2.25.1/ucx/mt/lib/libucp.so.0(ucp_proto_rndv_receive_start+0x113)[0x7f78b281d1b3]
[as07r1b11:775370] [17] /gpfs/home/ictp/ictp992004/netcdf/Linux_x86_64/26.1/comm_libs/12.9/hpcx/hpcx-2.25.1/ucx/mt/lib/libucp.so.0(ucp_tag_recv_nbx+0x97f)[0x7f78b284aeff]
[as07r1b11:775370] [18] /gpfs/home/ictp/ictp992004/netcdf/Linux_x86_64/26.1/comm_libs/12.9/hpcx/hpcx-2.25.1/ompi/lib/openmpi/mca_pml_ucx.so(mca_pml_ucx_recv+0xf7)[0x7f77ac5a4f67]
[as07r1b11:775370] [19] /gpfs/home/ictp/ictp992004/netcdf/Linux_x86_64/26.1/comm_libs/12.9/hpcx/hpcx-2.25.1/ompi/lib/openmpi/mca_coll_basic.so(mca_coll_basic_gatherv_intra+0x193)[0x7f74184917f3]
[as07r1b11:775370] [20] /gpfs/home/ictp/ictp992004/netcdf/Linux_x86_64/26.1/comm_libs/12.9/hpcx/hpcx-2.25.1/ompi/lib/libmpi.so.40(MPI_Gatherv+0x32)[0x7f78e4fe2f02]
[as07r1b11:775370] [21] /gpfs/home/ictp/ictp992004/netcdf/Linux_x86_64/26.1/comm_libs/12.9/hpcx/hpcx-2.25.1/ompi/lib/libmpi_mpifh.so.40(MPI_Gatherv_f08+0xac)[0x7f78e52f389c]
[as07r1b11:775370] [22] /gpfs/home/ictp/ictp549985/RegCM/bin/regcmMPICLM45(mod_mppparam_cl_setup_real8_+0x22e4)[0x17c2a64]
[as07r1b11:775370] [23] /gpfs/home/ictp/ictp549985/RegCM/bin/regcmMPICLM45(mod_lm_interface_init_surface_model_+0x26)[0x461266]
[as07r1b11:775370] [24] /gpfs/home/ictp/ictp549985/RegCM/bin/regcmMPICLM45(mod_params_param_+0x138a1)[0x973e61]
[as07r1b11:775370] [25] /gpfs/home/ictp/ictp549985/RegCM/bin/regcmMPICLM45(mod_regcm_interface_rcm_initialize_+0x936)[0x44bef6]
[as07r1b11:775370] [26] /gpfs/home/ictp/ictp549985/RegCM/bin/regcmMPICLM45(MAIN_+0x8f)[0xaaa34f]
[as07r1b11:775370] [27] /gpfs/home/ictp/ictp549985/RegCM/bin/regcmMPICLM45(main+0x31)[0x44b4f1]
[as07r1b11:775370] [28] /lib64/libc.so.6(+0x3feb0)[0x7f78b5280eb0]
[as07r1b11:775370] [29] /lib64/libc.so.6(__libc_start_main+0x80)[0x7f78b5280f60]
[as07r1b11:775370] *** End of error message ***
--------------------------------------------------------------------------
Primary job  terminated normally, but 1 process returned
a non-zero exit code. Per user-direction, the job has been aborted.
--------------------------------------------------------------------------
--------------------------------------------------------------------------
mpirun noticed that process rank 0 with PID 0 on node as07r1b11 exited on signal 6 (Aborted).
--------------------------------------------------------------------------
