[ perf record: Woken up 134614 times to write data ]
[ perf record: Woken up 134497 times to write data ]
[ perf record: Woken up 134171 times to write data ]
[ perf record: Woken up 134412 times to write data ]
[ perf record: Woken up 134221 times to write data ]
[ perf record: Woken up 134167 times to write data ]
[ perf record: Woken up 134385 times to write data ]
[ perf record: Woken up 134403 times to write data ]
[ perf record: Woken up 134353 times to write data ]
[ perf record: Woken up 134423 times to write data ]
[ perf record: Woken up 134242 times to write data ]
[ perf record: Woken up 134418 times to write data ]
[ perf record: Woken up 134176 times to write data ]
[ perf record: Woken up 134333 times to write data ]
[ perf record: Woken up 134166 times to write data ]
[ perf record: Woken up 135302 times to write data ]
Warning:
Processed 4321417 events and lost 7 chunks!

Check IO/CPU overload!

[ perf record: Captured and wrote 33590.163 MB /leonardo_scratch/large/userexternal/ctica000/perf/with_IO/sequential_write/perf_25818070/perf.data.rank14 (4168880 samples) ]
Warning:
Processed 4320405 events and lost 7 chunks!

Check IO/CPU overload!

[ perf record: Captured and wrote 33544.909 MB /leonardo_scratch/large/userexternal/ctica000/perf/with_IO/sequential_write/perf_25818070/perf.data.rank6 (4163202 samples) ]
Warning:
Processed 4327110 events and lost 9 chunks!

Check IO/CPU overload!

[ perf record: Captured and wrote 33605.653 MB /leonardo_scratch/large/userexternal/ctica000/perf/with_IO/sequential_write/perf_25818070/perf.data.rank15 (4170755 samples) ]
Warning:
Processed 4322685 events and lost 8 chunks!

Check IO/CPU overload!

[ perf record: Captured and wrote 33563.356 MB /leonardo_scratch/large/userexternal/ctica000/perf/with_IO/sequential_write/perf_25818070/perf.data.rank11 (4165492 samples) ]
Warning:
Processed 4365046 events and lost 11 chunks!

Check IO/CPU overload!

[ perf record: Captured and wrote 33626.231 MB /leonardo_scratch/large/userexternal/ctica000/perf/with_IO/sequential_write/perf_25818070/perf.data.rank10 (4172858 samples) ]
Warning:
Processed 4358132 events and lost 8 chunks!

Check IO/CPU overload!

[ perf record: Captured and wrote 33557.001 MB /leonardo_scratch/large/userexternal/ctica000/perf/with_IO/sequential_write/perf_25818070/perf.data.rank9 (4164240 samples) ]
Warning:
Processed 4323306 events and lost 11 chunks!

Check IO/CPU overload!

[ perf record: Captured and wrote 33604.572 MB /leonardo_scratch/large/userexternal/ctica000/perf/with_IO/sequential_write/perf_25818070/perf.data.rank13 (4170668 samples) ]
Warning:
Processed 4362678 events and lost 9 chunks!

Check IO/CPU overload!

[ perf record: Captured and wrote 33608.273 MB /leonardo_scratch/large/userexternal/ctica000/perf/with_IO/sequential_write/perf_25818070/perf.data.rank7 (4170630 samples) ]
Warning:
Processed 4320263 events and lost 14 chunks!

Check IO/CPU overload!

[ perf record: Captured and wrote 33544.058 MB /leonardo_scratch/large/userexternal/ctica000/perf/with_IO/sequential_write/perf_25818070/perf.data.rank4 (4163097 samples) ]
Warning:
Processed 4362040 events and lost 7 chunks!

Check IO/CPU overload!

[ perf record: Captured and wrote 33603.026 MB /leonardo_scratch/large/userexternal/ctica000/perf/with_IO/sequential_write/perf_25818070/perf.data.rank8 (4169978 samples) ]
Warning:
Processed 5405906 events and lost 51 chunks!

Check IO/CPU overload!

[ perf record: Captured and wrote 33827.607 MB /leonardo_scratch/large/userexternal/ctica000/perf/with_IO/sequential_write/perf_25818070/perf.data.rank0 (4184876 samples) ]
Warning:
Processed 4322405 events and lost 8 chunks!

Check IO/CPU overload!

[ perf record: Captured and wrote 33598.071 MB /leonardo_scratch/large/userexternal/ctica000/perf/with_IO/sequential_write/perf_25818070/perf.data.rank12 (4169862 samples) ]
Warning:
Processed 4326953 events and lost 9 chunks!

Check IO/CPU overload!

[ perf record: Captured and wrote 33595.793 MB /leonardo_scratch/large/userexternal/ctica000/perf/with_IO/sequential_write/perf_25818070/perf.data.rank5 (4169517 samples) ]
Warning:
Processed 4325646 events and lost 15 chunks!

Check IO/CPU overload!

[ perf record: Captured and wrote 33585.659 MB /leonardo_scratch/large/userexternal/ctica000/perf/with_IO/sequential_write/perf_25818070/perf.data.rank2 (4168260 samples) ]
Warning:
Processed 4320424 events and lost 8 chunks!

Check IO/CPU overload!

[ perf record: Captured and wrote 33545.372 MB /leonardo_scratch/large/userexternal/ctica000/perf/with_IO/sequential_write/perf_25818070/perf.data.rank1 (4163260 samples) ]
Warning:
Processed 4320207 events and lost 15 chunks!

Check IO/CPU overload!

[ perf record: Captured and wrote 33543.455 MB /leonardo_scratch/large/userexternal/ctica000/perf/with_IO/sequential_write/perf_25818070/perf.data.rank3 (4163022 samples) ]
