 No such file or directory                                                       
 /leonardo_work/ICT25_ESP/RCMDATA/CMIP6/GHG/mole-fraction-of-carbon-dioxide-in-air_input4MIPs_GHGConcentrations_CMIP_UoM-CMIP-1-2-0_gr-0p5x360deg_000001-201412.nc
 -------------- FATAL CALLED ---------------
  Fatal in file: mod_ipcc_scenario.F90 at line:     2152
 CANNOT OPEN FILE
 -------------------------------------------
 No such file or directory                                                       
 /leonardo_work/ICT25_ESP/RCMDATA/CMIP6/GHG/mole-fraction-of-carbon-dioxide-in-air_input4MIPs_GHGConcentrations_CMIP_UoM-CMIP-1-2-0_gr-0p5x360deg_000001-201412.nc
 -------------- FATAL CALLED ---------------
  Fatal in file: mod_ipcc_scenario.F90 at line:     2152
 CANNOT OPEN FILE
 -------------------------------------------
 Abort called by computing node             4 at 2026-04-28 18:13:12.254 +0200
 Execution terminated because of runtime error
 Abort called by computing node             5 at 2026-04-28 18:13:12.254 +0200
 Execution terminated because of runtime error
--------------------------------------------------------------------------
MPI_ABORT was invoked on rank 4 in communicator MPI COMMUNICATOR 3 DUP FROM 0
with errorcode 1.

NOTE: invoking MPI_ABORT causes Open MPI to kill all MPI processes.
You may or may not see output from other processes, depending on
exactly when Open MPI kills them.
--------------------------------------------------------------------------
--------------------------------------------------------------------------
MPI_ABORT was invoked on rank 5 in communicator MPI COMMUNICATOR 3 DUP FROM 0
with errorcode 1.

NOTE: invoking MPI_ABORT causes Open MPI to kill all MPI processes.
You may or may not see output from other processes, depending on
exactly when Open MPI kills them.
--------------------------------------------------------------------------
 No such file or directory                                                       
 /leonardo_work/ICT25_ESP/RCMDATA/CMIP6/GHG/mole-fraction-of-carbon-dioxide-in-air_input4MIPs_GHGConcentrations_CMIP_UoM-CMIP-1-2-0_gr-0p5x360deg_000001-201412.nc
 -------------- FATAL CALLED ---------------
  Fatal in file: mod_ipcc_scenario.F90 at line:     2152
 CANNOT OPEN FILE
 -------------------------------------------
 Abort called by computing node             1 at 2026-04-28 18:13:12.257 +0200
 Execution terminated because of runtime error
slurmstepd: error: *** STEP 40298825.0 ON lrdn0961 CANCELLED AT 2026-04-28T18:13:12 ***
 No such file or directory                                                       
 /leonardo_work/ICT25_ESP/RCMDATA/CMIP6/GHG/mole-fraction-of-carbon-dioxide-in-air_input4MIPs_GHGConcentrations_CMIP_UoM-CMIP-1-2-0_gr-0p5x360deg_000001-201412.nc
 -------------- FATAL CALLED ---------------
  Fatal in file: mod_ipcc_scenario.F90 at line:     2152
 CANNOT OPEN FILE
srun: Job step aborted: Waiting up to 122 seconds for job step to finish.
 -------------------------------------------
 mod_ipcc_scenario.F90 :     2152:             1
 Abort called by computing node             0 at 2026-04-28 18:13:12.258 +0200
 Execution terminated because of runtime error
srun: error: lrdn0961: tasks 1-3: Killed
srun: error: lrdn0964: task 4: Exited with exit code 1
srun: error: lrdn0964: tasks 5-7: Killed
srun: error: lrdn0961: task 0: Killed
