WARNING: Device-side CUDA Event completion trace is currently enabled.
         This may increase runtime overhead and the likelihood of false
         dependencies across CUDA Streams. If you wish to avoid this, please
         disable the feature with --cuda-event-trace=false.
WARNING: Device-side CUDA Event completion trace is currently enabled.
         This may increase runtime overhead and the likelihood of false
         dependencies across CUDA Streams. If you wish to avoid this, please
         disable the feature with --cuda-event-trace=false.
WARNING: Device-side CUDA Event completion trace is currently enabled.
         This may increase runtime overhead and the likelihood of false
         dependencies across CUDA Streams. If you wish to avoid this, please
         disable the feature with --cuda-event-trace=false.
WARNING: Device-side CUDA Event completion trace is currently enabled.
         This may increase runtime overhead and the likelihood of false
         dependencies across CUDA Streams. If you wish to avoid this, please
         disable the feature with --cuda-event-trace=false.
WARNING: Device-side CUDA Event completion trace is currently enabled.
         This may increase runtime overhead and the likelihood of false
         dependencies across CUDA Streams. If you wish to avoid this, please
         disable the feature with --cuda-event-trace=false.
WARNING: Device-side CUDA Event completion trace is currently enabled.
         This may increase runtime overhead and the likelihood of false
         dependencies across CUDA Streams. If you wish to avoid this, please
         disable the feature with --cuda-event-trace=false.
WARNING: Device-side CUDA Event completion trace is currently enabled.
         This may increase runtime overhead and the likelihood of false
         dependencies across CUDA Streams. If you wish to avoid this, please
         disable the feature with --cuda-event-trace=false.
WARNING: Device-side CUDA Event completion trace is currently enabled.
         This may increase runtime overhead and the likelihood of false
         dependencies across CUDA Streams. If you wish to avoid this, please
         disable the feature with --cuda-event-trace=false.
slurmstepd: error:  mpi/pmix_v3: _errhandler: lrdn2548 [0]: pmixp_client_v2.c:212: Error handler invoked: status = -25, source = [slurm.pmix.39623957.0:0]
slurmstepd: error: *** STEP 39623957.0 ON lrdn2548 CANCELLED AT 2026-04-12T05:49:46 ***
srun: Job step aborted: Waiting up to 122 seconds for job step to finish.
slurmstepd: error: Detected 1 oom_kill event in StepId=39623957.0. Some of the step tasks have been OOM Killed.
slurmstepd: error:  mpi/pmix_v3: _errhandler: lrdn2548 [0]: pmixp_client_v2.c:212: Error handler invoked: status = -25, source = [slurm.pmix.39623957.0:1]
slurmstepd: error:  mpi/pmix_v3: _errhandler: lrdn2557 [1]: pmixp_client_v2.c:212: Error handler invoked: status = -25, source = [slurm.pmix.39623957.0:6]
srun: error: lrdn2557: tasks 4-7: Killed
srun: error: lrdn2548: tasks 0-3: Out Of Memory
