[ perf record: Woken up 25058 times to write data ]
[ perf record: Woken up 25065 times to write data ]
[ perf record: Woken up 25129 times to write data ]
[ perf record: Woken up 25105 times to write data ]
[ perf record: Woken up 25090 times to write data ]
[ perf record: Woken up 25078 times to write data ]
[ perf record: Woken up 25076 times to write data ]
[ perf record: Woken up 25165 times to write data ]
[ perf record: Woken up 25056 times to write data ]
[ perf record: Woken up 27557 times to write data ]
[ perf record: Woken up 26451 times to write data ]
[ perf record: Woken up 27201 times to write data ]
Warning:
Processed 808493 events and lost 2 chunks!

Check IO/CPU overload!

Warning:
Processed 818410 events and lost 1 chunks!

Check IO/CPU overload!

Warning:
Processed 809831 events and lost 1 chunks!

Check IO/CPU overload!

Warning:
Processed 809848 events and lost 2 chunks!

Check IO/CPU overload!

Warning:
Processed 817544 events and lost 1 chunks!

Check IO/CPU overload!

[ perf record: Captured and wrote 6264.910 MB /leonardo_scratch/large/userexternal/ctica000/perf/with_IO/sequential_write/perf_25381658/perf.data.rank6 (777485 samples) ]
[ perf record: Captured and wrote 6276.424 MB /leonardo_scratch/large/userexternal/ctica000/perf/with_IO/sequential_write/perf_25381658/perf.data.rank7 (778828 samples) ]
[ perf record: Captured and wrote 6269.293 MB /leonardo_scratch/large/userexternal/ctica000/perf/with_IO/sequential_write/perf_25381658/perf.data.rank5 (778029 samples) ]
[ perf record: Captured and wrote 6264.368 MB /leonardo_scratch/large/userexternal/ctica000/perf/with_IO/sequential_write/perf_25381658/perf.data.rank4 (777418 samples) ]
[ perf record: Captured and wrote 6269.744 MB /leonardo_scratch/large/userexternal/ctica000/perf/with_IO/sequential_write/perf_25381658/perf.data.rank11 (778086 samples) ]
[ perf record: Captured and wrote 6272.185 MB /leonardo_scratch/large/userexternal/ctica000/perf/with_IO/sequential_write/perf_25381658/perf.data.rank9 (778295 samples) ]
[ perf record: Captured and wrote 6282.560 MB /leonardo_scratch/large/userexternal/ctica000/perf/with_IO/sequential_write/perf_25381658/perf.data.rank10 (779588 samples) ]
[ perf record: Captured and wrote 6272.884 MB /leonardo_scratch/large/userexternal/ctica000/perf/with_IO/sequential_write/perf_25381658/perf.data.rank15 (778479 samples) ]
[ perf record: Captured and wrote 6266.602 MB /leonardo_scratch/large/userexternal/ctica000/perf/with_IO/sequential_write/perf_25381658/perf.data.rank13 (777708 samples) ]
[ perf record: Captured and wrote 6273.594 MB /leonardo_scratch/large/userexternal/ctica000/perf/with_IO/sequential_write/perf_25381658/perf.data.rank14 (778576 samples) ]
[ perf record: Captured and wrote 6273.724 MB /leonardo_scratch/large/userexternal/ctica000/perf/with_IO/sequential_write/perf_25381658/perf.data.rank12 (778592 samples) ]
[ perf record: Captured and wrote 6276.477 MB /leonardo_scratch/large/userexternal/ctica000/perf/with_IO/sequential_write/perf_25381658/perf.data.rank8 (778834 samples) ]
[ perf record: Woken up 24879 times to write data ]
[ perf record: Woken up 26224 times to write data ]
[ perf record: Woken up 24908 times to write data ]
[ perf record: Woken up 25708 times to write data ]
[ perf record: Captured and wrote 6219.821 MB /leonardo_scratch/large/userexternal/ctica000/perf/with_IO/sequential_write/perf_25381658/perf.data.rank1 (771889 samples) ]
[ perf record: Captured and wrote 6227.688 MB /leonardo_scratch/large/userexternal/ctica000/perf/with_IO/sequential_write/perf_25381658/perf.data.rank3 (772866 samples) ]
[ perf record: Captured and wrote 6427.547 MB /leonardo_scratch/large/userexternal/ctica000/perf/with_IO/sequential_write/perf_25381658/perf.data.rank0 (794851 samples) ]
[ perf record: Captured and wrote 6237.343 MB /leonardo_scratch/large/userexternal/ctica000/perf/with_IO/sequential_write/perf_25381658/perf.data.rank2 (774064 samples) ]
