[ perf record: Woken up 21368 times to write data ]
[ perf record: Woken up 21346 times to write data ]
[ perf record: Woken up 21301 times to write data ]
[ perf record: Woken up 21374 times to write data ]
[ perf record: Woken up 21246 times to write data ]
[ perf record: Woken up 20904 times to write data ]
[ perf record: Woken up 21353 times to write data ]
[ perf record: Woken up 21289 times to write data ]
[ perf record: Woken up 22649 times to write data ]
[ perf record: Woken up 22970 times to write data ]
[ perf record: Woken up 23233 times to write data ]
[ perf record: Woken up 22925 times to write data ]
Warning:
Processed 690389 events and lost 12 chunks!

Check IO/CPU overload!

Warning:
Processed 698392 events and lost 13 chunks!

Check IO/CPU overload!

Warning:
Processed 687261 events and lost 39 chunks!

Check IO/CPU overload!

Warning:
Processed 698106 events and lost 32 chunks!

Check IO/CPU overload!

Warning:
Processed 687977 events and lost 38 chunks!

Check IO/CPU overload!

Warning:
Processed 687095 events and lost 54 chunks!

Check IO/CPU overload!

Warning:
Processed 697314 events and lost 13 chunks!

Check IO/CPU overload!

Warning:
Processed 689598 events and lost 25 chunks!

Check IO/CPU overload!

[ perf record: Captured and wrote 5336.819 MB /leonardo_scratch/large/userexternal/ctica000/perf/with_IO/sequential_write/perf_33772085/perf.data.rank6 (662293 samples) ]
Warning:
Processed 696051 events and lost 44 chunks!

Check IO/CPU overload!

[ perf record: Captured and wrote 5311.194 MB /leonardo_scratch/large/userexternal/ctica000/perf/with_IO/sequential_write/perf_33772085/perf.data.rank4 (659113 samples) ]
Warning:
Processed 675274 events and lost 76 chunks!

Check IO/CPU overload!

[ perf record: Captured and wrote 5311.897 MB /leonardo_scratch/large/userexternal/ctica000/perf/with_IO/sequential_write/perf_33772085/perf.data.rank5 (659199 samples) ]
[ perf record: Captured and wrote 5342.501 MB /leonardo_scratch/large/userexternal/ctica000/perf/with_IO/sequential_write/perf_33772085/perf.data.rank9 (662905 samples) ]
[ perf record: Captured and wrote 5343.805 MB /leonardo_scratch/large/userexternal/ctica000/perf/with_IO/sequential_write/perf_33772085/perf.data.rank10 (663073 samples) ]
[ perf record: Captured and wrote 5338.407 MB /leonardo_scratch/large/userexternal/ctica000/perf/with_IO/sequential_write/perf_33772085/perf.data.rank8 (662404 samples) ]
[ perf record: Captured and wrote 5331.013 MB /leonardo_scratch/large/userexternal/ctica000/perf/with_IO/sequential_write/perf_33772085/perf.data.rank11 (661573 samples) ]
Warning:
Processed 689500 events and lost 32 chunks!

Check IO/CPU overload!

[ perf record: Captured and wrote 5328.320 MB /leonardo_scratch/large/userexternal/ctica000/perf/with_IO/sequential_write/perf_33772085/perf.data.rank7 (661152 samples) ]
Warning:
Processed 689835 events and lost 8 chunks!

Check IO/CPU overload!

[ perf record: Captured and wrote 5226.274 MB /leonardo_scratch/large/userexternal/ctica000/perf/with_IO/sequential_write/perf_33772085/perf.data.rank12 (648585 samples) ]
[ perf record: Captured and wrote 5325.688 MB /leonardo_scratch/large/userexternal/ctica000/perf/with_IO/sequential_write/perf_33772085/perf.data.rank13 (660924 samples) ]
[ perf record: Captured and wrote 5332.195 MB /leonardo_scratch/large/userexternal/ctica000/perf/with_IO/sequential_write/perf_33772085/perf.data.rank15 (661723 samples) ]
[ perf record: Captured and wrote 5340.246 MB /leonardo_scratch/large/userexternal/ctica000/perf/with_IO/sequential_write/perf_33772085/perf.data.rank14 (662731 samples) ]
[ perf record: Woken up 19281 times to write data ]
[ perf record: Woken up 22561 times to write data ]
[ perf record: Woken up 22475 times to write data ]
[ perf record: Woken up 22170 times to write data ]
Warning:
Processed 624391 events and lost 145 chunks!

Check IO/CPU overload!

Warning:
Processed 677486 events and lost 53 chunks!

Check IO/CPU overload!

[ perf record: Captured and wrote 4824.141 MB /leonardo_scratch/large/userexternal/ctica000/perf/with_IO/sequential_write/perf_33772085/perf.data.rank1 (598666 samples) ]
Warning:
Processed 684901 events and lost 22 chunks!

Check IO/CPU overload!

[ perf record: Captured and wrote 5236.110 MB /leonardo_scratch/large/userexternal/ctica000/perf/with_IO/sequential_write/perf_33772085/perf.data.rank3 (649794 samples) ]
[ perf record: Captured and wrote 5293.371 MB /leonardo_scratch/large/userexternal/ctica000/perf/with_IO/sequential_write/perf_33772085/perf.data.rank2 (656900 samples) ]
Warning:
Processed 889009 events and lost 183 chunks!

Check IO/CPU overload!

[ perf record: Captured and wrote 5212.938 MB /leonardo_scratch/large/userexternal/ctica000/perf/with_IO/sequential_write/perf_33772085/perf.data.rank0 (644180 samples) ]
