[ perf record: Woken up 68739 times to write data ]
[ perf record: Woken up 72192 times to write data ]
[ perf record: Woken up 72212 times to write data ]
[ perf record: Woken up 70248 times to write data ]
[ perf record: Woken up 72175 times to write data ]
[ perf record: Woken up 72167 times to write data ]
[ perf record: Woken up 70172 times to write data ]
[ perf record: Woken up 72189 times to write data ]
[ perf record: Woken up 72166 times to write data ]
[ perf record: Woken up 70177 times to write data ]
[ perf record: Woken up 72169 times to write data ]
[ perf record: Woken up 72130 times to write data ]
[ perf record: Woken up 71983 times to write data ]
[ perf record: Woken up 72055 times to write data ]
[ perf record: Woken up 72002 times to write data ]
[ perf record: Woken up 71422 times to write data ]
Warning:
Processed 2254422 events and lost 5 chunks!

Check IO/CPU overload!

[ perf record: Captured and wrote 17544.823 MB /leonardo_scratch/large/userexternal/ctica000/perf/with_IO/sequential_write/perf_21467306/perf.data.rank6 (2177519 samples) ]
Warning:
Processed 2254571 events and lost 2 chunks!

Check IO/CPU overload!

[ perf record: Captured and wrote 17545.975 MB /leonardo_scratch/large/userexternal/ctica000/perf/with_IO/sequential_write/perf_21467306/perf.data.rank4 (2177662 samples) ]
Warning:
Processed 2317021 events and lost 12 chunks!

Check IO/CPU overload!

[ perf record: Captured and wrote 18033.766 MB /leonardo_scratch/large/userexternal/ctica000/perf/with_IO/sequential_write/perf_21467306/perf.data.rank11 (2238206 samples) ]
Warning:
Processed 2263575 events and lost 9 chunks!

Check IO/CPU overload!

[ perf record: Captured and wrote 17563.405 MB /leonardo_scratch/large/userexternal/ctica000/perf/with_IO/sequential_write/perf_21467306/perf.data.rank7 (2179739 samples) ]
Warning:
Processed 2314944 events and lost 4 chunks!

Check IO/CPU overload!

[ perf record: Captured and wrote 18015.484 MB /leonardo_scratch/large/userexternal/ctica000/perf/with_IO/sequential_write/perf_21467306/perf.data.rank2 (2235936 samples) ]
Warning:
Processed 2208256 events and lost 16 chunks!

Check IO/CPU overload!

[ perf record: Captured and wrote 17186.697 MB /leonardo_scratch/large/userexternal/ctica000/perf/with_IO/sequential_write/perf_21467306/perf.data.rank5 (2133073 samples) ]
Warning:
Processed 2326476 events and lost 2 chunks!

Check IO/CPU overload!

[ perf record: Captured and wrote 18053.702 MB /leonardo_scratch/large/userexternal/ctica000/perf/with_IO/sequential_write/perf_21467306/perf.data.rank10 (2240592 samples) ]
Warning:
Processed 2325199 events and lost 6 chunks!

Check IO/CPU overload!

[ perf record: Captured and wrote 18043.816 MB /leonardo_scratch/large/userexternal/ctica000/perf/with_IO/sequential_write/perf_21467306/perf.data.rank8 (2239365 samples) ]
Warning:
Processed 2318212 events and lost 5 chunks!

Check IO/CPU overload!

[ perf record: Captured and wrote 18044.956 MB /leonardo_scratch/large/userexternal/ctica000/perf/with_IO/sequential_write/perf_21467306/perf.data.rank15 (2239598 samples) ]
Warning:
Processed 2312879 events and lost 7 chunks!

Check IO/CPU overload!

[ perf record: Captured and wrote 17997.547 MB /leonardo_scratch/large/userexternal/ctica000/perf/with_IO/sequential_write/perf_21467306/perf.data.rank3 (2233710 samples) ]
Warning:
Processed 2515212 events and lost 5 chunks!

Check IO/CPU overload!

[ perf record: Captured and wrote 17857.509 MB /leonardo_scratch/large/userexternal/ctica000/perf/with_IO/sequential_write/perf_21467306/perf.data.rank0 (2213511 samples) ]
Warning:
Processed 2318013 events and lost 6 chunks!

Check IO/CPU overload!

[ perf record: Captured and wrote 18048.887 MB /leonardo_scratch/large/userexternal/ctica000/perf/with_IO/sequential_write/perf_21467306/perf.data.rank13 (2240095 samples) ]
Warning:
Processed 2318095 events and lost 7 chunks!

Check IO/CPU overload!

[ perf record: Captured and wrote 18049.540 MB /leonardo_scratch/large/userexternal/ctica000/perf/with_IO/sequential_write/perf_21467306/perf.data.rank14 (2240176 samples) ]
Warning:
Processed 2317238 events and lost 6 chunks!

Check IO/CPU overload!

[ perf record: Captured and wrote 18042.684 MB /leonardo_scratch/large/userexternal/ctica000/perf/with_IO/sequential_write/perf_21467306/perf.data.rank12 (2239325 samples) ]
Warning:
Processed 2325476 events and lost 4 chunks!

Check IO/CPU overload!

[ perf record: Captured and wrote 18042.834 MB /leonardo_scratch/large/userexternal/ctica000/perf/with_IO/sequential_write/perf_21467306/perf.data.rank9 (2239238 samples) ]
Warning:
Processed 2313377 events and lost 7 chunks!

Check IO/CPU overload!

[ perf record: Captured and wrote 18001.858 MB /leonardo_scratch/large/userexternal/ctica000/perf/with_IO/sequential_write/perf_21467306/perf.data.rank1 (2234245 samples) ]
