Loading netcdf-fortran/4.6.1--hpcx-mpi--2.19--nvhpc--24.5
  Loading requirement: glibc/2.28--gcc--12.2.0-gi6mmti bzip2/1.0.8-ib3znej
    gcc-runtime/12.2.0--gcc--12.2.0-dqfwf7y lz4/1.9.4--gcc--12.2.0-dcavnmi
    snappy/1.1.10--gcc--12.2.0-gagtosp zlib-ng/2.1.6-jkgunjc zstd/1.5.6-uq5yyux
    c-blosc/1.21.5--gcc--12.2.0-buk7w2l hpcx-mpi/2.19 pkgconf/2.2.0
    hdf5/1.14.3--hpcx-mpi--2.19--nvhpc--24.5 libaec/1.0.6--gcc--12.2.0-blqbmai
    parallel-netcdf/1.12.3--hpcx-mpi--2.19--nvhpc--24.5
    netcdf-c/4.9.2--hpcx-mpi--2.19--nvhpc--24.5
[Wrapper][Rank 2][Local 2] on lrdn0543.leonardo.local: CUDA_VISIBLE_DEVICES=2
[Wrapper][Rank 5][Local 1] on lrdn0717.leonardo.local: CUDA_VISIBLE_DEVICES=1
[Wrapper][Rank 1][Local 1] on lrdn0543.leonardo.local: CUDA_VISIBLE_DEVICES=1
[Wrapper][Rank 3][Local 3] on lrdn0543.leonardo.local: CUDA_VISIBLE_DEVICES=3
[Wrapper][Rank 0][Local 0] on lrdn0543.leonardo.local: CUDA_VISIBLE_DEVICES=0
[Wrapper][Rank 4][Local 0] on lrdn0717.leonardo.local: CUDA_VISIBLE_DEVICES=0
[Wrapper][Rank 6][Local 2] on lrdn0717.leonardo.local: CUDA_VISIBLE_DEVICES=2
[Wrapper][Rank 7][Local 3] on lrdn0717.leonardo.local: CUDA_VISIBLE_DEVICES=3
[Wrapper][Rank 14][Local 2] on lrdn1092.leonardo.local: CUDA_VISIBLE_DEVICES=2
[Wrapper][Rank 9][Local 1] on lrdn0868.leonardo.local: CUDA_VISIBLE_DEVICES=1
[Wrapper][Rank 15][Local 3] on lrdn1092.leonardo.local: CUDA_VISIBLE_DEVICES=3
[Wrapper][Rank 13][Local 1] on lrdn1092.leonardo.local: CUDA_VISIBLE_DEVICES=1
[Wrapper][Rank 12][Local 0] on lrdn1092.leonardo.local: CUDA_VISIBLE_DEVICES=0
[Wrapper][Rank 8][Local 0] on lrdn0868.leonardo.local: CUDA_VISIBLE_DEVICES=0
[Wrapper][Rank 10][Local 2] on lrdn0868.leonardo.local: CUDA_VISIBLE_DEVICES=2
[Wrapper][Rank 11][Local 3] on lrdn0868.leonardo.local: CUDA_VISIBLE_DEVICES=3

  This is RegCM development version
   GIT Revision: 5.0.0-944-g5801-dirty compiled at: data : Nov  8 2025  time: 19:37:16

 MPI Rank:            0  using device:            0
 : this run start at  : 2025-11-09 10:33:06+0100
 : it is submitted by : 
 : it is running on   : lrdn0543.leonardo.local
 : it is using        :            16   processors
 : in directory       : 
 /leonardo/home/userexternal/ctica000/MS_thesis/RegCM/1003_1003_50_7day_with_IO_profiling/sequential_output/Non_MPS_stdpar/16gpu_16proc_perf_less_freq
                       
 CPUS DIM1 =             4
 CPUS DIM2 =             4
 
 Reading model namelist file
 Using default non-hydrostatc parameters.
 Using default microphysical parameter.
 Using default Holtslag parameter.
 Initial date of the global simulation:  2009-10-01 00:00:00 UTC        
 Initial date of this run             :  2009-10-01 00:00:00 UTC        
 Final date of this run               :  2009-10-08 00:00:00 UTC        
 Total simulation length              :           168  hours
 Timestep in seconds =   45.000000
 Reading Domain file : input/EURR-3_DOMAIN000.nc
 Advection timestep =    15.000 (factor  3)
 Max. Courant number for horizontal advection =    0.9538
 Sound waves timestep =     3.000 (factor  5)
 Courant number of horizontal sound waves =    0.4512
 Setting IPCC scenario to SSP585  
 Load GHG for 200910 SSP585
 Model will output required CORDEX variables.
 Create SAV files :   T
 Create ATM files :   T
 Create RAD files :   T
 Create SRF files :   T
 Create STS files :   T
 Create SHF files :   F
 Create OPT files :   F
 Frequency in days for new files:    1.0
 Monthly SAV files are written
 Frequency in hours to create ATM :   24.0
 Frequency in hours to create RAD :    1.0
 Frequency in hours to create SRF :    1.0
 Physical Parameterizations
  Lateral Boundary conditions :  5
  Semi-Lagrangian Advection   :  0
  Land cumulus conv. scheme   :  0
  Ocean cumulus conv. scheme  :  0
  Moisture schem              :  2
  Ocean Flux scheme           :  2
  Zeng roughness formula      :  1
  Zeng roughness method       :  1
  Coupling with ocean         :  0
  Coupling with wave          :  0
  Coupling with COP           :  0
  Pressure gradient force     :  0
  Prescribed LW emissivity    :  0
  Lake model in BATS          :  0
  Simulate diurnal sst cycle  :  0
  Simulate sea ice cover      :  1
  Enable chem/aerosol model   :  0
  Large scale LWP as convect. :  1
  Cloud fraction scheme       :  0
  Marine stratocumulus        :  0
  Climate O3 dataset          :  1
  Climate Aerosol dataset     :  2
 Boundary Pameterizations
  Num. of bndy points cross  :  31
  Num. of bndy points dot    :  31
  Nudge value high range     :  6.000000
  Nudge value medium range   :  4.000000
  Nudge value low range      :  2.000000
  Nm paramter                : -1.000000
  Dm paramter                : -1.000000
 Model Timestep Pameterizations
  time step for dynamical model in seconds :          45.000000
  time step for surface   model in seconds :         450.000000
  time step for cumulus   model in seconds :         225.000000
  time step for radiation model in seconds :        1350.000000
  time step for emission  model in seconds :       48600.000000
 Nudging coefficients F1=    0.033333, F2=    0.000000
  # Nudging coefficient profile #
     5.95       5.86       5.76       5.67       5.57       5.48       5.38    
     5.28       5.19       5.09       5.00       4.90       4.81       4.71    
     4.62       4.52       4.43       4.33       4.24       4.14       4.05    
     3.97       3.90       3.83       3.76       3.69       3.62       3.55    
     3.48       3.41       3.34       3.27       3.20       3.14       3.07    
     3.00       2.93       2.86       2.79       2.72       2.65       2.58    
     2.52       2.45       2.38       2.31       2.24       2.17       2.10    
     2.10       2.03    
 Model top at     30000.00000000000       m
 Domain grid parameters:
  Map Projection        : ROTLLR
  Dot Grid Full Extent  : 1003x1003x 50
