[gh005:362456:0:362456] Caught signal 11 (Segmentation fault: invalid permissions for mapped object at address 0x5a51959df4a0)
BFD: DWARF error: section .debug_info is larger than its filesize! (0x444305 vs 0x390648)
BFD: DWARF error: section .debug_info is larger than its filesize! (0x444305 vs 0x390648)
BFD: DWARF error: section .debug_info is larger than its filesize! (0x444305 vs 0x390648)
BFD: DWARF error: section .debug_info is larger than its filesize! (0x444305 vs 0x390648)
BFD: DWARF error: section .debug_info is larger than its filesize! (0x444305 vs 0x390648)
BFD: DWARF error: section .debug_info is larger than its filesize! (0x444305 vs 0x390648)
==== backtrace (tid: 362456) ====
 0 0x000000000025148c __cuda_CallJitEntryPoint()  ???:0
 1 0x000000000045bce4 cuVDPAUCtxCreate()  ???:0
 2 0x000000000020e918 cudbgReportDriverInternalError()  ???:0
 3 0x0000000000040fd8 __cudaGetProcAddress()  ???:0
 4 0x00000000000466d4 __cudaGetProcAddress()  ???:0
 5 0x000000000008abdc pthread_mutexattr_settype()  ???:0
 6 0x0000000000083184 cudaGraphicsVDPAURegisterOutputSurface()  ???:0
 7 0x0000000000044368 __cudaGetProcAddress()  ???:0
 8 0x0000000000057438 cudaMallocHost()  ???:0
 9 0x00000000004d1c98 mod_ncio_open_icbc_()  /global/home/users/ctica/MS_thesis/RegCM/Main/mod_ncio.F90:773
10 0x00000000004ea154 mod_bdycod_init_bdy_()  /global/home/users/ctica/MS_thesis/RegCM/Main/mod_bdycod.F90:574
11 0x000000000044ba84 mod_regcm_interface_rcm_initialize_()  /global/home/users/ctica/MS_thesis/RegCM/Main/mod_regcm_interface.F90:172
12 0x00000000008e335c MAIN_()  /global/home/users/ctica/MS_thesis/RegCM/Main/regcm.F90:64
13 0x000000000044b5f4 main()  ???:0
14 0x00000000000284c4 __libc_init_first()  ???:0
15 0x0000000000028598 __libc_start_main()  ???:0
16 0x000000000044b4b0 _start()  ???:0
=================================
[gh005:362456] *** Process received signal ***
[gh005:362456] Signal: Segmentation fault (11)
[gh005:362456] Signal code:  (-6)
[gh005:362456] Failing at address: 0x2a28000587d8
[gh005:362456] [ 0] linux-vdso.so.1(__kernel_rt_sigreturn+0x0)[0x5a4ee5970938]
[gh005:362456] [ 1] /lib/aarch64-linux-gnu/libnvidia-ptxjitcompiler.so.1(__cuda_CallJitEntryPoint+0x1fec)[0x5a51959e148c]
[gh005:362456] [ 2] /global/exafs/users/ctica/.software_stack/sw/netcdf/4.9.2/lib/libcuda.so.1(+0x45bce4)[0x5a4efa41bce4]
[gh005:362456] [ 3] /global/exafs/users/ctica/.software_stack/sw/netcdf/4.9.2/lib/libcuda.so.1(+0x20e918)[0x5a4efa1ce918]
[gh005:362456] [ 4] /global/exafs/users/ctica/.software_stack/sw/nvhpc/Linux_aarch64/26.1/cuda/13.1/lib64/libcudart.so.13(+0x40fd8)[0x5a4ef6610fd8]
[gh005:362456] [ 5] /global/exafs/users/ctica/.software_stack/sw/nvhpc/Linux_aarch64/26.1/cuda/13.1/lib64/libcudart.so.13(+0x466d4)[0x5a4ef66166d4]
[gh005:362456] [ 6] /lib/aarch64-linux-gnu/libc.so.6(+0x8abdc)[0x5a4f0096abdc]
[gh005:362456] [ 7] /global/exafs/users/ctica/.software_stack/sw/nvhpc/Linux_aarch64/26.1/cuda/13.1/lib64/libcudart.so.13(+0x83184)[0x5a4ef6653184]
[gh005:362456] [ 8] /global/exafs/users/ctica/.software_stack/sw/nvhpc/Linux_aarch64/26.1/cuda/13.1/lib64/libcudart.so.13(+0x44368)[0x5a4ef6614368]
[gh005:362456] [ 9] /global/exafs/users/ctica/.software_stack/sw/nvhpc/Linux_aarch64/26.1/cuda/13.1/lib64/libcudart.so.13(cudaMallocHost+0x30)[0x5a4ef6627438]
[gh005:362456] [10] /global/home/users/ctica/MS_thesis/RegCM/bin/regcmMPICLM45(mod_ncio_open_icbc_+0x28d8)[0x4d1c98]
[gh005:362456] [11] /global/home/users/ctica/MS_thesis/RegCM/bin/regcmMPICLM45(mod_bdycod_init_bdy_+0xd4)[0x4ea154]
[gh005:362456] [12] /global/home/users/ctica/MS_thesis/RegCM/bin/regcmMPICLM45(mod_regcm_interface_rcm_initialize_+0x404)[0x44ba84]
[gh005:362456] [13] /global/home/users/ctica/MS_thesis/RegCM/bin/regcmMPICLM45(MAIN_+0x9c)[0x8e335c]
[gh005:362456] [14] /global/home/users/ctica/MS_thesis/RegCM/bin/regcmMPICLM45(main+0x34)[0x44b5f4]
[gh005:362456] [15] /lib/aarch64-linux-gnu/libc.so.6(+0x284c4)[0x5a4f009084c4]
[gh005:362456] [16] /lib/aarch64-linux-gnu/libc.so.6(__libc_start_main+0x98)[0x5a4f00908598]
[gh005:362456] [17] /global/home/users/ctica/MS_thesis/RegCM/bin/regcmMPICLM45(_start+0x30)[0x44b4b0]
[gh005:362456] *** End of error message ***
--------------------------------------------------------------------------
Primary job  terminated normally, but 1 process returned
a non-zero exit code. Per user-direction, the job has been aborted.
--------------------------------------------------------------------------
--------------------------------------------------------------------------
mpirun noticed that process rank 0 with PID 362456 on node gh005 exited on signal 11 (Segmentation fault).
--------------------------------------------------------------------------
