+ RANK_GLOBAL=2
+ RANK_LOCAL=2
+ PROFILE_RANK=0
+ TRACE_DOMAINS=cuda
+ NSYS_SAMPLE=none
+ BINDIR=/leonardo/home/userexternal/ctica000/MS_thesis/RegCM/bin
+ BIN=regcmMPICLM45_OPENACC_GPU_STDPAR
+ INPUT_FILE=EURR-3_namelist.in
+ [[ -z 0,1,2,3 ]]
+ export ACC_DEVICE_TYPE=nvidia
+ ACC_DEVICE_TYPE=nvidia
+ export ACC_DEVICE_NUM=0
+ ACC_DEVICE_NUM=0
+ export OMP_NUM_THREADS=1
+ OMP_NUM_THREADS=1
+ NSYS_OUT=/leonardo_scratch/large/userexternal/ctica000/profile/nsys_rank2
+ [[ 2 -eq 0 ]]
+ exec /leonardo/home/userexternal/ctica000/MS_thesis/RegCM/bin/regcmMPICLM45_OPENACC_GPU_STDPAR EURR-3_namelist.in
+ RANK_GLOBAL=3
+ RANK_LOCAL=3
+ PROFILE_RANK=0
+ TRACE_DOMAINS=cuda
+ NSYS_SAMPLE=none
+ BINDIR=/leonardo/home/userexternal/ctica000/MS_thesis/RegCM/bin
+ BIN=regcmMPICLM45_OPENACC_GPU_STDPAR
+ INPUT_FILE=EURR-3_namelist.in
+ [[ -z 0,1,2,3 ]]
+ export ACC_DEVICE_TYPE=nvidia
+ ACC_DEVICE_TYPE=nvidia
+ export ACC_DEVICE_NUM=0
+ ACC_DEVICE_NUM=0
+ export OMP_NUM_THREADS=1
+ OMP_NUM_THREADS=1
+ NSYS_OUT=/leonardo_scratch/large/userexternal/ctica000/profile/nsys_rank3
+ RANK_GLOBAL=1
+ RANK_LOCAL=1
+ PROFILE_RANK=0
+ [[ 3 -eq 0 ]]
+ TRACE_DOMAINS=cuda
+ exec /leonardo/home/userexternal/ctica000/MS_thesis/RegCM/bin/regcmMPICLM45_OPENACC_GPU_STDPAR EURR-3_namelist.in
+ NSYS_SAMPLE=none
+ BINDIR=/leonardo/home/userexternal/ctica000/MS_thesis/RegCM/bin
+ BIN=regcmMPICLM45_OPENACC_GPU_STDPAR
+ INPUT_FILE=EURR-3_namelist.in
+ [[ -z 0,1,2,3 ]]
+ export ACC_DEVICE_TYPE=nvidia
+ ACC_DEVICE_TYPE=nvidia
+ export ACC_DEVICE_NUM=0
+ ACC_DEVICE_NUM=0
+ RANK_GLOBAL=0
+ export OMP_NUM_THREADS=1
+ OMP_NUM_THREADS=1
+ RANK_LOCAL=0
+ PROFILE_RANK=0
+ TRACE_DOMAINS=cuda
+ NSYS_OUT=/leonardo_scratch/large/userexternal/ctica000/profile/nsys_rank1
+ NSYS_SAMPLE=none
+ BINDIR=/leonardo/home/userexternal/ctica000/MS_thesis/RegCM/bin
+ [[ 1 -eq 0 ]]
+ BIN=regcmMPICLM45_OPENACC_GPU_STDPAR
+ INPUT_FILE=EURR-3_namelist.in
+ exec /leonardo/home/userexternal/ctica000/MS_thesis/RegCM/bin/regcmMPICLM45_OPENACC_GPU_STDPAR EURR-3_namelist.in
+ [[ -z 0,1,2,3 ]]
+ export ACC_DEVICE_TYPE=nvidia
+ ACC_DEVICE_TYPE=nvidia
+ export ACC_DEVICE_NUM=0
+ ACC_DEVICE_NUM=0
+ export OMP_NUM_THREADS=1
+ OMP_NUM_THREADS=1
+ NSYS_OUT=/leonardo_scratch/large/userexternal/ctica000/profile/nsys_rank0
+ [[ 0 -eq 0 ]]
+ exec nsys profile --force-overwrite=true --stats=false --stop-on-exit=true --sample=none --trace=cuda --output=/leonardo_scratch/large/userexternal/ctica000/profile/nsys_rank0 /leonardo/home/userexternal/ctica000/MS_thesis/RegCM/bin/regcmMPICLM45_OPENACC_GPU_STDPAR EURR-3_namelist.in
+ RANK_GLOBAL=11
+ RANK_LOCAL=3
+ RANK_GLOBAL=14
+ RANK_LOCAL=2
+ RANK_GLOBAL=6
+ PROFILE_RANK=0
+ TRACE_DOMAINS=cuda
+ NSYS_SAMPLE=none
+ BINDIR=/leonardo/home/userexternal/ctica000/MS_thesis/RegCM/bin
+ BIN=regcmMPICLM45_OPENACC_GPU_STDPAR
+ INPUT_FILE=EURR-3_namelist.in
+ [[ -z 0,1,2,3 ]]
+ export ACC_DEVICE_TYPE=nvidia
+ ACC_DEVICE_TYPE=nvidia
+ export ACC_DEVICE_NUM=0
+ ACC_DEVICE_NUM=0
+ export OMP_NUM_THREADS=1
+ OMP_NUM_THREADS=1
+ NSYS_OUT=/leonardo_scratch/large/userexternal/ctica000/profile/nsys_rank11
+ [[ 11 -eq 0 ]]
+ exec /leonardo/home/userexternal/ctica000/MS_thesis/RegCM/bin/regcmMPICLM45_OPENACC_GPU_STDPAR EURR-3_namelist.in
+ RANK_GLOBAL=8
+ RANK_LOCAL=0
+ PROFILE_RANK=0
+ TRACE_DOMAINS=cuda
+ NSYS_SAMPLE=none
+ BINDIR=/leonardo/home/userexternal/ctica000/MS_thesis/RegCM/bin
+ BIN=regcmMPICLM45_OPENACC_GPU_STDPAR
+ INPUT_FILE=EURR-3_namelist.in
+ [[ -z 0,1,2,3 ]]
+ export ACC_DEVICE_TYPE=nvidia
+ ACC_DEVICE_TYPE=nvidia
+ export ACC_DEVICE_NUM=0
+ ACC_DEVICE_NUM=0
+ export OMP_NUM_THREADS=1
+ OMP_NUM_THREADS=1
+ NSYS_OUT=/leonardo_scratch/large/userexternal/ctica000/profile/nsys_rank8
+ [[ 8 -eq 0 ]]
+ exec /leonardo/home/userexternal/ctica000/MS_thesis/RegCM/bin/regcmMPICLM45_OPENACC_GPU_STDPAR EURR-3_namelist.in
+ RANK_GLOBAL=9
+ RANK_LOCAL=1
+ PROFILE_RANK=0
+ TRACE_DOMAINS=cuda
+ NSYS_SAMPLE=none
+ BINDIR=/leonardo/home/userexternal/ctica000/MS_thesis/RegCM/bin
+ BIN=regcmMPICLM45_OPENACC_GPU_STDPAR
+ INPUT_FILE=EURR-3_namelist.in
+ [[ -z 0,1,2,3 ]]
+ export ACC_DEVICE_TYPE=nvidia
+ ACC_DEVICE_TYPE=nvidia
+ export ACC_DEVICE_NUM=0
+ ACC_DEVICE_NUM=0
+ export OMP_NUM_THREADS=1
+ OMP_NUM_THREADS=1
+ NSYS_OUT=/leonardo_scratch/large/userexternal/ctica000/profile/nsys_rank9
+ RANK_LOCAL=2
+ PROFILE_RANK=0
+ TRACE_DOMAINS=cuda
+ NSYS_SAMPLE=none
+ BINDIR=/leonardo/home/userexternal/ctica000/MS_thesis/RegCM/bin
+ BIN=regcmMPICLM45_OPENACC_GPU_STDPAR
+ INPUT_FILE=EURR-3_namelist.in
+ [[ -z 0,1,2,3 ]]
+ export ACC_DEVICE_TYPE=nvidia
+ ACC_DEVICE_TYPE=nvidia
+ export ACC_DEVICE_NUM=0
+ PROFILE_RANK=0
+ TRACE_DOMAINS=cuda
+ ACC_DEVICE_NUM=0
+ NSYS_SAMPLE=none
+ BINDIR=/leonardo/home/userexternal/ctica000/MS_thesis/RegCM/bin
+ export OMP_NUM_THREADS=1
+ BIN=regcmMPICLM45_OPENACC_GPU_STDPAR
+ OMP_NUM_THREADS=1
+ INPUT_FILE=EURR-3_namelist.in
+ NSYS_OUT=/leonardo_scratch/large/userexternal/ctica000/profile/nsys_rank6
+ [[ -z 0,1,2,3 ]]
+ [[ 6 -eq 0 ]]
+ export ACC_DEVICE_TYPE=nvidia
+ exec /leonardo/home/userexternal/ctica000/MS_thesis/RegCM/bin/regcmMPICLM45_OPENACC_GPU_STDPAR EURR-3_namelist.in
+ ACC_DEVICE_TYPE=nvidia
+ RANK_GLOBAL=7
+ export ACC_DEVICE_NUM=0
+ ACC_DEVICE_NUM=0
+ RANK_LOCAL=3
+ export OMP_NUM_THREADS=1
+ OMP_NUM_THREADS=1
+ PROFILE_RANK=0
+ NSYS_OUT=/leonardo_scratch/large/userexternal/ctica000/profile/nsys_rank14
+ TRACE_DOMAINS=cuda
+ [[ 14 -eq 0 ]]
+ NSYS_SAMPLE=none
+ exec /leonardo/home/userexternal/ctica000/MS_thesis/RegCM/bin/regcmMPICLM45_OPENACC_GPU_STDPAR EURR-3_namelist.in
+ BINDIR=/leonardo/home/userexternal/ctica000/MS_thesis/RegCM/bin
+ RANK_GLOBAL=12
+ BIN=regcmMPICLM45_OPENACC_GPU_STDPAR
+ RANK_LOCAL=0
+ INPUT_FILE=EURR-3_namelist.in
+ PROFILE_RANK=0
+ [[ -z 0,1,2,3 ]]
+ export ACC_DEVICE_TYPE=nvidia
+ TRACE_DOMAINS=cuda
+ ACC_DEVICE_TYPE=nvidia
+ NSYS_SAMPLE=none
+ export ACC_DEVICE_NUM=0
+ ACC_DEVICE_NUM=0
+ BINDIR=/leonardo/home/userexternal/ctica000/MS_thesis/RegCM/bin
+ export OMP_NUM_THREADS=1
+ OMP_NUM_THREADS=1
+ BIN=regcmMPICLM45_OPENACC_GPU_STDPAR
+ NSYS_OUT=/leonardo_scratch/large/userexternal/ctica000/profile/nsys_rank7
+ INPUT_FILE=EURR-3_namelist.in
+ [[ 7 -eq 0 ]]
+ [[ -z 0,1,2,3 ]]
+ exec /leonardo/home/userexternal/ctica000/MS_thesis/RegCM/bin/regcmMPICLM45_OPENACC_GPU_STDPAR EURR-3_namelist.in
+ export ACC_DEVICE_TYPE=nvidia
+ RANK_GLOBAL=5
+ ACC_DEVICE_TYPE=nvidia
+ RANK_LOCAL=1
+ export ACC_DEVICE_NUM=0
+ ACC_DEVICE_NUM=0
+ PROFILE_RANK=0
+ export OMP_NUM_THREADS=1
+ OMP_NUM_THREADS=1
+ TRACE_DOMAINS=cuda
+ NSYS_OUT=/leonardo_scratch/large/userexternal/ctica000/profile/nsys_rank12
+ NSYS_SAMPLE=none
+ [[ 12 -eq 0 ]]
+ BINDIR=/leonardo/home/userexternal/ctica000/MS_thesis/RegCM/bin
+ exec /leonardo/home/userexternal/ctica000/MS_thesis/RegCM/bin/regcmMPICLM45_OPENACC_GPU_STDPAR EURR-3_namelist.in
+ BIN=regcmMPICLM45_OPENACC_GPU_STDPAR
+ RANK_GLOBAL=13
+ RANK_LOCAL=1
+ INPUT_FILE=EURR-3_namelist.in
+ RANK_GLOBAL=15
+ RANK_LOCAL=3
+ PROFILE_RANK=0
+ [[ -z 0,1,2,3 ]]
+ PROFILE_RANK=0
+ TRACE_DOMAINS=cuda
+ export ACC_DEVICE_TYPE=nvidia
+ TRACE_DOMAINS=cuda
+ ACC_DEVICE_TYPE=nvidia
+ NSYS_SAMPLE=none
+ export ACC_DEVICE_NUM=0
+ ACC_DEVICE_NUM=0
+ NSYS_SAMPLE=none
+ export OMP_NUM_THREADS=1
+ OMP_NUM_THREADS=1
+ BINDIR=/leonardo/home/userexternal/ctica000/MS_thesis/RegCM/bin
+ NSYS_OUT=/leonardo_scratch/large/userexternal/ctica000/profile/nsys_rank5
+ BINDIR=/leonardo/home/userexternal/ctica000/MS_thesis/RegCM/bin
+ BIN=regcmMPICLM45_OPENACC_GPU_STDPAR
+ BIN=regcmMPICLM45_OPENACC_GPU_STDPAR
+ INPUT_FILE=EURR-3_namelist.in
+ INPUT_FILE=EURR-3_namelist.in
+ [[ -z 0,1,2,3 ]]
+ export ACC_DEVICE_TYPE=nvidia
+ [[ -z 0,1,2,3 ]]
+ export ACC_DEVICE_TYPE=nvidia
+ ACC_DEVICE_TYPE=nvidia
+ ACC_DEVICE_TYPE=nvidia
+ [[ 9 -eq 0 ]]
+ exec /leonardo/home/userexternal/ctica000/MS_thesis/RegCM/bin/regcmMPICLM45_OPENACC_GPU_STDPAR EURR-3_namelist.in
+ RANK_GLOBAL=10
+ RANK_LOCAL=2
+ PROFILE_RANK=0
+ TRACE_DOMAINS=cuda
+ NSYS_SAMPLE=none
+ BINDIR=/leonardo/home/userexternal/ctica000/MS_thesis/RegCM/bin
+ BIN=regcmMPICLM45_OPENACC_GPU_STDPAR
+ INPUT_FILE=EURR-3_namelist.in
+ [[ -z 0,1,2,3 ]]
+ export ACC_DEVICE_TYPE=nvidia
+ ACC_DEVICE_TYPE=nvidia
+ export ACC_DEVICE_NUM=0
+ ACC_DEVICE_NUM=0
+ export OMP_NUM_THREADS=1
+ OMP_NUM_THREADS=1
+ NSYS_OUT=/leonardo_scratch/large/userexternal/ctica000/profile/nsys_rank10
+ [[ 10 -eq 0 ]]
+ exec /leonardo/home/userexternal/ctica000/MS_thesis/RegCM/bin/regcmMPICLM45_OPENACC_GPU_STDPAR EURR-3_namelist.in
+ export ACC_DEVICE_NUM=0
+ ACC_DEVICE_NUM=0
+ [[ 5 -eq 0 ]]
+ export ACC_DEVICE_NUM=0
+ ACC_DEVICE_NUM=0
+ exec /leonardo/home/userexternal/ctica000/MS_thesis/RegCM/bin/regcmMPICLM45_OPENACC_GPU_STDPAR EURR-3_namelist.in
+ export OMP_NUM_THREADS=1
+ OMP_NUM_THREADS=1
+ RANK_GLOBAL=4
+ RANK_LOCAL=0
+ export OMP_NUM_THREADS=1
+ OMP_NUM_THREADS=1
+ PROFILE_RANK=0
+ NSYS_OUT=/leonardo_scratch/large/userexternal/ctica000/profile/nsys_rank15
+ TRACE_DOMAINS=cuda
+ NSYS_OUT=/leonardo_scratch/large/userexternal/ctica000/profile/nsys_rank13
+ NSYS_SAMPLE=none
+ [[ 15 -eq 0 ]]
+ BINDIR=/leonardo/home/userexternal/ctica000/MS_thesis/RegCM/bin
+ [[ 13 -eq 0 ]]
+ BIN=regcmMPICLM45_OPENACC_GPU_STDPAR
+ exec /leonardo/home/userexternal/ctica000/MS_thesis/RegCM/bin/regcmMPICLM45_OPENACC_GPU_STDPAR EURR-3_namelist.in
+ INPUT_FILE=EURR-3_namelist.in
+ exec /leonardo/home/userexternal/ctica000/MS_thesis/RegCM/bin/regcmMPICLM45_OPENACC_GPU_STDPAR EURR-3_namelist.in
+ [[ -z 0,1,2,3 ]]
+ export ACC_DEVICE_TYPE=nvidia
+ ACC_DEVICE_TYPE=nvidia
+ export ACC_DEVICE_NUM=0
+ ACC_DEVICE_NUM=0
+ export OMP_NUM_THREADS=1
+ OMP_NUM_THREADS=1
+ NSYS_OUT=/leonardo_scratch/large/userexternal/ctica000/profile/nsys_rank4
+ [[ 4 -eq 0 ]]
+ exec /leonardo/home/userexternal/ctica000/MS_thesis/RegCM/bin/regcmMPICLM45_OPENACC_GPU_STDPAR EURR-3_namelist.in
Importer error status: Importation failed.
Import Failed with unexpected exception: /dvs/p4/build/sw/devtools/Agora/Rel/QuadD_Main/QuadD/Host/QdstrmImporter/main.cpp(34): Throw in function {anonymous}::Importer::Importer(const boost::filesystem::path&, const boost::filesystem::path&)
Dynamic exception type: boost::wrapexcept<QuadDCommon::RuntimeException>
std::exception::what: RuntimeException
[QuadDCommon::tag_message*] = Status: AnalysisFailed
Error {
  Type: RuntimeError
  SubError {
    Type: InvalidArgument
    Props {
      Items {
        Type: OriginalExceptionClass
        Value: "N5boost10wrapexceptIN11QuadDCommon24InvalidArgumentExceptionEEE"
      }
      Items {
        Type: OriginalFile
        Value: "/dvs/p4/build/sw/devtools/Agora/Rel/QuadD_Main/QuadD/Host/Analysis/Modules/EventCollection.cpp"
      }
      Items {
        Type: OriginalLine
        Value: "1055"
      }
      Items {
        Type: OriginalFunction
        Value: "void QuadDAnalysis::EventCollection::CheckOrder(QuadDAnalysis::EventCollectionHelper::EventContainer&, const QuadDAnalysis::ConstEvent&) const"
      }
      Items {
        Type: ErrorText
        Value: "Wrong event order has been detected when adding events to the collection:\nnew event ={ StartNs=26507770936 StopNs=26507771210 GlobalId=322393300350730 Event={ TraceProcessEvent=[{ Correlation=96475 EventClass=1 TextId=882 ReturnValue=600 },] } Type=48 }\nlast event ={ StartNs=26622058441 StopNs=26622397436 GlobalId=322393300350730 Event={ TraceProcessEvent=[{ Correlation=195071 EventClass=1 TextId=882 ReturnValue=600 },] } Type=48 }"
      }
    }
  }
}
