Importer error status: An unknown error occurred.
Import Failed with unexpected exception: /dvs/p4/build/sw/devtools/Agora/Rel/QuadD_Main/QuadD/Host/QdstrmImporter/main.cpp(34): Throw in function {anonymous}::Importer::Importer(const boost::filesystem::path&, const boost::filesystem::path&)
Dynamic exception type: boost::wrapexcept<QuadDCommon::RuntimeException>
std::exception::what: RuntimeException
[QuadDCommon::tag_message*] = Status: AnalysisFailed
Error {
  Type: RuntimeError
  SubError {
    Type: InvalidArgument
    Props {
      Items {
        Type: OriginalExceptionClass
        Value: "N5boost10wrapexceptIN11QuadDCommon24InvalidArgumentExceptionEEE"
      }
      Items {
        Type: OriginalFile
        Value: "/dvs/p4/build/sw/devtools/Agora/Rel/QuadD_Main/QuadD/Host/Analysis/Modules/EventCollection.cpp"
      }
      Items {
        Type: OriginalLine
        Value: "1055"
      }
      Items {
        Type: OriginalFunction
        Value: "void QuadDAnalysis::EventCollection::CheckOrder(QuadDAnalysis::EventCollectionHelper::EventContainer&, const QuadDAnalysis::ConstEvent&) const"
      }
      Items {
        Type: ErrorText
        Value: "Wrong event order has been detected when adding events to the collection:\nnew event ={ StartNs=3876460253 StopNs=3876462595 GlobalId=291322397783240 Event={ TraceProcessEvent=[{ Correlation=110 EventClass=1 TextId=942 ReturnValue=0 },] } Type=48 }\nlast event ={ StartNs=32745320987 StopNs=32745321258 GlobalId=291322397783240 Event={ TraceProcessEvent=[{ Correlation=96574 EventClass=1 TextId=29 ReturnValue=600 },] } Type=48 }"
      }
    }
  }
}
Importer error status: Importation failed.
Import Failed with unexpected exception: /dvs/p4/build/sw/devtools/Agora/Rel/QuadD_Main/QuadD/Host/QdstrmImporter/main.cpp(34): Throw in function {anonymous}::Importer::Importer(const boost::filesystem::path&, const boost::filesystem::path&)
Dynamic exception type: boost::wrapexcept<QuadDCommon::RuntimeException>
std::exception::what: RuntimeException
[QuadDCommon::tag_message*] = Status: AnalysisFailed
Error {
  Type: RuntimeError
  SubError {
    Type: InvalidArgument
    Props {
      Items {
        Type: OriginalExceptionClass
        Value: "N5boost10wrapexceptIN11QuadDCommon24InvalidArgumentExceptionEEE"
      }
      Items {
        Type: OriginalFile
        Value: "/dvs/p4/build/sw/devtools/Agora/Rel/QuadD_Main/QuadD/Host/Analysis/Modules/EventCollection.cpp"
      }
      Items {
        Type: OriginalLine
        Value: "1055"
      }
      Items {
        Type: OriginalFunction
        Value: "void QuadDAnalysis::EventCollection::CheckOrder(QuadDAnalysis::EventCollectionHelper::EventContainer&, const QuadDAnalysis::ConstEvent&) const"
      }
      Items {
        Type: ErrorText
        Value: "Wrong event order has been detected when adding events to the collection:\nnew event ={ StartNs=32529158483 StopNs=32529158757 GlobalId=303333475869012 Event={ TraceProcessEvent=[{ Correlation=100449 EventClass=1 TextId=917 ReturnValue=600 },] } Type=48 }\nlast event ={ StartNs=2215155737272 StopNs=2215174989761 GlobalId=303333475869012 Event={ TraceProcessEvent=[{ Correlation=187266 EventClass=1 TextId=917 ReturnValue=600 },] } Type=48 }"
      }
    }
  }
}
Importer error status: Importation failed.
Import Failed with unexpected exception: /dvs/p4/build/sw/devtools/Agora/Rel/QuadD_Main/QuadD/Host/QdstrmImporter/main.cpp(34): Throw in function {anonymous}::Importer::Importer(const boost::filesystem::path&, const boost::filesystem::path&)
Dynamic exception type: boost::wrapexcept<QuadDCommon::RuntimeException>
std::exception::what: RuntimeException
[QuadDCommon::tag_message*] = Status: AnalysisFailed
Error {
  Type: RuntimeError
  SubError {
    Type: InvalidArgument
    Props {
      Items {
        Type: OriginalExceptionClass
        Value: "N5boost10wrapexceptIN11QuadDCommon24InvalidArgumentExceptionEEE"
      }
      Items {
        Type: OriginalFile
        Value: "/dvs/p4/build/sw/devtools/Agora/Rel/QuadD_Main/QuadD/Host/Analysis/Modules/EventCollection.cpp"
      }
      Items {
        Type: OriginalLine
        Value: "1055"
      }
      Items {
        Type: OriginalFunction
        Value: "void QuadDAnalysis::EventCollection::CheckOrder(QuadDAnalysis::EventCollectionHelper::EventContainer&, const QuadDAnalysis::ConstEvent&) const"
      }
      Items {
        Type: ErrorText
        Value: "Wrong event order has been detected when adding events to the collection:\nnew event ={ StartNs=32071877742 StopNs=32071878003 GlobalId=303333459091795 Event={ TraceProcessEvent=[{ Correlation=100293 EventClass=1 TextId=922 ReturnValue=600 },] } Type=48 }\nlast event ={ StartNs=2215769447744 StopNs=2215789315667 GlobalId=303333459091795 Event={ TraceProcessEvent=[{ Correlation=195091 EventClass=1 TextId=922 ReturnValue=600 },] } Type=48 }"
      }
    }
  }
}
Importer error status: Importation failed.
Import Failed with unexpected exception: /dvs/p4/build/sw/devtools/Agora/Rel/QuadD_Main/QuadD/Host/QdstrmImporter/main.cpp(34): Throw in function {anonymous}::Importer::Importer(const boost::filesystem::path&, const boost::filesystem::path&)
Dynamic exception type: boost::wrapexcept<QuadDCommon::RuntimeException>
std::exception::what: RuntimeException
[QuadDCommon::tag_message*] = Status: AnalysisFailed
Error {
  Type: RuntimeError
  SubError {
    Type: InvalidArgument
    Props {
      Items {
        Type: OriginalExceptionClass
        Value: "N5boost10wrapexceptIN11QuadDCommon24InvalidArgumentExceptionEEE"
      }
      Items {
        Type: OriginalFile
        Value: "/dvs/p4/build/sw/devtools/Agora/Rel/QuadD_Main/QuadD/Host/Analysis/Modules/EventCollection.cpp"
      }
      Items {
        Type: OriginalLine
        Value: "1055"
      }
      Items {
        Type: OriginalFunction
        Value: "void QuadDAnalysis::EventCollection::CheckOrder(QuadDAnalysis::EventCollectionHelper::EventContainer&, const QuadDAnalysis::ConstEvent&) const"
      }
      Items {
        Type: ErrorText
        Value: "Wrong event order has been detected when adding events to the collection:\nnew event ={ StartNs=39387901595 StopNs=39387901857 GlobalId=303333542977880 Event={ TraceProcessEvent=[{ Correlation=178054 EventClass=1 TextId=929 ReturnValue=600 },] } Type=48 }\nlast event ={ StartNs=2215332670197 StopNs=2215355479246 GlobalId=303333542977880 Event={ TraceProcessEvent=[{ Correlation=195193 EventClass=1 TextId=929 ReturnValue=600 },] } Type=48 }"
      }
    }
  }
}
Importer error status: Importation failed.
Import Failed with unexpected exception: /dvs/p4/build/sw/devtools/Agora/Rel/QuadD_Main/QuadD/Host/QdstrmImporter/main.cpp(34): Throw in function {anonymous}::Importer::Importer(const boost::filesystem::path&, const boost::filesystem::path&)
Dynamic exception type: boost::wrapexcept<QuadDCommon::RuntimeException>
std::exception::what: RuntimeException
[QuadDCommon::tag_message*] = Status: AnalysisFailed
Error {
  Type: RuntimeError
  SubError {
    Type: InvalidArgument
    Props {
      Items {
        Type: OriginalExceptionClass
        Value: "N5boost10wrapexceptIN11QuadDCommon24InvalidArgumentExceptionEEE"
      }
      Items {
        Type: OriginalFile
        Value: "/dvs/p4/build/sw/devtools/Agora/Rel/QuadD_Main/QuadD/Host/Analysis/Modules/EventCollection.cpp"
      }
      Items {
        Type: OriginalLine
        Value: "1055"
      }
      Items {
        Type: OriginalFunction
        Value: "void QuadDAnalysis::EventCollection::CheckOrder(QuadDAnalysis::EventCollectionHelper::EventContainer&, const QuadDAnalysis::ConstEvent&) const"
      }
      Items {
        Type: ErrorText
        Value: "Wrong event order has been detected when adding events to the collection:\nnew event ={ StartNs=32695010813 StopNs=32695021390 GlobalId=291322280342721 Event={ TraceProcessEvent=[{ Correlation=96501 EventClass=1 TextId=366 ReturnValue=0 },] } Type=48 }\nlast event ={ StartNs=2216264648886 StopNs=2216264649161 GlobalId=291322280342721 Event={ TraceProcessEvent=[{ Correlation=195320 EventClass=1 TextId=366 ReturnValue=600 },] } Type=48 }"
      }
    }
  }
}
Importer error status: Importation failed.
Import Failed with unexpected exception: /dvs/p4/build/sw/devtools/Agora/Rel/QuadD_Main/QuadD/Host/QdstrmImporter/main.cpp(34): Throw in function {anonymous}::Importer::Importer(const boost::filesystem::path&, const boost::filesystem::path&)
Dynamic exception type: boost::wrapexcept<QuadDCommon::RuntimeException>
std::exception::what: RuntimeException
[QuadDCommon::tag_message*] = Status: AnalysisFailed
Error {
  Type: RuntimeError
  SubError {
    Type: InvalidArgument
    Props {
      Items {
        Type: OriginalExceptionClass
        Value: "N5boost10wrapexceptIN11QuadDCommon24InvalidArgumentExceptionEEE"
      }
      Items {
        Type: OriginalFile
        Value: "/dvs/p4/build/sw/devtools/Agora/Rel/QuadD_Main/QuadD/Host/Analysis/Modules/EventCollection.cpp"
      }
      Items {
        Type: OriginalLine
        Value: "1055"
      }
      Items {
        Type: OriginalFunction
        Value: "void QuadDAnalysis::EventCollection::CheckOrder(QuadDAnalysis::EventCollectionHelper::EventContainer&, const QuadDAnalysis::ConstEvent&) const"
      }
      Items {
        Type: ErrorText
        Value: "Wrong event order has been detected when adding events to the collection:\nnew event ={ StartNs=31968298180 StopNs=31968298435 GlobalId=297537517820890 Event={ TraceProcessEvent=[{ Correlation=105648 EventClass=1 TextId=848 ReturnValue=600 },] } Type=48 }\nlast event ={ StartNs=39279766237 StopNs=39300359950 GlobalId=297537517820890 Event={ TraceProcessEvent=[{ Correlation=195502 EventClass=1 TextId=848 ReturnValue=600 },] } Type=48 }"
      }
    }
  }
}
Importer error status: Importation failed.
Import Failed with unexpected exception: /dvs/p4/build/sw/devtools/Agora/Rel/QuadD_Main/QuadD/Host/QdstrmImporter/main.cpp(34): Throw in function {anonymous}::Importer::Importer(const boost::filesystem::path&, const boost::filesystem::path&)
Dynamic exception type: boost::wrapexcept<QuadDCommon::RuntimeException>
std::exception::what: RuntimeException
[QuadDCommon::tag_message*] = Status: AnalysisFailed
Error {
  Type: RuntimeError
  SubError {
    Type: InvalidArgument
    Props {
      Items {
        Type: OriginalExceptionClass
        Value: "N5boost10wrapexceptIN11QuadDCommon24InvalidArgumentExceptionEEE"
      }
      Items {
        Type: OriginalFile
        Value: "/dvs/p4/build/sw/devtools/Agora/Rel/QuadD_Main/QuadD/Host/Analysis/Modules/EventCollection.cpp"
      }
      Items {
        Type: OriginalLine
        Value: "1055"
      }
      Items {
        Type: OriginalFunction
        Value: "void QuadDAnalysis::EventCollection::CheckOrder(QuadDAnalysis::EventCollectionHelper::EventContainer&, const QuadDAnalysis::ConstEvent&) const"
      }
      Items {
        Type: ErrorText
        Value: "Wrong event order has been detected when adding events to the collection:\nnew event ={ StartNs=2251482560883 StopNs=2251483169841 GlobalId=291322498446542 Event={ TraceProcessEvent=[{ Correlation=787098 EventClass=1 TextId=949 ReturnValue=0 },] } Type=48 }\nlast event ={ StartNs=2259679489309 StopNs=2259680357681 GlobalId=291322498446542 Event={ TraceProcessEvent=[{ Correlation=886648 EventClass=1 TextId=949 ReturnValue=600 },] } Type=48 }"
      }
    }
  }
}
Importer error status: Importation failed.
Import Failed with unexpected exception: /dvs/p4/build/sw/devtools/Agora/Rel/QuadD_Main/QuadD/Host/QdstrmImporter/main.cpp(34): Throw in function {anonymous}::Importer::Importer(const boost::filesystem::path&, const boost::filesystem::path&)
Dynamic exception type: boost::wrapexcept<QuadDCommon::RuntimeException>
std::exception::what: RuntimeException
[QuadDCommon::tag_message*] = Status: AnalysisFailed
Error {
  Type: RuntimeError
  SubError {
    Type: InvalidArgument
    Props {
      Items {
        Type: OriginalExceptionClass
        Value: "N5boost10wrapexceptIN11QuadDCommon24InvalidArgumentExceptionEEE"
      }
      Items {
        Type: OriginalFile
        Value: "/dvs/p4/build/sw/devtools/Agora/Rel/QuadD_Main/QuadD/Host/Analysis/Modules/EventCollection.cpp"
      }
      Items {
        Type: OriginalLine
        Value: "1055"
      }
      Items {
        Type: OriginalFunction
        Value: "void QuadDAnalysis::EventCollection::CheckOrder(QuadDAnalysis::EventCollectionHelper::EventContainer&, const QuadDAnalysis::ConstEvent&) const"
      }
      Items {
        Type: ErrorText
        Value: "Wrong event order has been detected when adding events to the collection:\nnew event ={ StartNs=32594183055 StopNs=32594183315 GlobalId=297537702370277 Event={ TraceProcessEvent=[{ Correlation=98135 EventClass=1 TextId=917 ReturnValue=600 },] } Type=48 }\nlast event ={ StartNs=2215919884215 StopNs=2215942189678 GlobalId=297537702370277 Event={ TraceProcessEvent=[{ Correlation=195175 EventClass=1 TextId=917 ReturnValue=600 },] } Type=48 }"
      }
    }
  }
}
Importer error status: Importation failed.
Import Failed with unexpected exception: /dvs/p4/build/sw/devtools/Agora/Rel/QuadD_Main/QuadD/Host/QdstrmImporter/main.cpp(34): Throw in function {anonymous}::Importer::Importer(const boost::filesystem::path&, const boost::filesystem::path&)
Dynamic exception type: boost::wrapexcept<QuadDCommon::RuntimeException>
std::exception::what: RuntimeException
[QuadDCommon::tag_message*] = Status: AnalysisFailed
Error {
  Type: RuntimeError
  SubError {
    Type: InvalidArgument
    Props {
      Items {
        Type: OriginalExceptionClass
        Value: "N5boost10wrapexceptIN11QuadDCommon24InvalidArgumentExceptionEEE"
      }
      Items {
        Type: OriginalFile
        Value: "/dvs/p4/build/sw/devtools/Agora/Rel/QuadD_Main/QuadD/Host/Analysis/Modules/EventCollection.cpp"
      }
      Items {
        Type: OriginalLine
        Value: "1055"
      }
      Items {
        Type: OriginalFunction
        Value: "void QuadDAnalysis::EventCollection::CheckOrder(QuadDAnalysis::EventCollectionHelper::EventContainer&, const QuadDAnalysis::ConstEvent&) const"
      }
      Items {
        Type: ErrorText
        Value: "Wrong event order has been detected when adding events to the collection:\nnew event ={ StartNs=31789591154 StopNs=31789596274 GlobalId=297537400380371 Event={ TraceProcessEvent=[{ Correlation=96570 EventClass=1 TextId=910 ReturnValue=0 },] } Type=48 }\nlast event ={ StartNs=34580401602 StopNs=34580596873 GlobalId=297537400380371 Event={ TraceProcessEvent=[{ Correlation=188091 EventClass=1 TextId=910 ReturnValue=600 },] } Type=48 }"
      }
    }
  }
}
Importer error status: Importation failed.
Import Failed with unexpected exception: /dvs/p4/build/sw/devtools/Agora/Rel/QuadD_Main/QuadD/Host/QdstrmImporter/main.cpp(34): Throw in function {anonymous}::Importer::Importer(const boost::filesystem::path&, const boost::filesystem::path&)
Dynamic exception type: boost::wrapexcept<QuadDCommon::RuntimeException>
std::exception::what: RuntimeException
[QuadDCommon::tag_message*] = Status: AnalysisFailed
Error {
  Type: RuntimeError
  SubError {
    Type: InvalidArgument
    Props {
      Items {
        Type: OriginalExceptionClass
        Value: "N5boost10wrapexceptIN11QuadDCommon24InvalidArgumentExceptionEEE"
      }
      Items {
        Type: OriginalFile
        Value: "/dvs/p4/build/sw/devtools/Agora/Rel/QuadD_Main/QuadD/Host/Analysis/Modules/EventCollection.cpp"
      }
      Items {
        Type: OriginalLine
        Value: "1055"
      }
      Items {
        Type: OriginalFunction
        Value: "void QuadDAnalysis::EventCollection::CheckOrder(QuadDAnalysis::EventCollectionHelper::EventContainer&, const QuadDAnalysis::ConstEvent&) const"
      }
      Items {
        Type: ErrorText
        Value: "Wrong event order has been detected when adding events to the collection:\nnew event ={ StartNs=2223966388853 StopNs=2223966398045 GlobalId=297537618484192 Event={ TraceProcessEvent=[{ Correlation=513892 EventClass=1 TextId=924 ReturnValue=600 },] } Type=48 }\nlast event ={ StartNs=2225953272366 StopNs=2225961428072 GlobalId=297537618484192 Event={ TraceProcessEvent=[{ Correlation=593806 EventClass=1 TextId=924 ReturnValue=600 },] } Type=48 }"
      }
    }
  }
}
Importer error status: Importation failed.
Import Failed with unexpected exception: /dvs/p4/build/sw/devtools/Agora/Rel/QuadD_Main/QuadD/Host/QdstrmImporter/main.cpp(34): Throw in function {anonymous}::Importer::Importer(const boost::filesystem::path&, const boost::filesystem::path&)
Dynamic exception type: boost::wrapexcept<QuadDCommon::RuntimeException>
std::exception::what: RuntimeException
[QuadDCommon::tag_message*] = Status: AnalysisFailed
Error {
  Type: RuntimeError
  SubError {
    Type: InvalidArgument
    Props {
      Items {
        Type: OriginalExceptionClass
        Value: "N5boost10wrapexceptIN11QuadDCommon24InvalidArgumentExceptionEEE"
      }
      Items {
        Type: OriginalFile
        Value: "/dvs/p4/build/sw/devtools/Agora/Rel/QuadD_Main/QuadD/Host/Analysis/Modules/EventCollection.cpp"
      }
      Items {
        Type: OriginalLine
        Value: "1055"
      }
      Items {
        Type: OriginalFunction
        Value: "void QuadDAnalysis::EventCollection::CheckOrder(QuadDAnalysis::EventCollectionHelper::EventContainer&, const QuadDAnalysis::ConstEvent&) const"
      }
      Items {
        Type: ErrorText
        Value: "Wrong event order has been detected when adding events to the collection:\nnew event ={ StartNs=32038694209 StopNs=32038694491 GlobalId=307369537408268 Event={ TraceProcessEvent=[{ Correlation=107078 EventClass=1 TextId=819 ReturnValue=600 },] } Type=48 }\nlast event ={ StartNs=39067856197 StopNs=39086386407 GlobalId=307369537408268 Event={ TraceProcessEvent=[{ Correlation=195655 EventClass=1 TextId=819 ReturnValue=600 },] } Type=48 }"
      }
    }
  }
}
Importer error status: Importation failed.
Import Failed with unexpected exception: /dvs/p4/build/sw/devtools/Agora/Rel/QuadD_Main/QuadD/Host/QdstrmImporter/main.cpp(34): Throw in function {anonymous}::Importer::Importer(const boost::filesystem::path&, const boost::filesystem::path&)
Dynamic exception type: boost::wrapexcept<QuadDCommon::RuntimeException>
std::exception::what: RuntimeException
[QuadDCommon::tag_message*] = Status: AnalysisFailed
Error {
  Type: RuntimeError
  SubError {
    Type: InvalidArgument
    Props {
      Items {
        Type: OriginalExceptionClass
        Value: "N5boost10wrapexceptIN11QuadDCommon24InvalidArgumentExceptionEEE"
      }
      Items {
        Type: OriginalFile
        Value: "/dvs/p4/build/sw/devtools/Agora/Rel/QuadD_Main/QuadD/Host/Analysis/Modules/EventCollection.cpp"
      }
      Items {
        Type: OriginalLine
        Value: "1055"
      }
      Items {
        Type: OriginalFunction
        Value: "void QuadDAnalysis::EventCollection::CheckOrder(QuadDAnalysis::EventCollectionHelper::EventContainer&, const QuadDAnalysis::ConstEvent&) const"
      }
      Items {
        Type: ErrorText
        Value: "Wrong event order has been detected when adding events to the collection:\nnew event ={ StartNs=31933305081 StopNs=31933305356 GlobalId=303333576532314 Event={ TraceProcessEvent=[{ Correlation=101197 EventClass=1 TextId=915 ReturnValue=600 },] } Type=48 }\nlast event ={ StartNs=39295242367 StopNs=39295242627 GlobalId=303333576532314 Event={ TraceProcessEvent=[{ Correlation=195677 EventClass=1 TextId=915 ReturnValue=600 },] } Type=48 }"
      }
    }
  }
}
Importer error status: Importation failed.
Import Failed with unexpected exception: /dvs/p4/build/sw/devtools/Agora/Rel/QuadD_Main/QuadD/Host/QdstrmImporter/main.cpp(34): Throw in function {anonymous}::Importer::Importer(const boost::filesystem::path&, const boost::filesystem::path&)
Dynamic exception type: boost::wrapexcept<QuadDCommon::RuntimeException>
std::exception::what: RuntimeException
[QuadDCommon::tag_message*] = Status: AnalysisFailed
Error {
  Type: RuntimeError
  SubError {
    Type: InvalidArgument
    Props {
      Items {
        Type: OriginalExceptionClass
        Value: "N5boost10wrapexceptIN11QuadDCommon24InvalidArgumentExceptionEEE"
      }
      Items {
        Type: OriginalFile
        Value: "/dvs/p4/build/sw/devtools/Agora/Rel/QuadD_Main/QuadD/Host/Analysis/Modules/EventCollection.cpp"
      }
      Items {
        Type: OriginalLine
        Value: "1055"
      }
      Items {
        Type: OriginalFunction
        Value: "void QuadDAnalysis::EventCollection::CheckOrder(QuadDAnalysis::EventCollectionHelper::EventContainer&, const QuadDAnalysis::ConstEvent&) const"
      }
      Items {
        Type: ErrorText
        Value: "Wrong event order has been detected when adding events to the collection:\nnew event ={ StartNs=32077000157 StopNs=32077000428 GlobalId=307369403190532 Event={ TraceProcessEvent=[{ Correlation=105252 EventClass=1 TextId=822 ReturnValue=600 },] } Type=48 }\nlast event ={ StartNs=39034824907 StopNs=39039404618 GlobalId=307369403190532 Event={ TraceProcessEvent=[{ Correlation=191853 EventClass=1 TextId=822 ReturnValue=600 },] } Type=48 }"
      }
    }
  }
}
Importer error status: Importation failed.
Import Failed with unexpected exception: /dvs/p4/build/sw/devtools/Agora/Rel/QuadD_Main/QuadD/Host/QdstrmImporter/main.cpp(34): Throw in function {anonymous}::Importer::Importer(const boost::filesystem::path&, const boost::filesystem::path&)
Dynamic exception type: boost::wrapexcept<QuadDCommon::RuntimeException>
std::exception::what: RuntimeException
[QuadDCommon::tag_message*] = Status: AnalysisFailed
Error {
  Type: RuntimeError
  SubError {
    Type: InvalidArgument
    Props {
      Items {
        Type: OriginalExceptionClass
        Value: "N5boost10wrapexceptIN11QuadDCommon24InvalidArgumentExceptionEEE"
      }
      Items {
        Type: OriginalFile
        Value: "/dvs/p4/build/sw/devtools/Agora/Rel/QuadD_Main/QuadD/Host/Analysis/Modules/EventCollection.cpp"
      }
      Items {
        Type: OriginalLine
        Value: "1055"
      }
      Items {
        Type: OriginalFunction
        Value: "void QuadDAnalysis::EventCollection::CheckOrder(QuadDAnalysis::EventCollectionHelper::EventContainer&, const QuadDAnalysis::ConstEvent&) const"
      }
      Items {
        Type: ErrorText
        Value: "Wrong event order has been detected when adding events to the collection:\nnew event ={ StartNs=32065817289 StopNs=32065817559 GlobalId=307369436744966 Event={ TraceProcessEvent=[{ Correlation=106736 EventClass=1 TextId=121 ReturnValue=600 },] } Type=48 }\nlast event ={ StartNs=39255892052 StopNs=39255892324 GlobalId=307369436744966 Event={ TraceProcessEvent=[{ Correlation=195828 EventClass=1 TextId=121 ReturnValue=600 },] } Type=48 }"
      }
    }
  }
}
Importer error status: Importation failed.
Import Failed with unexpected exception: /dvs/p4/build/sw/devtools/Agora/Rel/QuadD_Main/QuadD/Host/QdstrmImporter/main.cpp(34): Throw in function {anonymous}::Importer::Importer(const boost::filesystem::path&, const boost::filesystem::path&)
Dynamic exception type: boost::wrapexcept<QuadDCommon::RuntimeException>
std::exception::what: RuntimeException
[QuadDCommon::tag_message*] = Status: AnalysisFailed
Error {
  Type: RuntimeError
  SubError {
    Type: InvalidArgument
    Props {
      Items {
        Type: OriginalExceptionClass
        Value: "N5boost10wrapexceptIN11QuadDCommon24InvalidArgumentExceptionEEE"
      }
      Items {
        Type: OriginalFile
        Value: "/dvs/p4/build/sw/devtools/Agora/Rel/QuadD_Main/QuadD/Host/Analysis/Modules/EventCollection.cpp"
      }
      Items {
        Type: OriginalLine
        Value: "1055"
      }
      Items {
        Type: OriginalFunction
        Value: "void QuadDAnalysis::EventCollection::CheckOrder(QuadDAnalysis::EventCollectionHelper::EventContainer&, const QuadDAnalysis::ConstEvent&) const"
      }
      Items {
        Type: ErrorText
        Value: "Wrong event order has been detected when adding events to the collection:\nnew event ={ StartNs=2223845878806 StopNs=2223845887051 GlobalId=307369570962702 Event={ TraceProcessEvent=[{ Correlation=494202 EventClass=1 TextId=790 ReturnValue=0 },] } Type=48 }\nlast event ={ StartNs=2226110005862 StopNs=2226110006127 GlobalId=307369570962702 Event={ TraceProcessEvent=[{ Correlation=593973 EventClass=1 TextId=790 ReturnValue=600 },] } Type=48 }"
      }
    }
  }
}
Importer error status: Importation failed.
Import Failed with unexpected exception: /dvs/p4/build/sw/devtools/Agora/Rel/QuadD_Main/QuadD/Host/QdstrmImporter/main.cpp(34): Throw in function {anonymous}::Importer::Importer(const boost::filesystem::path&, const boost::filesystem::path&)
Dynamic exception type: boost::wrapexcept<QuadDCommon::RuntimeException>
std::exception::what: RuntimeException
[QuadDCommon::tag_message*] = Status: AnalysisFailed
Error {
  Type: RuntimeError
  SubError {
    Type: InvalidArgument
    Props {
      Items {
        Type: OriginalExceptionClass
        Value: "N5boost10wrapexceptIN11QuadDCommon24InvalidArgumentExceptionEEE"
      }
      Items {
        Type: OriginalFile
        Value: "/dvs/p4/build/sw/devtools/Agora/Rel/QuadD_Main/QuadD/Host/Analysis/Modules/EventCollection.cpp"
      }
      Items {
        Type: OriginalLine
        Value: "1055"
      }
      Items {
        Type: OriginalFunction
        Value: "void QuadDAnalysis::EventCollection::CheckOrder(QuadDAnalysis::EventCollectionHelper::EventContainer&, const QuadDAnalysis::ConstEvent&) const"
      }
      Items {
        Type: ErrorText
        Value: "Wrong event order has been detected when adding events to the collection:\nnew event ={ StartNs=32807705942 StopNs=32807706222 GlobalId=291322414560457 Event={ TraceProcessEvent=[{ Correlation=595257 EventClass=1 TextId=972 ReturnValue=600 },] } Type=48 }\nlast event ={ StartNs=33862004557 StopNs=33874438734 GlobalId=291322414560457 Event={ TraceProcessEvent=[{ Correlation=685540 EventClass=1 TextId=972 ReturnValue=600 },] } Type=48 }"
      }
    }
  }
}
