+ RANK_GLOBAL=1
+ RANK_LOCAL=1
+ PROFILE_RANK=0
+ TRACE_DOMAINS=nvtx
+ NSYS_SAMPLE=none
+ BINDIR=/leonardo/home/userexternal/ctica000/MS_thesis/RegCM/bin
+ BIN=regcmMPICLM45_OPENACC_GPU_STDPAR
+ INPUT_FILE=EURR-3_namelist.in
+ [[ -z 0,1,2,3 ]]
+ export ACC_DEVICE_TYPE=nvidia
+ ACC_DEVICE_TYPE=nvidia
+ export ACC_DEVICE_NUM=0
+ ACC_DEVICE_NUM=0
+ export OMP_NUM_THREADS=1
+ OMP_NUM_THREADS=1
+ NSYS_OUT=/leonardo_scratch/large/userexternal/ctica000/profile/nsys_rank1
+ [[ 1 -eq 0 ]]
+ exec /leonardo/home/userexternal/ctica000/MS_thesis/RegCM/bin/regcmMPICLM45_OPENACC_GPU_STDPAR EURR-3_namelist.in
+ RANK_GLOBAL=2
+ RANK_LOCAL=2
+ PROFILE_RANK=0
+ TRACE_DOMAINS=nvtx
+ NSYS_SAMPLE=none
+ BINDIR=/leonardo/home/userexternal/ctica000/MS_thesis/RegCM/bin
+ BIN=regcmMPICLM45_OPENACC_GPU_STDPAR
+ INPUT_FILE=EURR-3_namelist.in
+ [[ -z 0,1,2,3 ]]
+ export ACC_DEVICE_TYPE=nvidia
+ ACC_DEVICE_TYPE=nvidia
+ export ACC_DEVICE_NUM=0
+ ACC_DEVICE_NUM=0
+ export OMP_NUM_THREADS=1
+ OMP_NUM_THREADS=1
+ NSYS_OUT=/leonardo_scratch/large/userexternal/ctica000/profile/nsys_rank2
+ [[ 2 -eq 0 ]]
+ exec /leonardo/home/userexternal/ctica000/MS_thesis/RegCM/bin/regcmMPICLM45_OPENACC_GPU_STDPAR EURR-3_namelist.in
+ RANK_GLOBAL=3
+ RANK_LOCAL=3
+ PROFILE_RANK=0
+ TRACE_DOMAINS=nvtx
+ NSYS_SAMPLE=none
+ BINDIR=/leonardo/home/userexternal/ctica000/MS_thesis/RegCM/bin
+ BIN=regcmMPICLM45_OPENACC_GPU_STDPAR
+ INPUT_FILE=EURR-3_namelist.in
+ [[ -z 0,1,2,3 ]]
+ export ACC_DEVICE_TYPE=nvidia
+ ACC_DEVICE_TYPE=nvidia
+ export ACC_DEVICE_NUM=0
+ ACC_DEVICE_NUM=0
+ export OMP_NUM_THREADS=1
+ OMP_NUM_THREADS=1
+ NSYS_OUT=/leonardo_scratch/large/userexternal/ctica000/profile/nsys_rank3
+ [[ 3 -eq 0 ]]
+ exec /leonardo/home/userexternal/ctica000/MS_thesis/RegCM/bin/regcmMPICLM45_OPENACC_GPU_STDPAR EURR-3_namelist.in
+ RANK_GLOBAL=0
+ RANK_LOCAL=0
+ PROFILE_RANK=0
+ TRACE_DOMAINS=nvtx
+ NSYS_SAMPLE=none
+ BINDIR=/leonardo/home/userexternal/ctica000/MS_thesis/RegCM/bin
+ BIN=regcmMPICLM45_OPENACC_GPU_STDPAR
+ INPUT_FILE=EURR-3_namelist.in
+ [[ -z 0,1,2,3 ]]
+ export ACC_DEVICE_TYPE=nvidia
+ ACC_DEVICE_TYPE=nvidia
+ export ACC_DEVICE_NUM=0
+ ACC_DEVICE_NUM=0
+ export OMP_NUM_THREADS=1
+ OMP_NUM_THREADS=1
+ NSYS_OUT=/leonardo_scratch/large/userexternal/ctica000/profile/nsys_rank0
+ [[ 0 -eq 0 ]]
+ exec nsys profile --force-overwrite=true --stats=false --stop-on-exit=true --capture-range-end=stop ' '
+ RANK_GLOBAL=6
+ RANK_LOCAL=2
+ PROFILE_RANK=0
+ TRACE_DOMAINS=nvtx
+ NSYS_SAMPLE=none
+ BINDIR=/leonardo/home/userexternal/ctica000/MS_thesis/RegCM/bin
+ BIN=regcmMPICLM45_OPENACC_GPU_STDPAR
+ INPUT_FILE=EURR-3_namelist.in
+ [[ -z 0,1,2,3 ]]
+ export ACC_DEVICE_TYPE=nvidia
+ ACC_DEVICE_TYPE=nvidia
+ export ACC_DEVICE_NUM=0
+ ACC_DEVICE_NUM=0
+ export OMP_NUM_THREADS=1
+ OMP_NUM_THREADS=1
+ NSYS_OUT=/leonardo_scratch/large/userexternal/ctica000/profile/nsys_rank6
+ [[ 6 -eq 0 ]]
+ exec /leonardo/home/userexternal/ctica000/MS_thesis/RegCM/bin/regcmMPICLM45_OPENACC_GPU_STDPAR EURR-3_namelist.in
+ RANK_GLOBAL=7
+ RANK_LOCAL=3
+ PROFILE_RANK=0
+ TRACE_DOMAINS=nvtx
+ NSYS_SAMPLE=none
+ BINDIR=/leonardo/home/userexternal/ctica000/MS_thesis/RegCM/bin
+ BIN=regcmMPICLM45_OPENACC_GPU_STDPAR
+ INPUT_FILE=EURR-3_namelist.in
+ [[ -z 0,1,2,3 ]]
+ export ACC_DEVICE_TYPE=nvidia
+ ACC_DEVICE_TYPE=nvidia
+ export ACC_DEVICE_NUM=0
+ ACC_DEVICE_NUM=0
+ export OMP_NUM_THREADS=1
+ OMP_NUM_THREADS=1
+ NSYS_OUT=/leonardo_scratch/large/userexternal/ctica000/profile/nsys_rank7
+ [[ 7 -eq 0 ]]
+ exec /leonardo/home/userexternal/ctica000/MS_thesis/RegCM/bin/regcmMPICLM45_OPENACC_GPU_STDPAR EURR-3_namelist.in
+ RANK_GLOBAL=5
+ RANK_LOCAL=1
+ PROFILE_RANK=0
+ TRACE_DOMAINS=nvtx
+ NSYS_SAMPLE=none
+ BINDIR=/leonardo/home/userexternal/ctica000/MS_thesis/RegCM/bin
+ BIN=regcmMPICLM45_OPENACC_GPU_STDPAR
+ INPUT_FILE=EURR-3_namelist.in
+ [[ -z 0,1,2,3 ]]
+ export ACC_DEVICE_TYPE=nvidia
+ ACC_DEVICE_TYPE=nvidia
+ export ACC_DEVICE_NUM=0
+ ACC_DEVICE_NUM=0
+ export OMP_NUM_THREADS=1
+ OMP_NUM_THREADS=1
+ NSYS_OUT=/leonardo_scratch/large/userexternal/ctica000/profile/nsys_rank5
+ [[ 5 -eq 0 ]]
+ RANK_GLOBAL=11
+ RANK_LOCAL=3
+ PROFILE_RANK=0
+ TRACE_DOMAINS=nvtx
+ NSYS_SAMPLE=none
+ BINDIR=/leonardo/home/userexternal/ctica000/MS_thesis/RegCM/bin
+ BIN=regcmMPICLM45_OPENACC_GPU_STDPAR
+ INPUT_FILE=EURR-3_namelist.in
+ [[ -z 0,1,2,3 ]]
+ export ACC_DEVICE_TYPE=nvidia
+ ACC_DEVICE_TYPE=nvidia
+ export ACC_DEVICE_NUM=0
+ ACC_DEVICE_NUM=0
+ export OMP_NUM_THREADS=1
+ OMP_NUM_THREADS=1
+ NSYS_OUT=/leonardo_scratch/large/userexternal/ctica000/profile/nsys_rank11
+ [[ 11 -eq 0 ]]
+ exec /leonardo/home/userexternal/ctica000/MS_thesis/RegCM/bin/regcmMPICLM45_OPENACC_GPU_STDPAR EURR-3_namelist.in
+ RANK_GLOBAL=9
+ RANK_LOCAL=1
+ PROFILE_RANK=0
+ TRACE_DOMAINS=nvtx
+ NSYS_SAMPLE=none
+ BINDIR=/leonardo/home/userexternal/ctica000/MS_thesis/RegCM/bin
+ BIN=regcmMPICLM45_OPENACC_GPU_STDPAR
+ INPUT_FILE=EURR-3_namelist.in
+ [[ -z 0,1,2,3 ]]
+ export ACC_DEVICE_TYPE=nvidia
+ ACC_DEVICE_TYPE=nvidia
+ export ACC_DEVICE_NUM=0
+ ACC_DEVICE_NUM=0
+ export OMP_NUM_THREADS=1
+ OMP_NUM_THREADS=1
+ NSYS_OUT=/leonardo_scratch/large/userexternal/ctica000/profile/nsys_rank9
+ [[ 9 -eq 0 ]]
+ exec /leonardo/home/userexternal/ctica000/MS_thesis/RegCM/bin/regcmMPICLM45_OPENACC_GPU_STDPAR EURR-3_namelist.in
+ RANK_GLOBAL=10
+ RANK_LOCAL=2
+ PROFILE_RANK=0
+ TRACE_DOMAINS=nvtx
+ NSYS_SAMPLE=none
+ BINDIR=/leonardo/home/userexternal/ctica000/MS_thesis/RegCM/bin
+ BIN=regcmMPICLM45_OPENACC_GPU_STDPAR
+ INPUT_FILE=EURR-3_namelist.in
+ [[ -z 0,1,2,3 ]]
+ export ACC_DEVICE_TYPE=nvidia
+ ACC_DEVICE_TYPE=nvidia
+ export ACC_DEVICE_NUM=0
+ ACC_DEVICE_NUM=0
+ export OMP_NUM_THREADS=1
+ OMP_NUM_THREADS=1
+ NSYS_OUT=/leonardo_scratch/large/userexternal/ctica000/profile/nsys_rank10
+ exec /leonardo/home/userexternal/ctica000/MS_thesis/RegCM/bin/regcmMPICLM45_OPENACC_GPU_STDPAR EURR-3_namelist.in
+ RANK_GLOBAL=4
+ RANK_LOCAL=0
+ PROFILE_RANK=0
+ TRACE_DOMAINS=nvtx
+ NSYS_SAMPLE=none
+ BINDIR=/leonardo/home/userexternal/ctica000/MS_thesis/RegCM/bin
+ BIN=regcmMPICLM45_OPENACC_GPU_STDPAR
+ INPUT_FILE=EURR-3_namelist.in
+ [[ -z 0,1,2,3 ]]
+ export ACC_DEVICE_TYPE=nvidia
+ ACC_DEVICE_TYPE=nvidia
+ export ACC_DEVICE_NUM=0
+ ACC_DEVICE_NUM=0
+ export OMP_NUM_THREADS=1
+ OMP_NUM_THREADS=1
+ NSYS_OUT=/leonardo_scratch/large/userexternal/ctica000/profile/nsys_rank4
+ [[ 4 -eq 0 ]]
+ exec /leonardo/home/userexternal/ctica000/MS_thesis/RegCM/bin/regcmMPICLM45_OPENACC_GPU_STDPAR EURR-3_namelist.in
+ [[ 10 -eq 0 ]]
+ exec /leonardo/home/userexternal/ctica000/MS_thesis/RegCM/bin/regcmMPICLM45_OPENACC_GPU_STDPAR EURR-3_namelist.in
+ RANK_GLOBAL=8
+ RANK_LOCAL=0
+ PROFILE_RANK=0
+ TRACE_DOMAINS=nvtx
+ NSYS_SAMPLE=none
+ BINDIR=/leonardo/home/userexternal/ctica000/MS_thesis/RegCM/bin
+ BIN=regcmMPICLM45_OPENACC_GPU_STDPAR
+ INPUT_FILE=EURR-3_namelist.in
+ [[ -z 0,1,2,3 ]]
+ export ACC_DEVICE_TYPE=nvidia
+ ACC_DEVICE_TYPE=nvidia
+ export ACC_DEVICE_NUM=0
+ ACC_DEVICE_NUM=0
+ export OMP_NUM_THREADS=1
+ OMP_NUM_THREADS=1
+ NSYS_OUT=/leonardo_scratch/large/userexternal/ctica000/profile/nsys_rank8
+ [[ 8 -eq 0 ]]
+ exec /leonardo/home/userexternal/ctica000/MS_thesis/RegCM/bin/regcmMPICLM45_OPENACC_GPU_STDPAR EURR-3_namelist.in
The --capture-range-end option is only allowed when --capture-range option-argument is not 'none'.

usage: nsys profile [<args>] [application] [<application args>]
Try 'nsys profile --help' for more information.
srun: error: lrdn0099: task 0: Exited with exit code 1
+ RANK_GLOBAL=15
+ RANK_LOCAL=3
+ PROFILE_RANK=0
+ TRACE_DOMAINS=nvtx
+ NSYS_SAMPLE=none
+ BINDIR=/leonardo/home/userexternal/ctica000/MS_thesis/RegCM/bin
+ BIN=regcmMPICLM45_OPENACC_GPU_STDPAR
+ INPUT_FILE=EURR-3_namelist.in
+ [[ -z 0,1,2,3 ]]
+ export ACC_DEVICE_TYPE=nvidia
+ ACC_DEVICE_TYPE=nvidia
+ export ACC_DEVICE_NUM=0
+ ACC_DEVICE_NUM=0
+ export OMP_NUM_THREADS=1
+ OMP_NUM_THREADS=1
+ NSYS_OUT=/leonardo_scratch/large/userexternal/ctica000/profile/nsys_rank15
+ [[ 15 -eq 0 ]]
+ exec /leonardo/home/userexternal/ctica000/MS_thesis/RegCM/bin/regcmMPICLM45_OPENACC_GPU_STDPAR EURR-3_namelist.in
+ RANK_GLOBAL=14
+ RANK_LOCAL=2
+ PROFILE_RANK=0
+ TRACE_DOMAINS=nvtx
+ NSYS_SAMPLE=none
+ BINDIR=/leonardo/home/userexternal/ctica000/MS_thesis/RegCM/bin
+ BIN=regcmMPICLM45_OPENACC_GPU_STDPAR
+ INPUT_FILE=EURR-3_namelist.in
+ [[ -z 0,1,2,3 ]]
+ export ACC_DEVICE_TYPE=nvidia
+ ACC_DEVICE_TYPE=nvidia
+ export ACC_DEVICE_NUM=0
+ ACC_DEVICE_NUM=0
+ export OMP_NUM_THREADS=1
+ OMP_NUM_THREADS=1
+ NSYS_OUT=/leonardo_scratch/large/userexternal/ctica000/profile/nsys_rank14
+ [[ 14 -eq 0 ]]
+ exec /leonardo/home/userexternal/ctica000/MS_thesis/RegCM/bin/regcmMPICLM45_OPENACC_GPU_STDPAR EURR-3_namelist.in
+ RANK_GLOBAL=12
+ RANK_LOCAL=0
+ PROFILE_RANK=0
+ TRACE_DOMAINS=nvtx
+ NSYS_SAMPLE=none
+ BINDIR=/leonardo/home/userexternal/ctica000/MS_thesis/RegCM/bin
+ BIN=regcmMPICLM45_OPENACC_GPU_STDPAR
+ INPUT_FILE=EURR-3_namelist.in
+ [[ -z 0,1,2,3 ]]
+ export ACC_DEVICE_TYPE=nvidia
+ ACC_DEVICE_TYPE=nvidia
+ export ACC_DEVICE_NUM=0
+ ACC_DEVICE_NUM=0
+ export OMP_NUM_THREADS=1
+ OMP_NUM_THREADS=1
+ NSYS_OUT=/leonardo_scratch/large/userexternal/ctica000/profile/nsys_rank12
+ [[ 12 -eq 0 ]]
+ exec /leonardo/home/userexternal/ctica000/MS_thesis/RegCM/bin/regcmMPICLM45_OPENACC_GPU_STDPAR EURR-3_namelist.in
+ RANK_GLOBAL=13
+ RANK_LOCAL=1
+ PROFILE_RANK=0
+ TRACE_DOMAINS=nvtx
+ NSYS_SAMPLE=none
+ BINDIR=/leonardo/home/userexternal/ctica000/MS_thesis/RegCM/bin
+ BIN=regcmMPICLM45_OPENACC_GPU_STDPAR
+ INPUT_FILE=EURR-3_namelist.in
+ [[ -z 0,1,2,3 ]]
+ export ACC_DEVICE_TYPE=nvidia
+ ACC_DEVICE_TYPE=nvidia
+ export ACC_DEVICE_NUM=0
+ ACC_DEVICE_NUM=0
+ export OMP_NUM_THREADS=1
+ OMP_NUM_THREADS=1
+ NSYS_OUT=/leonardo_scratch/large/userexternal/ctica000/profile/nsys_rank13
+ [[ 13 -eq 0 ]]
+ exec /leonardo/home/userexternal/ctica000/MS_thesis/RegCM/bin/regcmMPICLM45_OPENACC_GPU_STDPAR EURR-3_namelist.in
slurmstepd: error:  mpi/pmix_v3: pmixp_coll_ring_reset_if_to: lrdn0099 [0]: pmixp_coll_ring.c:742: 0x15035c0071e0: collective timeout seq=0
slurmstepd: error:  mpi/pmix_v3: pmixp_coll_log: lrdn0099 [0]: pmixp_coll.c:286: Dumping collective state
slurmstepd: error:  mpi/pmix_v3: pmixp_coll_ring_log: lrdn0099 [0]: pmixp_coll_ring.c:760: 0x15035c0071e0: COLL_FENCE_RING state seq=0
slurmstepd: error:  mpi/pmix_v3: pmixp_coll_ring_log: lrdn0099 [0]: pmixp_coll_ring.c:762: my peerid: 0:lrdn0099
slurmstepd: error:  mpi/pmix_v3: pmixp_coll_ring_log: lrdn0099 [0]: pmixp_coll_ring.c:769: neighbor id: next 1:lrdn0141, prev 3:lrdn2685
slurmstepd: error:  mpi/pmix_v3: pmixp_coll_ring_log: lrdn0099 [0]: pmixp_coll_ring.c:779: Context ptr=0x15035c007258, #0, in-use=0
slurmstepd: error:  mpi/pmix_v3: pmixp_coll_ring_log: lrdn0099 [0]: pmixp_coll_ring.c:779: Context ptr=0x15035c007290, #1, in-use=0
slurmstepd: error:  mpi/pmix_v3: pmixp_coll_ring_log: lrdn0099 [0]: pmixp_coll_ring.c:779: Context ptr=0x15035c0072c8, #2, in-use=1
slurmstepd: error:  mpi/pmix_v3: pmixp_coll_ring_log: lrdn0099 [0]: pmixp_coll_ring.c:790: 	 seq=0 contribs: loc=0/prev=3/fwd=2
slurmstepd: error:  mpi/pmix_v3: pmixp_coll_ring_log: lrdn0099 [0]: pmixp_coll_ring.c:792: 	 neighbor contribs [4]:
slurmstepd: error:  mpi/pmix_v3: pmixp_coll_ring_log: lrdn0099 [0]: pmixp_coll_ring.c:825: 		 done contrib: lrdn[0141,0272,2685]
slurmstepd: error:  mpi/pmix_v3: pmixp_coll_ring_log: lrdn0099 [0]: pmixp_coll_ring.c:827: 		 wait contrib: -
slurmstepd: error:  mpi/pmix_v3: pmixp_coll_ring_log: lrdn0099 [0]: pmixp_coll_ring.c:829: 	 status=PMIXP_COLL_RING_PROGRESS
slurmstepd: error:  mpi/pmix_v3: pmixp_coll_ring_log: lrdn0099 [0]: pmixp_coll_ring.c:833: 	 buf (offset/size): 7785/18165
slurmstepd: error:  mpi/pmix_v3: pmixp_coll_ring_reset_if_to: lrdn0272 [2]: pmixp_coll_ring.c:742: 0x14acf003bf40: collective timeout seq=0
slurmstepd: error:  mpi/pmix_v3: pmixp_coll_log: lrdn0272 [2]: pmixp_coll.c:286: Dumping collective state
slurmstepd: error:  mpi/pmix_v3: pmixp_coll_ring_log: lrdn0272 [2]: pmixp_coll_ring.c:760: 0x14acf003bf40: COLL_FENCE_RING state seq=0
slurmstepd: error:  mpi/pmix_v3: pmixp_coll_ring_log: lrdn0272 [2]: pmixp_coll_ring.c:762: my peerid: 2:lrdn0272
slurmstepd: error:  mpi/pmix_v3: pmixp_coll_ring_log: lrdn0272 [2]: pmixp_coll_ring.c:769: neighbor id: next 3:lrdn2685, prev 1:lrdn0141
slurmstepd: error:  mpi/pmix_v3: pmixp_coll_ring_log: lrdn0272 [2]: pmixp_coll_ring.c:779: Context ptr=0x14acf003bfb8, #0, in-use=0
slurmstepd: error:  mpi/pmix_v3: pmixp_coll_ring_log: lrdn0272 [2]: pmixp_coll_ring.c:779: Context ptr=0x14acf003bff0, #1, in-use=0
slurmstepd: error:  mpi/pmix_v3: pmixp_coll_ring_log: lrdn0272 [2]: pmixp_coll_ring.c:779: Context ptr=0x14acf003c028, #2, in-use=1
slurmstepd: error:  mpi/pmix_v3: pmixp_coll_ring_log: lrdn0272 [2]: pmixp_coll_ring.c:790: 	 seq=0 contribs: loc=1/prev=2/fwd=2
slurmstepd: error:  mpi/pmix_v3: pmixp_coll_ring_log: lrdn0272 [2]: pmixp_coll_ring.c:792: 	 neighbor contribs [4]:
slurmstepd: error:  mpi/pmix_v3: pmixp_coll_ring_log: lrdn0272 [2]: pmixp_coll_ring.c:825: 		 done contrib: lrdn[0141,2685]
slurmstepd: error:  mpi/pmix_v3: pmixp_coll_ring_log: lrdn0272 [2]: pmixp_coll_ring.c:827: 		 wait contrib: lrdn0099
slurmstepd: error:  mpi/pmix_v3: pmixp_coll_ring_log: lrdn0272 [2]: pmixp_coll_ring.c:829: 	 status=PMIXP_COLL_RING_PROGRESS
slurmstepd: error:  mpi/pmix_v3: pmixp_coll_ring_log: lrdn0272 [2]: pmixp_coll_ring.c:833: 	 buf (offset/size): 7785/18165
slurmstepd: error:  mpi/pmix_v3: pmixp_coll_ring_reset_if_to: lrdn0141 [1]: pmixp_coll_ring.c:742: 0x150e340071a0: collective timeout seq=0
slurmstepd: error:  mpi/pmix_v3: pmixp_coll_log: lrdn0141 [1]: pmixp_coll.c:286: Dumping collective state
slurmstepd: error:  mpi/pmix_v3: pmixp_coll_ring_log: lrdn0141 [1]: pmixp_coll_ring.c:760: 0x150e340071a0: COLL_FENCE_RING state seq=0
slurmstepd: error:  mpi/pmix_v3: pmixp_coll_ring_log: lrdn0141 [1]: pmixp_coll_ring.c:762: my peerid: 1:lrdn0141
slurmstepd: error:  mpi/pmix_v3: pmixp_coll_ring_log: lrdn0141 [1]: pmixp_coll_ring.c:769: neighbor id: next 2:lrdn0272, prev 0:lrdn0099
slurmstepd: error:  mpi/pmix_v3: pmixp_coll_ring_log: lrdn0141 [1]: pmixp_coll_ring.c:779: Context ptr=0x150e34007218, #0, in-use=0
slurmstepd: error:  mpi/pmix_v3: pmixp_coll_ring_log: lrdn0141 [1]: pmixp_coll_ring.c:779: Context ptr=0x150e34007250, #1, in-use=0
slurmstepd: error:  mpi/pmix_v3: pmixp_coll_ring_log: lrdn0141 [1]: pmixp_coll_ring.c:779: Context ptr=0x150e34007288, #2, in-use=1
slurmstepd: error:  mpi/pmix_v3: pmixp_coll_ring_log: lrdn0141 [1]: pmixp_coll_ring.c:790: 	 seq=0 contribs: loc=1/prev=2/fwd=2
slurmstepd: error:  mpi/pmix_v3: pmixp_coll_ring_log: lrdn0141 [1]: pmixp_coll_ring.c:792: 	 neighbor contribs [4]:
slurmstepd: error:  mpi/pmix_v3: pmixp_coll_ring_log: lrdn0141 [1]: pmixp_coll_ring.c:825: 		 done contrib: lrdn[0272,2685]
slurmstepd: error:  mpi/pmix_v3: pmixp_coll_ring_log: lrdn0141 [1]: pmixp_coll_ring.c:827: 		 wait contrib: lrdn0099
slurmstepd: error:  mpi/pmix_v3: pmixp_coll_ring_log: lrdn0141 [1]: pmixp_coll_ring.c:829: 	 status=PMIXP_COLL_RING_PROGRESS
slurmstepd: error:  mpi/pmix_v3: pmixp_coll_ring_log: lrdn0141 [1]: pmixp_coll_ring.c:833: 	 buf (offset/size): 7785/18165
slurmstepd: error:  mpi/pmix_v3: pmixp_coll_ring_reset_if_to: lrdn2685 [3]: pmixp_coll_ring.c:742: 0x14f15c0071e0: collective timeout seq=0
slurmstepd: error:  mpi/pmix_v3: pmixp_coll_log: lrdn2685 [3]: pmixp_coll.c:286: Dumping collective state
slurmstepd: error:  mpi/pmix_v3: pmixp_coll_ring_log: lrdn2685 [3]: pmixp_coll_ring.c:760: 0x14f15c0071e0: COLL_FENCE_RING state seq=0
slurmstepd: error:  mpi/pmix_v3: pmixp_coll_ring_log: lrdn2685 [3]: pmixp_coll_ring.c:762: my peerid: 3:lrdn2685
slurmstepd: error:  mpi/pmix_v3: pmixp_coll_ring_log: lrdn2685 [3]: pmixp_coll_ring.c:769: neighbor id: next 0:lrdn0099, prev 2:lrdn0272
slurmstepd: error:  mpi/pmix_v3: pmixp_coll_ring_log: lrdn2685 [3]: pmixp_coll_ring.c:779: Context ptr=0x14f15c007258, #0, in-use=0
slurmstepd: error:  mpi/pmix_v3: pmixp_coll_ring_log: lrdn2685 [3]: pmixp_coll_ring.c:779: Context ptr=0x14f15c007290, #1, in-use=0
slurmstepd: error:  mpi/pmix_v3: pmixp_coll_ring_log: lrdn2685 [3]: pmixp_coll_ring.c:779: Context ptr=0x14f15c0072c8, #2, in-use=1
slurmstepd: error:  mpi/pmix_v3: pmixp_coll_ring_log: lrdn2685 [3]: pmixp_coll_ring.c:790: 	 seq=0 contribs: loc=1/prev=2/fwd=3
slurmstepd: error:  mpi/pmix_v3: pmixp_coll_ring_log: lrdn2685 [3]: pmixp_coll_ring.c:792: 	 neighbor contribs [4]:
slurmstepd: error:  mpi/pmix_v3: pmixp_coll_ring_log: lrdn2685 [3]: pmixp_coll_ring.c:825: 		 done contrib: lrdn[0141,0272]
slurmstepd: error:  mpi/pmix_v3: pmixp_coll_ring_log: lrdn2685 [3]: pmixp_coll_ring.c:827: 		 wait contrib: lrdn0099
slurmstepd: error:  mpi/pmix_v3: pmixp_coll_ring_log: lrdn2685 [3]: pmixp_coll_ring.c:829: 	 status=PMIXP_COLL_RING_PROGRESS
slurmstepd: error:  mpi/pmix_v3: pmixp_coll_ring_log: lrdn2685 [3]: pmixp_coll_ring.c:833: 	 buf (offset/size): 7785/18165
[lrdn0272.leonardo.local:1112553] ../../../../../ompi/mca/pml/ucx/pml_ucx.c:179  Error: Failed to receive UCX worker address: Not found (-13)
[lrdn0272.leonardo.local:1112553] ../../../../../ompi/mca/pml/ucx/pml_ucx.c:477  Error: Failed to resolve UCX endpoint for rank 0
[LOG_CAT_COMMPATTERNS]   isend failed in  comm_allreduce_pml at iterations 3 

[LOG_CAT_P2P] hmca_bcol_ucx_p2p address preexchange allreduce failed
[lrdn0141.leonardo.local:1305142] ../../../../../ompi/mca/pml/ucx/pml_ucx.c:179  Error: Failed to receive UCX worker address: Not found (-13)
[lrdn0141.leonardo.local:1305142] ../../../../../ompi/mca/pml/ucx/pml_ucx.c:477  Error: Failed to resolve UCX endpoint for rank 0
[LOG_CAT_COMMPATTERNS]   isend failed in  comm_allreduce_pml at iterations 2 

[LOG_CAT_P2P] hmca_bcol_ucx_p2p address preexchange allreduce failed
[lrdn0141.leonardo.local:1305142] Error: ../../../../../ompi/mca/coll/hcoll/coll_hcoll_module.c:310 - mca_coll_hcoll_comm_query() Hcol library init failed
[lrdn0272.leonardo.local:1112553] Error: ../../../../../ompi/mca/coll/hcoll/coll_hcoll_module.c:310 - mca_coll_hcoll_comm_query() Hcol library init failed
srun: Job step aborted: Waiting up to 182 seconds for job step to finish.
slurmstepd: error: *** JOB 19686888 ON lrdn0099 CANCELLED AT 2025-09-05T16:07:04 ***
slurmstepd: error: *** STEP 19686888.0 ON lrdn0099 CANCELLED AT 2025-09-05T16:07:04 ***
