+ RANK_GLOBAL=1
+ RANK_LOCAL=1
+ PROFILE_RANK=3
+ TRACE_DOMAINS=cuda,nvtx
+ NSYS_SAMPLE=none
+ BINDIR=/leonardo/home/userexternal/ctica000/MS_thesis/RegCM/bin
+ BIN=regcmMPICLM45_OPENACC_GPU_STDPAR
+ INPUT_FILE=EURR-3_namelist.in
+ [[ -z 0,1,2,3 ]]
+ export ACC_DEVICE_TYPE=nvidia
+ ACC_DEVICE_TYPE=nvidia
+ export ACC_DEVICE_NUM=0
+ ACC_DEVICE_NUM=0
+ export OMP_NUM_THREADS=1
+ OMP_NUM_THREADS=1
+ NSYS_OUT=/leonardo_scratch/large/userexternal/ctica000/profile/nsys_rank1
+ [[ 1 -eq 3 ]]
+ exec /leonardo/home/userexternal/ctica000/MS_thesis/RegCM/bin/regcmMPICLM45_OPENACC_GPU_STDPAR EURR-3_namelist.in
+ RANK_GLOBAL=0
+ RANK_LOCAL=0
+ PROFILE_RANK=3
+ TRACE_DOMAINS=cuda,nvtx
+ NSYS_SAMPLE=none
+ BINDIR=/leonardo/home/userexternal/ctica000/MS_thesis/RegCM/bin
+ BIN=regcmMPICLM45_OPENACC_GPU_STDPAR
+ INPUT_FILE=EURR-3_namelist.in
+ [[ -z 0,1,2,3 ]]
+ export ACC_DEVICE_TYPE=nvidia
+ ACC_DEVICE_TYPE=nvidia
+ export ACC_DEVICE_NUM=0
+ ACC_DEVICE_NUM=0
+ export OMP_NUM_THREADS=1
+ OMP_NUM_THREADS=1
+ NSYS_OUT=/leonardo_scratch/large/userexternal/ctica000/profile/nsys_rank0
+ [[ 0 -eq 3 ]]
+ exec /leonardo/home/userexternal/ctica000/MS_thesis/RegCM/bin/regcmMPICLM45_OPENACC_GPU_STDPAR EURR-3_namelist.in
+ RANK_GLOBAL=3
+ RANK_LOCAL=3
+ PROFILE_RANK=3
+ TRACE_DOMAINS=cuda,nvtx
+ NSYS_SAMPLE=none
+ BINDIR=/leonardo/home/userexternal/ctica000/MS_thesis/RegCM/bin
+ BIN=regcmMPICLM45_OPENACC_GPU_STDPAR
+ INPUT_FILE=EURR-3_namelist.in
+ [[ -z 0,1,2,3 ]]
+ export ACC_DEVICE_TYPE=nvidia
+ ACC_DEVICE_TYPE=nvidia
+ export ACC_DEVICE_NUM=0
+ ACC_DEVICE_NUM=0
+ export OMP_NUM_THREADS=1
+ OMP_NUM_THREADS=1
+ NSYS_OUT=/leonardo_scratch/large/userexternal/ctica000/profile/nsys_rank3
+ [[ 3 -eq 3 ]]
+ exec nsys profile --force-overwrite=true --stop-on-exit=true --sample=none --trace=cuda,nvtx --output=/leonardo_scratch/large/userexternal/ctica000/profile/nsys_rank3 /leonardo/home/userexternal/ctica000/MS_thesis/RegCM/bin/regcmMPICLM45_OPENACC_GPU_STDPAR EURR-3_namelist.in
+ RANK_GLOBAL=2
+ RANK_LOCAL=2
+ PROFILE_RANK=3
+ TRACE_DOMAINS=cuda,nvtx
+ NSYS_SAMPLE=none
+ BINDIR=/leonardo/home/userexternal/ctica000/MS_thesis/RegCM/bin
+ BIN=regcmMPICLM45_OPENACC_GPU_STDPAR
+ INPUT_FILE=EURR-3_namelist.in
+ [[ -z 0,1,2,3 ]]
+ export ACC_DEVICE_TYPE=nvidia
+ ACC_DEVICE_TYPE=nvidia
+ export ACC_DEVICE_NUM=0
+ ACC_DEVICE_NUM=0
+ export OMP_NUM_THREADS=1
+ OMP_NUM_THREADS=1
+ NSYS_OUT=/leonardo_scratch/large/userexternal/ctica000/profile/nsys_rank2
+ [[ 2 -eq 3 ]]
+ exec /leonardo/home/userexternal/ctica000/MS_thesis/RegCM/bin/regcmMPICLM45_OPENACC_GPU_STDPAR EURR-3_namelist.in
+ RANK_GLOBAL=5
+ RANK_LOCAL=1
+ PROFILE_RANK=3
+ TRACE_DOMAINS=cuda,nvtx
+ NSYS_SAMPLE=none
+ BINDIR=/leonardo/home/userexternal/ctica000/MS_thesis/RegCM/bin
+ BIN=regcmMPICLM45_OPENACC_GPU_STDPAR
+ INPUT_FILE=EURR-3_namelist.in
+ [[ -z 0,1,2,3 ]]
+ export ACC_DEVICE_TYPE=nvidia
+ ACC_DEVICE_TYPE=nvidia
+ export ACC_DEVICE_NUM=0
+ ACC_DEVICE_NUM=0
+ export OMP_NUM_THREADS=1
+ OMP_NUM_THREADS=1
+ NSYS_OUT=/leonardo_scratch/large/userexternal/ctica000/profile/nsys_rank5
+ [[ 5 -eq 3 ]]
+ exec /leonardo/home/userexternal/ctica000/MS_thesis/RegCM/bin/regcmMPICLM45_OPENACC_GPU_STDPAR EURR-3_namelist.in
+ RANK_GLOBAL=4
+ RANK_LOCAL=0
+ PROFILE_RANK=3
+ TRACE_DOMAINS=cuda,nvtx
+ NSYS_SAMPLE=none
+ BINDIR=/leonardo/home/userexternal/ctica000/MS_thesis/RegCM/bin
+ BIN=regcmMPICLM45_OPENACC_GPU_STDPAR
+ INPUT_FILE=EURR-3_namelist.in
+ RANK_GLOBAL=7
+ RANK_LOCAL=3
+ [[ -z 0,1,2,3 ]]
+ PROFILE_RANK=3
+ export ACC_DEVICE_TYPE=nvidia
+ ACC_DEVICE_TYPE=nvidia
+ TRACE_DOMAINS=cuda,nvtx
+ NSYS_SAMPLE=none
+ export ACC_DEVICE_NUM=0
+ ACC_DEVICE_NUM=0
+ BINDIR=/leonardo/home/userexternal/ctica000/MS_thesis/RegCM/bin
+ BIN=regcmMPICLM45_OPENACC_GPU_STDPAR
+ export OMP_NUM_THREADS=1
+ OMP_NUM_THREADS=1
+ INPUT_FILE=EURR-3_namelist.in
+ NSYS_OUT=/leonardo_scratch/large/userexternal/ctica000/profile/nsys_rank4
+ [[ -z 0,1,2,3 ]]
+ export ACC_DEVICE_TYPE=nvidia
+ ACC_DEVICE_TYPE=nvidia
+ export ACC_DEVICE_NUM=0
+ ACC_DEVICE_NUM=0
+ [[ 4 -eq 3 ]]
+ export OMP_NUM_THREADS=1
+ OMP_NUM_THREADS=1
+ exec /leonardo/home/userexternal/ctica000/MS_thesis/RegCM/bin/regcmMPICLM45_OPENACC_GPU_STDPAR EURR-3_namelist.in
+ NSYS_OUT=/leonardo_scratch/large/userexternal/ctica000/profile/nsys_rank7
+ [[ 7 -eq 3 ]]
+ exec /leonardo/home/userexternal/ctica000/MS_thesis/RegCM/bin/regcmMPICLM45_OPENACC_GPU_STDPAR EURR-3_namelist.in
+ RANK_GLOBAL=8
+ RANK_LOCAL=0
+ RANK_GLOBAL=15
+ RANK_LOCAL=3
+ PROFILE_RANK=3
+ TRACE_DOMAINS=cuda,nvtx
+ PROFILE_RANK=3
+ TRACE_DOMAINS=cuda,nvtx
+ NSYS_SAMPLE=none
+ BINDIR=/leonardo/home/userexternal/ctica000/MS_thesis/RegCM/bin
+ NSYS_SAMPLE=none
+ BINDIR=/leonardo/home/userexternal/ctica000/MS_thesis/RegCM/bin
+ BIN=regcmMPICLM45_OPENACC_GPU_STDPAR
+ BIN=regcmMPICLM45_OPENACC_GPU_STDPAR
+ INPUT_FILE=EURR-3_namelist.in
+ INPUT_FILE=EURR-3_namelist.in
+ [[ -z 0,1,2,3 ]]
+ [[ -z 0,1,2,3 ]]
+ export ACC_DEVICE_TYPE=nvidia
+ ACC_DEVICE_TYPE=nvidia
+ export ACC_DEVICE_TYPE=nvidia
+ export ACC_DEVICE_NUM=0
+ ACC_DEVICE_NUM=0
+ ACC_DEVICE_TYPE=nvidia
+ export OMP_NUM_THREADS=1
+ OMP_NUM_THREADS=1
+ export ACC_DEVICE_NUM=0
+ ACC_DEVICE_NUM=0
+ NSYS_OUT=/leonardo_scratch/large/userexternal/ctica000/profile/nsys_rank15
+ export OMP_NUM_THREADS=1
+ OMP_NUM_THREADS=1
+ [[ 15 -eq 3 ]]
+ NSYS_OUT=/leonardo_scratch/large/userexternal/ctica000/profile/nsys_rank8
+ exec /leonardo/home/userexternal/ctica000/MS_thesis/RegCM/bin/regcmMPICLM45_OPENACC_GPU_STDPAR EURR-3_namelist.in
+ [[ 8 -eq 3 ]]
+ RANK_GLOBAL=13
+ RANK_LOCAL=1
+ exec /leonardo/home/userexternal/ctica000/MS_thesis/RegCM/bin/regcmMPICLM45_OPENACC_GPU_STDPAR EURR-3_namelist.in
+ PROFILE_RANK=3
+ RANK_GLOBAL=11
+ RANK_LOCAL=3
+ TRACE_DOMAINS=cuda,nvtx
+ PROFILE_RANK=3
+ NSYS_SAMPLE=none
+ TRACE_DOMAINS=cuda,nvtx
+ BINDIR=/leonardo/home/userexternal/ctica000/MS_thesis/RegCM/bin
+ NSYS_SAMPLE=none
+ BIN=regcmMPICLM45_OPENACC_GPU_STDPAR
+ BINDIR=/leonardo/home/userexternal/ctica000/MS_thesis/RegCM/bin
+ INPUT_FILE=EURR-3_namelist.in
+ BIN=regcmMPICLM45_OPENACC_GPU_STDPAR
+ [[ -z 0,1,2,3 ]]
+ INPUT_FILE=EURR-3_namelist.in
+ export ACC_DEVICE_TYPE=nvidia
+ [[ -z 0,1,2,3 ]]
+ ACC_DEVICE_TYPE=nvidia
+ export ACC_DEVICE_TYPE=nvidia
+ export ACC_DEVICE_NUM=0
+ ACC_DEVICE_TYPE=nvidia
+ ACC_DEVICE_NUM=0
+ export ACC_DEVICE_NUM=0
+ ACC_DEVICE_NUM=0
+ export OMP_NUM_THREADS=1
+ OMP_NUM_THREADS=1
+ export OMP_NUM_THREADS=1
+ OMP_NUM_THREADS=1
+ NSYS_OUT=/leonardo_scratch/large/userexternal/ctica000/profile/nsys_rank13
+ NSYS_OUT=/leonardo_scratch/large/userexternal/ctica000/profile/nsys_rank11
+ [[ 13 -eq 3 ]]
+ [[ 11 -eq 3 ]]
+ exec /leonardo/home/userexternal/ctica000/MS_thesis/RegCM/bin/regcmMPICLM45_OPENACC_GPU_STDPAR EURR-3_namelist.in
+ exec /leonardo/home/userexternal/ctica000/MS_thesis/RegCM/bin/regcmMPICLM45_OPENACC_GPU_STDPAR EURR-3_namelist.in
+ RANK_GLOBAL=14
+ RANK_GLOBAL=9
+ RANK_LOCAL=1
+ RANK_LOCAL=2
+ PROFILE_RANK=3
+ PROFILE_RANK=3
+ TRACE_DOMAINS=cuda,nvtx
+ TRACE_DOMAINS=cuda,nvtx
+ NSYS_SAMPLE=none
+ NSYS_SAMPLE=none
+ BINDIR=/leonardo/home/userexternal/ctica000/MS_thesis/RegCM/bin
+ BINDIR=/leonardo/home/userexternal/ctica000/MS_thesis/RegCM/bin
+ BIN=regcmMPICLM45_OPENACC_GPU_STDPAR
+ BIN=regcmMPICLM45_OPENACC_GPU_STDPAR
+ INPUT_FILE=EURR-3_namelist.in
+ INPUT_FILE=EURR-3_namelist.in
+ [[ -z 0,1,2,3 ]]
+ [[ -z 0,1,2,3 ]]
+ export ACC_DEVICE_TYPE=nvidia
+ export ACC_DEVICE_TYPE=nvidia
+ ACC_DEVICE_TYPE=nvidia
+ ACC_DEVICE_TYPE=nvidia
+ export ACC_DEVICE_NUM=0
+ ACC_DEVICE_NUM=0
+ export ACC_DEVICE_NUM=0
+ ACC_DEVICE_NUM=0
+ export OMP_NUM_THREADS=1
+ OMP_NUM_THREADS=1
+ export OMP_NUM_THREADS=1
+ OMP_NUM_THREADS=1
+ NSYS_OUT=/leonardo_scratch/large/userexternal/ctica000/profile/nsys_rank9
+ NSYS_OUT=/leonardo_scratch/large/userexternal/ctica000/profile/nsys_rank14
+ [[ 9 -eq 3 ]]
+ [[ 14 -eq 3 ]]
+ exec /leonardo/home/userexternal/ctica000/MS_thesis/RegCM/bin/regcmMPICLM45_OPENACC_GPU_STDPAR EURR-3_namelist.in
+ RANK_GLOBAL=6
+ RANK_LOCAL=2
+ PROFILE_RANK=3
+ TRACE_DOMAINS=cuda,nvtx
+ NSYS_SAMPLE=none
+ BINDIR=/leonardo/home/userexternal/ctica000/MS_thesis/RegCM/bin
+ BIN=regcmMPICLM45_OPENACC_GPU_STDPAR
+ INPUT_FILE=EURR-3_namelist.in
+ [[ -z 0,1,2,3 ]]
+ export ACC_DEVICE_TYPE=nvidia
+ ACC_DEVICE_TYPE=nvidia
+ export ACC_DEVICE_NUM=0
+ ACC_DEVICE_NUM=0
+ export OMP_NUM_THREADS=1
+ OMP_NUM_THREADS=1
+ NSYS_OUT=/leonardo_scratch/large/userexternal/ctica000/profile/nsys_rank6
+ [[ 6 -eq 3 ]]
+ exec /leonardo/home/userexternal/ctica000/MS_thesis/RegCM/bin/regcmMPICLM45_OPENACC_GPU_STDPAR EURR-3_namelist.in
+ exec /leonardo/home/userexternal/ctica000/MS_thesis/RegCM/bin/regcmMPICLM45_OPENACC_GPU_STDPAR EURR-3_namelist.in
+ RANK_GLOBAL=12
+ RANK_LOCAL=0
+ RANK_GLOBAL=10
+ PROFILE_RANK=3
+ RANK_LOCAL=2
+ TRACE_DOMAINS=cuda,nvtx
+ PROFILE_RANK=3
+ NSYS_SAMPLE=none
+ TRACE_DOMAINS=cuda,nvtx
+ BINDIR=/leonardo/home/userexternal/ctica000/MS_thesis/RegCM/bin
+ NSYS_SAMPLE=none
+ BIN=regcmMPICLM45_OPENACC_GPU_STDPAR
+ BINDIR=/leonardo/home/userexternal/ctica000/MS_thesis/RegCM/bin
+ INPUT_FILE=EURR-3_namelist.in
+ BIN=regcmMPICLM45_OPENACC_GPU_STDPAR
+ [[ -z 0,1,2,3 ]]
+ INPUT_FILE=EURR-3_namelist.in
+ export ACC_DEVICE_TYPE=nvidia
+ ACC_DEVICE_TYPE=nvidia
+ [[ -z 0,1,2,3 ]]
+ export ACC_DEVICE_NUM=0
+ ACC_DEVICE_NUM=0
+ export ACC_DEVICE_TYPE=nvidia
+ export OMP_NUM_THREADS=1
+ OMP_NUM_THREADS=1
+ ACC_DEVICE_TYPE=nvidia
+ NSYS_OUT=/leonardo_scratch/large/userexternal/ctica000/profile/nsys_rank12
+ export ACC_DEVICE_NUM=0
+ ACC_DEVICE_NUM=0
+ [[ 12 -eq 3 ]]
+ export OMP_NUM_THREADS=1
+ OMP_NUM_THREADS=1
+ exec /leonardo/home/userexternal/ctica000/MS_thesis/RegCM/bin/regcmMPICLM45_OPENACC_GPU_STDPAR EURR-3_namelist.in
+ NSYS_OUT=/leonardo_scratch/large/userexternal/ctica000/profile/nsys_rank10
+ [[ 10 -eq 3 ]]
+ exec /leonardo/home/userexternal/ctica000/MS_thesis/RegCM/bin/regcmMPICLM45_OPENACC_GPU_STDPAR EURR-3_namelist.in
Importer error status: Importation failed.
Import Failed with unexpected exception: /dvs/p4/build/sw/devtools/Agora/Rel/QuadD_Main/QuadD/Host/QdstrmImporter/main.cpp(34): Throw in function {anonymous}::Importer::Importer(const boost::filesystem::path&, const boost::filesystem::path&)
Dynamic exception type: boost::wrapexcept<QuadDCommon::RuntimeException>
std::exception::what: RuntimeException
[QuadDCommon::tag_message*] = Status: AnalysisFailed
Error {
  Type: RuntimeError
  SubError {
    Type: InvalidArgument
    Props {
      Items {
        Type: OriginalExceptionClass
        Value: "N5boost10wrapexceptIN11QuadDCommon24InvalidArgumentExceptionEEE"
      }
      Items {
        Type: OriginalFile
        Value: "/dvs/p4/build/sw/devtools/Agora/Rel/QuadD_Main/QuadD/Host/Analysis/Modules/EventCollection.cpp"
      }
      Items {
        Type: OriginalLine
        Value: "1055"
      }
      Items {
        Type: OriginalFunction
        Value: "void QuadDAnalysis::EventCollection::CheckOrder(QuadDAnalysis::EventCollectionHelper::EventContainer&, const QuadDAnalysis::ConstEvent&) const"
      }
      Items {
        Type: ErrorText
        Value: "Wrong event order has been detected when adding events to the collection:\nnew event ={ StartNs=1424914025 StopNs=1424916360 GlobalId=303405685010980 Event={ TraceProcessEvent=[{ Correlation=326 EventClass=1 TextId=1087 ReturnValue=0 },] } Type=48 }\nlast event ={ StartNs=2337338861212 StopNs=2337338861486 GlobalId=303405685010980 Event={ TraceProcessEvent=[{ Correlation=2276935 EventClass=1 TextId=779 ReturnValue=600 },] } Type=48 }"
      }
    }
  }
}
