WARNING: Device-side CUDA Event completion trace is currently enabled.
         This may increase runtime overhead and the likelihood of false
         dependencies across CUDA Streams. If you wish to avoid this, please
         disable the feature with --cuda-event-trace=false.
WARNING: Device-side CUDA Event completion trace is currently enabled.
         This may increase runtime overhead and the likelihood of false
         dependencies across CUDA Streams. If you wish to avoid this, please
         disable the feature with --cuda-event-trace=false.
WARNING: Device-side CUDA Event completion trace is currently enabled.
         This may increase runtime overhead and the likelihood of false
         dependencies across CUDA Streams. If you wish to avoid this, please
         disable the feature with --cuda-event-trace=false.
WARNING: Device-side CUDA Event completion trace is currently enabled.
         This may increase runtime overhead and the likelihood of false
         dependencies across CUDA Streams. If you wish to avoid this, please
         disable the feature with --cuda-event-trace=false.
WARNING: Device-side CUDA Event completion trace is currently enabled.
         This may increase runtime overhead and the likelihood of false
         dependencies across CUDA Streams. If you wish to avoid this, please
         disable the feature with --cuda-event-trace=false.
WARNING: Device-side CUDA Event completion trace is currently enabled.
         This may increase runtime overhead and the likelihood of false
         dependencies across CUDA Streams. If you wish to avoid this, please
         disable the feature with --cuda-event-trace=false.
WARNING: Device-side CUDA Event completion trace is currently enabled.
         This may increase runtime overhead and the likelihood of false
         dependencies across CUDA Streams. If you wish to avoid this, please
         disable the feature with --cuda-event-trace=false.
WARNING: Device-side CUDA Event completion trace is currently enabled.
         This may increase runtime overhead and the likelihood of false
         dependencies across CUDA Streams. If you wish to avoid this, please
         disable the feature with --cuda-event-trace=false.
slurmstepd: error:  mpi/pmix_v3: _errhandler: lrdn0548 [1]: pmixp_client_v2.c:212: Error handler invoked: status = -25, source = [slurm.pmix.39660460.0:5]
srun: error: If munged is up, restart with --num-threads=10
srun: error: Munge decode failed: Failed to receive message header: Timed-out
srun: auth/munge: _print_cred: ENCODED: Thu Jan 01 00:59:59 1970
srun: auth/munge: _print_cred: DECODED: Thu Jan 01 00:59:59 1970
[lrdn0437:3126161:0:3126161] ib_mlx5_log.c:184  Transport retry count exceeded on mlx5_0:1/IB (synd 0x15 vend 0x81 hw_synd 0/0)
[lrdn0437:3126161:0:3126161] ib_mlx5_log.c:184  RC QP 0xb644 wqe[13514]: SEND --e [inl len 87] [rqpn 0x8168 dlid=12047 sl=0 port=1 src_path_bits=0]
[lrdn0437:3126156:0:3126156] ib_mlx5_log.c:184  Transport retry count exceeded on mlx5_0:1/IB (synd 0x15 vend 0x81 hw_synd 0/0)
[lrdn0437:3126156:0:3126156] ib_mlx5_log.c:184  RC QP 0xb643 wqe[17278]: SEND --e [inl len 87] [rqpn 0x8176 dlid=12047 sl=0 port=1 src_path_bits=0]
[lrdn0437:3126160:0:3126160] ib_mlx5_log.c:184  Transport retry count exceeded on mlx5_0:1/IB (synd 0x15 vend 0x81 hw_synd 0/0)
[lrdn0437:3126160:0:3126160] ib_mlx5_log.c:184  RC QP 0xb646 wqe[17286]: SEND --e [inl len 87] [rqpn 0x8171 dlid=12047 sl=0 port=1 src_path_bits=0]
[lrdn0437:3126158:0:3126158] ib_mlx5_log.c:184  Transport retry count exceeded on mlx5_0:1/IB (synd 0x15 vend 0x81 hw_synd 0/0)
[lrdn0437:3126158:0:3126158] ib_mlx5_log.c:184  RC QP 0xb645 wqe[17286]: SEND --e [inl len 87] [rqpn 0x8177 dlid=12047 sl=0 port=1 src_path_bits=0]
srun: error: slurm_unpack_received_msg: [[10.128.255.221]:40876] auth_g_verify: SRUN_NODE_FAIL has authentication error: Unspecified error
srun: error: slurm_unpack_received_msg: [[10.128.255.221]:40876] Protocol authentication error
srun: error: Munge decode failed: Expired credential
srun: auth/munge: _print_cred: ENCODED: Sun Apr 12 15:56:14 2026
srun: auth/munge: _print_cred: DECODED: Sun Apr 12 16:10:33 2026
srun: error: slurm_unpack_received_msg: [[lrdn0548-interconnect-1.leonardo.local]:44888] auth_g_verify: MESSAGE_TASK_EXIT has authentication error: Unspecified error
srun: error: slurm_unpack_received_msg: [[lrdn0548-interconnect-1.leonardo.local]:44888] Protocol authentication error
srun: error: Munge decode failed: Expired credential
srun: auth/munge: _print_cred: ENCODED: Sun Apr 12 15:56:07 2026
srun: auth/munge: _print_cred: DECODED: Sun Apr 12 16:10:33 2026
srun: error: slurm_unpack_received_msg: [[10.128.255.221]:40882] auth_g_verify: SRUN_JOB_COMPLETE has authentication error: Unspecified error
srun: error: slurm_unpack_received_msg: [[10.128.255.221]:40882] Protocol authentication error
srun: error: Munge decode failed: Expired credential
srun: auth/munge: _print_cred: ENCODED: Sun Apr 12 15:58:14 2026
srun: auth/munge: _print_cred: DECODED: Sun Apr 12 16:10:33 2026
srun: error: slurm_unpack_received_msg: [[lrdn0548-interconnect-1.leonardo.local]:43242] auth_g_verify: MESSAGE_TASK_EXIT has authentication error: Unspecified error
srun: error: slurm_unpack_received_msg: [[lrdn0548-interconnect-1.leonardo.local]:43242] Protocol authentication error
srun: error: Munge decode failed: Expired credential
srun: auth/munge: _print_cred: ENCODED: Sun Apr 12 16:00:15 2026
srun: auth/munge: _print_cred: DECODED: Sun Apr 12 16:10:33 2026
srun: error: slurm_unpack_received_msg: [[lrdn0548-interconnect-1.leonardo.local]:51864] auth_g_verify: MESSAGE_TASK_EXIT has authentication error: Unspecified error
srun: error: slurm_unpack_received_msg: [[lrdn0548-interconnect-1.leonardo.local]:51864] Protocol authentication error
srun: error: Munge decode failed: Expired credential
srun: auth/munge: _print_cred: ENCODED: Sun Apr 12 16:02:15 2026
srun: auth/munge: _print_cred: DECODED: Sun Apr 12 16:10:33 2026
srun: error: slurm_unpack_received_msg: [[lrdn0548-interconnect-1.leonardo.local]:53674] auth_g_verify: MESSAGE_TASK_EXIT has authentication error: Unspecified error
srun: error: slurm_unpack_received_msg: [[lrdn0548-interconnect-1.leonardo.local]:53674] Protocol authentication error
srun: error: Munge decode failed: Expired credential
srun: auth/munge: _print_cred: ENCODED: Sun Apr 12 16:04:16 2026
srun: auth/munge: _print_cred: DECODED: Sun Apr 12 16:10:33 2026
srun: error: slurm_unpack_received_msg: [[lrdn0548-interconnect-1.leonardo.local]:43594] auth_g_verify: MESSAGE_TASK_EXIT has authentication error: Unspecified error
srun: error: slurm_unpack_received_msg: [[lrdn0548-interconnect-1.leonardo.local]:43594] Protocol authentication error
srun: error: lrdn0548: tasks 4-7: Terminated
srun: error: slurm_send_node_msg: [socket:[3064352113]] slurm_bufs_sendto(msg_type=RESPONSE_SLURM_RC) failed: Unexpected missing socket error
==== backtrace (tid:3126156) ====
 0 0x0000000000028e60 uct_ib_mlx5_completion_with_err()  /build-result/src/hpcx-v2.19-gcc-mlnx_ofed-redhat7-cuda12-x86_64/ucx-7bb2722ff2187a0cad557ae4a6afa090569f83fb/src/uct/ib/mlx5/ib_mlx5_log.c:179
 1 0x0000000000043cd7 uct_rc_mlx5_iface_handle_failure()  /build-result/src/hpcx-v2.19-gcc-mlnx_ofed-redhat7-cuda12-x86_64/ucx-7bb2722ff2187a0cad557ae4a6afa090569f83fb/src/uct/ib/rc/accel/rc_mlx5_iface.c:299
 2 0x0000000000029f75 uct_ib_mlx5_check_completion()  /build-result/src/hpcx-v2.19-gcc-mlnx_ofed-redhat7-cuda12-x86_64/ucx-7bb2722ff2187a0cad557ae4a6afa090569f83fb/src/uct/ib/mlx5/ib_mlx5.c:476
 3 0x00000000000451bf uct_ib_mlx5_poll_cq()  /build-result/src/hpcx-v2.19-gcc-mlnx_ofed-redhat7-cuda12-x86_64/ucx-7bb2722ff2187a0cad557ae4a6afa090569f83fb/src/uct/ib/mlx5/ib_mlx5.inl:148
 4 0x00000000000451bf uct_rc_mlx5_iface_progress()  /build-result/src/hpcx-v2.19-gcc-mlnx_ofed-redhat7-cuda12-x86_64/ucx-7bb2722ff2187a0cad557ae4a6afa090569f83fb/src/uct/ib/rc/accel/rc_mlx5_iface.c:190
 5 0x00000000000451bf uct_rc_mlx5_iface_progress_cyclic()  /build-result/src/hpcx-v2.19-gcc-mlnx_ofed-redhat7-cuda12-x86_64/ucx-7bb2722ff2187a0cad557ae4a6afa090569f83fb/src/uct/ib/rc/accel/rc_mlx5_iface.c:195
 6 0x00000000000512aa ucs_callbackq_dispatch()  /build-result/src/hpcx-v2.19-gcc-mlnx_ofed-redhat7-cuda12-x86_64/ucx-7bb2722ff2187a0cad557ae4a6afa090569f83fb/src/ucs/datastruct/callbackq.h:215
 7 0x00000000000512aa uct_worker_progress()  /build-result/src/hpcx-v2.19-gcc-mlnx_ofed-redhat7-cuda12-x86_64/ucx-7bb2722ff2187a0cad557ae4a6afa090569f83fb/src/uct/api/uct.h:2787
 8 0x00000000000512aa ucp_worker_progress()  /build-result/src/hpcx-v2.19-gcc-mlnx_ofed-redhat7-cuda12-x86_64/ucx-7bb2722ff2187a0cad557ae4a6afa090569f83fb/src/ucp/core/ucp_worker.c:2996
 9 0x0000000000036b9c opal_progress()  /var/jenkins/workspace/rel_nv_lib_hpcx_cuda12_x86_64/work/rebuild_ompi/ompi/build/opal/../../opal/runtime/opal_progress.c:231
10 0x000000000003d5e5 ompi_sync_wait_mt()  /var/jenkins/workspace/rel_nv_lib_hpcx_cuda12_x86_64/work/rebuild_ompi/ompi/build/opal/../../opal/threads/wait_sync.c:85
11 0x000000000004ea98 ompi_request_default_wait_all()  /var/jenkins/workspace/rel_nv_lib_hpcx_cuda12_x86_64/work/rebuild_ompi/ompi/build/ompi/../../ompi/request/req_wait.c:234
12 0x0000000000007b94 mca_coll_basic_neighbor_alltoallv_cart()  /var/jenkins/workspace/rel_nv_lib_hpcx_cuda12_x86_64/work/rebuild_ompi/ompi/build/ompi/mca/coll/basic/../../../../../ompi/mca/coll/basic/coll_basic_neighbor_alltoallv.c:118
13 0x0000000000007b94 mca_coll_basic_neighbor_alltoallv()  /var/jenkins/workspace/rel_nv_lib_hpcx_cuda12_x86_64/work/rebuild_ompi/ompi/build/ompi/mca/coll/basic/../../../../../ompi/mca/coll/basic/coll_basic_neighbor_alltoallv.c:250
14 0x000000000006f0c7 PMPI_Neighbor_alltoallv()  /var/jenkins/workspace/rel_nv_lib_hpcx_cuda12_x86_64/work/rebuild_ompi/ompi/build/ompi/mpi/c/profile/pneighbor_alltoallv.c:148
15 0x000000000004b648 ompi_neighbor_alltoallv_f()  /var/jenkins/workspace/rel_nv_lib_hpcx_cuda12_x86_64/work/rebuild_ompi/ompi/build/ompi/mpi/fortran/mpif-h/profile/pneighbor_alltoallv_f.c:100
16 0x00000000016f5491 mod_mppparam_real8_3d_exchange_()  /leonardo/home/userexternal/ctica000/MS_thesis/RegCM/Main/mpplib/mod_mppparam.F90:3290
17 0x00000000009df74a mod_moloch_sound_()  /leonardo/home/userexternal/ctica000/MS_thesis/RegCM/Main/mod_moloch.F90:1029
18 0x00000000009c3078 mod_moloch_moloch_()  /leonardo/home/userexternal/ctica000/MS_thesis/RegCM/Main/mod_moloch.F90:445
19 0x00000000004496a0 mod_regcm_interface_rcm_run_()  /leonardo/home/userexternal/ctica000/MS_thesis/RegCM/Main/mod_regcm_interface.F90:265
20 0x0000000000a3f997 MAIN_()  /leonardo/home/userexternal/ctica000/MS_thesis/RegCM/Main/regcm.F90:83
21 0x00000000004484b1 main()  ???:0
22 0x000000000003ad85 __libc_start_main()  ???:0
23 0x000000000044839e _start()  ???:0
=================================
[lrdn0437:3126156] *** Process received signal ***
[lrdn0437:3126156] Signal: Aborted (6)
[lrdn0437:3126156] Signal code:  (-6)
[lrdn0437:3126156] [ 0] /leonardo/prod/spack/06/install/0.22/linux-rhel8-icelake/gcc-8.5.0/nvhpc-24.5-torlmnyzcexnrs6pq4cccabv7ehkv3xy/Linux_x86_64/24.5/comm_libs/12.4/hpcx/hpcx-2.19/ompi/lib/libopen-pal.so.40(+0x76f5a)[0x14691a711f5a]
[lrdn0437:3126156] [ 1] /leonardo/prod/opt/compilers/nvhpc/25.3/binary/Linux_x86_64/25.3/profilers/Nsight_Systems/target-linux-x64/libToolsInjection64.so(+0x4a7776)[0x146919bdc776]
[lrdn0437:3126156] [ 2] /lib64/libpthread.so.0(+0x12cf0)[0x14691d62ecf0]
[lrdn0437:3126156] [ 3] /lib64/libc.so.6(gsignal+0x10f)[0x14691c9ccacf]
[lrdn0437:3126156] [ 4] /lib64/libc.so.6(abort+0x127)[0x14691c99fea5]
[lrdn0437:3126156] [ 5] /leonardo/prod/spack/06/install/0.22/linux-rhel8-icelake/gcc-8.5.0/nvhpc-24.5-torlmnyzcexnrs6pq4cccabv7ehkv3xy/Linux_x86_64/24.5/comm_libs/12.4/hpcx/hpcx-2.19/ucx/mt/lib/libucs.so.0(ucs_fatal_error_message+0x55)[0x146900b3b7d5]
[lrdn0437:3126156] [ 6] /leonardo/prod/spack/06/install/0.22/linux-rhel8-icelake/gcc-8.5.0/nvhpc-24.5-torlmnyzcexnrs6pq4cccabv7ehkv3xy/Linux_x86_64/24.5/comm_libs/12.4/hpcx/hpcx-2.19/ucx/mt/lib/libucs.so.0(ucs_log_default_handler+0x6e4)[0x146900b40184]
[lrdn0437:3126156] [ 7] /leonardo/prod/spack/06/install/0.22/linux-rhel8-icelake/gcc-8.5.0/nvhpc-24.5-torlmnyzcexnrs6pq4cccabv7ehkv3xy/Linux_x86_64/24.5/comm_libs/12.4/hpcx/hpcx-2.19/ucx/mt/lib/libucs.so.0(ucs_log_dispatch+0xdf)[0x146900b4072f]
[lrdn0437:3126156] [ 8] /leonardo/prod/spack/06/install/0.22/linux-rhel8-icelake/gcc-8.5.0/nvhpc-24.5-torlmnyzcexnrs6pq4cccabv7ehkv3xy/Linux_x86_64/24.5/comm_libs/12.4/hpcx/hpcx-2.19/ucx/mt/lib/ucx/libuct_ib.so.0(uct_ib_mlx5_completion_with_err+0x710)[0x1468f9b96e60]
[lrdn0437:3126156] [ 9] /leonardo/prod/spack/06/install/0.22/linux-rhel8-icelake/gcc-8.5.0/nvhpc-24.5-torlmnyzcexnrs6pq4cccabv7ehkv3xy/Linux_x86_64/24.5/comm_libs/12.4/hpcx/hpcx-2.19/ucx/mt/lib/ucx/libuct_ib.so.0(+0x43cd7)[0x1468f9bb1cd7]
[lrdn0437:3126156] [10] /leonardo/prod/spack/06/install/0.22/linux-rhel8-icelake/gcc-8.5.0/nvhpc-24.5-torlmnyzcexnrs6pq4cccabv7ehkv3xy/Linux_x86_64/24.5/comm_libs/12.4/hpcx/hpcx-2.19/ucx/mt/lib/ucx/libuct_ib.so.0(uct_ib_mlx5_check_completion+0x65)[0x1468f9b97f75]
[lrdn0437:3126156] [11] /leonardo/prod/spack/06/install/0.22/linux-rhel8-icelake/gcc-8.5.0/nvhpc-24.5-torlmnyzcexnrs6pq4cccabv7ehkv3xy/Linux_x86_64/24.5/comm_libs/12.4/hpcx/hpcx-2.19/ucx/mt/lib/ucx/libuct_ib.so.0(+0x451bf)[0x1468f9bb31bf]
[lrdn0437:3126156] [12] /leonardo/prod/spack/06/install/0.22/linux-rhel8-icelake/gcc-8.5.0/nvhpc-24.5-torlmnyzcexnrs6pq4cccabv7ehkv3xy/Linux_x86_64/24.5/comm_libs/12.4/hpcx/hpcx-2.19/ucx/mt/lib/libucp.so.0(ucp_worker_progress+0x6a)[0x146900cb92aa]
[lrdn0437:3126156] [13] /leonardo/prod/spack/06/install/0.22/linux-rhel8-icelake/gcc-8.5.0/nvhpc-24.5-torlmnyzcexnrs6pq4cccabv7ehkv3xy/Linux_x86_64/24.5/comm_libs/12.4/hpcx/hpcx-2.19/ompi/lib/libopen-pal.so.40(opal_progress+0x2c)[0x14691a6d1b9c]
[lrdn0437:3126156] [14] /leonardo/prod/spack/06/install/0.22/linux-rhel8-icelake/gcc-8.5.0/nvhpc-24.5-torlmnyzcexnrs6pq4cccabv7ehkv3xy/Linux_x86_64/24.5/comm_libs/12.4/hpcx/hpcx-2.19/ompi/lib/libopen-pal.so.40(ompi_sync_wait_mt+0xb5)[0x14691a6d85e5]
[lrdn0437:3126156] [15] /leonardo/prod/spack/06/install/0.22/linux-rhel8-icelake/gcc-8.5.0/nvhpc-24.5-torlmnyzcexnrs6pq4cccabv7ehkv3xy/Linux_x86_64/24.5/comm_libs/12.4/hpcx/hpcx-2.19/ompi/lib/libmpi.so.40(ompi_request_default_wait_all+0x388)[0x14693a2e4a98]
[lrdn0437:3126156] [16] /leonardo/prod/spack/06/install/0.22/linux-rhel8-icelake/gcc-8.5.0/nvhpc-24.5-torlmnyzcexnrs6pq4cccabv7ehkv3xy/Linux_x86_64/24.5/comm_libs/12.4/hpcx/hpcx-2.19/ompi/lib/openmpi/mca_coll_basic.so(mca_coll_basic_neighbor_alltoallv+0xa14)[0x1468edbf2b94]
[lrdn0437:3126156] [17] /leonardo/prod/spack/06/install/0.22/linux-rhel8-icelake/gcc-8.5.0/nvhpc-24.5-torlmnyzcexnrs6pq4cccabv7ehkv3xy/Linux_x86_64/24.5/comm_libs/12.4/hpcx/hpcx-2.19/ompi/lib/libmpi.so.40(MPI_Neighbor_alltoallv+0x47)[0x14693a3050c7]
[lrdn0437:3126156] [18] /leonardo/prod/spack/06/install/0.22/linux-rhel8-icelake/gcc-8.5.0/nvhpc-24.5-torlmnyzcexnrs6pq4cccabv7ehkv3xy/Linux_x86_64/24.5/comm_libs/12.4/hpcx/hpcx-2.19/ompi/lib/libmpi_mpifh.so.40(pmpi_neighbor_alltoallv+0xb8)[0x14693a5ed648]
==== backtrace (tid:3126158) ====
 0 0x0000000000028e60 uct_ib_mlx5_completion_with_err()  /build-result/src/hpcx-v2.19-gcc-mlnx_ofed-redhat7-cuda12-x86_64/ucx-7bb2722ff2187a0cad557ae4a6afa090569f83fb/src/uct/ib/mlx5/ib_mlx5_log.c:179
 1 0x0000000000043cd7 uct_rc_mlx5_iface_handle_failure()  /build-result/src/hpcx-v2.19-gcc-mlnx_ofed-redhat7-cuda12-x86_64/ucx-7bb2722ff2187a0cad557ae4a6afa090569f83fb/src/uct/ib/rc/accel/rc_mlx5_iface.c:299
 2 0x0000000000029f75 uct_ib_mlx5_check_completion()  /build-result/src/hpcx-v2.19-gcc-mlnx_ofed-redhat7-cuda12-x86_64/ucx-7bb2722ff2187a0cad557ae4a6afa090569f83fb/src/uct/ib/mlx5/ib_mlx5.c:476
 3 0x00000000000451bf uct_ib_mlx5_poll_cq()  /build-result/src/hpcx-v2.19-gcc-mlnx_ofed-redhat7-cuda12-x86_64/ucx-7bb2722ff2187a0cad557ae4a6afa090569f83fb/src/uct/ib/mlx5/ib_mlx5.inl:148
 4 0x00000000000451bf uct_rc_mlx5_iface_progress()  /build-result/src/hpcx-v2.19-gcc-mlnx_ofed-redhat7-cuda12-x86_64/ucx-7bb2722ff2187a0cad557ae4a6afa090569f83fb/src/uct/ib/rc/accel/rc_mlx5_iface.c:190
 5 0x00000000000451bf uct_rc_mlx5_iface_progress_cyclic()  /build-result/src/hpcx-v2.19-gcc-mlnx_ofed-redhat7-cuda12-x86_64/ucx-7bb2722ff2187a0cad557ae4a6afa090569f83fb/src/uct/ib/rc/accel/rc_mlx5_iface.c:195
 6 0x00000000000512aa ucs_callbackq_dispatch()  /build-result/src/hpcx-v2.19-gcc-mlnx_ofed-redhat7-cuda12-x86_64/ucx-7bb2722ff2187a0cad557ae4a6afa090569f83fb/src/ucs/datastruct/callbackq.h:215
[lrdn0437:3126156] [19] /leonardo/home/userexternal/ctica000/MS_thesis/RegCM/bin/regcmMPICLM45_OPENACC_STDPAR(mod_mppparam_real8_3d_exchange_+0x851)[0x16f5491]
[lrdn0437:3126156] [20] /leonardo/home/userexternal/ctica000/MS_thesis/RegCM/bin/regcmMPICLM45_OPENACC_STDPAR(mod_moloch_sound_+0x68a)[0x9df74a]
[lrdn0437:3126156] [21] /leonardo/home/userexternal/ctica000/MS_thesis/RegCM/bin/regcmMPICLM45_OPENACC_STDPAR(mod_moloch_moloch_+0xe378)[0x9c3078]
[lrdn0437:3126156] [22] /leonardo/home/userexternal/ctica000/MS_thesis/RegCM/bin/regcmMPICLM45_OPENACC_STDPAR(mod_regcm_interface_rcm_run_+0x60)[0x4496a0]
[lrdn0437:3126156] [23] /leonardo/home/userexternal/ctica000/MS_thesis/RegCM/bin/regcmMPICLM45_OPENACC_STDPAR(MAIN_+0xd7)[0xa3f997]
[lrdn0437:3126156] [24] /leonardo/home/userexternal/ctica000/MS_thesis/RegCM/bin/regcmMPICLM45_OPENACC_STDPAR(main+0x31)[0x4484b1]
[lrdn0437:3126156] [25] /lib64/libc.so.6(__libc_start_main+0xe5)[0x14691c9b8d85]
[lrdn0437:3126156] [26] /leonardo/home/userexternal/ctica000/MS_thesis/RegCM/bin/regcmMPICLM45_OPENACC_STDPAR(_start+0x2e)[0x44839e]
[lrdn0437:3126156] *** End of error message ***
 7 0x00000000000512aa uct_worker_progress()  /build-result/src/hpcx-v2.19-gcc-mlnx_ofed-redhat7-cuda12-x86_64/ucx-7bb2722ff2187a0cad557ae4a6afa090569f83fb/src/uct/api/uct.h:2787
 8 0x00000000000512aa ucp_worker_progress()  /build-result/src/hpcx-v2.19-gcc-mlnx_ofed-redhat7-cuda12-x86_64/ucx-7bb2722ff2187a0cad557ae4a6afa090569f83fb/src/ucp/core/ucp_worker.c:2996
 9 0x0000000000036b9c opal_progress()  /var/jenkins/workspace/rel_nv_lib_hpcx_cuda12_x86_64/work/rebuild_ompi/ompi/build/opal/../../opal/runtime/opal_progress.c:231
10 0x000000000003d5e5 ompi_sync_wait_mt()  /var/jenkins/workspace/rel_nv_lib_hpcx_cuda12_x86_64/work/rebuild_ompi/ompi/build/opal/../../opal/threads/wait_sync.c:85
11 0x000000000004ea98 ompi_request_default_wait_all()  /var/jenkins/workspace/rel_nv_lib_hpcx_cuda12_x86_64/work/rebuild_ompi/ompi/build/ompi/../../ompi/request/req_wait.c:234
12 0x0000000000007b94 mca_coll_basic_neighbor_alltoallv_cart()  /var/jenkins/workspace/rel_nv_lib_hpcx_cuda12_x86_64/work/rebuild_ompi/ompi/build/ompi/mca/coll/basic/../../../../../ompi/mca/coll/basic/coll_basic_neighbor_alltoallv.c:118
13 0x0000000000007b94 mca_coll_basic_neighbor_alltoallv()  /var/jenkins/workspace/rel_nv_lib_hpcx_cuda12_x86_64/work/rebuild_ompi/ompi/build/ompi/mca/coll/basic/../../../../../ompi/mca/coll/basic/coll_basic_neighbor_alltoallv.c:250
14 0x000000000006f0c7 PMPI_Neighbor_alltoallv()  /var/jenkins/workspace/rel_nv_lib_hpcx_cuda12_x86_64/work/rebuild_ompi/ompi/build/ompi/mpi/c/profile/pneighbor_alltoallv.c:148
15 0x000000000004b648 ompi_neighbor_alltoallv_f()  /var/jenkins/workspace/rel_nv_lib_hpcx_cuda12_x86_64/work/rebuild_ompi/ompi/build/ompi/mpi/fortran/mpif-h/profile/pneighbor_alltoallv_f.c:100
16 0x00000000016f5491 mod_mppparam_real8_3d_exchange_()  /leonardo/home/userexternal/ctica000/MS_thesis/RegCM/Main/mpplib/mod_mppparam.F90:3290
17 0x00000000009df74a mod_moloch_sound_()  /leonardo/home/userexternal/ctica000/MS_thesis/RegCM/Main/mod_moloch.F90:1029
18 0x00000000009c3078 mod_moloch_moloch_()  /leonardo/home/userexternal/ctica000/MS_thesis/RegCM/Main/mod_moloch.F90:445
19 0x00000000004496a0 mod_regcm_interface_rcm_run_()  /leonardo/home/userexternal/ctica000/MS_thesis/RegCM/Main/mod_regcm_interface.F90:265
20 0x0000000000a3f997 MAIN_()  /leonardo/home/userexternal/ctica000/MS_thesis/RegCM/Main/regcm.F90:83
21 0x00000000004484b1 main()  ???:0
22 0x000000000003ad85 __libc_start_main()  ???:0
23 0x000000000044839e _start()  ???:0
=================================
[lrdn0437:3126158] *** Process received signal ***
[lrdn0437:3126158] Signal: Aborted (6)
[lrdn0437:3126158] Signal code:  (-6)
[lrdn0437:3126158] [ 0] /leonardo/prod/spack/06/install/0.22/linux-rhel8-icelake/gcc-8.5.0/nvhpc-24.5-torlmnyzcexnrs6pq4cccabv7ehkv3xy/Linux_x86_64/24.5/comm_libs/12.4/hpcx/hpcx-2.19/ompi/lib/libopen-pal.so.40(+0x76f5a)[0x14e4a01e1f5a]
[lrdn0437:3126158] [ 1] /leonardo/prod/opt/compilers/nvhpc/25.3/binary/Linux_x86_64/25.3/profilers/Nsight_Systems/target-linux-x64/libToolsInjection64.so(+0x4a7776)[0x14e49f6ac776]
[lrdn0437:3126158] [ 2] /lib64/libpthread.so.0(+0x12cf0)[0x14e4a30fecf0]
[lrdn0437:3126158] [ 3] /lib64/libc.so.6(gsignal+0x10f)[0x14e4a249cacf]
[lrdn0437:3126158] [ 4] /lib64/libc.so.6(abort+0x127)[0x14e4a246fea5]
[lrdn0437:3126158] [ 5] /leonardo/prod/spack/06/install/0.22/linux-rhel8-icelake/gcc-8.5.0/nvhpc-24.5-torlmnyzcexnrs6pq4cccabv7ehkv3xy/Linux_x86_64/24.5/comm_libs/12.4/hpcx/hpcx-2.19/ucx/mt/lib/libucs.so.0(ucs_fatal_error_message+0x55)[0x14e4825807d5]
[lrdn0437:3126158] [ 6] /leonardo/prod/spack/06/install/0.22/linux-rhel8-icelake/gcc-8.5.0/nvhpc-24.5-torlmnyzcexnrs6pq4cccabv7ehkv3xy/Linux_x86_64/24.5/comm_libs/12.4/hpcx/hpcx-2.19/ucx/mt/lib/libucs.so.0(ucs_log_default_handler+0x6e4)[0x14e482585184]
[lrdn0437:3126158] [ 7] /leonardo/prod/spack/06/install/0.22/linux-rhel8-icelake/gcc-8.5.0/nvhpc-24.5-torlmnyzcexnrs6pq4cccabv7ehkv3xy/Linux_x86_64/24.5/comm_libs/12.4/hpcx/hpcx-2.19/ucx/mt/lib/libucs.so.0(ucs_log_dispatch+0xdf)[0x14e48258572f]
[lrdn0437:3126158] [ 8] /leonardo/prod/spack/06/install/0.22/linux-rhel8-icelake/gcc-8.5.0/nvhpc-24.5-torlmnyzcexnrs6pq4cccabv7ehkv3xy/Linux_x86_64/24.5/comm_libs/12.4/hpcx/hpcx-2.19/ucx/mt/lib/ucx/libuct_ib.so.0(uct_ib_mlx5_completion_with_err+0x710)[0x14e47bd93e60]
[lrdn0437:3126158] [ 9] /leonardo/prod/spack/06/install/0.22/linux-rhel8-icelake/gcc-8.5.0/nvhpc-24.5-torlmnyzcexnrs6pq4cccabv7ehkv3xy/Linux_x86_64/24.5/comm_libs/12.4/hpcx/hpcx-2.19/ucx/mt/lib/ucx/libuct_ib.so.0(+0x43cd7)[0x14e47bdaecd7]
[lrdn0437:3126158] [10] /leonardo/prod/spack/06/install/0.22/linux-rhel8-icelake/gcc-8.5.0/nvhpc-24.5-torlmnyzcexnrs6pq4cccabv7ehkv3xy/Linux_x86_64/24.5/comm_libs/12.4/hpcx/hpcx-2.19/ucx/mt/lib/ucx/libuct_ib.so.0(uct_ib_mlx5_check_completion+0x65)[0x14e47bd94f75]
[lrdn0437:3126158] [11] /leonardo/prod/spack/06/install/0.22/linux-rhel8-icelake/gcc-8.5.0/nvhpc-24.5-torlmnyzcexnrs6pq4cccabv7ehkv3xy/Linux_x86_64/24.5/comm_libs/12.4/hpcx/hpcx-2.19/ucx/mt/lib/ucx/libuct_ib.so.0(+0x451bf)[0x14e47bdb01bf]
[lrdn0437:3126158] [12] /leonardo/prod/spack/06/install/0.22/linux-rhel8-icelake/gcc-8.5.0/nvhpc-24.5-torlmnyzcexnrs6pq4cccabv7ehkv3xy/Linux_x86_64/24.5/comm_libs/12.4/hpcx/hpcx-2.19/ucx/mt/lib/libucp.so.0(ucp_worker_progress+0x6a)[0x14e4826fe2aa]
[lrdn0437:3126158] [13] /leonardo/prod/spack/06/install/0.22/linux-rhel8-icelake/gcc-8.5.0/nvhpc-24.5-torlmnyzcexnrs6pq4cccabv7ehkv3xy/Linux_x86_64/24.5/comm_libs/12.4/hpcx/hpcx-2.19/ompi/lib/libopen-pal.so.40(opal_progress+0x2c)[0x14e4a01a1b9c]
[lrdn0437:3126158] [14] /leonardo/prod/spack/06/install/0.22/linux-rhel8-icelake/gcc-8.5.0/nvhpc-24.5-torlmnyzcexnrs6pq4cccabv7ehkv3xy/Linux_x86_64/24.5/comm_libs/12.4/hpcx/hpcx-2.19/ompi/lib/libopen-pal.so.40(ompi_sync_wait_mt+0xb5)[0x14e4a01a85e5]
[lrdn0437:3126158] [15] /leonardo/prod/spack/06/install/0.22/linux-rhel8-icelake/gcc-8.5.0/nvhpc-24.5-torlmnyzcexnrs6pq4cccabv7ehkv3xy/Linux_x86_64/24.5/comm_libs/12.4/hpcx/hpcx-2.19/ompi/lib/libmpi.so.40(ompi_request_default_wait_all+0x388)[0x14e4bfdb4a98]
[lrdn0437:3126158] [16] /leonardo/prod/spack/06/install/0.22/linux-rhel8-icelake/gcc-8.5.0/nvhpc-24.5-torlmnyzcexnrs6pq4cccabv7ehkv3xy/Linux_x86_64/24.5/comm_libs/12.4/hpcx/hpcx-2.19/ompi/lib/openmpi/mca_coll_basic.so(mca_coll_basic_neighbor_alltoallv+0xa14)[0x14e4782e6b94]
[lrdn0437:3126158] [17] /leonardo/prod/spack/06/install/0.22/linux-rhel8-icelake/gcc-8.5.0/nvhpc-24.5-torlmnyzcexnrs6pq4cccabv7ehkv3xy/Linux_x86_64/24.5/comm_libs/12.4/hpcx/hpcx-2.19/ompi/lib/libmpi.so.40(MPI_Neighbor_alltoallv+0x47)[0x14e4bfdd50c7]
[lrdn0437:3126158] [18] /leonardo/prod/spack/06/install/0.22/linux-rhel8-icelake/gcc-8.5.0/nvhpc-24.5-torlmnyzcexnrs6pq4cccabv7ehkv3xy/Linux_x86_64/24.5/comm_libs/12.4/hpcx/hpcx-2.19/ompi/lib/libmpi_mpifh.so.40(pmpi_neighbor_alltoallv+0xb8)[0x14e4c00bd648]
[lrdn0437:3126158] [19] /leonardo/home/userexternal/ctica000/MS_thesis/RegCM/bin/regcmMPICLM45_OPENACC_STDPAR(mod_mppparam_real8_3d_exchange_+0x851)[0x16f5491]
[lrdn0437:3126158] [20] /leonardo/home/userexternal/ctica000/MS_thesis/RegCM/bin/regcmMPICLM45_OPENACC_STDPAR(mod_moloch_sound_+0x68a)[0x9df74a]
[lrdn0437:3126158] [21] /leonardo/home/userexternal/ctica000/MS_thesis/RegCM/bin/regcmMPICLM45_OPENACC_STDPAR(mod_moloch_moloch_+0xe378)[0x9c3078]
[lrdn0437:3126158] [22] /leonardo/home/userexternal/ctica000/MS_thesis/RegCM/bin/regcmMPICLM45_OPENACC_STDPAR(mod_regcm_interface_rcm_run_+0x60)[0x4496a0]
[lrdn0437:3126158] [23] /leonardo/home/userexternal/ctica000/MS_thesis/RegCM/bin/regcmMPICLM45_OPENACC_STDPAR(MAIN_+0xd7)[0xa3f997]
[lrdn0437:3126158] [24] /leonardo/home/userexternal/ctica000/MS_thesis/RegCM/bin/regcmMPICLM45_OPENACC_STDPAR(main+0x31)[0x4484b1]
[lrdn0437:3126158] [25] /lib64/libc.so.6(__libc_start_main+0xe5)[0x14e4a2488d85]
[lrdn0437:3126158] [26] /leonardo/home/userexternal/ctica000/MS_thesis/RegCM/bin/regcmMPICLM45_OPENACC_STDPAR(_start+0x2e)[0x44839e]
[lrdn0437:3126158] *** End of error message ***
==== backtrace (tid:3126161) ====
 0 0x0000000000028e60 uct_ib_mlx5_completion_with_err()  /build-result/src/hpcx-v2.19-gcc-mlnx_ofed-redhat7-cuda12-x86_64/ucx-7bb2722ff2187a0cad557ae4a6afa090569f83fb/src/uct/ib/mlx5/ib_mlx5_log.c:179
 1 0x0000000000043cd7 uct_rc_mlx5_iface_handle_failure()  /build-result/src/hpcx-v2.19-gcc-mlnx_ofed-redhat7-cuda12-x86_64/ucx-7bb2722ff2187a0cad557ae4a6afa090569f83fb/src/uct/ib/rc/accel/rc_mlx5_iface.c:299
 2 0x0000000000029f75 uct_ib_mlx5_check_completion()  /build-result/src/hpcx-v2.19-gcc-mlnx_ofed-redhat7-cuda12-x86_64/ucx-7bb2722ff2187a0cad557ae4a6afa090569f83fb/src/uct/ib/mlx5/ib_mlx5.c:476
 3 0x00000000000451bf uct_ib_mlx5_poll_cq()  /build-result/src/hpcx-v2.19-gcc-mlnx_ofed-redhat7-cuda12-x86_64/ucx-7bb2722ff2187a0cad557ae4a6afa090569f83fb/src/uct/ib/mlx5/ib_mlx5.inl:148
 4 0x00000000000451bf uct_rc_mlx5_iface_progress()  /build-result/src/hpcx-v2.19-gcc-mlnx_ofed-redhat7-cuda12-x86_64/ucx-7bb2722ff2187a0cad557ae4a6afa090569f83fb/src/uct/ib/rc/accel/rc_mlx5_iface.c:190
 5 0x00000000000451bf uct_rc_mlx5_iface_progress_cyclic()  /build-result/src/hpcx-v2.19-gcc-mlnx_ofed-redhat7-cuda12-x86_64/ucx-7bb2722ff2187a0cad557ae4a6afa090569f83fb/src/uct/ib/rc/accel/rc_mlx5_iface.c:195
 6 0x00000000000512aa ucs_callbackq_dispatch()  /build-result/src/hpcx-v2.19-gcc-mlnx_ofed-redhat7-cuda12-x86_64/ucx-7bb2722ff2187a0cad557ae4a6afa090569f83fb/src/ucs/datastruct/callbackq.h:215
 7 0x00000000000512aa uct_worker_progress()  /build-result/src/hpcx-v2.19-gcc-mlnx_ofed-redhat7-cuda12-x86_64/ucx-7bb2722ff2187a0cad557ae4a6afa090569f83fb/src/uct/api/uct.h:2787
 8 0x00000000000512aa ucp_worker_progress()  /build-result/src/hpcx-v2.19-gcc-mlnx_ofed-redhat7-cuda12-x86_64/ucx-7bb2722ff2187a0cad557ae4a6afa090569f83fb/src/ucp/core/ucp_worker.c:2996
 9 0x0000000000036b9c opal_progress()  /var/jenkins/workspace/rel_nv_lib_hpcx_cuda12_x86_64/work/rebuild_ompi/ompi/build/opal/../../opal/runtime/opal_progress.c:231
10 0x000000000003d5e5 ompi_sync_wait_mt()  /var/jenkins/workspace/rel_nv_lib_hpcx_cuda12_x86_64/work/rebuild_ompi/ompi/build/opal/../../opal/threads/wait_sync.c:85
11 0x000000000004ea98 ompi_request_default_wait_all()  /var/jenkins/workspace/rel_nv_lib_hpcx_cuda12_x86_64/work/rebuild_ompi/ompi/build/ompi/../../ompi/request/req_wait.c:234
12 0x0000000000007b94 mca_coll_basic_neighbor_alltoallv_cart()  /var/jenkins/workspace/rel_nv_lib_hpcx_cuda12_x86_64/work/rebuild_ompi/ompi/build/ompi/mca/coll/basic/../../../../../ompi/mca/coll/basic/coll_basic_neighbor_alltoallv.c:118
13 0x0000000000007b94 mca_coll_basic_neighbor_alltoallv()  /var/jenkins/workspace/rel_nv_lib_hpcx_cuda12_x86_64/work/rebuild_ompi/ompi/build/ompi/mca/coll/basic/../../../../../ompi/mca/coll/basic/coll_basic_neighbor_alltoallv.c:250
14 0x000000000006f0c7 PMPI_Neighbor_alltoallv()  /var/jenkins/workspace/rel_nv_lib_hpcx_cuda12_x86_64/work/rebuild_ompi/ompi/build/ompi/mpi/c/profile/pneighbor_alltoallv.c:148
15 0x000000000004b648 ompi_neighbor_alltoallv_f()  /var/jenkins/workspace/rel_nv_lib_hpcx_cuda12_x86_64/work/rebuild_ompi/ompi/build/ompi/mpi/fortran/mpif-h/profile/pneighbor_alltoallv_f.c:100
16 0x00000000016f5491 mod_mppparam_real8_3d_exchange_()  /leonardo/home/userexternal/ctica000/MS_thesis/RegCM/Main/mpplib/mod_mppparam.F90:3290
17 0x00000000009df74a mod_moloch_sound_()  /leonardo/home/userexternal/ctica000/MS_thesis/RegCM/Main/mod_moloch.F90:1029
18 0x00000000009c3078 mod_moloch_moloch_()  /leonardo/home/userexternal/ctica000/MS_thesis/RegCM/Main/mod_moloch.F90:445
19 0x00000000004496a0 mod_regcm_interface_rcm_run_()  /leonardo/home/userexternal/ctica000/MS_thesis/RegCM/Main/mod_regcm_interface.F90:265
20 0x0000000000a3f997 MAIN_()  /leonardo/home/userexternal/ctica000/MS_thesis/RegCM/Main/regcm.F90:83
21 0x00000000004484b1 main()  ???:0
22 0x000000000003ad85 __libc_start_main()  ???:0
23 0x000000000044839e _start()  ???:0
=================================
[lrdn0437:3126161] *** Process received signal ***
[lrdn0437:3126161] Signal: Aborted (6)
[lrdn0437:3126161] Signal code:  (-6)
[lrdn0437:3126161] [ 0] /leonardo/prod/spack/06/install/0.22/linux-rhel8-icelake/gcc-8.5.0/nvhpc-24.5-torlmnyzcexnrs6pq4cccabv7ehkv3xy/Linux_x86_64/24.5/comm_libs/12.4/hpcx/hpcx-2.19/ompi/lib/libopen-pal.so.40(+0x76f5a)[0x14d403084f5a]
[lrdn0437:3126161] [ 1] /leonardo/prod/opt/compilers/nvhpc/25.3/binary/Linux_x86_64/25.3/profilers/Nsight_Systems/target-linux-x64/libToolsInjection64.so(+0x4a7776)[0x14d40254f776]
[lrdn0437:3126161] [ 2] /lib64/libpthread.so.0(+0x12cf0)[0x14d405fa1cf0]
[lrdn0437:3126161] [ 3] /lib64/libc.so.6(gsignal+0x10f)[0x14d40533facf]
[lrdn0437:3126161] [ 4] /lib64/libc.so.6(abort+0x127)[0x14d405312ea5]
[lrdn0437:3126161] [ 5] /leonardo/prod/spack/06/install/0.22/linux-rhel8-icelake/gcc-8.5.0/nvhpc-24.5-torlmnyzcexnrs6pq4cccabv7ehkv3xy/Linux_x86_64/24.5/comm_libs/12.4/hpcx/hpcx-2.19/ucx/mt/lib/libucs.so.0(ucs_fatal_error_message+0x55)[0x14d3e94247d5]
[lrdn0437:3126161] [ 6] /leonardo/prod/spack/06/install/0.22/linux-rhel8-icelake/gcc-8.5.0/nvhpc-24.5-torlmnyzcexnrs6pq4cccabv7ehkv3xy/Linux_x86_64/24.5/comm_libs/12.4/hpcx/hpcx-2.19/ucx/mt/lib/libucs.so.0(ucs_log_default_handler+0x6e4)[0x14d3e9429184]
[lrdn0437:3126161] [ 7] /leonardo/prod/spack/06/install/0.22/linux-rhel8-icelake/gcc-8.5.0/nvhpc-24.5-torlmnyzcexnrs6pq4cccabv7ehkv3xy/Linux_x86_64/24.5/comm_libs/12.4/hpcx/hpcx-2.19/ucx/mt/lib/libucs.so.0(ucs_log_dispatch+0xdf)[0x14d3e942972f]
[lrdn0437:3126161] [ 8] /leonardo/prod/spack/06/install/0.22/linux-rhel8-icelake/gcc-8.5.0/nvhpc-24.5-torlmnyzcexnrs6pq4cccabv7ehkv3xy/Linux_x86_64/24.5/comm_libs/12.4/hpcx/hpcx-2.19/ucx/mt/lib/ucx/libuct_ib.so.0(uct_ib_mlx5_completion_with_err+0x710)[0x14d3dd593e60]
[lrdn0437:3126161] [ 9] /leonardo/prod/spack/06/install/0.22/linux-rhel8-icelake/gcc-8.5.0/nvhpc-24.5-torlmnyzcexnrs6pq4cccabv7ehkv3xy/Linux_x86_64/24.5/comm_libs/12.4/hpcx/hpcx-2.19/ucx/mt/lib/ucx/libuct_ib.so.0(+0x43cd7)[0x14d3dd5aecd7]
[lrdn0437:3126161] [10] /leonardo/prod/spack/06/install/0.22/linux-rhel8-icelake/gcc-8.5.0/nvhpc-24.5-torlmnyzcexnrs6pq4cccabv7ehkv3xy/Linux_x86_64/24.5/comm_libs/12.4/hpcx/hpcx-2.19/ucx/mt/lib/ucx/libuct_ib.so.0(uct_ib_mlx5_check_completion+0x65)[0x14d3dd594f75]
[lrdn0437:3126161] [11] /leonardo/prod/spack/06/install/0.22/linux-rhel8-icelake/gcc-8.5.0/nvhpc-24.5-torlmnyzcexnrs6pq4cccabv7ehkv3xy/Linux_x86_64/24.5/comm_libs/12.4/hpcx/hpcx-2.19/ucx/mt/lib/ucx/libuct_ib.so.0(+0x451bf)[0x14d3dd5b01bf]
[lrdn0437:3126161] [12] /leonardo/prod/spack/06/install/0.22/linux-rhel8-icelake/gcc-8.5.0/nvhpc-24.5-torlmnyzcexnrs6pq4cccabv7ehkv3xy/Linux_x86_64/24.5/comm_libs/12.4/hpcx/hpcx-2.19/ucx/mt/lib/libucp.so.0(ucp_worker_progress+0x6a)[0x14d3f011d2aa]
[lrdn0437:3126161] [13] /leonardo/prod/spack/06/install/0.22/linux-rhel8-icelake/gcc-8.5.0/nvhpc-24.5-torlmnyzcexnrs6pq4cccabv7ehkv3xy/Linux_x86_64/24.5/comm_libs/12.4/hpcx/hpcx-2.19/ompi/lib/libopen-pal.so.40(opal_progress+0x2c)[0x14d403044b9c]
[lrdn0437:3126161] [14] /leonardo/prod/spack/06/install/0.22/linux-rhel8-icelake/gcc-8.5.0/nvhpc-24.5-torlmnyzcexnrs6pq4cccabv7ehkv3xy/Linux_x86_64/24.5/comm_libs/12.4/hpcx/hpcx-2.19/ompi/lib/libopen-pal.so.40(ompi_sync_wait_mt+0xb5)[0x14d40304b5e5]
[lrdn0437:3126161] [15] /leonardo/prod/spack/06/install/0.22/linux-rhel8-icelake/gcc-8.5.0/nvhpc-24.5-torlmnyzcexnrs6pq4cccabv7ehkv3xy/Linux_x86_64/24.5/comm_libs/12.4/hpcx/hpcx-2.19/ompi/lib/libmpi.so.40(ompi_request_default_wait_all+0x388)[0x14d422c57a98]
[lrdn0437:3126161] [16] /leonardo/prod/spack/06/install/0.22/linux-rhel8-icelake/gcc-8.5.0/nvhpc-24.5-torlmnyzcexnrs6pq4cccabv7ehkv3xy/Linux_x86_64/24.5/comm_libs/12.4/hpcx/hpcx-2.19/ompi/lib/openmpi/mca_coll_basic.so(mca_coll_basic_neighbor_alltoallv+0xa14)[0x14d3d4df6b94]
[lrdn0437:3126161] [17] /leonardo/prod/spack/06/install/0.22/linux-rhel8-icelake/gcc-8.5.0/nvhpc-24.5-torlmnyzcexnrs6pq4cccabv7ehkv3xy/Linux_x86_64/24.5/comm_libs/12.4/hpcx/hpcx-2.19/ompi/lib/libmpi.so.40(MPI_Neighbor_alltoallv+0x47)[0x14d422c780c7]
[lrdn0437:3126161] [18] /leonardo/prod/spack/06/install/0.22/linux-rhel8-icelake/gcc-8.5.0/nvhpc-24.5-torlmnyzcexnrs6pq4cccabv7ehkv3xy/Linux_x86_64/24.5/comm_libs/12.4/hpcx/hpcx-2.19/ompi/lib/libmpi_mpifh.so.40(pmpi_neighbor_alltoallv+0xb8)[0x14d422f60648]
[lrdn0437:3126161] [19] /leonardo/home/userexternal/ctica000/MS_thesis/RegCM/bin/regcmMPICLM45_OPENACC_STDPAR(mod_mppparam_real8_3d_exchange_+0x851)[0x16f5491]
==== backtrace (tid:3126160) ====
 0 0x0000000000028e60 uct_ib_mlx5_completion_with_err()  /build-result/src/hpcx-v2.19-gcc-mlnx_ofed-redhat7-cuda12-x86_64/ucx-7bb2722ff2187a0cad557ae4a6afa090569f83fb/src/uct/ib/mlx5/ib_mlx5_log.c:179
 1 0x0000000000043cd7 uct_rc_mlx5_iface_handle_failure()  /build-result/src/hpcx-v2.19-gcc-mlnx_ofed-redhat7-cuda12-x86_64/ucx-7bb2722ff2187a0cad557ae4a6afa090569f83fb/src/uct/ib/rc/accel/rc_mlx5_iface.c:299
 2 0x0000000000029f75 uct_ib_mlx5_check_completion()  /build-result/src/hpcx-v2.19-gcc-mlnx_ofed-redhat7-cuda12-x86_64/ucx-7bb2722ff2187a0cad557ae4a6afa090569f83fb/src/uct/ib/mlx5/ib_mlx5.c:476
 3 0x00000000000451bf uct_ib_mlx5_poll_cq()  /build-result/src/hpcx-v2.19-gcc-mlnx_ofed-redhat7-cuda12-x86_64/ucx-7bb2722ff2187a0cad557ae4a6afa090569f83fb/src/uct/ib/mlx5/ib_mlx5.inl:148
 4 0x00000000000451bf uct_rc_mlx5_iface_progress()  /build-result/src/hpcx-v2.19-gcc-mlnx_ofed-redhat7-cuda12-x86_64/ucx-7bb2722ff2187a0cad557ae4a6afa090569f83fb/src/uct/ib/rc/accel/rc_mlx5_iface.c:190
 5 0x00000000000451bf uct_rc_mlx5_iface_progress_cyclic()  /build-result/src/hpcx-v2.19-gcc-mlnx_ofed-redhat7-cuda12-x86_64/ucx-7bb2722ff2187a0cad557ae4a6afa090569f83fb/src/uct/ib/rc/accel/rc_mlx5_iface.c:195
 6 0x00000000000512aa ucs_callbackq_dispatch()  /build-result/src/hpcx-v2.19-gcc-mlnx_ofed-redhat7-cuda12-x86_64/ucx-7bb2722ff2187a0cad557ae4a6afa090569f83fb/src/ucs/datastruct/callbackq.h:215
 7 0x00000000000512aa uct_worker_progress()  /build-result/src/hpcx-v2.19-gcc-mlnx_ofed-redhat7-cuda12-x86_64/ucx-7bb2722ff2187a0cad557ae4a6afa090569f83fb/src/uct/api/uct.h:2787
 8 0x00000000000512aa ucp_worker_progress()  /build-result/src/hpcx-v2.19-gcc-mlnx_ofed-redhat7-cuda12-x86_64/ucx-7bb2722ff2187a0cad557ae4a6afa090569f83fb/src/ucp/core/ucp_worker.c:2996
 9 0x0000000000036b9c opal_progress()  /var/jenkins/workspace/rel_nv_lib_hpcx_cuda12_x86_64/work/rebuild_ompi/ompi/build/opal/../../opal/runtime/opal_progress.c:231
10 0x000000000003d5e5 ompi_sync_wait_mt()  /var/jenkins/workspace/rel_nv_lib_hpcx_cuda12_x86_64/work/rebuild_ompi/ompi/build/opal/../../opal/threads/wait_sync.c:85
11 0x000000000004ea98 ompi_request_default_wait_all()  /var/jenkins/workspace/rel_nv_lib_hpcx_cuda12_x86_64/work/rebuild_ompi/ompi/build/ompi/../../ompi/request/req_wait.c:234
12 0x0000000000007b94 mca_coll_basic_neighbor_alltoallv_cart()  /var/jenkins/workspace/rel_nv_lib_hpcx_cuda12_x86_64/work/rebuild_ompi/ompi/build/ompi/mca/coll/basic/../../../../../ompi/mca/coll/basic/coll_basic_neighbor_alltoallv.c:118
[lrdn0437:3126161] [20] /leonardo/home/userexternal/ctica000/MS_thesis/RegCM/bin/regcmMPICLM45_OPENACC_STDPAR(mod_moloch_sound_+0x68a)[0x9df74a]
[lrdn0437:3126161] [21] /leonardo/home/userexternal/ctica000/MS_thesis/RegCM/bin/regcmMPICLM45_OPENACC_STDPAR(mod_moloch_moloch_+0xe378)[0x9c3078]
[lrdn0437:3126161] [22] /leonardo/home/userexternal/ctica000/MS_thesis/RegCM/bin/regcmMPICLM45_OPENACC_STDPAR(mod_regcm_interface_rcm_run_+0x60)[0x4496a0]
[lrdn0437:3126161] [23] /leonardo/home/userexternal/ctica000/MS_thesis/RegCM/bin/regcmMPICLM45_OPENACC_STDPAR(MAIN_+0xd7)[0xa3f997]
[lrdn0437:3126161] [24] /leonardo/home/userexternal/ctica000/MS_thesis/RegCM/bin/regcmMPICLM45_OPENACC_STDPAR(main+0x31)[0x4484b1]
[lrdn0437:3126161] [25] /lib64/libc.so.6(__libc_start_main+0xe5)[0x14d40532bd85]
[lrdn0437:3126161] [26] /leonardo/home/userexternal/ctica000/MS_thesis/RegCM/bin/regcmMPICLM45_OPENACC_STDPAR(_start+0x2e)[0x44839e]
[lrdn0437:3126161] *** End of error message ***
13 0x0000000000007b94 mca_coll_basic_neighbor_alltoallv()  /var/jenkins/workspace/rel_nv_lib_hpcx_cuda12_x86_64/work/rebuild_ompi/ompi/build/ompi/mca/coll/basic/../../../../../ompi/mca/coll/basic/coll_basic_neighbor_alltoallv.c:250
14 0x000000000006f0c7 PMPI_Neighbor_alltoallv()  /var/jenkins/workspace/rel_nv_lib_hpcx_cuda12_x86_64/work/rebuild_ompi/ompi/build/ompi/mpi/c/profile/pneighbor_alltoallv.c:148
15 0x000000000004b648 ompi_neighbor_alltoallv_f()  /var/jenkins/workspace/rel_nv_lib_hpcx_cuda12_x86_64/work/rebuild_ompi/ompi/build/ompi/mpi/fortran/mpif-h/profile/pneighbor_alltoallv_f.c:100
16 0x00000000016f5491 mod_mppparam_real8_3d_exchange_()  /leonardo/home/userexternal/ctica000/MS_thesis/RegCM/Main/mpplib/mod_mppparam.F90:3290
17 0x00000000009df74a mod_moloch_sound_()  /leonardo/home/userexternal/ctica000/MS_thesis/RegCM/Main/mod_moloch.F90:1029
18 0x00000000009c3078 mod_moloch_moloch_()  /leonardo/home/userexternal/ctica000/MS_thesis/RegCM/Main/mod_moloch.F90:445
19 0x00000000004496a0 mod_regcm_interface_rcm_run_()  /leonardo/home/userexternal/ctica000/MS_thesis/RegCM/Main/mod_regcm_interface.F90:265
20 0x0000000000a3f997 MAIN_()  /leonardo/home/userexternal/ctica000/MS_thesis/RegCM/Main/regcm.F90:83
21 0x00000000004484b1 main()  ???:0
22 0x000000000003ad85 __libc_start_main()  ???:0
23 0x000000000044839e _start()  ???:0
=================================
[lrdn0437:3126160] *** Process received signal ***
[lrdn0437:3126160] Signal: Aborted (6)
[lrdn0437:3126160] Signal code:  (-6)
[lrdn0437:3126160] [ 0] /leonardo/prod/spack/06/install/0.22/linux-rhel8-icelake/gcc-8.5.0/nvhpc-24.5-torlmnyzcexnrs6pq4cccabv7ehkv3xy/Linux_x86_64/24.5/comm_libs/12.4/hpcx/hpcx-2.19/ompi/lib/libopen-pal.so.40(+0x76f5a)[0x1539c0c33f5a]
[lrdn0437:3126160] [ 1] /leonardo/prod/opt/compilers/nvhpc/25.3/binary/Linux_x86_64/25.3/profilers/Nsight_Systems/target-linux-x64/libToolsInjection64.so(+0x4a7776)[0x1539c00fe776]
[lrdn0437:3126160] [ 2] /lib64/libpthread.so.0(+0x12cf0)[0x1539c3b50cf0]
[lrdn0437:3126160] [ 3] /lib64/libc.so.6(gsignal+0x10f)[0x1539c2eeeacf]
[lrdn0437:3126160] [ 4] /lib64/libc.so.6(abort+0x127)[0x1539c2ec1ea5]
[lrdn0437:3126160] [ 5] /leonardo/prod/spack/06/install/0.22/linux-rhel8-icelake/gcc-8.5.0/nvhpc-24.5-torlmnyzcexnrs6pq4cccabv7ehkv3xy/Linux_x86_64/24.5/comm_libs/12.4/hpcx/hpcx-2.19/ucx/mt/lib/libucs.so.0(ucs_fatal_error_message+0x55)[0x1539a307a7d5]
[lrdn0437:3126160] [ 6] /leonardo/prod/spack/06/install/0.22/linux-rhel8-icelake/gcc-8.5.0/nvhpc-24.5-torlmnyzcexnrs6pq4cccabv7ehkv3xy/Linux_x86_64/24.5/comm_libs/12.4/hpcx/hpcx-2.19/ucx/mt/lib/libucs.so.0(ucs_log_default_handler+0x6e4)[0x1539a307f184]
[lrdn0437:3126160] [ 7] /leonardo/prod/spack/06/install/0.22/linux-rhel8-icelake/gcc-8.5.0/nvhpc-24.5-torlmnyzcexnrs6pq4cccabv7ehkv3xy/Linux_x86_64/24.5/comm_libs/12.4/hpcx/hpcx-2.19/ucx/mt/lib/libucs.so.0(ucs_log_dispatch+0xdf)[0x1539a307f72f]
[lrdn0437:3126160] [ 8] /leonardo/prod/spack/06/install/0.22/linux-rhel8-icelake/gcc-8.5.0/nvhpc-24.5-torlmnyzcexnrs6pq4cccabv7ehkv3xy/Linux_x86_64/24.5/comm_libs/12.4/hpcx/hpcx-2.19/ucx/mt/lib/ucx/libuct_ib.so.0(uct_ib_mlx5_completion_with_err+0x710)[0x1539a00f5e60]
[lrdn0437:3126160] [ 9] /leonardo/prod/spack/06/install/0.22/linux-rhel8-icelake/gcc-8.5.0/nvhpc-24.5-torlmnyzcexnrs6pq4cccabv7ehkv3xy/Linux_x86_64/24.5/comm_libs/12.4/hpcx/hpcx-2.19/ucx/mt/lib/ucx/libuct_ib.so.0(+0x43cd7)[0x1539a0110cd7]
[lrdn0437:3126160] [10] /leonardo/prod/spack/06/install/0.22/linux-rhel8-icelake/gcc-8.5.0/nvhpc-24.5-torlmnyzcexnrs6pq4cccabv7ehkv3xy/Linux_x86_64/24.5/comm_libs/12.4/hpcx/hpcx-2.19/ucx/mt/lib/ucx/libuct_ib.so.0(uct_ib_mlx5_check_completion+0x65)[0x1539a00f6f75]
[lrdn0437:3126160] [11] /leonardo/prod/spack/06/install/0.22/linux-rhel8-icelake/gcc-8.5.0/nvhpc-24.5-torlmnyzcexnrs6pq4cccabv7ehkv3xy/Linux_x86_64/24.5/comm_libs/12.4/hpcx/hpcx-2.19/ucx/mt/lib/ucx/libuct_ib.so.0(+0x451bf)[0x1539a01121bf]
[lrdn0437:3126160] [12] /leonardo/prod/spack/06/install/0.22/linux-rhel8-icelake/gcc-8.5.0/nvhpc-24.5-torlmnyzcexnrs6pq4cccabv7ehkv3xy/Linux_x86_64/24.5/comm_libs/12.4/hpcx/hpcx-2.19/ucx/mt/lib/libucp.so.0(ucp_worker_progress+0x6a)[0x1539ac08f2aa]
[lrdn0437:3126160] [13] /leonardo/prod/spack/06/install/0.22/linux-rhel8-icelake/gcc-8.5.0/nvhpc-24.5-torlmnyzcexnrs6pq4cccabv7ehkv3xy/Linux_x86_64/24.5/comm_libs/12.4/hpcx/hpcx-2.19/ompi/lib/libopen-pal.so.40(opal_progress+0x2c)[0x1539c0bf3b9c]
[lrdn0437:3126160] [14] /leonardo/prod/spack/06/install/0.22/linux-rhel8-icelake/gcc-8.5.0/nvhpc-24.5-torlmnyzcexnrs6pq4cccabv7ehkv3xy/Linux_x86_64/24.5/comm_libs/12.4/hpcx/hpcx-2.19/ompi/lib/libopen-pal.so.40(ompi_sync_wait_mt+0xb5)[0x1539c0bfa5e5]
[lrdn0437:3126160] [15] /leonardo/prod/spack/06/install/0.22/linux-rhel8-icelake/gcc-8.5.0/nvhpc-24.5-torlmnyzcexnrs6pq4cccabv7ehkv3xy/Linux_x86_64/24.5/comm_libs/12.4/hpcx/hpcx-2.19/ompi/lib/libmpi.so.40(ompi_request_default_wait_all+0x388)[0x1539e0806a98]
[lrdn0437:3126160] [16] /leonardo/prod/spack/06/install/0.22/linux-rhel8-icelake/gcc-8.5.0/nvhpc-24.5-torlmnyzcexnrs6pq4cccabv7ehkv3xy/Linux_x86_64/24.5/comm_libs/12.4/hpcx/hpcx-2.19/ompi/lib/openmpi/mca_coll_basic.so(mca_coll_basic_neighbor_alltoallv+0xa14)[0x153998027b94]
[lrdn0437:3126160] [17] /leonardo/prod/spack/06/install/0.22/linux-rhel8-icelake/gcc-8.5.0/nvhpc-24.5-torlmnyzcexnrs6pq4cccabv7ehkv3xy/Linux_x86_64/24.5/comm_libs/12.4/hpcx/hpcx-2.19/ompi/lib/libmpi.so.40(MPI_Neighbor_alltoallv+0x47)[0x1539e08270c7]
[lrdn0437:3126160] [18] /leonardo/prod/spack/06/install/0.22/linux-rhel8-icelake/gcc-8.5.0/nvhpc-24.5-torlmnyzcexnrs6pq4cccabv7ehkv3xy/Linux_x86_64/24.5/comm_libs/12.4/hpcx/hpcx-2.19/ompi/lib/libmpi_mpifh.so.40(pmpi_neighbor_alltoallv+0xb8)[0x1539e0b0f648]
[lrdn0437:3126160] [19] /leonardo/home/userexternal/ctica000/MS_thesis/RegCM/bin/regcmMPICLM45_OPENACC_STDPAR(mod_mppparam_real8_3d_exchange_+0x851)[0x16f5491]
[lrdn0437:3126160] [20] /leonardo/home/userexternal/ctica000/MS_thesis/RegCM/bin/regcmMPICLM45_OPENACC_STDPAR(mod_moloch_sound_+0x68a)[0x9df74a]
[lrdn0437:3126160] [21] /leonardo/home/userexternal/ctica000/MS_thesis/RegCM/bin/regcmMPICLM45_OPENACC_STDPAR(mod_moloch_moloch_+0xe378)[0x9c3078]
[lrdn0437:3126160] [22] /leonardo/home/userexternal/ctica000/MS_thesis/RegCM/bin/regcmMPICLM45_OPENACC_STDPAR(mod_regcm_interface_rcm_run_+0x60)[0x4496a0]
[lrdn0437:3126160] [23] /leonardo/home/userexternal/ctica000/MS_thesis/RegCM/bin/regcmMPICLM45_OPENACC_STDPAR(MAIN_+0xd7)[0xa3f997]
[lrdn0437:3126160] [24] /leonardo/home/userexternal/ctica000/MS_thesis/RegCM/bin/regcmMPICLM45_OPENACC_STDPAR(main+0x31)[0x4484b1]
[lrdn0437:3126160] [25] /lib64/libc.so.6(__libc_start_main+0xe5)[0x1539c2edad85]
[lrdn0437:3126160] [26] /leonardo/home/userexternal/ctica000/MS_thesis/RegCM/bin/regcmMPICLM45_OPENACC_STDPAR(_start+0x2e)[0x44839e]
[lrdn0437:3126160] *** End of error message ***
slurmstepd: error:  mpi/pmix_v3: _errhandler: lrdn0437 [0]: pmixp_client_v2.c:212: Error handler invoked: status = -25, source = [slurm.pmix.39660460.0:3]
srun: error: lrdn0437: task 3: Exited with exit code 134
srun: error: lrdn0437: task 1: Exited with exit code 134
srun: error: lrdn0437: task 2: Exited with exit code 134
srun: error: lrdn0437: task 0: Exited with exit code 134
srun: Force Terminated StepId=39660460.0
