 In File mod_ncstream.F90 at line:          3380
 NetCDF: HDF error                                                               
 In file output//EURR-3_RAD.2009100100.nc
 Cannot write variable areacella
 Bounds :            1            1         1000         1000
 nc_stream : 
 Cannot write variable areacella in file output//EURR-3_RAD.2009100100.nc:  
            1
 Abort called by computing node             0 at 2025-09-27 10:59:47.549 +0200
 Execution terminated because of runtime error
--------------------------------------------------------------------------
MPI_ABORT was invoked on rank 0 in communicator MPI COMMUNICATOR 3 DUP FROM 0
with errorcode 1.

NOTE: invoking MPI_ABORT causes Open MPI to kill all MPI processes.
You may or may not see output from other processes, depending on
exactly when Open MPI kills them.
--------------------------------------------------------------------------
srun: Job step aborted: Waiting up to 182 seconds for job step to finish.
slurmstepd: error: *** STEP 20701292.0 ON lrdn0692 CANCELLED AT 2025-09-27T10:59:47 ***
srun: error: lrdn0692: tasks 1-3: Killed
srun: error: lrdn0785: tasks 5,7: Killed
srun: error: lrdn0785: tasks 4,6: Killed
srun: error: lrdn0692: task 0: Exited with exit code 1
