[ perf record: Woken up 66030 times to write data ]
[ perf record: Woken up 65937 times to write data ]
[ perf record: Woken up 65888 times to write data ]
[ perf record: Woken up 65850 times to write data ]
[ perf record: Woken up 65797 times to write data ]
[ perf record: Woken up 65906 times to write data ]
[ perf record: Woken up 65856 times to write data ]
[ perf record: Woken up 65943 times to write data ]
[ perf record: Woken up 65924 times to write data ]
[ perf record: Woken up 65789 times to write data ]
[ perf record: Woken up 65950 times to write data ]
[ perf record: Woken up 65950 times to write data ]
[ perf record: Woken up 65757 times to write data ]
[ perf record: Woken up 65950 times to write data ]
[ perf record: Woken up 65772 times to write data ]
[ perf record: Woken up 66376 times to write data ]
Warning:
Processed 2121120 events and lost 18 chunks!

Check IO/CPU overload!

[ perf record: Captured and wrote 16440.842 MB /leonardo_scratch/large/userexternal/ctica000/perf/with_IO/sequential_write/perf_23862476/perf.data.rank1 (2040393 samples) ]
Warning:
Processed 2126833 events and lost 7 chunks!

Check IO/CPU overload!

[ perf record: Captured and wrote 16486.152 MB /leonardo_scratch/large/userexternal/ctica000/perf/with_IO/sequential_write/perf_23862476/perf.data.rank5 (2046016 samples) ]
Warning:
Processed 2147649 events and lost 12 chunks!

Check IO/CPU overload!

[ perf record: Captured and wrote 16488.726 MB /leonardo_scratch/large/userexternal/ctica000/perf/with_IO/sequential_write/perf_23862476/perf.data.rank8 (2046074 samples) ]
Warning:
Processed 2124059 events and lost 8 chunks!

Check IO/CPU overload!

[ perf record: Captured and wrote 16464.795 MB /leonardo_scratch/large/userexternal/ctica000/perf/with_IO/sequential_write/perf_23862476/perf.data.rank11 (2043366 samples) ]
Warning:
Processed 2122335 events and lost 11 chunks!

Check IO/CPU overload!

[ perf record: Captured and wrote 16450.998 MB /leonardo_scratch/large/userexternal/ctica000/perf/with_IO/sequential_write/perf_23862476/perf.data.rank6 (2041653 samples) ]
Warning:
Processed 2122922 events and lost 5 chunks!

Check IO/CPU overload!

[ perf record: Captured and wrote 16478.307 MB /leonardo_scratch/large/userexternal/ctica000/perf/with_IO/sequential_write/perf_23862476/perf.data.rank12 (2045080 samples) ]
Warning:
Processed 2122048 events and lost 13 chunks!

Check IO/CPU overload!

[ perf record: Captured and wrote 16448.516 MB /leonardo_scratch/large/userexternal/ctica000/perf/with_IO/sequential_write/perf_23862476/perf.data.rank4 (2041345 samples) ]
Warning:
Processed 2145777 events and lost 6 chunks!

Check IO/CPU overload!

[ perf record: Captured and wrote 16464.534 MB /leonardo_scratch/large/userexternal/ctica000/perf/with_IO/sequential_write/perf_23862476/perf.data.rank9 (2043055 samples) ]
Warning:
Processed 2123369 events and lost 2 chunks!

Check IO/CPU overload!

[ perf record: Captured and wrote 16481.695 MB /leonardo_scratch/large/userexternal/ctica000/perf/with_IO/sequential_write/perf_23862476/perf.data.rank14 (2045500 samples) ]
Warning:
Processed 2147466 events and lost 24 chunks!

Check IO/CPU overload!

[ perf record: Captured and wrote 16487.163 MB /leonardo_scratch/large/userexternal/ctica000/perf/with_IO/sequential_write/perf_23862476/perf.data.rank7 (2045880 samples) ]
Warning:
Processed 2776043 events and lost 14 chunks!

Check IO/CPU overload!

[ perf record: Captured and wrote 16596.196 MB /leonardo_scratch/large/userexternal/ctica000/perf/with_IO/sequential_write/perf_23862476/perf.data.rank0 (2051558 samples) ]
Warning:
Processed 2150319 events and lost 13 chunks!

Check IO/CPU overload!

[ perf record: Captured and wrote 16508.995 MB /leonardo_scratch/large/userexternal/ctica000/perf/with_IO/sequential_write/perf_23862476/perf.data.rank10 (2048589 samples) ]
Warning:
Processed 2127193 events and lost 8 chunks!

Check IO/CPU overload!

[ perf record: Captured and wrote 16488.219 MB /leonardo_scratch/large/userexternal/ctica000/perf/with_IO/sequential_write/perf_23862476/perf.data.rank2 (2046273 samples) ]
Warning:
Processed 2121583 events and lost 9 chunks!

Check IO/CPU overload!

[ perf record: Captured and wrote 16444.379 MB /leonardo_scratch/large/userexternal/ctica000/perf/with_IO/sequential_write/perf_23862476/perf.data.rank3 (2040832 samples) ]
Warning:
Processed 2126591 events and lost 7 chunks!

Check IO/CPU overload!

[ perf record: Captured and wrote 16489.560 MB /leonardo_scratch/large/userexternal/ctica000/perf/with_IO/sequential_write/perf_23862476/perf.data.rank15 (2046448 samples) ]
Warning:
Processed 2122402 events and lost 49 chunks!

Check IO/CPU overload!

[ perf record: Captured and wrote 16473.735 MB /leonardo_scratch/large/userexternal/ctica000/perf/with_IO/sequential_write/perf_23862476/perf.data.rank13 (2044512 samples) ]
