[Wrapper][Rank 2][Local 2] on lrdn0001.leonardo.local: CUDA_VISIBLE_DEVICES=2
[Wrapper][Rank 0][Local 0] on lrdn0001.leonardo.local: CUDA_VISIBLE_DEVICES=0
[Wrapper][Rank 1][Local 1] on lrdn0001.leonardo.local: CUDA_VISIBLE_DEVICES=1
[Wrapper][Rank 3][Local 3] on lrdn0001.leonardo.local: CUDA_VISIBLE_DEVICES=3
[Wrapper][Rank 12][Local 0] on lrdn0332.leonardo.local: CUDA_VISIBLE_DEVICES=0
[Wrapper][Rank 6][Local 2] on lrdn0244.leonardo.local: CUDA_VISIBLE_DEVICES=2
[Wrapper][Rank 8][Local 0] on lrdn0288.leonardo.local: CUDA_VISIBLE_DEVICES=0
[Wrapper][Rank 15][Local 3] on lrdn0332.leonardo.local: CUDA_VISIBLE_DEVICES=3
[Wrapper][Rank 14][Local 2] on lrdn0332.leonardo.local: CUDA_VISIBLE_DEVICES=2
[Wrapper][Rank 13][Local 1] on lrdn0332.leonardo.local: CUDA_VISIBLE_DEVICES=1
[Wrapper][Rank 5][Local 1] on lrdn0244.leonardo.local: CUDA_VISIBLE_DEVICES=1
[Wrapper][Rank 4][Local 0] on lrdn0244.leonardo.local: CUDA_VISIBLE_DEVICES=0
[Wrapper][Rank 7][Local 3] on lrdn0244.leonardo.local: CUDA_VISIBLE_DEVICES=3
[Wrapper][Rank 11][Local 3] on lrdn0288.leonardo.local: CUDA_VISIBLE_DEVICES=3
[Wrapper][Rank 10][Local 2] on lrdn0288.leonardo.local: CUDA_VISIBLE_DEVICES=2
[Wrapper][Rank 9][Local 1] on lrdn0288.leonardo.local: CUDA_VISIBLE_DEVICES=1

  This is RegCM development version
   GIT Revision: 5.0.0-944-g5801-dirty compiled at: data : Aug 29 2025  time: 20:41:26

 MPI Rank:            0  using device:            0
 : this run start at  : 2025-08-29 23:45:53+0200
 : it is submitted by : 
 : it is running on   : lrdn0001.leonardo.local
 : it is using        :            16   processors
 : in directory       : 
 /leonardo/home/userexternal/ctica000/MS_thesis/RegCM/1003_1003_50_1day_Benchmark/pnetcdf/Non_MPS_stdpar/16gpu_16proc
                       
 CPUS DIM1 =             4
 CPUS DIM2 =             4
 
 Reading model namelist file
 Using default non-hydrostatc parameters.
 Using default microphysical parameter.
 Using default Holtslag parameter.
 Initial date of the global simulation:  2009-10-01 00:00:00 UTC        
 Initial date of this run             :  2009-10-01 00:00:00 UTC        
 Final date of this run               :  2009-10-02 00:00:00 UTC        
 Total simulation length              :            24  hours
 Timestep in seconds =   45.000000
 Reading Domain file : input/EURR-3_DOMAIN000.nc
 Advection timestep =    15.000 (factor  3)
 Max. Courant number for horizontal advection =    0.9538
 Sound waves timestep =     3.000 (factor  5)
 Courant number of horizontal sound waves =    0.4512
 Setting IPCC scenario to SSP585  
 Load GHG for 200910 SSP585
 Model will output required CORDEX variables.
 Create SAV files :   T
 Create ATM files :   T
 Create RAD files :   T
 Create SRF files :   T
 Create STS files :   T
 Create SHF files :   F
 Frequency in days for new files:    1.0
 Monthly SAV files are written
 Frequency in hours to create ATM :    1.0
 Frequency in hours to create RAD :    1.0
 Frequency in hours to create SRF :    1.0
 Physical Parameterizations
  Lateral Boundary conditions :  5
  Semi-Lagrangian Advection   :  0
  Land cumulus conv. scheme   :  0
  Ocean cumulus conv. scheme  :  0
  Moisture schem              :  2
  Ocean Flux scheme           :  2
  Zeng roughness formula      :  1
  Zeng roughness method       :  1
  Coupling with ocean         :  0
  Coupling with wave          :  0
  Coupling with COP           :  0
  Pressure gradient force     :  0
  Prescribed LW emissivity    :  0
  Lake model in BATS          :  0
  Simulate diurnal sst cycle  :  0
  Simulate sea ice cover      :  1
  Enable chem/aerosol model   :  0
  Large scale LWP as convect. :  1
  Cloud fraction scheme       :  0
  Marine stratocumulus        :  0
  Climate O3 dataset          :  1
  Climate Aerosol dataset     :  2
 Boundary Pameterizations
  Num. of bndy points cross  :  31
  Num. of bndy points dot    :  31
  Nudge value high range     :  6.000000
  Nudge value medium range   :  4.000000
  Nudge value low range      :  2.000000
  Nm paramter                : -1.000000
  Dm paramter                : -1.000000
 Model Timestep Pameterizations
  time step for dynamical model in seconds :          45.000000
  time step for surface   model in seconds :         450.000000
  time step for cumulus   model in seconds :         225.000000
  time step for radiation model in seconds :        1350.000000
  time step for emission  model in seconds :       48600.000000
 Nudging coefficients F1=    0.033333, F2=    0.000000
  # Nudging coefficient profile #
     5.95       5.86       5.76       5.67       5.57       5.48       5.38    
     5.28       5.19       5.09       5.00       4.90       4.81       4.71    
     4.62       4.52       4.43       4.33       4.24       4.14       4.05    
     3.97       3.90       3.83       3.76       3.69       3.62       3.55    
     3.48       3.41       3.34       3.27       3.20       3.14       3.07    
     3.00       2.93       2.86       2.79       2.72       2.65       2.58    
     2.52       2.45       2.38       2.31       2.24       2.17       2.10    
     2.10       2.03    
 Model top at     30000.00000000000       m
 Domain grid parameters:
  Map Projection        : ROTLLR
  Dot Grid Full Extent  : 1003x1003x 50
  Model Grid Spacing    :    3.335968 km
  Proj Center Latitude  :   50.000000 deg
  Proj Center longitude :    6.600000 deg
  Pole Latitude         :   40.000000 deg
  Pole longitude        :  186.600000 deg
 Holtslag PBL Scheme
  ricr_ocn     =    0.250000
  ricr_lnd     =    0.250000
  zhnew_fac    =    0.250000
  ifaholt      =  0
  ifaholtth10  =  2
  holtth10iter =    1
 Cloud fraction schemes parameters
  # of bottom no cloud model levels :  0
  Maximum relative humidity         :    1.010000
  Minimum relative humidity         :    0.010000
  RH0 temperature threshold         :  238.000000
  Relative humidity thresholds: Land =    0.800000 Ocean =    0.900000
  Maximum total cloud cover for rad :    0.750000
  Conv. CF UMF factor deep cumulus  :    0.140000
  Conv. CF UMF factor deep cumulus  :    0.140000
  Conv. CF UMF factor k2            :  500.000000
  Surface radiation hack            :           F
  Vavrus-Waliser Arctic cloud fix   :           T
 Convective Cloud Cover parameters after resolution scaling
  Maximum Convective Cloud Cover :    0.750000
  Convective Cloud Water         :    0.000300
 The surface energy budget is used to calculate the ground temperature.
 The radiation is computed every   23. minutes.
 Relaxation boundary conditions (exponential method)
 READY IC DATA for  2009-10-01 00:00:00 UTC        
 SEARCH BC data for 2009100106 , step =        0
 READY  BC from     2009100100  to 2009100106 
 Computing weights, R =     348.80780029 .......... Done.
 Reading Initial Ozone Data...
  # Updated ozone profile #
    0.765E-05  0.694E-05  0.569E-05  0.413E-05  0.280E-05  0.178E-05  0.101E-05
    0.544E-06  0.304E-06  0.192E-06  0.138E-06  0.104E-06  0.848E-07  0.726E-07
    0.682E-07  0.663E-07  0.652E-07  0.645E-07  0.639E-07  0.633E-07  0.628E-07
    0.619E-07  0.606E-07  0.593E-07  0.580E-07  0.564E-07  0.549E-07  0.535E-07
    0.524E-07  0.516E-07  0.508E-07  0.501E-07  0.496E-07  0.493E-07  0.490E-07
    0.487E-07  0.487E-07  0.487E-07  0.487E-07  0.487E-07  0.487E-07  0.485E-07
    0.483E-07  0.481E-07  0.480E-07  0.478E-07  0.477E-07  0.475E-07  0.475E-07
    0.475E-07  0.475E-07  0.475E-07
 Read solar forcing total irradiance data...
 Updating orbit parameters at  2009-10-01 00:00:00 UTC        
 At  2009-10-01 00:00:00 UTC        
 JDay    273.00000 solar declination angle =  -2.71002168 degrees
                   solar TSI irradiance    =    1355.8045 W/m^2
 CLM version: 4.5 - RegCM 5.0.0-944-g5801-dirty
 Attempting to initialize the land model .....
 Mask given by RegCM model has a total of        487659  land points
 Attempting to initialize run control settings .....
 Read in clm_inparm namelist from: EURR-3_namelist.in
 Read in clm_hydrology1_inparm namelist
 Read in clm_soilhydrology_inparm namelist
 Successfully initialized run control settings
 
 define run:
    source                = Community Land Model CLM4.5
    model_version         = 5.0.0-944-g5801-dirty
    run type              = initial
    case title            = RegCM driven CLM4.5
    username              = 
    hostname              = lrdn0001.leonardo.local
 input data files:
    PFT physiology = 
 /leonardo_work/ICT25_ESP/RCMDATA/CLM45/pftdata/pft-physiology.c130503.nc
    surface data   = input/EURR-3_CLM45_surface.nc
    land frac data = input/EURR-3_DOMAIN000.nc
    enable_megan_emission                                 :   F
    enable_urban_landunit                                 :   T
    enable_more_crop_pft                                  :   F
    SNICAR optical = 
 /leonardo_work/ICT25_ESP/RCMDATA/CLM45/snicardata/snicar_optics_5bnd_c090915.nc
    SNICAR aging = 
 /leonardo_work/ICT25_ESP/RCMDATA/CLM45/snicardata/snicar_drdt_bst_fit_60_c070416.nc
    initial data is from RegCM atm model
    atmospheric forcing data is from RegCM atm model
 Large file support for output files is ON
 model physics parameters:
    flag for random perturbation test is not set
    CO2 volume mixing ratio   (umol/mol)   =     355.0000000000000     
    land albedos  (unitless 0-1)   =    0.8000000000000000     
    ice albedos   (unitless 0-1)   =    0.5500000000000000     
    urban air conditioning/heating and wasteheat   = ON_WASTEHEAT    
    urban traffic flux   =   F
    more vertical layers =   F
    maxpatch_pft         =            17
    allocate_all_vegpfts =   T
    perchroot (PWS based on unfrozen layers only) =   F
    perchroot (PWS based on time-integrated active layer only) =   F
 
 Lake Model Namelists:
 Hostetler eddy increase low    :     25.00000000000000     
 Hostetler eddy increase factor :     10.00000000000000     
 Albedo melting lakes (visible) :   0.1000000000000000     
 Albedo melting lakes (NIR)     :   0.1000000000000000     
 Attempting to read ldomain from input/EURR-3_DOMAIN000.nc
   domain_check set       = domain_set
   domain_check decomped  =   T
   domain_check ns        =       1000000
   domain_check ni,nj     =          1000         1000
   domain_check clmlevel  = gridcell
   domain_check nbeg,nend =             1        30478
   domain_check lonc      =    -6.952402887032403      
    24.59687917126162     
   domain_check latc      =     33.94779705280406      
    37.84380937993370     
   domain_check mask      =             1            1
   domain_check frac      =     100.0000000000000      
    100.0000000000000     
   domain_check topo      =     0.000000000000000      
    2621.892182716621     
   domain_check area      =     10.74947992534302      
    10.88670215012493     
   domain_check pftm      =             1            1
  
  Reading in urban input data from surface data file ...
  UrbanInput : input/EURR-3_CLM45_surface.nc
  Sucessfully read urban input data
 
 Attempting to read PFT physiological data .....
 Successfully read PFT physiological data
 Attempting to read surface boundary data .....
 Checked LAT/LON compliance
 Successfully read surface boundary data
 
  Surface Grid Characteristics
    total number of gridcells =        487659
    total number of landunits =       1169625
    total number of columns   =       2379439
    total number of pfts      =       9206259
  
 ---clm_ptrs_check:
    clm_ptrs_check: g index ranges - OK
    clm_ptrs_check: l index ranges - OK
    clm_ptrs_check: c index ranges - OK
    clm_ptrs_check: p index ranges - OK
    clm_ptrs_check: g mono increasing - OK
    clm_ptrs_check: l mono increasing - OK
    clm_ptrs_check: c mono increasing - OK
    clm_ptrs_check: p mono increasing - OK
    clm_ptrs_check: tree consistent - OK
  
 Attempting to initialize time invariant variables
 Attempting to read soil color, sand and clay boundary data .....
 WARNING:: ETALAKE not found on surface data set.
 All lake columns will have eta set equal to default value
 WARNING:: LAKEFETCH not found on surface data set.
 All lake columns will have fetch set equal to default value
 Successfully read fmax, soil color, sand and clay boundary data
 
 Attempting to read organic matter data .....
  organicrd : input/EURR-3_CLM45_surface.nc
 Successfully read organic matter data
 
  # zsoi #
    0.710E-02  0.279E-01  0.623E-01  0.119      0.212      0.366      0.620    
     1.04       1.73       2.86       4.74       7.83       12.9       21.3    
     21.3       35.2    
  # zisoi #
     0.00      0.175E-01  0.451E-01  0.906E-01  0.166      0.289      0.493    
    0.829       1.38       2.30       3.80       6.28       10.4       17.1    
     17.1       28.3       42.1    
  # dzsoi #
    0.175E-01  0.276E-01  0.455E-01  0.750E-01  0.124      0.204      0.336    
    0.554      0.913       1.51       2.48       4.09       6.75       11.1    
     11.1       13.9    
 dzsoi_decomp    1.000000000000000     
 Attempting to read snow optical properties .....
 SnowOptics_init : 
 /leonardo_work/ICT25_ESP/RCMDATA/CLM45/snicardata/snicar_optics_5bnd_c090915.nc
 Successfully read snow optical properties
 Attempting to read snow aging parameters .....
 Successfully read snow aging properties
 Successfully initialized time invariant variables
 CLM_hist_printflds : number of master fields =           241
 Setting initial data to non-spun up values
 Attempting to initialize time invariant variables for lakes
 CLM timestep appears to differ from 1800s. 
 Adjusting minimum snow layer thickness over lakes to maintain stability.
 New minimum thickness is    2.0000000000000000E-002 .
 Successfully initialized time invariant variables for lakes
 Setting initial data to non-spun up values for lake points
 Initializing clm2 history files
 There will be a total of             2  history tapes
 History tape             1  write frequency is MONTHLY
 All fields on history tape             1  are grid averaged
 Output precision on history tape             1 =            2
 History tape             2  write frequency =             1
 All fields on history tape             2  are grid averaged
 Output precision on history tape             2 =            2
 hist tape =             1  written with dov2xy=   T
 hist tape =             2  written with dov2xy=   T
 Successfully initialized clm2 history files
 Successfully initialized the land model
 begin initial run at:  2009-10-01 00:00:00 UTC
 Attempting to read monthly vegetation data .....
 At  2009-10-01 00:00:00 UTC
 Month =            10  Day =             1
 Reading months :             9           10
 Successfully read monthly vegetation data for
 month            10
 Restrict outout to CORDEX variables
 Opening new output file output//EURR-3_ATM.2009100100.nc
 Opening new output file output//EURR-3_SRF.2009100100.nc
 Opening new output file output//EURR-3_STS.2009100100.nc
 Opening new output file output//EURR-3_RAD.2009100100.nc
Time to run newoutfiles:   0.000000 s
Time to run write_record_output_stream:   9.116877 s
 ATM variables written at  2009-10-01 00:00:00 UTC        
 Computing weights, R =      89.00187683 .......... Done.
 Reading EXT,SSA,ASY Data...
 AEROPP file open 
 /leonardo_work/ICT25_ESP/RCMDATA/MERRA2/OPPMONTH/MERRA2_OPPMONTH_wb3.200909.nc
 AEROPP file open 
 /leonardo_work/ICT25_ESP/RCMDATA/MERRA2/OPPMONTH/MERRA2_OPPMONTH_wb3.200910.nc
 AEROPP file open 
 /leonardo_work/ICT25_ESP/RCMDATA/MERRA2/OPPMONTH/MERRA2_OPPMONTH_wb6.200909.nc
 AEROPP file open 
 /leonardo_work/ICT25_ESP/RCMDATA/MERRA2/OPPMONTH/MERRA2_OPPMONTH_wb6.200910.nc
 AEROPP file open 
 /leonardo_work/ICT25_ESP/RCMDATA/MERRA2/OPPMONTH/MERRA2_OPPMONTH_wb10.200909.nc
 AEROPP file open 
 /leonardo_work/ICT25_ESP/RCMDATA/MERRA2/OPPMONTH/MERRA2_OPPMONTH_wb10.200910.nc
 AEROPP file open 
 /leonardo_work/ICT25_ESP/RCMDATA/MERRA2/OPPMONTH/MERRA2_OPPMONTH_wb13.200909.nc
 AEROPP file open 
 /leonardo_work/ICT25_ESP/RCMDATA/MERRA2/OPPMONTH/MERRA2_OPPMONTH_wb13.200910.nc
 AEROPP file open 
 /leonardo_work/ICT25_ESP/RCMDATA/MERRA2/OPPMONTH/MERRA2_OPPMONTH_wb19.200909.nc
 AEROPP file open 
 /leonardo_work/ICT25_ESP/RCMDATA/MERRA2/OPPMONTH/MERRA2_OPPMONTH_wb19.200910.nc
  # Updated VIS ext profile #
    0.196E-05  0.568E-05  0.207E-04  0.770E-04  0.396E-03  0.111E-02  0.190E-02
    0.237E-02  0.247E-02  0.268E-02  0.275E-02  0.242E-02  0.206E-02  0.190E-02
    0.178E-02  0.163E-02  0.148E-02  0.140E-02  0.137E-02  0.137E-02  0.140E-02
    0.152E-02  0.173E-02  0.199E-02  0.226E-02  0.250E-02  0.270E-02  0.289E-02
    0.311E-02  0.334E-02  0.352E-02  0.367E-02  0.375E-02  0.378E-02  0.379E-02
    0.383E-02  0.390E-02  0.401E-02  0.422E-02  0.448E-02  0.471E-02  0.503E-02
    0.545E-02  0.582E-02  0.608E-02  0.601E-02  0.580E-02  0.537E-02  0.495E-02
    0.495E-02  0.458E-02
  # Updated VIS ssa profile #
    0.916      0.917      0.931      0.953      0.974      0.980      0.974    
    0.964      0.955      0.953      0.953      0.949      0.940      0.933    
    0.927      0.920      0.913      0.908      0.903      0.899      0.898    
    0.898      0.899      0.899      0.900      0.902      0.904      0.905    
    0.907      0.908      0.909      0.911      0.913      0.915      0.917    
    0.919      0.922      0.926      0.932      0.939      0.943      0.949    
    0.955      0.960      0.963      0.964      0.964      0.964      0.964    
    0.964      0.963    
  # Updated VIS asy profile #
    0.661      0.662      0.666      0.671      0.678      0.685      0.691    
    0.698      0.706      0.725      0.742      0.748      0.744      0.739    
    0.734      0.729      0.724      0.721      0.718      0.715      0.713    
    0.714      0.714      0.715      0.715      0.716      0.718      0.720    
    0.723      0.725      0.727      0.731      0.733      0.735      0.737    
    0.740      0.742      0.746      0.752      0.759      0.764      0.770    
    0.776      0.783      0.787      0.788      0.788      0.788      0.786    
    0.786      0.786    
 Creating history file output//EURR-3.clm.regcm.h1.20091001_03600.nc
 CLM History variables written
Time to run write_record_output_stream:  11.039903 s
 ATM variables written at  2009-10-01 01:00:00 UTC        
Time to run write_record_output_stream:  22.606469 s
 SRF variables written at  2009-10-01 01:00:00 UTC        
Time to run write_record_output_stream:   2.205500 s
 RAD variables written at  2009-10-01 01:00:00 UTC        
 CLM History variables written
Time to run write_record_output_stream:  10.137611 s
 ATM variables written at  2009-10-01 02:00:00 UTC        
Time to run write_record_output_stream:  28.039353 s
 SRF variables written at  2009-10-01 02:00:00 UTC        
Time to run write_record_output_stream:   2.105667 s
 RAD variables written at  2009-10-01 02:00:00 UTC        
 CLM History variables written
Time to run write_record_output_stream:   8.486331 s
 ATM variables written at  2009-10-01 03:00:00 UTC        
Time to run write_record_output_stream:  32.303921 s
 SRF variables written at  2009-10-01 03:00:00 UTC        
Time to run write_record_output_stream:   2.165574 s
 RAD variables written at  2009-10-01 03:00:00 UTC        
 $$$  2009-10-01 03:00:00 UTC        
 $$$ max, min of ps (mb) =  1027.23  679.73
 CLM History variables written
Time to run write_record_output_stream:   9.884942 s
 ATM variables written at  2009-10-01 04:00:00 UTC        
Time to run write_record_output_stream:  35.163346 s
 SRF variables written at  2009-10-01 04:00:00 UTC        
Time to run write_record_output_stream:   3.221295 s
 RAD variables written at  2009-10-01 04:00:00 UTC        
 CLM History variables written
Time to run write_record_output_stream:   8.996949 s
 ATM variables written at  2009-10-01 05:00:00 UTC        
Time to run write_record_output_stream:  37.830309 s
 SRF variables written at  2009-10-01 05:00:00 UTC        
Time to run write_record_output_stream:   2.396825 s
 RAD variables written at  2009-10-01 05:00:00 UTC        
 CLM History variables written
Time to run write_record_output_stream:   9.806394 s
 ATM variables written at  2009-10-01 06:00:00 UTC        
Time to run write_record_output_stream:  39.581731 s
 SRF variables written at  2009-10-01 06:00:00 UTC        
Time to run write_record_output_stream:   2.546232 s
 RAD variables written at  2009-10-01 06:00:00 UTC        
 SEARCH BC data for 2009100112 , step =      480
 READY  BC from     2009100106  to 2009100112 
  Time to read in seconds RCM_run is:    0.7389610    
 $$$  2009-10-01 06:00:00 UTC        
 $$$ max, min of ps (mb) =  1027.43  679.19
 CLM History variables written
Time to run write_record_output_stream:   8.907745 s
 ATM variables written at  2009-10-01 07:00:00 UTC        
Time to run write_record_output_stream:  41.702534 s
 SRF variables written at  2009-10-01 07:00:00 UTC        
Time to run write_record_output_stream:   2.113013 s
 RAD variables written at  2009-10-01 07:00:00 UTC        
 CLM History variables written
Time to run write_record_output_stream:   8.912915 s
 ATM variables written at  2009-10-01 08:00:00 UTC        
Time to run write_record_output_stream:  45.362831 s
 SRF variables written at  2009-10-01 08:00:00 UTC        
Time to run write_record_output_stream:   2.164940 s
 RAD variables written at  2009-10-01 08:00:00 UTC        
 CLM History variables written
Time to run write_record_output_stream:   8.906676 s
 ATM variables written at  2009-10-01 09:00:00 UTC        
Time to run write_record_output_stream:   0.000000 s
 SRF variables written at  2009-10-01 09:00:00 UTC        
Time to run write_record_output_stream:   2.130280 s
 RAD variables written at  2009-10-01 09:00:00 UTC        
 $$$  2009-10-01 09:00:00 UTC        
 $$$ max, min of ps (mb) =  1028.22  679.32
 CLM History variables written
Time to run write_record_output_stream:   8.907679 s
 ATM variables written at  2009-10-01 10:00:00 UTC        
Time to run write_record_output_stream:  44.862166 s
 SRF variables written at  2009-10-01 10:00:00 UTC        
Time to run write_record_output_stream:   2.256377 s
 RAD variables written at  2009-10-01 10:00:00 UTC        
 CLM History variables written
Time to run write_record_output_stream:   8.903175 s
 ATM variables written at  2009-10-01 11:00:00 UTC        
Time to run write_record_output_stream:  41.665404 s
 SRF variables written at  2009-10-01 11:00:00 UTC        
Time to run write_record_output_stream:   2.203387 s
 RAD variables written at  2009-10-01 11:00:00 UTC        
 CLM History variables written
Time to run write_record_output_stream:   8.902664 s
 ATM variables written at  2009-10-01 12:00:00 UTC        
Time to run write_record_output_stream:  39.205457 s
 SRF variables written at  2009-10-01 12:00:00 UTC        
Time to run write_record_output_stream:   2.224277 s
 RAD variables written at  2009-10-01 12:00:00 UTC        
 SEARCH BC data for 2009100118 , step =      960
 READY  BC from     2009100112  to 2009100118 
  Time to read in seconds RCM_run is:    0.7955680    
 $$$  2009-10-01 12:00:00 UTC        
 $$$ max, min of ps (mb) =  1028.83  678.97
 CLM History variables written
Time to run write_record_output_stream:   8.907222 s
 ATM variables written at  2009-10-01 13:00:00 UTC        
Time to run write_record_output_stream:  37.252596 s
 SRF variables written at  2009-10-01 13:00:00 UTC        
Time to run write_record_output_stream:   2.107874 s
 RAD variables written at  2009-10-01 13:00:00 UTC        
 CLM History variables written
Time to run write_record_output_stream:   8.900877 s
 ATM variables written at  2009-10-01 14:00:00 UTC        
Time to run write_record_output_stream:  35.183722 s
 SRF variables written at  2009-10-01 14:00:00 UTC        
Time to run write_record_output_stream:   2.311335 s
 RAD variables written at  2009-10-01 14:00:00 UTC        
 CLM History variables written
Time to run write_record_output_stream:   8.911044 s
 ATM variables written at  2009-10-01 15:00:00 UTC        
Time to run write_record_output_stream:  33.532015 s
 SRF variables written at  2009-10-01 15:00:00 UTC        
Time to run write_record_output_stream:   2.361497 s
 RAD variables written at  2009-10-01 15:00:00 UTC        
 $$$  2009-10-01 15:00:00 UTC        
 $$$ max, min of ps (mb) =  1029.07  678.16
 CLM History variables written
Time to run write_record_output_stream:   8.914524 s
 ATM variables written at  2009-10-01 16:00:00 UTC        
Time to run write_record_output_stream:  30.763236 s
 SRF variables written at  2009-10-01 16:00:00 UTC        
Time to run write_record_output_stream:   2.992503 s
 RAD variables written at  2009-10-01 16:00:00 UTC        
 CLM History variables written
Time to run write_record_output_stream:   8.906816 s
 ATM variables written at  2009-10-01 17:00:00 UTC        
Time to run write_record_output_stream:  28.067016 s
 SRF variables written at  2009-10-01 17:00:00 UTC        
Time to run write_record_output_stream:   2.463199 s
 RAD variables written at  2009-10-01 17:00:00 UTC        
 CLM History variables written
Time to run write_record_output_stream:   8.915290 s
 ATM variables written at  2009-10-01 18:00:00 UTC        
Time to run write_record_output_stream:  26.314979 s
 SRF variables written at  2009-10-01 18:00:00 UTC        
Time to run write_record_output_stream:   2.134394 s
 RAD variables written at  2009-10-01 18:00:00 UTC        
 SEARCH BC data for 2009100200 , step =     1440
 READY  BC from     2009100118  to 2009100200 
  Time to read in seconds RCM_run is:    0.8060980    
 $$$  2009-10-01 18:00:00 UTC        
 $$$ max, min of ps (mb) =  1028.98  677.97
 CLM History variables written
Time to run write_record_output_stream:   0.000000 s
 MPI Rank:            1  using device:            0
 Set    10 100% special land-units points to zero slope
Time to run newoutfiles:   2.979646 s
Time to run write_record_output_stream:   9.116926 s
Time to run write_record_output_stream:  11.039511 s
Time to run write_record_output_stream:  21.112390 s
Time to run write_record_output_stream:   2.205848 s
Time to run write_record_output_stream:  10.138119 s
Time to run write_record_output_stream:  23.937624 s
Time to run write_record_output_stream:   2.105747 s
Time to run write_record_output_stream:   8.486175 s
Time to run write_record_output_stream:  25.440599 s
Time to run write_record_output_stream:   2.165550 s
Time to run write_record_output_stream:   9.884670 s
Time to run write_record_output_stream:  26.526343 s
Time to run write_record_output_stream:   3.221384 s
Time to run write_record_output_stream:   8.996734 s
Time to run write_record_output_stream:  27.401940 s
Time to run write_record_output_stream:   2.396873 s
Time to run write_record_output_stream:   9.807028 s
Time to run write_record_output_stream:  27.440668 s
Time to run write_record_output_stream:   2.546422 s
  Time to read in seconds RCM_run is:    0.7392080    
Time to run write_record_output_stream:   8.907889 s
Time to run write_record_output_stream:  30.706568 s
Time to run write_record_output_stream:   2.113206 s
Time to run write_record_output_stream:   8.912065 s
Time to run write_record_output_stream:  34.987445 s
Time to run write_record_output_stream:   2.165051 s
Time to run write_record_output_stream:   8.906866 s
Time to run write_record_output_stream:   0.000000 s
Time to run write_record_output_stream:   2.130261 s
Time to run write_record_output_stream:   8.908015 s
Time to run write_record_output_stream:  36.716426 s
Time to run write_record_output_stream:   2.256391 s
Time to run write_record_output_stream:   8.903776 s
Time to run write_record_output_stream:  35.556822 s
Time to run write_record_output_stream:   2.203379 s
 MPI Rank:            9  using device:            0
 Set    70 100% special land-units points to zero slope
Time to run newoutfiles:   3.334642 s
Time to run write_record_output_stream:   9.106775 s
Time to run write_record_output_stream:  11.038404 s
Time to run write_record_output_stream:  26.104383 s
Time to run write_record_output_stream:   2.205892 s
Time to run write_record_output_stream:  10.136907 s
Time to run write_record_output_stream:  26.176769 s
Time to run write_record_output_stream:   2.105746 s
Time to run write_record_output_stream:   8.485456 s
Time to run write_record_output_stream:  25.831511 s
Time to run write_record_output_stream:   2.165675 s
Time to run write_record_output_stream:   9.883546 s
Time to run write_record_output_stream:  25.824813 s
Time to run write_record_output_stream:   3.221360 s
Time to run write_record_output_stream:   8.995541 s
Time to run write_record_output_stream:  26.274250 s
Time to run write_record_output_stream:   2.396967 s
Time to run write_record_output_stream:   8.902457 s
Time to run write_record_output_stream:  34.379335 s
Time to run write_record_output_stream:   2.224463 s
  Time to read in seconds RCM_run is:    0.7956610    
Time to run write_record_output_stream:   8.907059 s
Time to run write_record_output_stream:  33.096578 s
Time to run write_record_output_stream:   2.108035 s
Time to run write_record_output_stream:   8.899988 s
Time to run write_record_output_stream:  32.145185 s
Time to run write_record_output_stream:   2.311327 s
Time to run write_record_output_stream:   8.910706 s
Time to run write_record_output_stream:  31.442669 s
Time to run write_record_output_stream:   2.361398 s
Time to run write_record_output_stream:   8.914736 s
Time to run write_record_output_stream:  29.935105 s
Time to run write_record_output_stream:   2.992553 s
Time to run write_record_output_stream:   8.906555 s
Time to run write_record_output_stream:  28.884760 s
Time to run write_record_output_stream:   2.463250 s
 MPI Rank:           12  using device:            0
 Set    10 100% special land-units points to zero slope
Time to run newoutfiles:   3.292855 s
Time to run write_record_output_stream:   9.113578 s
Time to run write_record_output_stream:  11.039621 s
Time to run write_record_output_stream:   0.636576 s
Time to run write_record_output_stream:   2.205779 s
Time to run write_record_output_stream:  10.137565 s
Time to run write_record_output_stream:   0.666074 s
Time to run write_record_output_stream:   2.105804 s
Time to run write_record_output_stream:   8.486535 s
Time to run write_record_output_stream:   0.384377 s
Time to run write_record_output_stream:   2.165605 s
Time to run write_record_output_stream:   9.884419 s
Time to run write_record_output_stream:   0.360707 s
Time to run write_record_output_stream:   3.221449 s
Time to run write_record_output_stream:   8.996867 s
Time to run write_record_output_stream:   0.929185 s
Time to run write_record_output_stream:   2.397020 s
 MPI Rank:            5  using device:            0
 Set    21 100% special land-units points to zero slope
Time to run newoutfiles:   3.339408 s
Time to run write_record_output_stream:   9.116136 s
Time to run write_record_output_stream:  11.038970 s
Time to run write_record_output_stream:  26.824204 s
Time to run write_record_output_stream:   2.205812 s
Time to run write_record_output_stream:  10.137447 s
Time to run write_record_output_stream:  27.913638 s
Time to run write_record_output_stream:   2.105910 s
Time to run write_record_output_stream:   8.486112 s
Time to run write_record_output_stream:  28.235842 s
Time to run write_record_output_stream:   2.165612 s
Time to run write_record_output_stream:   9.884441 s
Time to run write_record_output_stream:  28.722786 s
Time to run write_record_output_stream:   3.221503 s
Time to run write_record_output_stream:   8.996463 s
Time to run write_record_output_stream:  29.303236 s
Time to run write_record_output_stream:   2.396894 s
Time to run write_record_output_stream:   9.805889 s
Time to run write_record_output_stream:  26.118939 s
Time to run write_record_output_stream:   2.546394 s
  Time to read in seconds RCM_run is:    0.7391710    
Time to run write_record_output_stream:   8.906677 s
Time to run write_record_output_stream:  27.634007 s
Time to run write_record_output_stream:   2.113266 s
Time to run write_record_output_stream:   8.911865 s
Time to run write_record_output_stream:  27.557417 s
Time to run write_record_output_stream:   2.165071 s
Time to run write_record_output_stream:   8.906092 s
Time to run write_record_output_stream:   0.000000 s
Time to run write_record_output_stream:   2.130483 s
Time to run write_record_output_stream:   8.907328 s
Time to run write_record_output_stream:  23.550520 s
Time to run write_record_output_stream:   2.256469 s
Time to run write_record_output_stream:   8.902373 s
Time to run write_record_output_stream:  19.142118 s
Time to run write_record_output_stream:   2.203431 s
Time to run write_record_output_stream:   8.915501 s
Time to run write_record_output_stream:  29.275611 s
Time to run write_record_output_stream:   2.134382 s
  Time to read in seconds RCM_run is:    0.8062160    
Time to run write_record_output_stream:   0.000000 s
Time to run write_record_output_stream:  30.655159 s
Time to run write_record_output_stream:   2.151820 s
Time to run write_record_output_stream:   8.913059 s
Time to run write_record_output_stream:  31.818418 s
Time to run write_record_output_stream:   2.468509 s
Time to run write_record_output_stream:   8.897849 s
Time to run write_record_output_stream:  32.969687 s
Time to run write_record_output_stream:   2.542655 s
Time to run write_record_output_stream:   8.915284 s
Time to run write_record_output_stream:  33.149719 s
Time to run write_record_output_stream:   2.457228 s
Time to run write_record_output_stream:   8.905242 s
Time to run write_record_output_stream:  33.327919 s
Time to run write_record_output_stream:   2.150271 s
Time to run write_record_output_stream:   9.806405 s
Time to run write_record_output_stream:   0.529541 s
Time to run write_record_output_stream:   2.546218 s
  Time to read in seconds RCM_run is:    0.7394080    
Time to run write_record_output_stream:   8.907386 s
Time to run write_record_output_stream:   0.335517 s
Time to run write_record_output_stream:   2.113109 s
Time to run write_record_output_stream:   8.912495 s
Time to run write_record_output_stream:   0.565775 s
Time to run write_record_output_stream:   2.165083 s
Time to run write_record_output_stream:   8.906120 s
Time to run write_record_output_stream:   0.000000 s
Time to run write_record_output_stream:   2.130426 s
Time to run write_record_output_stream:   8.907534 s
Time to run write_record_output_stream:   0.897327 s
Time to run write_record_output_stream:   2.256389 s
Time to run write_record_output_stream:   8.903090 s
Time to run write_record_output_stream:   0.417267 s
Time to run write_record_output_stream:   2.203362 s
Time to run write_record_output_stream:   9.806018 s
Time to run write_record_output_stream:  29.137598 s
Time to run write_record_output_stream:   2.546398 s
  Time to read in seconds RCM_run is:    0.7390590    
Time to run write_record_output_stream:   8.906754 s
Time to run write_record_output_stream:  31.939128 s
Time to run write_record_output_stream:   2.113214 s
Time to run write_record_output_stream:   8.911691 s
Time to run write_record_output_stream:  34.415014 s
Time to run write_record_output_stream:   2.165147 s
Time to run write_record_output_stream:   8.906431 s
Time to run write_record_output_stream:   0.000000 s
Time to run write_record_output_stream:   2.130359 s
Time to run write_record_output_stream:   8.907672 s
Time to run write_record_output_stream:  31.049990 s
Time to run write_record_output_stream:   2.256500 s
Time to run write_record_output_stream:   8.903176 s
Time to run write_record_output_stream:  27.574252 s
Time to run write_record_output_stream:   2.203456 s
Time to run write_record_output_stream:   8.901717 s
Time to run write_record_output_stream:  15.457466 s
Time to run write_record_output_stream:   2.224659 s
  Time to read in seconds RCM_run is:    0.7956670    
Time to run write_record_output_stream:   8.906520 s
Time to run write_record_output_stream:  13.288641 s
Time to run write_record_output_stream:   2.108234 s
Time to run write_record_output_stream:   8.900102 s
Time to run write_record_output_stream:  12.744282 s
Time to run write_record_output_stream:   2.311530 s
Time to run write_record_output_stream:   8.910300 s
Time to run write_record_output_stream:  14.420550 s
Time to run write_record_output_stream:   2.361735 s
Time to run write_record_output_stream:   8.913081 s
Time to run write_record_output_stream:  15.999942 s
Time to run write_record_output_stream:   2.992820 s
Time to run write_record_output_stream:   8.906512 s
Time to run write_record_output_stream:  18.725000 s
Time to run write_record_output_stream:   2.463628 s
Time to run write_record_output_stream:   8.909381 s
Time to run write_record_output_stream:   8.902796 s
Time to run write_record_output_stream:   0.703499 s
Time to run write_record_output_stream:   2.224504 s
  Time to read in seconds RCM_run is:    0.7957370    
Time to run write_record_output_stream:   8.907358 s
Time to run write_record_output_stream:   0.369934 s
Time to run write_record_output_stream:   2.108064 s
Time to run write_record_output_stream:   8.901627 s
Time to run write_record_output_stream:   0.350075 s
Time to run write_record_output_stream:   2.311355 s
Time to run write_record_output_stream:   8.911092 s
Time to run write_record_output_stream:   0.927333 s
Time to run write_record_output_stream:   2.361558 s
Time to run write_record_output_stream:   8.913840 s
Time to run write_record_output_stream:   1.158836 s
Time to run write_record_output_stream:   2.992617 s
Time to run write_record_output_stream:   8.907201 s
Time to run write_record_output_stream:   1.126948 s
Time to run write_record_output_stream:   2.463382 s
Time to run write_record_output_stream:   8.901852 s
Time to run write_record_output_stream:  23.299877 s
Time to run write_record_output_stream:   2.224581 s
  Time to read in seconds RCM_run is:    0.7957000    
Time to run write_record_output_stream:   8.906956 s
Time to run write_record_output_stream:  19.018709 s
Time to run write_record_output_stream:   2.108031 s
Time to run write_record_output_stream:   8.900291 s
Time to run write_record_output_stream:  16.911104 s
Time to run write_record_output_stream:   2.311381 s
Time to run write_record_output_stream:   8.910729 s
Time to run write_record_output_stream:  16.730119 s
Time to run write_record_output_stream:   2.361803 s
Time to run write_record_output_stream:   8.913665 s
Time to run write_record_output_stream:  16.729172 s
Time to run write_record_output_stream:   2.992721 s
Time to run write_record_output_stream:   8.906472 s
Time to run write_record_output_stream:  18.166026 s
Time to run write_record_output_stream:   2.463537 s
Time to run write_record_output_stream:   8.914559 s
Time to run write_record_output_stream:  21.505811 s
Time to run write_record_output_stream:   2.134670 s
  Time to read in seconds RCM_run is:    0.8061230    
Time to run write_record_output_stream:   0.000000 s
Time to run write_record_output_stream:  23.936711 s
Time to run write_record_output_stream:   2.151980 s
Time to run write_record_output_stream:   8.912787 s
Time to run write_record_output_stream:  25.754788 s
Time to run write_record_output_stream:   2.468746 s
Time to run write_record_output_stream:   8.896342 s
Time to run write_record_output_stream:  27.434866 s
Time to run write_record_output_stream:   2.542805 s
Time to run write_record_output_stream:   8.914441 s
Time to run write_record_output_stream:  28.326566 s
Time to run write_record_output_stream:   2.457298 s
Time to run write_record_output_stream:   8.904630 s
Time to run write_record_output_stream:  29.872896 s
Time to run write_record_output_stream:   2.150433 s
Time to run write_record_output_stream:   8.915643 s
Time to run write_record_output_stream:   0.694776 s
Time to run write_record_output_stream:   2.134492 s
  Time to read in seconds RCM_run is:    0.8060060    
Time to run write_record_output_stream:   0.000000 s
Time to run write_record_output_stream:   0.730154 s
Time to run write_record_output_stream:   2.151860 s
Time to run write_record_output_stream:   8.912906 s
Time to run write_record_output_stream:   0.392332 s
Time to run write_record_output_stream:   2.468528 s
Time to run write_record_output_stream:   8.897017 s
Time to run write_record_output_stream:   0.681098 s
Time to run write_record_output_stream:   2.542719 s
Time to run write_record_output_stream:   8.915047 s
Time to run write_record_output_stream:   0.442459 s
Time to run write_record_output_stream:   2.457137 s
Time to run write_record_output_stream:   8.905068 s
Time to run write_record_output_stream:   0.816032 s
Time to run write_record_output_stream:   2.150148 s
Time to run write_record_output_stream:   8.914533 s
Time to run write_record_output_stream:  23.052855 s
Time to run write_record_output_stream:   2.134535 s
  Time to read in seconds RCM_run is:    0.8061350    
Time to run write_record_output_stream:   0.000000 s
Time to run write_record_output_stream:  25.886847 s
Time to run write_record_output_stream:   2.151894 s
Time to run write_record_output_stream:   8.912947 s
Time to run write_record_output_stream:  27.474725 s
Time to run write_record_output_stream:   2.468606 s
Time to run write_record_output_stream:   8.896683 s
Time to run write_record_output_stream:  28.850151 s
Time to run write_record_output_stream:   2.542655 s
Time to run write_record_output_stream:   8.914908 s
Time to run write_record_output_stream:  29.391985 s
Time to run write_record_output_stream:   2.457249 s
Time to run write_record_output_stream:   8.904218 s
Time to run write_record_output_stream:  29.961435 s
Time to run write_record_output_stream:   2.150437 s
Time to run write_record_output_stream:   8.908646 s
Time to run write_record_output_stream:   8.909509 s
Time to run write_record_output_stream:   8.908027 s
 MPI Rank:           10  using device:            0
 Set    30 100% special land-units points to zero slope
Time to run newoutfiles:   3.106737 s
Time to run write_record_output_stream:   9.106216 s
Time to run write_record_output_stream:  11.038553 s
Time to run write_record_output_stream:  40.841256 s
Time to run write_record_output_stream:   2.205971 s
Time to run write_record_output_stream:  10.137159 s
Time to run write_record_output_stream:  40.488261 s
Time to run write_record_output_stream:   2.105891 s
Time to run write_record_output_stream:   8.485511 s
Time to run write_record_output_stream:  39.343881 s
Time to run write_record_output_stream:   2.165869 s
Time to run write_record_output_stream:   9.884077 s
Time to run write_record_output_stream:  38.076658 s
Time to run write_record_output_stream:   3.221580 s
Time to run write_record_output_stream:   8.996495 s
Time to run write_record_output_stream:  36.141397 s
Time to run write_record_output_stream:   2.397158 s
 MPI Rank:           14  using device:            0
 Set    10 100% special land-units points to zero slope
Time to run newoutfiles:   3.264098 s
Time to run write_record_output_stream:   9.113459 s
Time to run write_record_output_stream:  11.038981 s
Time to run write_record_output_stream:  37.958719 s
Time to run write_record_output_stream:   2.206014 s
Time to run write_record_output_stream:  10.138089 s
Time to run write_record_output_stream:  41.102937 s
Time to run write_record_output_stream:   2.105924 s
Time to run write_record_output_stream:   8.486404 s
Time to run write_record_output_stream:  43.188562 s
Time to run write_record_output_stream:   2.165759 s
Time to run write_record_output_stream:   9.883835 s
Time to run write_record_output_stream:  44.875134 s
Time to run write_record_output_stream:   3.221584 s
Time to run write_record_output_stream:   8.996292 s
Time to run write_record_output_stream:  46.509284 s
Time to run write_record_output_stream:   2.397100 s
 MPI Rank:            7  using device:            0
 Set   120 100% special land-units points to zero slope
Time to run newoutfiles:   3.331855 s
Time to run write_record_output_stream:   9.116736 s
Time to run write_record_output_stream:  11.039196 s
Time to run write_record_output_stream:  15.769180 s
Time to run write_record_output_stream:   2.205858 s
Time to run write_record_output_stream:  10.138452 s
Time to run write_record_output_stream:  16.631804 s
Time to run write_record_output_stream:   2.105860 s
Time to run write_record_output_stream:   8.486592 s
Time to run write_record_output_stream:  17.043824 s
Time to run write_record_output_stream:   2.165717 s
Time to run write_record_output_stream:   9.883525 s
Time to run write_record_output_stream:  17.970093 s
Time to run write_record_output_stream:   3.221427 s
Time to run write_record_output_stream:   8.996193 s
Time to run write_record_output_stream:  19.578752 s
Time to run write_record_output_stream:   2.396905 s
Time to run write_record_output_stream:   9.805941 s
Time to run write_record_output_stream:  33.942841 s
Time to run write_record_output_stream:   2.546585 s
  Time to read in seconds RCM_run is:    0.7391870    
Time to run write_record_output_stream:   8.907300 s
Time to run write_record_output_stream:  34.745593 s
Time to run write_record_output_stream:   2.113408 s
Time to run write_record_output_stream:   8.911367 s
Time to run write_record_output_stream:  36.587649 s
Time to run write_record_output_stream:   2.165369 s
Time to run write_record_output_stream:   8.905656 s
Time to run write_record_output_stream:   0.000000 s
Time to run write_record_output_stream:   2.130483 s
Time to run write_record_output_stream:   8.906791 s
Time to run write_record_output_stream:  35.754703 s
Time to run write_record_output_stream:   2.256551 s
Time to run write_record_output_stream:   8.902992 s
Time to run write_record_output_stream:  33.192091 s
Time to run write_record_output_stream:   2.203645 s
Time to run write_record_output_stream:   9.806181 s
Time to run write_record_output_stream:  46.766501 s
Time to run write_record_output_stream:   2.546503 s
  Time to read in seconds RCM_run is:    0.7392160    
Time to run write_record_output_stream:   8.907019 s
Time to run write_record_output_stream:  50.244578 s
Time to run write_record_output_stream:   2.113359 s
Time to run write_record_output_stream:   8.912359 s
Time to run write_record_output_stream:  54.922584 s
Time to run write_record_output_stream:   2.165200 s
Time to run write_record_output_stream:   8.906170 s
Time to run write_record_output_stream: ********** s
Time to run write_record_output_stream:   2.130503 s
Time to run write_record_output_stream:   8.907105 s
Time to run write_record_output_stream:  61.127129 s
Time to run write_record_output_stream:   2.256568 s
Time to run write_record_output_stream:   8.903124 s
Time to run write_record_output_stream:  61.234228 s
Time to run write_record_output_stream:   2.203471 s
Time to run write_record_output_stream:   9.806335 s
Time to run write_record_output_stream:  20.616718 s
Time to run write_record_output_stream:   2.546352 s
  Time to read in seconds RCM_run is:    0.7394200    
Time to run write_record_output_stream:   8.907762 s
Time to run write_record_output_stream:  24.675029 s
Time to run write_record_output_stream:   2.113198 s
Time to run write_record_output_stream:   8.911544 s
Time to run write_record_output_stream:  29.335499 s
Time to run write_record_output_stream:   2.165068 s
Time to run write_record_output_stream:   8.905910 s
Time to run write_record_output_stream:   0.000000 s
Time to run write_record_output_stream:   2.130339 s
Time to run write_record_output_stream:   8.907641 s
Time to run write_record_output_stream:  33.606832 s
Time to run write_record_output_stream:   2.256382 s
Time to run write_record_output_stream:   8.903542 s
Time to run write_record_output_stream:  32.796174 s
Time to run write_record_output_stream:   2.203451 s
Time to run write_record_output_stream:   8.901567 s
Time to run write_record_output_stream:  31.528436 s
Time to run write_record_output_stream:   2.224674 s
  Time to read in seconds RCM_run is:    0.7958200    
Time to run write_record_output_stream:   8.906531 s
Time to run write_record_output_stream:  31.067963 s
Time to run write_record_output_stream:   2.108220 s
Time to run write_record_output_stream:   8.899621 s
Time to run write_record_output_stream:  31.447999 s
Time to run write_record_output_stream:   2.311399 s
Time to run write_record_output_stream:   8.910487 s
Time to run write_record_output_stream:  31.309272 s
Time to run write_record_output_stream:   2.361744 s
Time to run write_record_output_stream:   8.913407 s
Time to run write_record_output_stream:  29.580109 s
Time to run write_record_output_stream:   2.992928 s
Time to run write_record_output_stream:   8.906004 s
Time to run write_record_output_stream:  28.543814 s
Time to run write_record_output_stream:   2.463593 s
Time to run write_record_output_stream:   8.902257 s
Time to run write_record_output_stream:  61.034035 s
Time to run write_record_output_stream:   2.224551 s
  Time to read in seconds RCM_run is:    0.7958170    
Time to run write_record_output_stream:   8.906744 s
Time to run write_record_output_stream:  59.324836 s
Time to run write_record_output_stream:   2.108161 s
Time to run write_record_output_stream:   8.900618 s
Time to run write_record_output_stream:  56.806761 s
Time to run write_record_output_stream:   2.311515 s
Time to run write_record_output_stream:   8.910410 s
Time to run write_record_output_stream:  53.890336 s
Time to run write_record_output_stream:   2.361624 s
Time to run write_record_output_stream:   8.913378 s
Time to run write_record_output_stream:  49.745882 s
Time to run write_record_output_stream:   2.992954 s
Time to run write_record_output_stream:   8.906622 s
Time to run write_record_output_stream:  46.393599 s
Time to run write_record_output_stream:   2.463469 s
Time to run write_record_output_stream:   8.902290 s
Time to run write_record_output_stream:  32.013567 s
Time to run write_record_output_stream:   2.224433 s
  Time to read in seconds RCM_run is:    0.7961040    
Time to run write_record_output_stream:   8.906923 s
Time to run write_record_output_stream:  30.726821 s
Time to run write_record_output_stream:   2.108112 s
Time to run write_record_output_stream:   8.900032 s
Time to run write_record_output_stream:  28.628348 s
Time to run write_record_output_stream:   2.311416 s
Time to run write_record_output_stream:   8.911009 s
Time to run write_record_output_stream:  26.471738 s
Time to run write_record_output_stream:   2.361614 s
Time to run write_record_output_stream:   8.914285 s
Time to run write_record_output_stream:  22.903737 s
Time to run write_record_output_stream:   2.992681 s
Time to run write_record_output_stream:   8.906743 s
Time to run write_record_output_stream:  19.741684 s
Time to run write_record_output_stream:   2.463453 s
Time to run write_record_output_stream:   8.915194 s
Time to run write_record_output_stream:  27.998343 s
Time to run write_record_output_stream:   2.134765 s
  Time to read in seconds RCM_run is:    0.8063130    
Time to run write_record_output_stream:   0.000000 s
Time to run write_record_output_stream:  28.669409 s
Time to run write_record_output_stream:   2.152072 s
Time to run write_record_output_stream:   8.912725 s
Time to run write_record_output_stream:  29.627074 s
Time to run write_record_output_stream:   2.468819 s
Time to run write_record_output_stream:   8.897396 s
Time to run write_record_output_stream:  31.619493 s
Time to run write_record_output_stream:   2.543058 s
Time to run write_record_output_stream:   8.914305 s
Time to run write_record_output_stream:  31.910645 s
Time to run write_record_output_stream:   2.457403 s
Time to run write_record_output_stream:   8.904109 s
Time to run write_record_output_stream:  31.967903 s
Time to run write_record_output_stream:   2.150450 s
Time to run write_record_output_stream:   8.914933 s
Time to run write_record_output_stream:  44.060119 s
Time to run write_record_output_stream:   2.134649 s
  Time to read in seconds RCM_run is:    0.8062540    
Time to run write_record_output_stream:   0.000000 s
Time to run write_record_output_stream:  42.506032 s
Time to run write_record_output_stream:   2.151966 s
Time to run write_record_output_stream:   8.912378 s
Time to run write_record_output_stream:  40.512112 s
Time to run write_record_output_stream:   2.468731 s
Time to run write_record_output_stream:   8.897582 s
Time to run write_record_output_stream:  40.066010 s
Time to run write_record_output_stream:   2.542884 s
Time to run write_record_output_stream:   8.915303 s
Time to run write_record_output_stream:  39.341895 s
Time to run write_record_output_stream:   2.457315 s
Time to run write_record_output_stream:   8.904170 s
Time to run write_record_output_stream:  39.373103 s
Time to run write_record_output_stream:   2.150390 s
Time to run write_record_output_stream:   8.914543 s
Time to run write_record_output_stream:  17.943117 s
Time to run write_record_output_stream:   2.134451 s
  Time to read in seconds RCM_run is:    0.8065250    
Time to run write_record_output_stream:   0.000000 s
Time to run write_record_output_stream:  17.305688 s
Time to run write_record_output_stream:   2.151805 s
Time to run write_record_output_stream:   8.913281 s
Time to run write_record_output_stream:  17.302431 s
Time to run write_record_output_stream:   2.468521 s
Time to run write_record_output_stream:   8.897133 s
Time to run write_record_output_stream:  18.169051 s
Time to run write_record_output_stream:   2.542745 s
Time to run write_record_output_stream:   8.915568 s
Time to run write_record_output_stream:  18.789535 s
Time to run write_record_output_stream:   2.457205 s
Time to run write_record_output_stream:   8.905353 s
Time to run write_record_output_stream:  19.970319 s
Time to run write_record_output_stream:   2.150471 s
Time to run write_record_output_stream:   8.908694 s
Time to run write_record_output_stream:   8.908383 s
Time to run write_record_output_stream:   8.908337 s
 MPI Rank:           15  using device:            0
 Set     1 100% special land-units points to zero slope
Time to run newoutfiles:   3.074038 s
Time to run write_record_output_stream:   9.113730 s
Time to run write_record_output_stream:  11.039978 s
Time to run write_record_output_stream:  21.141627 s
Time to run write_record_output_stream:   2.206254 s
Time to run write_record_output_stream:  10.138257 s
Time to run write_record_output_stream:  20.013843 s
Time to run write_record_output_stream:   2.106157 s
Time to run write_record_output_stream:   8.487305 s
Time to run write_record_output_stream:  19.062113 s
Time to run write_record_output_stream:   2.165849 s
Time to run write_record_output_stream:   9.885452 s
Time to run write_record_output_stream:  18.871021 s
Time to run write_record_output_stream:   3.221759 s
Time to run write_record_output_stream:   8.997874 s
Time to run write_record_output_stream:  19.353535 s
Time to run write_record_output_stream:   2.397187 s
Time to run write_record_output_stream:   9.806955 s
Time to run write_record_output_stream:  19.399319 s
Time to run write_record_output_stream:   2.546705 s
  Time to read in seconds RCM_run is:    0.7392100    
Time to run write_record_output_stream:   8.907492 s
Time to run write_record_output_stream:  23.019326 s
Time to run write_record_output_stream:   2.113527 s
Time to run write_record_output_stream:   8.913507 s
Time to run write_record_output_stream:  27.819877 s
Time to run write_record_output_stream:   2.165281 s
Time to run write_record_output_stream:   8.907844 s
Time to run write_record_output_stream:   0.000000 s
Time to run write_record_output_stream:   2.130654 s
Time to run write_record_output_stream:   8.907859 s
Time to run write_record_output_stream:  35.116335 s
Time to run write_record_output_stream:   2.256774 s
Time to run write_record_output_stream:   8.904164 s
Time to run write_record_output_stream:  34.523365 s
Time to run write_record_output_stream:   2.203729 s
Time to run write_record_output_stream:   8.903351 s
Time to run write_record_output_stream:  33.760154 s
Time to run write_record_output_stream:   2.224870 s
  Time to read in seconds RCM_run is:    0.7957860    
Time to run write_record_output_stream:   8.907437 s
Time to run write_record_output_stream:  33.397229 s
Time to run write_record_output_stream:   2.108325 s
Time to run write_record_output_stream:   8.901540 s
Time to run write_record_output_stream:  33.143653 s
Time to run write_record_output_stream:   2.311569 s
Time to run write_record_output_stream:   8.912231 s
Time to run write_record_output_stream:  32.259597 s
Time to run write_record_output_stream:   2.361819 s
Time to run write_record_output_stream:   8.914912 s
Time to run write_record_output_stream:  29.682470 s
Time to run write_record_output_stream:   2.992994 s
Time to run write_record_output_stream:   8.907710 s
Time to run write_record_output_stream:  27.308475 s
Time to run write_record_output_stream:   2.463609 s
Time to run write_record_output_stream:   8.916028 s
Time to run write_record_output_stream:  26.002032 s
Time to run write_record_output_stream:   2.134746 s
  Time to read in seconds RCM_run is:    0.8063710    
Time to run write_record_output_stream:   0.000000 s
Time to run write_record_output_stream:  25.995076 s
Time to run write_record_output_stream:   2.152236 s
Time to run write_record_output_stream:   8.914728 s
Time to run write_record_output_stream:  26.367923 s
Time to run write_record_output_stream:   2.468884 s
Time to run write_record_output_stream:   8.898030 s
Time to run write_record_output_stream:  26.843545 s
Time to run write_record_output_stream:   2.543076 s
Time to run write_record_output_stream:   8.916577 s
Time to run write_record_output_stream:  26.145263 s
Time to run write_record_output_stream:   2.457610 s
Time to run write_record_output_stream:   8.905958 s
Time to run write_record_output_stream:  25.360689 s
Time to run write_record_output_stream:   2.150610 s
Time to run write_record_output_stream:   8.909337 s
 MPI Rank:            2  using device:            0
Time to run newoutfiles:   2.985536 s
Time to run write_record_output_stream:   9.116738 s
Time to run write_record_output_stream:  11.039816 s
Time to run write_record_output_stream:  25.127361 s
Time to run write_record_output_stream:   2.205863 s
Time to run write_record_output_stream:  10.138358 s
Time to run write_record_output_stream:  25.105585 s
Time to run write_record_output_stream:   2.105614 s
Time to run write_record_output_stream:   8.485764 s
Time to run write_record_output_stream:  24.838043 s
Time to run write_record_output_stream:   2.165477 s
Time to run write_record_output_stream:   9.883630 s
Time to run write_record_output_stream:  24.911327 s
Time to run write_record_output_stream:   3.221261 s
Time to run write_record_output_stream:   8.996393 s
Time to run write_record_output_stream:  25.636179 s
Time to run write_record_output_stream:   2.396950 s
Time to run write_record_output_stream:   9.806293 s
 MPI Rank:           13  using device:            0
Time to run newoutfiles:   3.076833 s
Time to run write_record_output_stream:   9.113634 s
Time to run write_record_output_stream:  11.039750 s
Time to run write_record_output_stream:  22.046774 s
Time to run write_record_output_stream:   2.205843 s
Time to run write_record_output_stream:  10.137818 s
Time to run write_record_output_stream:  24.099917 s
Time to run write_record_output_stream:   2.105819 s
Time to run write_record_output_stream:   8.486943 s
Time to run write_record_output_stream:  25.836574 s
Time to run write_record_output_stream:   2.165700 s
Time to run write_record_output_stream:   9.884857 s
Time to run write_record_output_stream:  28.023405 s
Time to run write_record_output_stream:   3.221493 s
Time to run write_record_output_stream:   8.997263 s
Time to run write_record_output_stream:  30.763179 s
Time to run write_record_output_stream:   2.396948 s
Time to run write_record_output_stream:   9.806769 s
 MPI Rank:            8  using device:            0
Time to run newoutfiles:   3.286448 s
Time to run write_record_output_stream:   9.106950 s
Time to run write_record_output_stream:  11.038974 s
Time to run write_record_output_stream:   1.391687 s
Time to run write_record_output_stream:   2.205692 s
Time to run write_record_output_stream:  10.137497 s
Time to run write_record_output_stream:   1.289320 s
Time to run write_record_output_stream:   2.105820 s
Time to run write_record_output_stream:   8.486437 s
Time to run write_record_output_stream:   1.118403 s
Time to run write_record_output_stream:   2.165653 s
Time to run write_record_output_stream:   9.884094 s
Time to run write_record_output_stream:   1.156820 s
Time to run write_record_output_stream:   3.221462 s
Time to run write_record_output_stream:   8.996402 s
Time to run write_record_output_stream:   1.698266 s
Time to run write_record_output_stream:   2.397016 s
Time to run write_record_output_stream:   9.806227 s
Time to run write_record_output_stream:  25.624921 s
Time to run write_record_output_stream:   2.546204 s
  Time to read in seconds RCM_run is:    0.7394260    
Time to run write_record_output_stream:   8.906683 s
Time to run write_record_output_stream:  28.923953 s
Time to run write_record_output_stream:   2.113220 s
Time to run write_record_output_stream:   8.912140 s
Time to run write_record_output_stream:  33.688956 s
Time to run write_record_output_stream:   2.165019 s
Time to run write_record_output_stream:   8.906684 s
Time to run write_record_output_stream:   0.000000 s
Time to run write_record_output_stream:   2.130226 s
Time to run write_record_output_stream:   8.907631 s
Time to run write_record_output_stream:  39.700339 s
Time to run write_record_output_stream:   2.256349 s
Time to run write_record_output_stream:   8.903459 s
Time to run write_record_output_stream:  39.756000 s
Time to run write_record_output_stream:   2.203350 s
Time to run write_record_output_stream:   8.901648 s
Time to run write_record_output_stream:  32.355482 s
Time to run write_record_output_stream:   2.546318 s
  Time to read in seconds RCM_run is:    0.7392040    
Time to run write_record_output_stream:   8.907711 s
Time to run write_record_output_stream:  36.067514 s
Time to run write_record_output_stream:   2.113102 s
Time to run write_record_output_stream:   8.912775 s
Time to run write_record_output_stream:  36.720624 s
Time to run write_record_output_stream:   2.165099 s
Time to run write_record_output_stream:   8.907055 s
Time to run write_record_output_stream:   0.000000 s
Time to run write_record_output_stream:   2.130410 s
Time to run write_record_output_stream:   8.907739 s
Time to run write_record_output_stream:  22.599776 s
Time to run write_record_output_stream:   2.256521 s
Time to run write_record_output_stream:   8.903501 s
Time to run write_record_output_stream:  16.213030 s
Time to run write_record_output_stream:   2.203437 s
Time to run write_record_output_stream:   8.902779 s
Time to run write_record_output_stream:   1.613051 s
Time to run write_record_output_stream:   2.546353 s
  Time to read in seconds RCM_run is:    0.7395080    
Time to run write_record_output_stream:   8.906939 s
Time to run write_record_output_stream:   4.029470 s
Time to run write_record_output_stream:   2.113205 s
Time to run write_record_output_stream:   8.912356 s
Time to run write_record_output_stream:   6.358858 s
Time to run write_record_output_stream:   2.165128 s
Time to run write_record_output_stream:   8.906627 s
Time to run write_record_output_stream:   0.000000 s
Time to run write_record_output_stream:   2.130481 s
Time to run write_record_output_stream:   8.906934 s
Time to run write_record_output_stream:   8.342143 s
Time to run write_record_output_stream:   2.256452 s
Time to run write_record_output_stream:   8.903070 s
Time to run write_record_output_stream:   7.423317 s
Time to run write_record_output_stream:   2.203438 s
Time to run write_record_output_stream:   8.902403 s
Time to run write_record_output_stream:  39.448087 s
Time to run write_record_output_stream:   2.224257 s
  Time to read in seconds RCM_run is:    0.7960600    
Time to run write_record_output_stream:   8.907274 s
Time to run write_record_output_stream:  38.741845 s
Time to run write_record_output_stream:   2.107991 s
Time to run write_record_output_stream:   8.900006 s
Time to run write_record_output_stream:  38.116681 s
Time to run write_record_output_stream:   2.311324 s
Time to run write_record_output_stream:   8.910414 s
Time to run write_record_output_stream:  37.494972 s
Time to run write_record_output_stream:   2.361426 s
Time to run write_record_output_stream:   8.913268 s
Time to run write_record_output_stream:  35.623136 s
Time to run write_record_output_stream:   2.992444 s
Time to run write_record_output_stream:   8.906851 s
Time to run write_record_output_stream:  33.973712 s
Time to run write_record_output_stream:   2.463183 s
Time to run write_record_output_stream:   8.915097 s
Time to run write_record_output_stream:  11.696194 s
Time to run write_record_output_stream:   2.224541 s
  Time to read in seconds RCM_run is:    0.7956680    
Time to run write_record_output_stream:   8.907528 s
Time to run write_record_output_stream:   8.823233 s
Time to run write_record_output_stream:   2.108122 s
Time to run write_record_output_stream:   8.900573 s
Time to run write_record_output_stream:   8.168468 s
Time to run write_record_output_stream:   2.311408 s
Time to run write_record_output_stream:   8.911343 s
Time to run write_record_output_stream:  10.122921 s
Time to run write_record_output_stream:   2.361541 s
Time to run write_record_output_stream:   8.914455 s
Time to run write_record_output_stream:  18.268264 s
Time to run write_record_output_stream:   2.992705 s
Time to run write_record_output_stream:   8.906816 s
Time to run write_record_output_stream:  27.392060 s
Time to run write_record_output_stream:   2.463351 s
Time to run write_record_output_stream:   8.915655 s
 MPI Rank:            4  using device:            0
Time to run newoutfiles:   3.292259 s
Time to run write_record_output_stream:   9.116119 s
Time to run write_record_output_stream:  11.039851 s
Time to run write_record_output_stream:   8.783385 s
Time to run write_record_output_stream:   2.205919 s
Time to run write_record_output_stream:  10.137214 s
Time to run write_record_output_stream:   8.493506 s
Time to run write_record_output_stream:   2.105879 s
Time to run write_record_output_stream:   8.486139 s
Time to run write_record_output_stream:   7.380806 s
Time to run write_record_output_stream:   2.165648 s
Time to run write_record_output_stream:   9.884521 s
Time to run write_record_output_stream:   6.729887 s
Time to run write_record_output_stream:   3.221520 s
Time to run write_record_output_stream:   8.996566 s
Time to run write_record_output_stream:   7.129421 s
Time to run write_record_output_stream:   2.396837 s
Time to run write_record_output_stream:   9.806270 s
Time to run write_record_output_stream:   6.631115 s
Time to run write_record_output_stream:   2.224542 s
  Time to read in seconds RCM_run is:    0.7959360    
Time to run write_record_output_stream:   8.906302 s
Time to run write_record_output_stream:   6.472447 s
Time to run write_record_output_stream:   2.108072 s
Time to run write_record_output_stream:   8.900795 s
Time to run write_record_output_stream:   7.191237 s
Time to run write_record_output_stream:   2.311476 s
Time to run write_record_output_stream:   8.910918 s
Time to run write_record_output_stream:   7.486247 s
Time to run write_record_output_stream:   2.361603 s
Time to run write_record_output_stream:   8.913784 s
Time to run write_record_output_stream:   6.901142 s
Time to run write_record_output_stream:   2.992797 s
Time to run write_record_output_stream:   8.906762 s
Time to run write_record_output_stream:   7.239522 s
Time to run write_record_output_stream:   2.463412 s
Time to run write_record_output_stream:   8.914720 s
Time to run write_record_output_stream:  33.484390 s
Time to run write_record_output_stream:   2.134504 s
  Time to read in seconds RCM_run is:    0.8066360    
Time to run write_record_output_stream:   0.000000 s
Time to run write_record_output_stream:  34.150926 s
Time to run write_record_output_stream:   2.151720 s
Time to run write_record_output_stream:   8.913152 s
Time to run write_record_output_stream:  34.915665 s
Time to run write_record_output_stream:   2.468409 s
Time to run write_record_output_stream:   8.896988 s
Time to run write_record_output_stream:  36.160137 s
Time to run write_record_output_stream:   2.542532 s
Time to run write_record_output_stream:   8.915432 s
Time to run write_record_output_stream:  36.453456 s
Time to run write_record_output_stream:   2.457131 s
Time to run write_record_output_stream:   8.905469 s
Time to run write_record_output_stream:  36.700223 s
Time to run write_record_output_stream:   2.150246 s
Time to run write_record_output_stream:   8.909049 s
Time to run write_record_output_stream:  32.171049 s
Time to run write_record_output_stream:   2.134520 s
  Time to read in seconds RCM_run is:    0.8061910    
Time to run write_record_output_stream:   0.000000 s
Time to run write_record_output_stream:  35.986515 s
Time to run write_record_output_stream:   2.152012 s
Time to run write_record_output_stream:   8.912680 s
Time to run write_record_output_stream:  39.353772 s
Time to run write_record_output_stream:   2.468502 s
Time to run write_record_output_stream:   8.897735 s
Time to run write_record_output_stream:  42.941417 s
Time to run write_record_output_stream:   2.542600 s
Time to run write_record_output_stream:   8.915558 s
Time to run write_record_output_stream:  44.806529 s
Time to run write_record_output_stream:   2.457186 s
Time to run write_record_output_stream:   8.905319 s
Time to run write_record_output_stream:  46.457458 s
Time to run write_record_output_stream:   2.150347 s
Time to run write_record_output_stream:   8.909275 s
Time to run write_record_output_stream:   6.978873 s
Time to run write_record_output_stream:   2.546365 s
  Time to read in seconds RCM_run is:    0.7392970    
Time to run write_record_output_stream:   8.907193 s
Time to run write_record_output_stream:   9.496624 s
Time to run write_record_output_stream:   2.113202 s
Time to run write_record_output_stream:   8.912693 s
Time to run write_record_output_stream:  10.944983 s
Time to run write_record_output_stream:   2.165051 s
Time to run write_record_output_stream:   8.906563 s
Time to run write_record_output_stream:   0.000000 s
Time to run write_record_output_stream:   2.130429 s
Time to run write_record_output_stream:   8.907714 s
Time to run write_record_output_stream:   8.137995 s
Time to run write_record_output_stream:   2.256501 s
Time to run write_record_output_stream:   8.902927 s
Time to run write_record_output_stream:   5.527517 s
Time to run write_record_output_stream:   2.203328 s
Time to run write_record_output_stream:   8.902054 s
Time to run write_record_output_stream:   8.534485 s
Time to run write_record_output_stream:   2.134587 s
  Time to read in seconds RCM_run is:    0.8066100    
Time to run write_record_output_stream:   0.000000 s
Time to run write_record_output_stream:  10.755650 s
Time to run write_record_output_stream:   2.151975 s
Time to run write_record_output_stream:   8.913462 s
Time to run write_record_output_stream:  12.262129 s
Time to run write_record_output_stream:   2.468653 s
Time to run write_record_output_stream:   8.896906 s
Time to run write_record_output_stream:  14.742823 s
Time to run write_record_output_stream:   2.542846 s
Time to run write_record_output_stream:   8.914622 s
Time to run write_record_output_stream:  16.065377 s
Time to run write_record_output_stream:   2.457250 s
Time to run write_record_output_stream:   8.904697 s
Time to run write_record_output_stream:  16.607812 s
Time to run write_record_output_stream:   2.150398 s
Time to run write_record_output_stream:   8.909072 s
Time to run write_record_output_stream:  36.460953 s
Time to run write_record_output_stream:  47.076999 s
Time to run write_record_output_stream:   3.708123 s
Time to run write_record_output_stream:   2.224588 s
  Time to read in seconds RCM_run is:    0.7958340    
Time to run write_record_output_stream:   8.906734 s
Time to run write_record_output_stream:   2.278402 s
Time to run write_record_output_stream:   2.108070 s
Time to run write_record_output_stream:   8.900312 s
Time to run write_record_output_stream:   1.622003 s
Time to run write_record_output_stream:   2.311363 s
Time to run write_record_output_stream:   8.910527 s
Time to run write_record_output_stream:   0.857146 s
Time to run write_record_output_stream:   2.361638 s
Time to run write_record_output_stream:   8.913979 s
Time to run write_record_output_stream:   0.326094 s
Time to run write_record_output_stream:   2.992723 s
Time to run write_record_output_stream:   8.906563 s
Time to run write_record_output_stream:   1.468164 s
Time to run write_record_output_stream:   2.463382 s
Time to run write_record_output_stream:   8.915390 s
Time to run write_record_output_stream:  16.298150 s
 MPI Rank:            3  using device:            0
Time to run newoutfiles:   2.982521 s
Time to run write_record_output_stream:   9.126061 s
Time to run write_record_output_stream:  11.040208 s
Time to run write_record_output_stream:  55.088073 s
Time to run write_record_output_stream:   2.205864 s
Time to run write_record_output_stream:  10.138307 s
Time to run write_record_output_stream:  56.441368 s
Time to run write_record_output_stream:   2.105822 s
Time to run write_record_output_stream:   8.486747 s
Time to run write_record_output_stream:  57.624984 s
Time to run write_record_output_stream:   2.165686 s
Time to run write_record_output_stream:   9.884755 s
Time to run write_record_output_stream:  58.862898 s
Time to run write_record_output_stream:   3.221390 s
Time to run write_record_output_stream:   8.996861 s
Time to run write_record_output_stream:  60.423944 s
Time to run write_record_output_stream:   2.397005 s
Time to run write_record_output_stream:   9.807574 s
Time to run write_record_output_stream:   4.429917 s
Time to run write_record_output_stream:   2.134472 s
  Time to read in seconds RCM_run is:    0.8063090    
Time to run write_record_output_stream:   0.000000 s
Time to run write_record_output_stream:   8.256920 s
Time to run write_record_output_stream:   2.151837 s
Time to run write_record_output_stream:   8.913018 s
Time to run write_record_output_stream:  10.440301 s
Time to run write_record_output_stream:   2.468535 s
Time to run write_record_output_stream:   8.896873 s
Time to run write_record_output_stream:  12.523449 s
Time to run write_record_output_stream:   2.542757 s
Time to run write_record_output_stream:   8.915358 s
Time to run write_record_output_stream:  13.843634 s
Time to run write_record_output_stream:   2.457215 s
Time to run write_record_output_stream:   8.904490 s
Time to run write_record_output_stream:  15.406107 s
Time to run write_record_output_stream:   2.150264 s
Time to run write_record_output_stream:   8.908421 s
 MPI Rank:           11  using device:            0
Time to run newoutfiles:   3.325942 s
Time to run write_record_output_stream:   9.116561 s
Time to run write_record_output_stream:  11.039047 s
Time to run write_record_output_stream:  12.274362 s
Time to run write_record_output_stream:   2.206050 s
Time to run write_record_output_stream:  10.138054 s
Time to run write_record_output_stream:  12.229105 s
Time to run write_record_output_stream:   2.105861 s
Time to run write_record_output_stream:   8.485724 s
Time to run write_record_output_stream:  12.390694 s
Time to run write_record_output_stream:   2.165759 s
Time to run write_record_output_stream:   9.884398 s
Time to run write_record_output_stream:  12.238558 s
Time to run write_record_output_stream:   3.221465 s
Time to run write_record_output_stream:   8.996188 s
Time to run write_record_output_stream:  12.002451 s
Time to run write_record_output_stream:   2.396945 s
Time to run write_record_output_stream:   9.806371 s
Time to run write_record_output_stream:  61.008058 s
Time to run write_record_output_stream:   2.546410 s
  Time to read in seconds RCM_run is:    0.7393600    
Time to run write_record_output_stream:   8.907760 s
Time to run write_record_output_stream:  64.436435 s
Time to run write_record_output_stream:   2.113360 s
Time to run write_record_output_stream:   8.912727 s
Time to run write_record_output_stream:  68.709220 s
Time to run write_record_output_stream:   2.165020 s
Time to run write_record_output_stream:   8.907101 s
Time to run write_record_output_stream: ********** s
Time to run write_record_output_stream:   2.130352 s
Time to run write_record_output_stream:   8.907994 s
Time to run write_record_output_stream:  73.671582 s
Time to run write_record_output_stream:   2.256436 s
Time to run write_record_output_stream:   8.902787 s
Time to run write_record_output_stream:  73.281875 s
Time to run write_record_output_stream:   2.203366 s
Time to run write_record_output_stream:   8.902419 s
Time to run write_record_output_stream:  16.883419 s
Time to run write_record_output_stream:  10.695447 s
Time to run write_record_output_stream:   2.546352 s
  Time to read in seconds RCM_run is:    0.7394160    
Time to run write_record_output_stream:   8.906616 s
Time to run write_record_output_stream:  12.692193 s
Time to run write_record_output_stream:   2.113293 s
Time to run write_record_output_stream:   8.912475 s
Time to run write_record_output_stream:  16.158979 s
Time to run write_record_output_stream:   2.165066 s
Time to run write_record_output_stream:   8.905838 s
Time to run write_record_output_stream:   0.000000 s
Time to run write_record_output_stream:   2.130509 s
Time to run write_record_output_stream:   8.907207 s
Time to run write_record_output_stream:  20.297336 s
Time to run write_record_output_stream:   2.256419 s
Time to run write_record_output_stream:   8.902481 s
Time to run write_record_output_stream:  18.439518 s
Time to run write_record_output_stream:   2.203453 s
Time to run write_record_output_stream:   8.901615 s
Time to run write_record_output_stream:  72.747307 s
Time to run write_record_output_stream:   2.224402 s
  Time to read in seconds RCM_run is:    0.7956900    
Time to run write_record_output_stream:   8.907068 s
Time to run write_record_output_stream:  71.731880 s
Time to run write_record_output_stream:   2.108082 s
Time to run write_record_output_stream:   8.900731 s
Time to run write_record_output_stream:  70.780467 s
Time to run write_record_output_stream:   2.311293 s
Time to run write_record_output_stream:   8.910310 s
Time to run write_record_output_stream:  69.516589 s
Time to run write_record_output_stream:   2.361576 s
Time to run write_record_output_stream:   8.913868 s
Time to run write_record_output_stream:  66.588282 s
Time to run write_record_output_stream:   2.992666 s
Time to run write_record_output_stream:   8.907293 s
Time to run write_record_output_stream:  63.999225 s
Time to run write_record_output_stream:   2.463269 s
Time to run write_record_output_stream:   8.915544 s
 MPI Rank:            6  using device:            0
Time to run newoutfiles:   3.270882 s
Time to run write_record_output_stream:   9.116154 s
Time to run write_record_output_stream:  11.038504 s
Time to run write_record_output_stream:  36.781278 s
Time to run write_record_output_stream:   2.205910 s
Time to run write_record_output_stream:  10.137803 s
Time to run write_record_output_stream:  36.733338 s
Time to run write_record_output_stream:   2.105805 s
Time to run write_record_output_stream:   8.486017 s
Time to run write_record_output_stream:  36.576550 s
Time to run write_record_output_stream:   2.165624 s
Time to run write_record_output_stream:   9.883373 s
Time to run write_record_output_stream:  37.394794 s
Time to run write_record_output_stream:   3.221588 s
Time to run write_record_output_stream:   8.995830 s
Time to run write_record_output_stream:  38.547262 s
Time to run write_record_output_stream:   2.396837 s
Time to run write_record_output_stream:   9.806053 s
Time to run write_record_output_stream:  15.673635 s
Time to run write_record_output_stream:   2.224584 s
  Time to read in seconds RCM_run is:    0.7961100    
Time to run write_record_output_stream:   8.906872 s
Time to run write_record_output_stream:  13.492499 s
Time to run write_record_output_stream:   2.108171 s
Time to run write_record_output_stream:   8.900570 s
Time to run write_record_output_stream:  11.219112 s
Time to run write_record_output_stream:   2.311349 s
Time to run write_record_output_stream:   8.910223 s
Time to run write_record_output_stream:   9.494729 s
Time to run write_record_output_stream:   2.361726 s
Time to run write_record_output_stream:   8.913521 s
Time to run write_record_output_stream:   7.886469 s
Time to run write_record_output_stream:   2.992778 s
Time to run write_record_output_stream:   8.906283 s
Time to run write_record_output_stream:   5.972904 s
Time to run write_record_output_stream:   2.463416 s
Time to run write_record_output_stream:   8.915299 s
Time to run write_record_output_stream:  62.923955 s
Time to run write_record_output_stream:   2.134496 s
  Time to read in seconds RCM_run is:    0.8064350    
Time to run write_record_output_stream:   0.000000 s
Time to run write_record_output_stream:  63.326727 s
Time to run write_record_output_stream:   2.151833 s
Time to run write_record_output_stream:   8.913612 s
Time to run write_record_output_stream:  64.245214 s
Time to run write_record_output_stream:   2.468578 s
Time to run write_record_output_stream:   8.897856 s
Time to run write_record_output_stream:  65.949995 s
Time to run write_record_output_stream:   2.542732 s
Time to run write_record_output_stream:   8.915241 s
Time to run write_record_output_stream:  66.877849 s
Time to run write_record_output_stream:   2.457241 s
Time to run write_record_output_stream:   8.904931 s
Time to run write_record_output_stream:  68.066468 s
Time to run write_record_output_stream:   2.150299 s
Time to run write_record_output_stream:   8.910052 s
Time to run write_record_output_stream:  38.685318 s
Time to run write_record_output_stream:   2.546384 s
  Time to read in seconds RCM_run is:    0.7391710    
Time to run write_record_output_stream:   8.907224 s
Time to run write_record_output_stream:  41.984200 s
Time to run write_record_output_stream:   2.113217 s
Time to run write_record_output_stream:   8.911700 s
Time to run write_record_output_stream:  46.715215 s
Time to run write_record_output_stream:   2.165106 s
Time to run write_record_output_stream:   8.906505 s
Time to run write_record_output_stream:   0.000000 s
Time to run write_record_output_stream:   2.130516 s
Time to run write_record_output_stream:   8.907588 s
Time to run write_record_output_stream:  53.611145 s
Time to run write_record_output_stream:   2.256537 s
Time to run write_record_output_stream:   8.902453 s
Time to run write_record_output_stream:  54.127525 s
Time to run write_record_output_stream:   2.203446 s
Time to run write_record_output_stream:   8.901550 s
Time to run write_record_output_stream:   5.223747 s
Time to run write_record_output_stream:   2.134557 s
  Time to read in seconds RCM_run is:    0.8066930    
Time to run write_record_output_stream:   0.000000 s
Time to run write_record_output_stream:   6.374205 s
Time to run write_record_output_stream:   2.151941 s
Time to run write_record_output_stream:   8.913442 s
Time to run write_record_output_stream:   8.475215 s
Time to run write_record_output_stream:   2.468565 s
Time to run write_record_output_stream:   8.898117 s
Time to run write_record_output_stream:  10.770232 s
Time to run write_record_output_stream:   2.542866 s
Time to run write_record_output_stream:   8.914787 s
Time to run write_record_output_stream:  12.064503 s
Time to run write_record_output_stream:   2.457221 s
Time to run write_record_output_stream:   8.904258 s
Time to run write_record_output_stream:  13.069768 s
Time to run write_record_output_stream:   2.150264 s
Time to run write_record_output_stream:   8.909097 s
Time to run write_record_output_stream:  68.928613 s
Time to run write_record_output_stream:  54.707867 s
Time to run write_record_output_stream:   2.224491 s
  Time to read in seconds RCM_run is:    0.7958390    
Time to run write_record_output_stream:   8.906679 s
Time to run write_record_output_stream:  54.529778 s
Time to run write_record_output_stream:   2.108015 s
Time to run write_record_output_stream:   8.900253 s
Time to run write_record_output_stream:  54.091680 s
Time to run write_record_output_stream:   2.311571 s
Time to run write_record_output_stream:   8.910332 s
Time to run write_record_output_stream:  53.664102 s
Time to run write_record_output_stream:   2.361515 s
Time to run write_record_output_stream:   8.913514 s
Time to run write_record_output_stream:  52.247299 s
Time to run write_record_output_stream:   2.992688 s
Time to run write_record_output_stream:   8.906407 s
Time to run write_record_output_stream:  51.405664 s
Time to run write_record_output_stream:   2.463468 s
Time to run write_record_output_stream:   8.915003 s
Time to run write_record_output_stream:  13.638351 s
Time to run write_record_output_stream:  52.570283 s
Time to run write_record_output_stream:   2.134465 s
  Time to read in seconds RCM_run is:    0.8061990    
Time to run write_record_output_stream:   0.000000 s
Time to run write_record_output_stream:  55.396082 s
Time to run write_record_output_stream:   2.151865 s
Time to run write_record_output_stream:   8.911878 s
Time to run write_record_output_stream:  58.088127 s
Time to run write_record_output_stream:   2.468618 s
Time to run write_record_output_stream:   8.896420 s
Time to run write_record_output_stream:  61.036201 s
Time to run write_record_output_stream:   2.542761 s
Time to run write_record_output_stream:   8.915050 s
Time to run write_record_output_stream:  63.110870 s
Time to run write_record_output_stream:   2.457266 s
Time to run write_record_output_stream:   8.904332 s
Time to run write_record_output_stream:  65.088296 s
Time to run write_record_output_stream:   2.150475 s
Time to run write_record_output_stream:   8.908144 s
Time to run write_record_output_stream:  66.043297 s
Time to run write_record_output_stream:   0.960872 s
Time to run write_record_output_stream:   0.110447 s
Time to run write_record_output_stream:   2.180599 s
Time to run dispose_output_streams subroutine:   0.000000 s
Time to run write_record_output_stream:   0.110608 s
Time to run write_record_output_stream:   2.180468 s
Time to run dispose_output_streams subroutine:   0.000000 s
Time to run write_record_output_stream:  39.267539 s
Time to run write_record_output_stream:   0.110634 s
Time to run write_record_output_stream:   2.180601 s
Time to run dispose_output_streams subroutine:   0.000000 s
Time to run write_record_output_stream:  24.346551 s
Time to run write_record_output_stream:   0.110675 s
Time to run write_record_output_stream:   2.180867 s
Time to run dispose_output_streams subroutine:   0.000000 s
Time to run write_record_output_stream:  31.008543 s
Time to run write_record_output_stream:   0.110443 s
Time to run write_record_output_stream:   2.180716 s
Time to run dispose_output_streams subroutine:   0.000000 s
Time to run write_record_output_stream:  31.773137 s
Time to run write_record_output_stream:   0.110646 s
Time to run write_record_output_stream:   2.180577 s
Time to run dispose_output_streams subroutine:   0.000000 s
Time to run write_record_output_stream:   0.110643 s
Time to run write_record_output_stream:   2.180384 s
Time to run dispose_output_streams subroutine:   0.000000 s
Time to run write_record_output_stream:   0.110599 s
Time to run write_record_output_stream:   2.180481 s
Time to run dispose_output_streams subroutine:   0.000000 s
Time to run write_record_output_stream:   0.110638 s
Time to run write_record_output_stream:   2.180202 s
Time to run dispose_output_streams subroutine:   0.000000 s
Time to run write_record_output_stream:   0.110559 s
Time to run write_record_output_stream:   2.180566 s
Time to run dispose_output_streams subroutine:   0.000000 s
Time to run write_record_output_stream:  21.162260 s
Time to run write_record_output_stream:   0.110491 s
Time to run write_record_output_stream:   2.180634 s
Time to run dispose_output_streams subroutine:   0.000000 s
Time to run write_record_output_stream:  30.304919 s
Time to run write_record_output_stream:   0.110580 s
Time to run write_record_output_stream:   2.180562 s
Time to run dispose_output_streams subroutine:   0.000000 s
Time to run write_record_output_stream:  33.077929 s
Time to run write_record_output_stream:   0.108095 s
Time to run write_record_output_stream:   2.178013 s
Time to run dispose_output_streams subroutine:   0.000000 s
Time to run write_record_output_stream:   0.110870 s
Time to run write_record_output_stream:   2.180325 s
Time to run dispose_output_streams subroutine:   0.000000 s
Time to run write_record_output_stream:   0.110784 s
Time to run write_record_output_stream:   2.180281 s
Time to run dispose_output_streams subroutine:   0.000000 s
 ATM variables written at  2009-10-01 19:00:00 UTC        
Time to run write_record_output_stream:  28.183693 s
 SRF variables written at  2009-10-01 19:00:00 UTC        
Time to run write_record_output_stream:   2.151662 s
 RAD variables written at  2009-10-01 19:00:00 UTC        
 CLM History variables written
Time to run write_record_output_stream:   8.913164 s
 ATM variables written at  2009-10-01 20:00:00 UTC        
Time to run write_record_output_stream:  30.723269 s
 SRF variables written at  2009-10-01 20:00:00 UTC        
Time to run write_record_output_stream:   2.468347 s
 RAD variables written at  2009-10-01 20:00:00 UTC        
 CLM History variables written
Time to run write_record_output_stream:   8.898003 s
 ATM variables written at  2009-10-01 21:00:00 UTC        
Time to run write_record_output_stream:  33.553916 s
 SRF variables written at  2009-10-01 21:00:00 UTC        
Time to run write_record_output_stream:   2.542613 s
 RAD variables written at  2009-10-01 21:00:00 UTC        
 $$$  2009-10-01 21:00:00 UTC        
 $$$ max, min of ps (mb) =  1028.74  677.65
 CLM History variables written
Time to run write_record_output_stream:   8.915436 s
 ATM variables written at  2009-10-01 22:00:00 UTC        
Time to run write_record_output_stream:  35.180103 s
 SRF variables written at  2009-10-01 22:00:00 UTC        
Time to run write_record_output_stream:   2.457070 s
 RAD variables written at  2009-10-01 22:00:00 UTC        
 CLM History variables written
Time to run write_record_output_stream:   8.904908 s
 ATM variables written at  2009-10-01 23:00:00 UTC        
Time to run write_record_output_stream:  36.235656 s
 SRF variables written at  2009-10-01 23:00:00 UTC        
Time to run write_record_output_stream:   2.150500 s
 RAD variables written at  2009-10-01 23:00:00 UTC        
 Write restart file for CLM at  2009-10-02 00:00:00 UTC        
 CLM History variables written
 history tape             1 : no open file to close
 Closing local history file output//EURR-3.clm.regcm.h1.20091001_03600.nc
 Writing restart dataset on output/EURR-3.clm.regcm.r.2009100200.nc
 Writing restart dataset on output//EURR-3.clm.regcm.rh0.2009100200.nc
 Writing restart dataset on output//EURR-3.clm.regcm.rh1.2009100200.nc
 Successfully wrote out restart data for CLM 4.5
 At  2009-10-02 00:00:00 UTC        
 JDay    274.00000 solar declination angle =  -3.09798020 degrees
                   solar TSI irradiance    =    1355.8045 W/m^2
Time to run write_record_output_stream:   8.909034 s
 ATM variables written at  2009-10-02 00:00:00 UTC        
Time to run write_record_output_stream:  37.582932 s
 SRF variables written at  2009-10-02 00:00:00 UTC        
Time to run write_record_output_stream:   0.110773 s
 STS variables written at  2009-10-02 00:00:00 UTC        
Time to run write_record_output_stream:   2.180268 s
 RAD variables written at  2009-10-02 00:00:00 UTC        
 SAV variables written at  2009-10-02 00:00:00 UTC        
 Final time  2009-10-02 00:00:00 UTC reached.
Time to run dispose_output_streams subroutine:   0.000000 s
 Elapsed seconds of run for this final timeslice :    1.3208389E-04
 : this run stops at  : 2025-08-30 03:16:15+0200
 : Run has been completed using            16  processors.
 : Total elapsed seconds of run :    0.8859128952026367     
 RegCM V5 simulation successfully reached end
