[ perf record: Woken up 250944 times to write data ]
[ perf record: Woken up 250591 times to write data ]
[ perf record: Woken up 251646 times to write data ]
[ perf record: Woken up 251257 times to write data ]
[ perf record: Woken up 251130 times to write data ]
[ perf record: Woken up 250758 times to write data ]
[ perf record: Woken up 251045 times to write data ]
[ perf record: Woken up 251314 times to write data ]
[ perf record: Woken up 250696 times to write data ]
[ perf record: Woken up 251211 times to write data ]
[ perf record: Woken up 250128 times to write data ]
[ perf record: Woken up 251296 times to write data ]
[ perf record: Woken up 251773 times to write data ]
[ perf record: Woken up 250911 times to write data ]
[ perf record: Woken up 251161 times to write data ]
[ perf record: Woken up 253060 times to write data ]
Warning:
Processed 8070883 events and lost 39 chunks!

Check IO/CPU overload!

[ perf record: Captured and wrote 62535.939 MB /leonardo_scratch/large/userexternal/ctica000/perf/with_IO/sequential_write/perf_32381654/perf.data.rank4 (7761031 samples) ]
Warning:
Processed 8215161 events and lost 15 chunks!

Check IO/CPU overload!

[ perf record: Captured and wrote 62913.994 MB /leonardo_scratch/large/userexternal/ctica000/perf/with_IO/sequential_write/perf_32381654/perf.data.rank10 (7806728 samples) ]
Warning:
Processed 8103740 events and lost 12 chunks!

Check IO/CPU overload!

[ perf record: Captured and wrote 62793.039 MB /leonardo_scratch/large/userexternal/ctica000/perf/with_IO/sequential_write/perf_32381654/perf.data.rank3 (7792942 samples) ]
Warning:
Processed 8193221 events and lost 29 chunks!

Check IO/CPU overload!

[ perf record: Captured and wrote 62692.571 MB /leonardo_scratch/large/userexternal/ctica000/perf/with_IO/sequential_write/perf_32381654/perf.data.rank9 (7779162 samples) ]
Warning:
Processed 8083433 events and lost 18 chunks!

Check IO/CPU overload!

[ perf record: Captured and wrote 62738.557 MB /leonardo_scratch/large/userexternal/ctica000/perf/with_IO/sequential_write/perf_32381654/perf.data.rank12 (7786351 samples) ]
Warning:
Processed 8088996 events and lost 36 chunks!

Check IO/CPU overload!

[ perf record: Captured and wrote 62677.218 MB /leonardo_scratch/large/userexternal/ctica000/perf/with_IO/sequential_write/perf_32381654/perf.data.rank11 (7778566 samples) ]
Warning:
Processed 8095866 events and lost 29 chunks!

Check IO/CPU overload!

[ perf record: Captured and wrote 62730.750 MB /leonardo_scratch/large/userexternal/ctica000/perf/with_IO/sequential_write/perf_32381654/perf.data.rank1 (7785211 samples) ]
Warning:
Processed 8204476 events and lost 16 chunks!

Check IO/CPU overload!

[ perf record: Captured and wrote 62831.292 MB /leonardo_scratch/large/userexternal/ctica000/perf/with_IO/sequential_write/perf_32381654/perf.data.rank7 (7796465 samples) ]
Warning:
Processed 11094689 events and lost 90 chunks!

Check IO/CPU overload!

[ perf record: Captured and wrote 63267.739 MB /leonardo_scratch/large/userexternal/ctica000/perf/with_IO/sequential_write/perf_32381654/perf.data.rank0 (7814393 samples) ]
Warning:
Processed 8123332 events and lost 17 chunks!

Check IO/CPU overload!

[ perf record: Captured and wrote 62945.829 MB /leonardo_scratch/large/userexternal/ctica000/perf/with_IO/sequential_write/perf_32381654/perf.data.rank2 (7811906 samples) ]
Warning:
Processed 8093447 events and lost 10 chunks!

Check IO/CPU overload!

[ perf record: Captured and wrote 62816.519 MB /leonardo_scratch/large/userexternal/ctica000/perf/with_IO/sequential_write/perf_32381654/perf.data.rank13 (7796027 samples) ]
Warning:
Processed 8086735 events and lost 32 chunks!

Check IO/CPU overload!

[ perf record: Captured and wrote 62763.925 MB /leonardo_scratch/large/userexternal/ctica000/perf/with_IO/sequential_write/perf_32381654/perf.data.rank14 (7789499 samples) ]
Warning:
Processed 8102579 events and lost 27 chunks!

Check IO/CPU overload!

[ perf record: Captured and wrote 62805.039 MB /leonardo_scratch/large/userexternal/ctica000/perf/with_IO/sequential_write/perf_32381654/perf.data.rank15 (7794466 samples) ]
Warning:
Processed 8085523 events and lost 39 chunks!

Check IO/CPU overload!

[ perf record: Captured and wrote 62650.190 MB /leonardo_scratch/large/userexternal/ctica000/perf/with_IO/sequential_write/perf_32381654/perf.data.rank6 (7775211 samples) ]
Warning:
Processed 8102776 events and lost 14 chunks!

Check IO/CPU overload!

[ perf record: Captured and wrote 62784.603 MB /leonardo_scratch/large/userexternal/ctica000/perf/with_IO/sequential_write/perf_32381654/perf.data.rank5 (7791893 samples) ]
Warning:
Processed 8203991 events and lost 33 chunks!

Check IO/CPU overload!

[ perf record: Captured and wrote 62827.081 MB /leonardo_scratch/large/userexternal/ctica000/perf/with_IO/sequential_write/perf_32381654/perf.data.rank8 (7795942 samples) ]
