[ perf record: Woken up 110367 times to write data ]
[ perf record: Woken up 109986 times to write data ]
[ perf record: Woken up 110028 times to write data ]
[ perf record: Woken up 110237 times to write data ]
[ perf record: Woken up 110184 times to write data ]
[ perf record: Woken up 110014 times to write data ]
[ perf record: Woken up 110171 times to write data ]
[ perf record: Woken up 110265 times to write data ]
[ perf record: Woken up 110185 times to write data ]
[ perf record: Woken up 110220 times to write data ]
[ perf record: Woken up 109999 times to write data ]
[ perf record: Woken up 110275 times to write data ]
[ perf record: Woken up 110043 times to write data ]
[ perf record: Woken up 110232 times to write data ]
[ perf record: Woken up 110078 times to write data ]
[ perf record: Woken up 111179 times to write data ]
Warning:
Processed 3592227 events and lost 8 chunks!

Check IO/CPU overload!

[ perf record: Captured and wrote 27594.095 MB /leonardo_scratch/large/userexternal/ctica000/perf/with_IO/sequential_write/perf_25382216/perf.data.rank10 (3424165 samples) ]
Warning:
Processed 3547240 events and lost 3 chunks!

Check IO/CPU overload!

[ perf record: Captured and wrote 27547.429 MB /leonardo_scratch/large/userexternal/ctica000/perf/with_IO/sequential_write/perf_25382216/perf.data.rank14 (3418872 samples) ]
Warning:
Processed 3588826 events and lost 5 chunks!

Check IO/CPU overload!

[ perf record: Captured and wrote 27568.049 MB /leonardo_scratch/large/userexternal/ctica000/perf/with_IO/sequential_write/perf_25382216/perf.data.rank7 (3420933 samples) ]
Warning:
Processed 3553939 events and lost 6 chunks!

Check IO/CPU overload!

[ perf record: Captured and wrote 27570.625 MB /leonardo_scratch/large/userexternal/ctica000/perf/with_IO/sequential_write/perf_25382216/perf.data.rank15 (3421703 samples) ]
Warning:
Processed 3552122 events and lost 5 chunks!

Check IO/CPU overload!

[ perf record: Captured and wrote 27547.776 MB /leonardo_scratch/large/userexternal/ctica000/perf/with_IO/sequential_write/perf_25382216/perf.data.rank5 (3418853 samples) ]
Warning:
Processed 3546876 events and lost 4 chunks!

Check IO/CPU overload!

[ perf record: Captured and wrote 27544.656 MB /leonardo_scratch/large/userexternal/ctica000/perf/with_IO/sequential_write/perf_25382216/perf.data.rank12 (3418528 samples) ]
Warning:
Processed 3546667 events and lost 5 chunks!

Check IO/CPU overload!

[ perf record: Captured and wrote 27505.528 MB /leonardo_scratch/large/userexternal/ctica000/perf/with_IO/sequential_write/perf_25382216/perf.data.rank11 (3413610 samples) ]
Warning:
Processed 3546129 events and lost 2 chunks!

Check IO/CPU overload!

[ perf record: Captured and wrote 27501.146 MB /leonardo_scratch/large/userexternal/ctica000/perf/with_IO/sequential_write/perf_25382216/perf.data.rank4 (3413066 samples) ]
Warning:
Processed 3548947 events and lost 6 chunks!

Check IO/CPU overload!

[ perf record: Captured and wrote 27560.796 MB /leonardo_scratch/large/userexternal/ctica000/perf/with_IO/sequential_write/perf_25382216/perf.data.rank13 (3420531 samples) ]
Warning:
Processed 3583255 events and lost 5 chunks!

Check IO/CPU overload!

[ perf record: Captured and wrote 27508.194 MB /leonardo_scratch/large/userexternal/ctica000/perf/with_IO/sequential_write/perf_25382216/perf.data.rank9 (3413477 samples) ]
Warning:
Processed 3547710 events and lost 13 chunks!

Check IO/CPU overload!

[ perf record: Captured and wrote 27512.891 MB /leonardo_scratch/large/userexternal/ctica000/perf/with_IO/sequential_write/perf_25382216/perf.data.rank1 (3414524 samples) ]
Warning:
Processed 3587568 events and lost 8 chunks!

Check IO/CPU overload!

[ perf record: Captured and wrote 27557.733 MB /leonardo_scratch/large/userexternal/ctica000/perf/with_IO/sequential_write/perf_25382216/perf.data.rank8 (3419652 samples) ]
Warning:
Processed 3548866 events and lost 13 chunks!

Check IO/CPU overload!

[ perf record: Captured and wrote 27521.697 MB /leonardo_scratch/large/userexternal/ctica000/perf/with_IO/sequential_write/perf_25382216/perf.data.rank3 (3415617 samples) ]
Warning:
Processed 3553829 events and lost 13 chunks!

Check IO/CPU overload!

[ perf record: Captured and wrote 27560.083 MB /leonardo_scratch/large/userexternal/ctica000/perf/with_IO/sequential_write/perf_25382216/perf.data.rank2 (3420381 samples) ]
Warning:
Processed 3545736 events and lost 8 chunks!

Check IO/CPU overload!

[ perf record: Captured and wrote 27497.998 MB /leonardo_scratch/large/userexternal/ctica000/perf/with_IO/sequential_write/perf_25382216/perf.data.rank6 (3412675 samples) ]
Warning:
Processed 4633358 events and lost 25 chunks!

Check IO/CPU overload!

[ perf record: Captured and wrote 27795.808 MB /leonardo_scratch/large/userexternal/ctica000/perf/with_IO/sequential_write/perf_25382216/perf.data.rank0 (3436224 samples) ]
