[Wrapper][Rank 2][Local 2] on lrdn0923.leonardo.local: CUDA_VISIBLE_DEVICES=2
[Wrapper][Rank 3][Local 3] on lrdn0923.leonardo.local: CUDA_VISIBLE_DEVICES=3
[Wrapper][Rank 1][Local 1] on lrdn0923.leonardo.local: CUDA_VISIBLE_DEVICES=1
[Wrapper][Rank 0][Local 0] on lrdn0923.leonardo.local: CUDA_VISIBLE_DEVICES=0
[Wrapper][Rank 5][Local 1] on lrdn1124.leonardo.local: CUDA_VISIBLE_DEVICES=1
[Wrapper][Rank 7][Local 3] on lrdn1124.leonardo.local: CUDA_VISIBLE_DEVICES=3
[Wrapper][Rank 6][Local 2] on lrdn1124.leonardo.local: CUDA_VISIBLE_DEVICES=2
[Wrapper][Rank 4][Local 0] on lrdn1124.leonardo.local: CUDA_VISIBLE_DEVICES=0
[Wrapper][Rank 29][Local 1] on lrdn2926.leonardo.local: CUDA_VISIBLE_DEVICES=1
[Wrapper][Rank 14][Local 2] on lrdn2155.leonardo.local: CUDA_VISIBLE_DEVICES=2
[Wrapper][Rank 28][Local 0] on lrdn2926.leonardo.local: CUDA_VISIBLE_DEVICES=0
[Wrapper][Rank 10][Local 2] on lrdn1457.leonardo.local: CUDA_VISIBLE_DEVICES=2
[Wrapper][Rank 15][Local 3] on lrdn2155.leonardo.local: CUDA_VISIBLE_DEVICES=3
[Wrapper][Rank 8][Local 0] on lrdn1457.leonardo.local: CUDA_VISIBLE_DEVICES=0
[Wrapper][Rank 12][Local 0] on lrdn2155.leonardo.local: CUDA_VISIBLE_DEVICES=0
[Wrapper][Rank 30][Local 2] on lrdn2926.leonardo.local: CUDA_VISIBLE_DEVICES=2
[Wrapper][Rank 13][Local 1] on lrdn2155.leonardo.local: CUDA_VISIBLE_DEVICES=1
[Wrapper][Rank 9][Local 1] on lrdn1457.leonardo.local: CUDA_VISIBLE_DEVICES=1
[Wrapper][Rank 31][Local 3] on lrdn2926.leonardo.local: CUDA_VISIBLE_DEVICES=3
[Wrapper][Rank 11][Local 3] on lrdn1457.leonardo.local: CUDA_VISIBLE_DEVICES=3
[Wrapper][Rank 17][Local 1] on lrdn2224.leonardo.local: CUDA_VISIBLE_DEVICES=1
[Wrapper][Rank 16][Local 0] on lrdn2224.leonardo.local: CUDA_VISIBLE_DEVICES=0
[Wrapper][Rank 18][Local 2] on lrdn2224.leonardo.local: CUDA_VISIBLE_DEVICES=2
[Wrapper][Rank 19][Local 3] on lrdn2224.leonardo.local: CUDA_VISIBLE_DEVICES=3
[Wrapper][Rank 20][Local 0] on lrdn2641.leonardo.local: CUDA_VISIBLE_DEVICES=0
[Wrapper][Rank 25][Local 1] on lrdn2651.leonardo.local: CUDA_VISIBLE_DEVICES=1
[Wrapper][Rank 21][Local 1] on lrdn2641.leonardo.local: CUDA_VISIBLE_DEVICES=1
[Wrapper][Rank 27][Local 3] on lrdn2651.leonardo.local: CUDA_VISIBLE_DEVICES=3
[Wrapper][Rank 24][Local 0] on lrdn2651.leonardo.local: CUDA_VISIBLE_DEVICES=0
[Wrapper][Rank 26][Local 2] on lrdn2651.leonardo.local: CUDA_VISIBLE_DEVICES=2
[Wrapper][Rank 23][Local 3] on lrdn2641.leonardo.local: CUDA_VISIBLE_DEVICES=3
[Wrapper][Rank 22][Local 2] on lrdn2641.leonardo.local: CUDA_VISIBLE_DEVICES=2

  This is RegCM development version
   GIT Revision: 5.0.0-1100-g3313b-dirty compiled at: data : Feb 12 2026  time: 23:17:36

 : this run start at  : 2026-02-13 08:16:24+0100
 : it is submitted by : 
 : it is running on   : lrdn0923.leonardo.local
 : it is using        :            32   processors
 : in directory       : 
 /leonardo/home/userexternal/ctica000/MS_thesis/ICTP_Regcm/RegCM/Benchmark/1003_1003_50_7days_with_IO_profiling/sequential_output/Non_MPS_stdpar/Production_32gpu_32proc_less_freq
                       
 CPUS DIM1 =             8
 CPUS DIM2 =             4
 
 Reading model namelist file
 Using default non-hydrostatc parameters.
 Using default microphysical parameter.
 Using default Holtslag parameter.
 Initial date of the global simulation:  2009-10-01 00:00:00 UTC        
 Initial date of this run             :  2009-10-01 00:00:00 UTC        
 Final date of this run               :  2009-10-08 00:00:00 UTC        
 Total simulation length              :           168  hours
 Timestep in seconds =   45.000000
 Reading Domain file : input/EURR-3_DOMAIN000.nc
 Advection timestep =    15.000 (factor  3)
 Max. Courant number for horizontal advection =    0.9538
 Sound waves timestep =     3.000 (factor  5)
 Courant number of horizontal sound waves =    0.4512
 Setting IPCC scenario to SSP585  
 Load GHG for 200910 SSP585
 Model will output required CORDEX variables.
 Create SAV files :   T
 Create ATM files :   T
 Create RAD files :   T
 Create SRF files :   T
 Create STS files :   T
 Create SHF files :   F
 Create OPT files :   F
 Frequency in days for new files:    1.0
 Monthly SAV files are written
 Frequency in hours to create ATM :   24.0
 Frequency in hours to create RAD :    1.0
 Frequency in hours to create SRF :    1.0
 Physical Parameterizations
  Lateral Boundary conditions :  5
  Semi-Lagrangian Advection   :  0
  Land cumulus conv. scheme   :  0
  Ocean cumulus conv. scheme  :  0
  Moisture schem              :  2
  Ocean Flux scheme           :  2
  Zeng roughness formula      :  1
  Zeng roughness method       :  1
  Coupling with ocean         :  0
  Coupling with wave          :  0
  Coupling with COP           :  0
  Pressure gradient force     :  0
  Prescribed LW emissivity    :  0
  Lake model in BATS          :  0
  Simulate diurnal sst cycle  :  0
  Simulate sea ice cover      :  1
  Enable chem/aerosol model   :  0
  Large scale LWP as convect. :  1
  Cloud fraction scheme       :  0
  Marine stratocumulus        :  0
  Climate O3 dataset          :  1
  Climate Aerosol dataset     :  2
 Boundary Pameterizations
  Num. of bndy points cross  :  31
  Num. of bndy points dot    :  31
  Nudge value high range     :  6.000000
  Nudge value medium range   :  4.000000
  Nudge value low range      :  2.000000
  Nm paramter                : -1.000000
  Dm paramter                : -1.000000
 Model Timestep Pameterizations
  time step for dynamical model in seconds :          45.000000
  time step for surface   model in seconds :         450.000000
  time step for cumulus   model in seconds :         225.000000
  time step for radiation model in seconds :        1350.000000
  time step for emission  model in seconds :       48600.000000
 Nudging coefficients F1=    0.033333, F2=    0.000000
  # Nudging coefficient profile #
     5.95       5.86       5.76       5.67       5.57       5.48       5.38    
     5.28       5.19       5.09       5.00       4.90       4.81       4.71    
     4.62       4.52       4.43       4.33       4.24       4.14       4.05    
     3.97       3.90       3.83       3.76       3.69       3.62       3.55    
     3.48       3.41       3.34       3.27       3.20       3.14       3.07    
     3.00       2.93       2.86       2.79       2.72       2.65       2.58    
     2.52       2.45       2.38       2.31       2.24       2.17       2.10    
     2.10       2.03    
 Model top at     30000.00000000000       m
 Domain grid parameters:
  Map Projection        : ROTLLR
  Dot Grid Full Extent  : 1003x1003x 50
  Model Grid Spacing    :    3.335968 km
  Proj Center Latitude  :   50.000000 deg
  Proj Center longitude :    6.600000 deg
  Pole Latitude         :   40.000000 deg
  Pole longitude        :  186.600000 deg
 Holtslag PBL Scheme
  ricr_ocn     =    0.250000
  ricr_lnd     =    0.250000
  zhnew_fac    =    0.250000
  ifaholt      =  0
  ifaholtth10  =  2
  holtth10iter =    1
 Cloud fraction schemes parameters
  # of bottom no cloud model levels :  0
  Maximum relative humidity         :    1.010000
  Minimum relative humidity         :    0.010000
  RH0 temperature threshold         :  238.000000
  Relative humidity thresholds: Land =    0.800000 Ocean =    0.900000
  Maximum total cloud cover for rad :    0.750000
  Conv. CF UMF factor deep cumulus  :    0.140000
  Conv. CF UMF factor deep cumulus  :    0.140000
  Conv. CF UMF factor k2            :  500.000000
  Surface radiation hack            :           F
  Vavrus-Waliser Arctic cloud fix   :           T
 Convective Cloud Cover parameters after resolution scaling
  Maximum Convective Cloud Cover :    0.750000
  Convective Cloud Water         :    0.000300
 The surface energy budget is used to calculate the ground temperature.
 The radiation is computed every   23. minutes.
 Relaxation boundary conditions (exponential method)
 READY IC DATA for  2009-10-01 00:00:00 UTC        
 SEARCH BC data for 2009100106 , step =        0
 READY  BC from     2009100100  to 2009100106 
 Computing weights, R =     348.80780029 .......... Done.
 Reading Initial Ozone Data...
  # Updated ozone profile #
    0.765E-05  0.694E-05  0.569E-05  0.413E-05  0.280E-05  0.178E-05  0.101E-05
    0.544E-06  0.304E-06  0.192E-06  0.138E-06  0.104E-06  0.848E-07  0.726E-07
    0.682E-07  0.663E-07  0.652E-07  0.645E-07  0.639E-07  0.633E-07  0.628E-07
    0.619E-07  0.606E-07  0.593E-07  0.580E-07  0.564E-07  0.549E-07  0.535E-07
    0.524E-07  0.516E-07  0.508E-07  0.501E-07  0.496E-07  0.493E-07  0.490E-07
    0.487E-07  0.487E-07  0.487E-07  0.487E-07  0.487E-07  0.487E-07  0.485E-07
    0.483E-07  0.481E-07  0.480E-07  0.478E-07  0.477E-07  0.475E-07  0.475E-07
    0.475E-07  0.475E-07  0.475E-07
 Read solar forcing total irradiance data...
 Updating orbit parameters at  2009-10-01 00:00:00 UTC        
 At  2009-10-01 00:00:00 UTC        
 JDay    273.00000 solar declination angle =  -2.71002168 degrees
                   solar TSI irradiance    =    1355.8045 W/m^2
 CLM version: 4.5 - RegCM 5.0.0-1100-g3313b-dirty
 Attempting to initialize the land model .....
 Mask given by RegCM model has a total of        487659  land points
 Attempting to initialize run control settings .....
 Read in clm_inparm namelist from: EURR-3_namelist.in
 Read in clm_hydrology1_inparm namelist
 Read in clm_soilhydrology_inparm namelist
 Successfully initialized run control settings
 
 define run:
    source                = Community Land Model CLM4.5
    model_version         = 5.0.0-1100-g3313b-dirty
    run type              = initial
    case title            = RegCM driven CLM4.5
    username              = 
    hostname              = lrdn0923.leonardo.local
 input data files:
    PFT physiology = 
 /leonardo_work/ICT25_ESP/RCMDATA/CLM45/pftdata/pft-physiology.c130503.nc
    surface data   = input/EURR-3_CLM45_surface.nc
    land frac data = input/EURR-3_DOMAIN000.nc
    enable_megan_emission                                 :   F
    enable_urban_landunit                                 :   T
    enable_more_crop_pft                                  :   F
    SNICAR optical = 
 /leonardo_work/ICT25_ESP/RCMDATA/CLM45/snicardata/snicar_optics_5bnd_c090915.nc
    SNICAR aging = 
 /leonardo_work/ICT25_ESP/RCMDATA/CLM45/snicardata/snicar_drdt_bst_fit_60_c070416.nc
    initial data is from RegCM atm model
    atmospheric forcing data is from RegCM atm model
 Large file support for output files is ON
 model physics parameters:
    flag for random perturbation test is not set
    CO2 volume mixing ratio   (umol/mol)   =     355.0000000000000     
    land albedos  (unitless 0-1)   =    0.8000000000000000     
    ice albedos   (unitless 0-1)   =    0.5500000000000000     
    urban air conditioning/heating and wasteheat   = ON_WASTEHEAT    
    urban traffic flux   =   F
    more vertical layers =   F
    maxpatch_pft         =            17
    allocate_all_vegpfts =   T
    perchroot (PWS based on unfrozen layers only) =   F
    perchroot (PWS based on time-integrated active layer only) =   F
 
 Lake Model Namelists:
 Hostetler eddy increase low    :     25.00000000000000     
 Hostetler eddy increase factor :     10.00000000000000     
 Albedo melting lakes (visible) :   0.1000000000000000     
 Albedo melting lakes (NIR)     :   0.1000000000000000     
 Attempting to read ldomain from input/EURR-3_DOMAIN000.nc
   domain_check set       = domain_set
   domain_check decomped  =   T
   domain_check ns        =       1000000
   domain_check ni,nj     =          1000         1000
   domain_check clmlevel  = gridcell
   domain_check nbeg,nend =             1        15239
   domain_check lonc      =    -6.952402887032403      
    11.11733380539798     
   domain_check latc      =     33.94779705280406      
    35.93000000000000     
   domain_check mask      =             1            1
   domain_check frac      =     100.0000000000000      
    100.0000000000000     
   domain_check topo      =     0.000000000000000      
    1849.270369674424     
   domain_check area      =     10.74947992534302      
    10.79622895484203     
   domain_check pftm      =             1            1
  
  Reading in urban input data from surface data file ...
  UrbanInput : input/EURR-3_CLM45_surface.nc
  Sucessfully read urban input data
 
 Attempting to read PFT physiological data .....
 Successfully read PFT physiological data
 Attempting to read surface boundary data .....
 Checked LAT/LON compliance
 Successfully read surface boundary data
 
  Surface Grid Characteristics
    total number of gridcells =        487659
    total number of landunits =       1169625
    total number of columns   =       2379439
    total number of pfts      =       9206259
  
 ---clm_ptrs_check:
    clm_ptrs_check: g index ranges - OK
    clm_ptrs_check: l index ranges - OK
    clm_ptrs_check: c index ranges - OK
    clm_ptrs_check: p index ranges - OK
    clm_ptrs_check: g mono increasing - OK
    clm_ptrs_check: l mono increasing - OK
    clm_ptrs_check: c mono increasing - OK
    clm_ptrs_check: p mono increasing - OK
    clm_ptrs_check: tree consistent - OK
  
 Attempting to initialize time invariant variables
 Attempting to read soil color, sand and clay boundary data .....
 WARNING:: ETALAKE not found on surface data set.
 All lake columns will have eta set equal to default value
 WARNING:: LAKEFETCH not found on surface data set.
 All lake columns will have fetch set equal to default value
 Successfully read fmax, soil color, sand and clay boundary data
 
 Attempting to read organic matter data .....
  organicrd : input/EURR-3_CLM45_surface.nc
 Successfully read organic matter data
 
  # zsoi #
    0.710E-02  0.279E-01  0.623E-01  0.119      0.212      0.366      0.620    
     1.04       1.73       2.86       4.74       7.83       12.9       21.3    
     21.3       35.2    
  # zisoi #
     0.00      0.175E-01  0.451E-01  0.906E-01  0.166      0.289      0.493    
    0.829       1.38       2.30       3.80       6.28       10.4       17.1    
     17.1       28.3       42.1    
  # dzsoi #
    0.175E-01  0.276E-01  0.455E-01  0.750E-01  0.124      0.204      0.336    
    0.554      0.913       1.51       2.48       4.09       6.75       11.1    
     11.1       13.9    
 dzsoi_decomp    1.000000000000000     
 Attempting to read snow optical properties .....
 SnowOptics_init : 
 /leonardo_work/ICT25_ESP/RCMDATA/CLM45/snicardata/snicar_optics_5bnd_c090915.nc
 Successfully read snow optical properties
 Attempting to read snow aging parameters .....
 Successfully read snow aging properties
 Successfully initialized time invariant variables
 CLM_hist_printflds : number of master fields =           241
 Setting initial data to non-spun up values
 Attempting to initialize time invariant variables for lakes
 CLM timestep appears to differ from 1800s. 
 Adjusting minimum snow layer thickness over lakes to maintain stability.
 New minimum thickness is    2.0000000000000000E-002 .
 Successfully initialized time invariant variables for lakes
 Setting initial data to non-spun up values for lake points
 Initializing clm2 history files
 There will be a total of             2  history tapes
 History tape             1  write frequency is MONTHLY
 All fields on history tape             1  are grid averaged
 Output precision on history tape             1 =            2
 History tape             2  write frequency =             1
 All fields on history tape             2  are grid averaged
 Output precision on history tape             2 =            2
 hist tape =             1  written with dov2xy=   T
 hist tape =             2  written with dov2xy=   T
 Successfully initialized clm2 history files
 Successfully initialized the land model
 begin initial run at:  2009-10-01 00:00:00 UTC
 Attempting to read monthly vegetation data .....
 At  2009-10-01 00:00:00 UTC
 Month =            10  Day =             1
 Reading months :             9           10
 Successfully read monthly vegetation data for
 month            10
 Set    10 100% special land-units points to zero slope
 Set     1 100% special land-units points to zero slope
 Set    10 100% special land-units points to zero slope
 Set    10 100% special land-units points to zero slope
 Set    20 100% special land-units points to zero slope
 Set    70 100% special land-units points to zero slope
 Set    10 100% special land-units points to zero slope
 Set     1 100% special land-units points to zero slope
 Set    30 100% special land-units points to zero slope
 Set   110 100% special land-units points to zero slope
 Restrict outout to CORDEX variables
 Opening new output file output//EURR-3_ATM.2009100100.nc
 Opening new output file output//EURR-3_SRF.2009100100.nc
 Opening new output file output//EURR-3_STS.2009100100.nc
 Opening new output file output//EURR-3_RAD.2009100100.nc
 ATM variables written at  2009-10-01 00:00:00 UTC        
 Computing weights, R =      89.00187683 .......... Done.
 Reading EXT,SSA,ASY Data...
 AEROPP file open 
 /leonardo_work/ICT25_ESP/RCMDATA/MERRA2/OPPMONTH/MERRA2_OPPMONTH_wb3.200909.nc
 AEROPP file open 
 /leonardo_work/ICT25_ESP/RCMDATA/MERRA2/OPPMONTH/MERRA2_OPPMONTH_wb3.200910.nc
 AEROPP file open 
 /leonardo_work/ICT25_ESP/RCMDATA/MERRA2/OPPMONTH/MERRA2_OPPMONTH_wb6.200909.nc
 AEROPP file open 
 /leonardo_work/ICT25_ESP/RCMDATA/MERRA2/OPPMONTH/MERRA2_OPPMONTH_wb6.200910.nc
 AEROPP file open 
 /leonardo_work/ICT25_ESP/RCMDATA/MERRA2/OPPMONTH/MERRA2_OPPMONTH_wb10.200909.nc
 AEROPP file open 
 /leonardo_work/ICT25_ESP/RCMDATA/MERRA2/OPPMONTH/MERRA2_OPPMONTH_wb10.200910.nc
 AEROPP file open 
 /leonardo_work/ICT25_ESP/RCMDATA/MERRA2/OPPMONTH/MERRA2_OPPMONTH_wb13.200909.nc
 AEROPP file open 
 /leonardo_work/ICT25_ESP/RCMDATA/MERRA2/OPPMONTH/MERRA2_OPPMONTH_wb13.200910.nc
 AEROPP file open 
 /leonardo_work/ICT25_ESP/RCMDATA/MERRA2/OPPMONTH/MERRA2_OPPMONTH_wb19.200909.nc
 AEROPP file open 
 /leonardo_work/ICT25_ESP/RCMDATA/MERRA2/OPPMONTH/MERRA2_OPPMONTH_wb19.200910.nc
  # Updated VIS ext profile #
     0.00       0.00       0.00       0.00       0.00       0.00       0.00    
     0.00       0.00       0.00       0.00       0.00       0.00       0.00    
     0.00       0.00       0.00       0.00       0.00       0.00       0.00    
     0.00       0.00       0.00       0.00       0.00       0.00       0.00    
     0.00       0.00       0.00       0.00       0.00       0.00       0.00    
     0.00       0.00       0.00       0.00       0.00       0.00       0.00    
     0.00       0.00       0.00       0.00       0.00       0.00       0.00    
     0.00       0.00    
  # Updated VIS ssa profile #
     1.00       1.00       1.00       1.00       1.00       1.00       1.00    
     1.00       1.00       1.00       1.00       1.00       1.00       1.00    
     1.00       1.00       1.00       1.00       1.00       1.00       1.00    
     1.00       1.00       1.00       1.00       1.00       1.00       1.00    
     1.00       1.00       1.00       1.00       1.00       1.00       1.00    
     1.00       1.00       1.00       1.00       1.00       1.00       1.00    
     1.00       1.00       1.00       1.00       1.00       1.00       1.00    
     1.00       1.00    
  # Updated VIS asy profile #
    0.200      0.200      0.200      0.200      0.200      0.200      0.200    
    0.200      0.200      0.200      0.200      0.200      0.200      0.200    
    0.200      0.200      0.200      0.200      0.200      0.200      0.200    
    0.200      0.200      0.200      0.200      0.200      0.200      0.200    
    0.200      0.200      0.200      0.200      0.200      0.200      0.200    
    0.200      0.200      0.200      0.200      0.200      0.200      0.200    
    0.200      0.200      0.200      0.200      0.200      0.200      0.200    
    0.200      0.200    
 Creating history file output//EURR-3.clm.regcm.h1.20091001_03600.nc
 CLM History variables written
 SRF variables written at  2009-10-01 01:00:00 UTC        
 RAD variables written at  2009-10-01 01:00:00 UTC        
 CLM History variables written
 SRF variables written at  2009-10-01 02:00:00 UTC        
 RAD variables written at  2009-10-01 02:00:00 UTC        
 CLM History variables written
 SRF variables written at  2009-10-01 03:00:00 UTC        
 RAD variables written at  2009-10-01 03:00:00 UTC        
 $$$  2009-10-01 03:00:00 UTC        
 $$$ max, min of ps (mb) =  1027.23  679.73
 CLM History variables written
 SRF variables written at  2009-10-01 04:00:00 UTC        
 RAD variables written at  2009-10-01 04:00:00 UTC        
 CLM History variables written
 SRF variables written at  2009-10-01 05:00:00 UTC        
 RAD variables written at  2009-10-01 05:00:00 UTC        
 CLM History variables written
 SRF variables written at  2009-10-01 06:00:00 UTC        
 RAD variables written at  2009-10-01 06:00:00 UTC        
 SEARCH BC data for 2009100112 , step =      480
 READY  BC from     2009100106  to 2009100112 
 $$$  2009-10-01 06:00:00 UTC        
 $$$ max, min of ps (mb) =  1027.43  679.19
 CLM History variables written
 SRF variables written at  2009-10-01 07:00:00 UTC        
 RAD variables written at  2009-10-01 07:00:00 UTC        
 CLM History variables written
 SRF variables written at  2009-10-01 08:00:00 UTC        
 RAD variables written at  2009-10-01 08:00:00 UTC        
 CLM History variables written
 SRF variables written at  2009-10-01 09:00:00 UTC        
 RAD variables written at  2009-10-01 09:00:00 UTC        
 $$$  2009-10-01 09:00:00 UTC        
 $$$ max, min of ps (mb) =  1028.23  679.33
 CLM History variables written
 SRF variables written at  2009-10-01 10:00:00 UTC        
 RAD variables written at  2009-10-01 10:00:00 UTC        
 CLM History variables written
 SRF variables written at  2009-10-01 11:00:00 UTC        
 RAD variables written at  2009-10-01 11:00:00 UTC        
 CLM History variables written
 SRF variables written at  2009-10-01 12:00:00 UTC        
 RAD variables written at  2009-10-01 12:00:00 UTC        
 SEARCH BC data for 2009100118 , step =      960
 READY  BC from     2009100112  to 2009100118 
 $$$  2009-10-01 12:00:00 UTC        
 $$$ max, min of ps (mb) =  1028.83  679.02
 CLM History variables written
 SRF variables written at  2009-10-01 13:00:00 UTC        
 RAD variables written at  2009-10-01 13:00:00 UTC        
 CLM History variables written
 SRF variables written at  2009-10-01 14:00:00 UTC        
 RAD variables written at  2009-10-01 14:00:00 UTC        
 CLM History variables written
 SRF variables written at  2009-10-01 15:00:00 UTC        
 RAD variables written at  2009-10-01 15:00:00 UTC        
 $$$  2009-10-01 15:00:00 UTC        
 $$$ max, min of ps (mb) =  1029.07  678.15
 CLM History variables written
 SRF variables written at  2009-10-01 16:00:00 UTC        
 RAD variables written at  2009-10-01 16:00:00 UTC        
 CLM History variables written
 SRF variables written at  2009-10-01 17:00:00 UTC        
 RAD variables written at  2009-10-01 17:00:00 UTC        
 CLM History variables written
 SRF variables written at  2009-10-01 18:00:00 UTC        
 RAD variables written at  2009-10-01 18:00:00 UTC        
 SEARCH BC data for 2009100200 , step =     1440
 READY  BC from     2009100118  to 2009100200 
 $$$  2009-10-01 18:00:00 UTC        
 $$$ max, min of ps (mb) =  1028.98  678.18
 CLM History variables written
 SRF variables written at  2009-10-01 19:00:00 UTC        
 RAD variables written at  2009-10-01 19:00:00 UTC        
 CLM History variables written
 SRF variables written at  2009-10-01 20:00:00 UTC        
 RAD variables written at  2009-10-01 20:00:00 UTC        
 CLM History variables written
 SRF variables written at  2009-10-01 21:00:00 UTC        
 RAD variables written at  2009-10-01 21:00:00 UTC        
 $$$  2009-10-01 21:00:00 UTC        
 $$$ max, min of ps (mb) =  1028.74  677.67
 CLM History variables written
 SRF variables written at  2009-10-01 22:00:00 UTC        
 RAD variables written at  2009-10-01 22:00:00 UTC        
 CLM History variables written
 SRF variables written at  2009-10-01 23:00:00 UTC        
 RAD variables written at  2009-10-01 23:00:00 UTC        
 CLM History variables written
 At  2009-10-02 00:00:00 UTC        
 JDay    274.00000 solar declination angle =  -3.09798020 degrees
                   solar TSI irradiance    =    1355.8045 W/m^2
 ATM variables written at  2009-10-02 00:00:00 UTC        
 SRF variables written at  2009-10-02 00:00:00 UTC        
 STS variables written at  2009-10-02 00:00:00 UTC        
 RAD variables written at  2009-10-02 00:00:00 UTC        
 Opening new output file output//EURR-3_ATM.2009100200.nc
 Opening new output file output//EURR-3_SRF.2009100200.nc
 Opening new output file output//EURR-3_STS.2009100200.nc
 Opening new output file output//EURR-3_RAD.2009100200.nc
 Elapsed seconds of run for this period :     598.0327    
 SEARCH BC data for 2009100206 , step =     1920
 READY  BC from     2009100200  to 2009100206 
 $$$  2009-10-02 00:00:00 UTC        
 $$$ max, min of ps (mb) =  1028.53  677.43
 CLM History variables written
 SRF variables written at  2009-10-02 01:00:00 UTC        
 RAD variables written at  2009-10-02 01:00:00 UTC        
 CLM History variables written
 SRF variables written at  2009-10-02 02:00:00 UTC        
 RAD variables written at  2009-10-02 02:00:00 UTC        
 CLM History variables written
 SRF variables written at  2009-10-02 03:00:00 UTC        
 RAD variables written at  2009-10-02 03:00:00 UTC        
 $$$  2009-10-02 03:00:00 UTC        
 $$$ max, min of ps (mb) =  1027.90  676.90
 CLM History variables written
 SRF variables written at  2009-10-02 04:00:00 UTC        
 RAD variables written at  2009-10-02 04:00:00 UTC        
 CLM History variables written
 SRF variables written at  2009-10-02 05:00:00 UTC        
 RAD variables written at  2009-10-02 05:00:00 UTC        
 CLM History variables written
 SRF variables written at  2009-10-02 06:00:00 UTC        
 RAD variables written at  2009-10-02 06:00:00 UTC        
 SEARCH BC data for 2009100212 , step =     2400
 READY  BC from     2009100206  to 2009100212 
 $$$  2009-10-02 06:00:00 UTC        
 $$$ max, min of ps (mb) =  1027.15  676.49
 CLM History variables written
 SRF variables written at  2009-10-02 07:00:00 UTC        
 RAD variables written at  2009-10-02 07:00:00 UTC        
 CLM History variables written
 SRF variables written at  2009-10-02 08:00:00 UTC        
 RAD variables written at  2009-10-02 08:00:00 UTC        
 CLM History variables written
 SRF variables written at  2009-10-02 09:00:00 UTC        
 RAD variables written at  2009-10-02 09:00:00 UTC        
 $$$  2009-10-02 09:00:00 UTC        
 $$$ max, min of ps (mb) =  1026.47  677.07
 CLM History variables written
 SRF variables written at  2009-10-02 10:00:00 UTC        
 RAD variables written at  2009-10-02 10:00:00 UTC        
 CLM History variables written
 SRF variables written at  2009-10-02 11:00:00 UTC        
 RAD variables written at  2009-10-02 11:00:00 UTC        
 CLM History variables written
 SRF variables written at  2009-10-02 12:00:00 UTC        
 RAD variables written at  2009-10-02 12:00:00 UTC        
 SEARCH BC data for 2009100218 , step =     2880
 READY  BC from     2009100212  to 2009100218 
 $$$  2009-10-02 12:00:00 UTC        
 $$$ max, min of ps (mb) =  1025.64  676.98
 CLM History variables written
 SRF variables written at  2009-10-02 13:00:00 UTC        
 RAD variables written at  2009-10-02 13:00:00 UTC        
 CLM History variables written
 SRF variables written at  2009-10-02 14:00:00 UTC        
 RAD variables written at  2009-10-02 14:00:00 UTC        
 CLM History variables written
 SRF variables written at  2009-10-02 15:00:00 UTC        
 RAD variables written at  2009-10-02 15:00:00 UTC        
 $$$  2009-10-02 15:00:00 UTC        
 $$$ max, min of ps (mb) =  1024.67  677.67
 CLM History variables written
 SRF variables written at  2009-10-02 16:00:00 UTC        
 RAD variables written at  2009-10-02 16:00:00 UTC        
 CLM History variables written
 SRF variables written at  2009-10-02 17:00:00 UTC        
 RAD variables written at  2009-10-02 17:00:00 UTC        
 CLM History variables written
 SRF variables written at  2009-10-02 18:00:00 UTC        
 RAD variables written at  2009-10-02 18:00:00 UTC        
 SEARCH BC data for 2009100300 , step =     3360
 READY  BC from     2009100218  to 2009100300 
 $$$  2009-10-02 18:00:00 UTC        
 $$$ max, min of ps (mb) =  1023.94  677.20
 CLM History variables written
 SRF variables written at  2009-10-02 19:00:00 UTC        
 RAD variables written at  2009-10-02 19:00:00 UTC        
 CLM History variables written
 SRF variables written at  2009-10-02 20:00:00 UTC        
 RAD variables written at  2009-10-02 20:00:00 UTC        
 CLM History variables written
 SRF variables written at  2009-10-02 21:00:00 UTC        
 RAD variables written at  2009-10-02 21:00:00 UTC        
 $$$  2009-10-02 21:00:00 UTC        
 $$$ max, min of ps (mb) =  1022.90  677.20
 CLM History variables written
 SRF variables written at  2009-10-02 22:00:00 UTC        
 RAD variables written at  2009-10-02 22:00:00 UTC        
 CLM History variables written
 SRF variables written at  2009-10-02 23:00:00 UTC        
 RAD variables written at  2009-10-02 23:00:00 UTC        
 CLM History variables written
 At  2009-10-03 00:00:00 UTC        
 JDay    275.00000 solar declination angle =  -3.48539047 degrees
                   solar TSI irradiance    =    1355.8045 W/m^2
 ATM variables written at  2009-10-03 00:00:00 UTC        
 SRF variables written at  2009-10-03 00:00:00 UTC        
 STS variables written at  2009-10-03 00:00:00 UTC        
 RAD variables written at  2009-10-03 00:00:00 UTC        
 Opening new output file output//EURR-3_ATM.2009100300.nc
 Opening new output file output//EURR-3_SRF.2009100300.nc
 Opening new output file output//EURR-3_STS.2009100300.nc
 Opening new output file output//EURR-3_RAD.2009100300.nc
 Elapsed seconds of run for this period :     486.7813    
 SEARCH BC data for 2009100306 , step =     3840
 READY  BC from     2009100300  to 2009100306 
 $$$  2009-10-03 00:00:00 UTC        
 $$$ max, min of ps (mb) =  1022.17  677.55
 CLM History variables written
 SRF variables written at  2009-10-03 01:00:00 UTC        
 RAD variables written at  2009-10-03 01:00:00 UTC        
 CLM History variables written
 SRF variables written at  2009-10-03 02:00:00 UTC        
 RAD variables written at  2009-10-03 02:00:00 UTC        
 CLM History variables written
 SRF variables written at  2009-10-03 03:00:00 UTC        
 RAD variables written at  2009-10-03 03:00:00 UTC        
 $$$  2009-10-03 03:00:00 UTC        
 $$$ max, min of ps (mb) =  1021.11  677.65
 CLM History variables written
 SRF variables written at  2009-10-03 04:00:00 UTC        
 RAD variables written at  2009-10-03 04:00:00 UTC        
 CLM History variables written
 SRF variables written at  2009-10-03 05:00:00 UTC        
 RAD variables written at  2009-10-03 05:00:00 UTC        
 CLM History variables written
 SRF variables written at  2009-10-03 06:00:00 UTC        
 RAD variables written at  2009-10-03 06:00:00 UTC        
 SEARCH BC data for 2009100312 , step =     4320
 READY  BC from     2009100306  to 2009100312 
 $$$  2009-10-03 06:00:00 UTC        
 $$$ max, min of ps (mb) =  1020.68  677.83
 CLM History variables written
 SRF variables written at  2009-10-03 07:00:00 UTC        
 RAD variables written at  2009-10-03 07:00:00 UTC        
 CLM History variables written
 SRF variables written at  2009-10-03 08:00:00 UTC        
 RAD variables written at  2009-10-03 08:00:00 UTC        
 CLM History variables written
 SRF variables written at  2009-10-03 09:00:00 UTC        
 RAD variables written at  2009-10-03 09:00:00 UTC        
 $$$  2009-10-03 09:00:00 UTC        
 $$$ max, min of ps (mb) =  1020.80  678.62
 CLM History variables written
 SRF variables written at  2009-10-03 10:00:00 UTC        
 RAD variables written at  2009-10-03 10:00:00 UTC        
 CLM History variables written
 SRF variables written at  2009-10-03 11:00:00 UTC        
 RAD variables written at  2009-10-03 11:00:00 UTC        
 CLM History variables written
 SRF variables written at  2009-10-03 12:00:00 UTC        
 RAD variables written at  2009-10-03 12:00:00 UTC        
 SEARCH BC data for 2009100318 , step =     4800
 READY  BC from     2009100312  to 2009100318 
 $$$  2009-10-03 12:00:00 UTC        
 $$$ max, min of ps (mb) =  1020.80  679.08
 CLM History variables written
 SRF variables written at  2009-10-03 13:00:00 UTC        
 RAD variables written at  2009-10-03 13:00:00 UTC        
 CLM History variables written
 SRF variables written at  2009-10-03 14:00:00 UTC        
 RAD variables written at  2009-10-03 14:00:00 UTC        
 CLM History variables written
 SRF variables written at  2009-10-03 15:00:00 UTC        
 RAD variables written at  2009-10-03 15:00:00 UTC        
 $$$  2009-10-03 15:00:00 UTC        
 $$$ max, min of ps (mb) =  1019.92  679.30
 CLM History variables written
 SRF variables written at  2009-10-03 16:00:00 UTC        
 RAD variables written at  2009-10-03 16:00:00 UTC        
 CLM History variables written
 SRF variables written at  2009-10-03 17:00:00 UTC        
 RAD variables written at  2009-10-03 17:00:00 UTC        
 CLM History variables written
 SRF variables written at  2009-10-03 18:00:00 UTC        
 RAD variables written at  2009-10-03 18:00:00 UTC        
 SEARCH BC data for 2009100400 , step =     5280
 READY  BC from     2009100318  to 2009100400 
 $$$  2009-10-03 18:00:00 UTC        
 $$$ max, min of ps (mb) =  1018.98  679.35
 CLM History variables written
 SRF variables written at  2009-10-03 19:00:00 UTC        
 RAD variables written at  2009-10-03 19:00:00 UTC        
 CLM History variables written
 SRF variables written at  2009-10-03 20:00:00 UTC        
 RAD variables written at  2009-10-03 20:00:00 UTC        
 CLM History variables written
 SRF variables written at  2009-10-03 21:00:00 UTC        
 RAD variables written at  2009-10-03 21:00:00 UTC        
 $$$  2009-10-03 21:00:00 UTC        
 $$$ max, min of ps (mb) =  1018.76  678.95
 CLM History variables written
 SRF variables written at  2009-10-03 22:00:00 UTC        
 RAD variables written at  2009-10-03 22:00:00 UTC        
 CLM History variables written
 SRF variables written at  2009-10-03 23:00:00 UTC        
 RAD variables written at  2009-10-03 23:00:00 UTC        
 CLM History variables written
 At  2009-10-04 00:00:00 UTC        
 JDay    276.00000 solar declination angle =  -3.87215439 degrees
                   solar TSI irradiance    =    1355.8045 W/m^2
 ATM variables written at  2009-10-04 00:00:00 UTC        
 SRF variables written at  2009-10-04 00:00:00 UTC        
 STS variables written at  2009-10-04 00:00:00 UTC        
 RAD variables written at  2009-10-04 00:00:00 UTC        
 Opening new output file output//EURR-3_ATM.2009100400.nc
 Opening new output file output//EURR-3_SRF.2009100400.nc
 Opening new output file output//EURR-3_STS.2009100400.nc
 Opening new output file output//EURR-3_RAD.2009100400.nc
 Elapsed seconds of run for this period :     531.7682    
 SEARCH BC data for 2009100406 , step =     5760
 READY  BC from     2009100400  to 2009100406 
 $$$  2009-10-04 00:00:00 UTC        
 $$$ max, min of ps (mb) =  1019.19  678.86
 CLM History variables written
 SRF variables written at  2009-10-04 01:00:00 UTC        
 RAD variables written at  2009-10-04 01:00:00 UTC        
 CLM History variables written
 SRF variables written at  2009-10-04 02:00:00 UTC        
 RAD variables written at  2009-10-04 02:00:00 UTC        
 CLM History variables written
 SRF variables written at  2009-10-04 03:00:00 UTC        
 RAD variables written at  2009-10-04 03:00:00 UTC        
 $$$  2009-10-04 03:00:00 UTC        
 $$$ max, min of ps (mb) =  1019.18  678.60
 CLM History variables written
 SRF variables written at  2009-10-04 04:00:00 UTC        
 RAD variables written at  2009-10-04 04:00:00 UTC        
 CLM History variables written
 SRF variables written at  2009-10-04 05:00:00 UTC        
 RAD variables written at  2009-10-04 05:00:00 UTC        
 CLM History variables written
 SRF variables written at  2009-10-04 06:00:00 UTC        
 RAD variables written at  2009-10-04 06:00:00 UTC        
 SEARCH BC data for 2009100412 , step =     6240
 READY  BC from     2009100406  to 2009100412 
 $$$  2009-10-04 06:00:00 UTC        
 $$$ max, min of ps (mb) =  1019.25  678.40
 CLM History variables written
 SRF variables written at  2009-10-04 07:00:00 UTC        
 RAD variables written at  2009-10-04 07:00:00 UTC        
 CLM History variables written
 SRF variables written at  2009-10-04 08:00:00 UTC        
 RAD variables written at  2009-10-04 08:00:00 UTC        
 CLM History variables written
 SRF variables written at  2009-10-04 09:00:00 UTC        
 RAD variables written at  2009-10-04 09:00:00 UTC        
 $$$  2009-10-04 09:00:00 UTC        
 $$$ max, min of ps (mb) =  1020.01  679.05
 CLM History variables written
 SRF variables written at  2009-10-04 10:00:00 UTC        
 RAD variables written at  2009-10-04 10:00:00 UTC        
 CLM History variables written
 SRF variables written at  2009-10-04 11:00:00 UTC        
 RAD variables written at  2009-10-04 11:00:00 UTC        
 CLM History variables written
 SRF variables written at  2009-10-04 12:00:00 UTC        
 RAD variables written at  2009-10-04 12:00:00 UTC        
 SEARCH BC data for 2009100418 , step =     6720
 READY  BC from     2009100412  to 2009100418 
 $$$  2009-10-04 12:00:00 UTC        
 $$$ max, min of ps (mb) =  1020.07  679.84
 CLM History variables written
 SRF variables written at  2009-10-04 13:00:00 UTC        
 RAD variables written at  2009-10-04 13:00:00 UTC        
 CLM History variables written
 SRF variables written at  2009-10-04 14:00:00 UTC        
 RAD variables written at  2009-10-04 14:00:00 UTC        
 CLM History variables written
 SRF variables written at  2009-10-04 15:00:00 UTC        
 RAD variables written at  2009-10-04 15:00:00 UTC        
 $$$  2009-10-04 15:00:00 UTC        
 $$$ max, min of ps (mb) =  1019.55  679.88
 CLM History variables written
 SRF variables written at  2009-10-04 16:00:00 UTC        
 RAD variables written at  2009-10-04 16:00:00 UTC        
 CLM History variables written
 SRF variables written at  2009-10-04 17:00:00 UTC        
 RAD variables written at  2009-10-04 17:00:00 UTC        
 CLM History variables written
 SRF variables written at  2009-10-04 18:00:00 UTC        
 RAD variables written at  2009-10-04 18:00:00 UTC        
 SEARCH BC data for 2009100500 , step =     7200
 READY  BC from     2009100418  to 2009100500 
 $$$  2009-10-04 18:00:00 UTC        
 $$$ max, min of ps (mb) =  1019.55  680.04
 CLM History variables written
 SRF variables written at  2009-10-04 19:00:00 UTC        
 RAD variables written at  2009-10-04 19:00:00 UTC        
 CLM History variables written
 SRF variables written at  2009-10-04 20:00:00 UTC        
 RAD variables written at  2009-10-04 20:00:00 UTC        
 CLM History variables written
 SRF variables written at  2009-10-04 21:00:00 UTC        
 RAD variables written at  2009-10-04 21:00:00 UTC        
 $$$  2009-10-04 21:00:00 UTC        
 $$$ max, min of ps (mb) =  1020.47  680.36
 CLM History variables written
 SRF variables written at  2009-10-04 22:00:00 UTC        
 RAD variables written at  2009-10-04 22:00:00 UTC        
 CLM History variables written
 SRF variables written at  2009-10-04 23:00:00 UTC        
 RAD variables written at  2009-10-04 23:00:00 UTC        
 CLM History variables written
 At  2009-10-05 00:00:00 UTC        
 JDay    277.00000 solar declination angle =  -4.25817337 degrees
                   solar TSI irradiance    =    1355.8045 W/m^2
 ATM variables written at  2009-10-05 00:00:00 UTC        
 SRF variables written at  2009-10-05 00:00:00 UTC        
 STS variables written at  2009-10-05 00:00:00 UTC        
 RAD variables written at  2009-10-05 00:00:00 UTC        
 Opening new output file output//EURR-3_ATM.2009100500.nc
 Opening new output file output//EURR-3_SRF.2009100500.nc
 Opening new output file output//EURR-3_STS.2009100500.nc
 Opening new output file output//EURR-3_RAD.2009100500.nc
 Elapsed seconds of run for this period :     475.0201    
 SEARCH BC data for 2009100506 , step =     7680
 READY  BC from     2009100500  to 2009100506 
 $$$  2009-10-05 00:00:00 UTC        
 $$$ max, min of ps (mb) =  1021.49  680.81
 CLM History variables written
 SRF variables written at  2009-10-05 01:00:00 UTC        
 RAD variables written at  2009-10-05 01:00:00 UTC        
 CLM History variables written
 SRF variables written at  2009-10-05 02:00:00 UTC        
 RAD variables written at  2009-10-05 02:00:00 UTC        
 CLM History variables written
 SRF variables written at  2009-10-05 03:00:00 UTC        
 RAD variables written at  2009-10-05 03:00:00 UTC        
 $$$  2009-10-05 03:00:00 UTC        
 $$$ max, min of ps (mb) =  1021.68  681.05
 CLM History variables written
 SRF variables written at  2009-10-05 04:00:00 UTC        
 RAD variables written at  2009-10-05 04:00:00 UTC        
 CLM History variables written
 SRF variables written at  2009-10-05 05:00:00 UTC        
 RAD variables written at  2009-10-05 05:00:00 UTC        
 CLM History variables written
 SRF variables written at  2009-10-05 06:00:00 UTC        
 RAD variables written at  2009-10-05 06:00:00 UTC        
 SEARCH BC data for 2009100512 , step =     8160
 READY  BC from     2009100506  to 2009100512 
 $$$  2009-10-05 06:00:00 UTC        
 $$$ max, min of ps (mb) =  1021.84  681.50
 CLM History variables written
 SRF variables written at  2009-10-05 07:00:00 UTC        
 RAD variables written at  2009-10-05 07:00:00 UTC        
 CLM History variables written
 SRF variables written at  2009-10-05 08:00:00 UTC        
 RAD variables written at  2009-10-05 08:00:00 UTC        
 CLM History variables written
 SRF variables written at  2009-10-05 09:00:00 UTC        
 RAD variables written at  2009-10-05 09:00:00 UTC        
 $$$  2009-10-05 09:00:00 UTC        
 $$$ max, min of ps (mb) =  1022.58  682.60
 CLM History variables written
 SRF variables written at  2009-10-05 10:00:00 UTC        
 RAD variables written at  2009-10-05 10:00:00 UTC        
 CLM History variables written
 SRF variables written at  2009-10-05 11:00:00 UTC        
 RAD variables written at  2009-10-05 11:00:00 UTC        
 CLM History variables written
 SRF variables written at  2009-10-05 12:00:00 UTC        
 RAD variables written at  2009-10-05 12:00:00 UTC        
 SEARCH BC data for 2009100518 , step =     8640
 READY  BC from     2009100512  to 2009100518 
 $$$  2009-10-05 12:00:00 UTC        
 $$$ max, min of ps (mb) =  1022.93  683.20
 CLM History variables written
 SRF variables written at  2009-10-05 13:00:00 UTC        
 RAD variables written at  2009-10-05 13:00:00 UTC        
 CLM History variables written
 SRF variables written at  2009-10-05 14:00:00 UTC        
 RAD variables written at  2009-10-05 14:00:00 UTC        
 CLM History variables written
 SRF variables written at  2009-10-05 15:00:00 UTC        
 RAD variables written at  2009-10-05 15:00:00 UTC        
 $$$  2009-10-05 15:00:00 UTC        
 $$$ max, min of ps (mb) =  1022.30  683.28
 CLM History variables written
 SRF variables written at  2009-10-05 16:00:00 UTC        
 RAD variables written at  2009-10-05 16:00:00 UTC        
 CLM History variables written
 SRF variables written at  2009-10-05 17:00:00 UTC        
 RAD variables written at  2009-10-05 17:00:00 UTC        
 CLM History variables written
 SRF variables written at  2009-10-05 18:00:00 UTC        
 RAD variables written at  2009-10-05 18:00:00 UTC        
 SEARCH BC data for 2009100600 , step =     9120
 READY  BC from     2009100518  to 2009100600 
 $$$  2009-10-05 18:00:00 UTC        
 $$$ max, min of ps (mb) =  1022.10  683.45
 CLM History variables written
 SRF variables written at  2009-10-05 19:00:00 UTC        
 RAD variables written at  2009-10-05 19:00:00 UTC        
 CLM History variables written
 SRF variables written at  2009-10-05 20:00:00 UTC        
 RAD variables written at  2009-10-05 20:00:00 UTC        
 CLM History variables written
 SRF variables written at  2009-10-05 21:00:00 UTC        
 RAD variables written at  2009-10-05 21:00:00 UTC        
 $$$  2009-10-05 21:00:00 UTC        
 $$$ max, min of ps (mb) =  1022.48  684.04
 CLM History variables written
 SRF variables written at  2009-10-05 22:00:00 UTC        
 RAD variables written at  2009-10-05 22:00:00 UTC        
 CLM History variables written
 SRF variables written at  2009-10-05 23:00:00 UTC        
 RAD variables written at  2009-10-05 23:00:00 UTC        
 CLM History variables written
 At  2009-10-06 00:00:00 UTC        
 JDay    278.00000 solar declination angle =  -4.64334828 degrees
                   solar TSI irradiance    =    1355.8045 W/m^2
 ATM variables written at  2009-10-06 00:00:00 UTC        
 SRF variables written at  2009-10-06 00:00:00 UTC        
 STS variables written at  2009-10-06 00:00:00 UTC        
 RAD variables written at  2009-10-06 00:00:00 UTC        
 Opening new output file output//EURR-3_ATM.2009100600.nc
 Opening new output file output//EURR-3_SRF.2009100600.nc
 Opening new output file output//EURR-3_STS.2009100600.nc
 Opening new output file output//EURR-3_RAD.2009100600.nc
 Elapsed seconds of run for this period :     485.8481    
 SEARCH BC data for 2009100606 , step =     9600
 READY  BC from     2009100600  to 2009100606 
 $$$  2009-10-06 00:00:00 UTC        
 $$$ max, min of ps (mb) =  1023.10  684.70
 CLM History variables written
 SRF variables written at  2009-10-06 01:00:00 UTC        
 RAD variables written at  2009-10-06 01:00:00 UTC        
 CLM History variables written
 SRF variables written at  2009-10-06 02:00:00 UTC        
 RAD variables written at  2009-10-06 02:00:00 UTC        
 CLM History variables written
 SRF variables written at  2009-10-06 03:00:00 UTC        
 RAD variables written at  2009-10-06 03:00:00 UTC        
 $$$  2009-10-06 03:00:00 UTC        
 $$$ max, min of ps (mb) =  1023.28  684.64
 CLM History variables written
 SRF variables written at  2009-10-06 04:00:00 UTC        
 RAD variables written at  2009-10-06 04:00:00 UTC        
 CLM History variables written
 SRF variables written at  2009-10-06 05:00:00 UTC        
 RAD variables written at  2009-10-06 05:00:00 UTC        
 CLM History variables written
 SRF variables written at  2009-10-06 06:00:00 UTC        
 RAD variables written at  2009-10-06 06:00:00 UTC        
 SEARCH BC data for 2009100612 , step =    10080
 READY  BC from     2009100606  to 2009100612 
 $$$  2009-10-06 06:00:00 UTC        
 $$$ max, min of ps (mb) =  1023.25  684.62
 CLM History variables written
 SRF variables written at  2009-10-06 07:00:00 UTC        
 RAD variables written at  2009-10-06 07:00:00 UTC        
 CLM History variables written
 SRF variables written at  2009-10-06 08:00:00 UTC        
 RAD variables written at  2009-10-06 08:00:00 UTC        
 CLM History variables written
 SRF variables written at  2009-10-06 09:00:00 UTC        
 RAD variables written at  2009-10-06 09:00:00 UTC        
 $$$  2009-10-06 09:00:00 UTC        
 $$$ max, min of ps (mb) =  1023.74  685.18
 CLM History variables written
 SRF variables written at  2009-10-06 10:00:00 UTC        
 RAD variables written at  2009-10-06 10:00:00 UTC        
 CLM History variables written
 SRF variables written at  2009-10-06 11:00:00 UTC        
 RAD variables written at  2009-10-06 11:00:00 UTC        
 CLM History variables written
 SRF variables written at  2009-10-06 12:00:00 UTC        
 RAD variables written at  2009-10-06 12:00:00 UTC        
 SEARCH BC data for 2009100618 , step =    10560
 READY  BC from     2009100612  to 2009100618 
 $$$  2009-10-06 12:00:00 UTC        
 $$$ max, min of ps (mb) =  1024.06  685.55
 CLM History variables written
 SRF variables written at  2009-10-06 13:00:00 UTC        
 RAD variables written at  2009-10-06 13:00:00 UTC        
 CLM History variables written
 SRF variables written at  2009-10-06 14:00:00 UTC        
 RAD variables written at  2009-10-06 14:00:00 UTC        
 CLM History variables written
 SRF variables written at  2009-10-06 15:00:00 UTC        
 RAD variables written at  2009-10-06 15:00:00 UTC        
 $$$  2009-10-06 15:00:00 UTC        
 $$$ max, min of ps (mb) =  1023.69  685.36
 CLM History variables written
 SRF variables written at  2009-10-06 16:00:00 UTC        
 RAD variables written at  2009-10-06 16:00:00 UTC        
 CLM History variables written
 SRF variables written at  2009-10-06 17:00:00 UTC        
 RAD variables written at  2009-10-06 17:00:00 UTC        
 CLM History variables written
 SRF variables written at  2009-10-06 18:00:00 UTC        
 RAD variables written at  2009-10-06 18:00:00 UTC        
 SEARCH BC data for 2009100700 , step =    11040
 READY  BC from     2009100618  to 2009100700 
 $$$  2009-10-06 18:00:00 UTC        
 $$$ max, min of ps (mb) =  1023.40  685.43
 CLM History variables written
 SRF variables written at  2009-10-06 19:00:00 UTC        
 RAD variables written at  2009-10-06 19:00:00 UTC        
 CLM History variables written
 SRF variables written at  2009-10-06 20:00:00 UTC        
 RAD variables written at  2009-10-06 20:00:00 UTC        
 CLM History variables written
 SRF variables written at  2009-10-06 21:00:00 UTC        
 RAD variables written at  2009-10-06 21:00:00 UTC        
 $$$  2009-10-06 21:00:00 UTC        
 $$$ max, min of ps (mb) =  1023.48  685.58
 CLM History variables written
 SRF variables written at  2009-10-06 22:00:00 UTC        
 RAD variables written at  2009-10-06 22:00:00 UTC        
 CLM History variables written
 SRF variables written at  2009-10-06 23:00:00 UTC        
 RAD variables written at  2009-10-06 23:00:00 UTC        
 CLM History variables written
 At  2009-10-07 00:00:00 UTC        
 JDay    279.00000 solar declination angle =  -5.02757949 degrees
                   solar TSI irradiance    =    1355.8045 W/m^2
 ATM variables written at  2009-10-07 00:00:00 UTC        
 SRF variables written at  2009-10-07 00:00:00 UTC        
 STS variables written at  2009-10-07 00:00:00 UTC        
 RAD variables written at  2009-10-07 00:00:00 UTC        
 Opening new output file output//EURR-3_ATM.2009100700.nc
 Opening new output file output//EURR-3_SRF.2009100700.nc
 Opening new output file output//EURR-3_STS.2009100700.nc
 Opening new output file output//EURR-3_RAD.2009100700.nc
 Elapsed seconds of run for this period :     485.7976    
 SEARCH BC data for 2009100706 , step =    11520
 READY  BC from     2009100700  to 2009100706 
 $$$  2009-10-07 00:00:00 UTC        
 $$$ max, min of ps (mb) =  1023.71  685.70
 CLM History variables written
 SRF variables written at  2009-10-07 01:00:00 UTC        
 RAD variables written at  2009-10-07 01:00:00 UTC        
 CLM History variables written
 SRF variables written at  2009-10-07 02:00:00 UTC        
 RAD variables written at  2009-10-07 02:00:00 UTC        
 CLM History variables written
 SRF variables written at  2009-10-07 03:00:00 UTC        
 RAD variables written at  2009-10-07 03:00:00 UTC        
 $$$  2009-10-07 03:00:00 UTC        
 $$$ max, min of ps (mb) =  1023.72  685.74
 CLM History variables written
 SRF variables written at  2009-10-07 04:00:00 UTC        
 RAD variables written at  2009-10-07 04:00:00 UTC        
 CLM History variables written
 SRF variables written at  2009-10-07 05:00:00 UTC        
 RAD variables written at  2009-10-07 05:00:00 UTC        
 CLM History variables written
 SRF variables written at  2009-10-07 06:00:00 UTC        
 RAD variables written at  2009-10-07 06:00:00 UTC        
 SEARCH BC data for 2009100712 , step =    12000
 READY  BC from     2009100706  to 2009100712 
 $$$  2009-10-07 06:00:00 UTC        
 $$$ max, min of ps (mb) =  1023.45  685.49
 CLM History variables written
 SRF variables written at  2009-10-07 07:00:00 UTC        
 RAD variables written at  2009-10-07 07:00:00 UTC        
 CLM History variables written
 SRF variables written at  2009-10-07 08:00:00 UTC        
 RAD variables written at  2009-10-07 08:00:00 UTC        
 CLM History variables written
 SRF variables written at  2009-10-07 09:00:00 UTC        
 RAD variables written at  2009-10-07 09:00:00 UTC        
 $$$  2009-10-07 09:00:00 UTC        
 $$$ max, min of ps (mb) =  1023.50  686.13
 CLM History variables written
 SRF variables written at  2009-10-07 10:00:00 UTC        
 RAD variables written at  2009-10-07 10:00:00 UTC        
 CLM History variables written
 SRF variables written at  2009-10-07 11:00:00 UTC        
 RAD variables written at  2009-10-07 11:00:00 UTC        
 CLM History variables written
 SRF variables written at  2009-10-07 12:00:00 UTC        
 RAD variables written at  2009-10-07 12:00:00 UTC        
 SEARCH BC data for 2009100718 , step =    12480
 READY  BC from     2009100712  to 2009100718 
 $$$  2009-10-07 12:00:00 UTC        
 $$$ max, min of ps (mb) =  1023.55  686.60
 CLM History variables written
 SRF variables written at  2009-10-07 13:00:00 UTC        
 RAD variables written at  2009-10-07 13:00:00 UTC        
 CLM History variables written
 SRF variables written at  2009-10-07 14:00:00 UTC        
 RAD variables written at  2009-10-07 14:00:00 UTC        
 CLM History variables written
 SRF variables written at  2009-10-07 15:00:00 UTC        
 RAD variables written at  2009-10-07 15:00:00 UTC        
 $$$  2009-10-07 15:00:00 UTC        
 $$$ max, min of ps (mb) =  1022.55  685.88
 CLM History variables written
 SRF variables written at  2009-10-07 16:00:00 UTC        
 RAD variables written at  2009-10-07 16:00:00 UTC        
 CLM History variables written
 SRF variables written at  2009-10-07 17:00:00 UTC        
 RAD variables written at  2009-10-07 17:00:00 UTC        
 CLM History variables written
 SRF variables written at  2009-10-07 18:00:00 UTC        
 RAD variables written at  2009-10-07 18:00:00 UTC        
 SEARCH BC data for 2009100800 , step =    12960
 READY  BC from     2009100718  to 2009100800 
 $$$  2009-10-07 18:00:00 UTC        
 $$$ max, min of ps (mb) =  1021.59  685.31
 CLM History variables written
 SRF variables written at  2009-10-07 19:00:00 UTC        
 RAD variables written at  2009-10-07 19:00:00 UTC        
 CLM History variables written
 SRF variables written at  2009-10-07 20:00:00 UTC        
 RAD variables written at  2009-10-07 20:00:00 UTC        
 CLM History variables written
 SRF variables written at  2009-10-07 21:00:00 UTC        
 RAD variables written at  2009-10-07 21:00:00 UTC        
 $$$  2009-10-07 21:00:00 UTC        
 $$$ max, min of ps (mb) =  1021.15  685.00
 CLM History variables written
 SRF variables written at  2009-10-07 22:00:00 UTC        
 RAD variables written at  2009-10-07 22:00:00 UTC        
 CLM History variables written
 SRF variables written at  2009-10-07 23:00:00 UTC        
 RAD variables written at  2009-10-07 23:00:00 UTC        
 Write restart file for CLM at  2009-10-08 00:00:00 UTC        
 CLM History variables written
 history tape             1 : no open file to close
 Closing local history file output//EURR-3.clm.regcm.h1.20091001_03600.nc
 Writing restart dataset on output/EURR-3.clm.regcm.r.2009100800.nc
 Writing restart dataset on output//EURR-3.clm.regcm.rh0.2009100800.nc
 Writing restart dataset on output//EURR-3.clm.regcm.rh1.2009100800.nc
 Successfully wrote out restart data for CLM 4.5
 At  2009-10-08 00:00:00 UTC        
 JDay    280.00000 solar declination angle =  -5.41076681 degrees
                   solar TSI irradiance    =    1355.8045 W/m^2
 ATM variables written at  2009-10-08 00:00:00 UTC        
 SRF variables written at  2009-10-08 00:00:00 UTC        
 STS variables written at  2009-10-08 00:00:00 UTC        
 RAD variables written at  2009-10-08 00:00:00 UTC        
 SAV variables written at  2009-10-08 00:00:00 UTC        
 Final time  2009-10-08 00:00:00 UTC reached.
 Elapsed seconds of run for this final timeslice :     696.0884    
 : this run stops at  : 2026-02-13 09:19:05+0100
 : Run has been completed using            32  processors.
 : Total elapsed seconds of run :     3760.799897909164     
 RegCM V5 simulation successfully reached end
