WARNING: Device-side CUDA Event completion trace is currently enabled.
         This may increase runtime overhead and the likelihood of false
         dependencies across CUDA Streams. If you wish to avoid this, please
         disable the feature with --cuda-event-trace=false.
WARNING: Device-side CUDA Event completion trace is currently enabled.
         This may increase runtime overhead and the likelihood of false
         dependencies across CUDA Streams. If you wish to avoid this, please
         disable the feature with --cuda-event-trace=false.
WARNING: Device-side CUDA Event completion trace is currently enabled.
         This may increase runtime overhead and the likelihood of false
         dependencies across CUDA Streams. If you wish to avoid this, please
         disable the feature with --cuda-event-trace=false.
WARNING: Device-side CUDA Event completion trace is currently enabled.
         This may increase runtime overhead and the likelihood of false
         dependencies across CUDA Streams. If you wish to avoid this, please
         disable the feature with --cuda-event-trace=false.
WARNING: Device-side CUDA Event completion trace is currently enabled.
         This may increase runtime overhead and the likelihood of false
         dependencies across CUDA Streams. If you wish to avoid this, please
         disable the feature with --cuda-event-trace=false.
WARNING: Device-side CUDA Event completion trace is currently enabled.
         This may increase runtime overhead and the likelihood of false
         dependencies across CUDA Streams. If you wish to avoid this, please
         disable the feature with --cuda-event-trace=false.
WARNING: Device-side CUDA Event completion trace is currently enabled.
         This may increase runtime overhead and the likelihood of false
         dependencies across CUDA Streams. If you wish to avoid this, please
         disable the feature with --cuda-event-trace=false.
WARNING: Device-side CUDA Event completion trace is currently enabled.
         This may increase runtime overhead and the likelihood of false
         dependencies across CUDA Streams. If you wish to avoid this, please
         disable the feature with --cuda-event-trace=false.
slurmstepd: error:  mpi/pmix_v3: _errhandler: lrdn2586 [1]: pmixp_client_v2.c:212: Error handler invoked: status = -25, source = [slurm.pmix.39623993.0:6]
srun: error: Munge decode failed: Expired credential
srun: auth/munge: _print_cred: ENCODED: Sun Apr 12 05:52:07 2026
srun: auth/munge: _print_cred: DECODED: Sun Apr 12 05:59:05 2026
[lrdn2562:347804:0:347804] ib_mlx5_log.c:184  Transport retry count exceeded on mlx5_0:1/IB (synd 0x15 vend 0x81 hw_synd 0/0)
[lrdn2562:347804:0:347804] ib_mlx5_log.c:184  RC QP 0x5941 wqe[16965]: SEND --e [inl len 87] [rqpn 0xc27f dlid=10330 sl=0 port=1 src_path_bits=0]
[lrdn2562:347805:0:347805] ib_mlx5_log.c:184  Transport retry count exceeded on mlx5_0:1/IB (synd 0x15 vend 0x81 hw_synd 0/0)
[lrdn2562:347805:0:347805] ib_mlx5_log.c:184  RC QP 0x5940 wqe[20736]: SEND --e [inl len 87] [rqpn 0xc27e dlid=10330 sl=0 port=1 src_path_bits=0]
[lrdn2562:347811:0:347811] ib_mlx5_log.c:184  Transport retry count exceeded on mlx5_0:1/IB (synd 0x15 vend 0x81 hw_synd 0/0)
[lrdn2562:347811:0:347811] ib_mlx5_log.c:184  RC QP 0x5942 wqe[20728]: SEND --e [inl len 87] [rqpn 0xc281 dlid=10330 sl=0 port=1 src_path_bits=0]
[lrdn2562:347806:0:347806] ib_mlx5_log.c:184  Transport retry count exceeded on mlx5_0:1/IB (synd 0x15 vend 0x81 hw_synd 0/0)
[lrdn2562:347806:0:347806] ib_mlx5_log.c:184  RC QP 0x5943 wqe[20736]: SEND --e [inl len 87] [rqpn 0xc280 dlid=10330 sl=0 port=1 src_path_bits=0]
srun: error: slurm_unpack_received_msg: [[10.128.255.221]:39766] auth_g_verify: SRUN_JOB_COMPLETE has authentication error: Unspecified error
srun: error: slurm_unpack_received_msg: [[10.128.255.221]:39766] Protocol authentication error
srun: error: Munge decode failed: Expired credential
srun: auth/munge: _print_cred: ENCODED: Sun Apr 12 05:52:14 2026
srun: auth/munge: _print_cred: DECODED: Sun Apr 12 05:59:06 2026
srun: error: slurm_unpack_received_msg: [[lrdn2586-interconnect-1.leonardo.local]:35238] auth_g_verify: MESSAGE_TASK_EXIT has authentication error: Unspecified error
srun: error: slurm_unpack_received_msg: [[lrdn2586-interconnect-1.leonardo.local]:35238] Protocol authentication error
srun: error: Munge decode failed: Expired credential
srun: auth/munge: _print_cred: ENCODED: Sun Apr 12 05:52:07 2026
srun: auth/munge: _print_cred: DECODED: Sun Apr 12 05:59:06 2026
srun: error: slurm_unpack_received_msg: [[10.128.255.221]:39758] auth_g_verify: SRUN_NODE_FAIL has authentication error: Unspecified error
srun: error: slurm_unpack_received_msg: [[10.128.255.221]:39758] Protocol authentication error
srun: error: lrdn2586: tasks 4-7: Terminated
srun: error: slurm_send_node_msg: [socket:[100442310]] slurm_bufs_sendto(msg_type=RESPONSE_SLURM_RC) failed: Unexpected missing socket error
srun: error: lrdn2586: tasks 4-7: Terminated
srun: error: Task 4 reported exit for a second time.
srun: error: Task 5 reported exit for a second time.
srun: error: Task 6 reported exit for a second time.
srun: error: Task 7 reported exit for a second time.
srun: error: slurm_send_node_msg: [socket:[100437507]] slurm_bufs_sendto(msg_type=RESPONSE_SLURM_RC) failed: Unexpected missing socket error
srun: error: lrdn2586: tasks 4-7: Terminated
srun: error: Task 4 reported exit for a second time.
srun: error: Task 5 reported exit for a second time.
srun: error: Task 6 reported exit for a second time.
srun: error: Task 7 reported exit for a second time.
==== backtrace (tid: 347811) ====
 0 0x0000000000028e60 uct_ib_mlx5_completion_with_err()  /build-result/src/hpcx-v2.19-gcc-mlnx_ofed-redhat7-cuda12-x86_64/ucx-7bb2722ff2187a0cad557ae4a6afa090569f83fb/src/uct/ib/mlx5/ib_mlx5_log.c:179
 1 0x0000000000043cd7 uct_rc_mlx5_iface_handle_failure()  /build-result/src/hpcx-v2.19-gcc-mlnx_ofed-redhat7-cuda12-x86_64/ucx-7bb2722ff2187a0cad557ae4a6afa090569f83fb/src/uct/ib/rc/accel/rc_mlx5_iface.c:299
 2 0x0000000000029f75 uct_ib_mlx5_check_completion()  /build-result/src/hpcx-v2.19-gcc-mlnx_ofed-redhat7-cuda12-x86_64/ucx-7bb2722ff2187a0cad557ae4a6afa090569f83fb/src/uct/ib/mlx5/ib_mlx5.c:476
 3 0x00000000000451bf uct_ib_mlx5_poll_cq()  /build-result/src/hpcx-v2.19-gcc-mlnx_ofed-redhat7-cuda12-x86_64/ucx-7bb2722ff2187a0cad557ae4a6afa090569f83fb/src/uct/ib/mlx5/ib_mlx5.inl:148
 4 0x00000000000451bf uct_rc_mlx5_iface_progress()  /build-result/src/hpcx-v2.19-gcc-mlnx_ofed-redhat7-cuda12-x86_64/ucx-7bb2722ff2187a0cad557ae4a6afa090569f83fb/src/uct/ib/rc/accel/rc_mlx5_iface.c:190
 5 0x00000000000451bf uct_rc_mlx5_iface_progress_cyclic()  /build-result/src/hpcx-v2.19-gcc-mlnx_ofed-redhat7-cuda12-x86_64/ucx-7bb2722ff2187a0cad557ae4a6afa090569f83fb/src/uct/ib/rc/accel/rc_mlx5_iface.c:195
 6 0x00000000000512aa ucs_callbackq_dispatch()  /build-result/src/hpcx-v2.19-gcc-mlnx_ofed-redhat7-cuda12-x86_64/ucx-7bb2722ff2187a0cad557ae4a6afa090569f83fb/src/ucs/datastruct/callbackq.h:215
 7 0x00000000000512aa uct_worker_progress()  /build-result/src/hpcx-v2.19-gcc-mlnx_ofed-redhat7-cuda12-x86_64/ucx-7bb2722ff2187a0cad557ae4a6afa090569f83fb/src/uct/api/uct.h:2787
 8 0x00000000000512aa ucp_worker_progress()  /build-result/src/hpcx-v2.19-gcc-mlnx_ofed-redhat7-cuda12-x86_64/ucx-7bb2722ff2187a0cad557ae4a6afa090569f83fb/src/ucp/core/ucp_worker.c:2996
 9 0x0000000000036b9c opal_progress()  /var/jenkins/workspace/rel_nv_lib_hpcx_cuda12_x86_64/work/rebuild_ompi/ompi/build/opal/../../opal/runtime/opal_progress.c:231
10 0x000000000003d5e5 ompi_sync_wait_mt()  /var/jenkins/workspace/rel_nv_lib_hpcx_cuda12_x86_64/work/rebuild_ompi/ompi/build/opal/../../opal/threads/wait_sync.c:85
11 0x000000000004ea98 ompi_request_default_wait_all()  /var/jenkins/workspace/rel_nv_lib_hpcx_cuda12_x86_64/work/rebuild_ompi/ompi/build/ompi/../../ompi/request/req_wait.c:234
12 0x0000000000007b94 mca_coll_basic_neighbor_alltoallv_cart()  /var/jenkins/workspace/rel_nv_lib_hpcx_cuda12_x86_64/work/rebuild_ompi/ompi/build/ompi/mca/coll/basic/../../../../../ompi/mca/coll/basic/coll_basic_neighbor_alltoallv.c:118
13 0x0000000000007b94 mca_coll_basic_neighbor_alltoallv()  /var/jenkins/workspace/rel_nv_lib_hpcx_cuda12_x86_64/work/rebuild_ompi/ompi/build/ompi/mca/coll/basic/../../../../../ompi/mca/coll/basic/coll_basic_neighbor_alltoallv.c:250
14 0x000000000006f0c7 PMPI_Neighbor_alltoallv()  /var/jenkins/workspace/rel_nv_lib_hpcx_cuda12_x86_64/work/rebuild_ompi/ompi/build/ompi/mpi/c/profile/pneighbor_alltoallv.c:148
15 0x000000000004b648 ompi_neighbor_alltoallv_f()  /var/jenkins/workspace/rel_nv_lib_hpcx_cuda12_x86_64/work/rebuild_ompi/ompi/build/ompi/mpi/fortran/mpif-h/profile/pneighbor_alltoallv_f.c:100
16 0x000000000171714c mod_mppparam_real8_3d_exchange_left_bottom_()  /leonardo/home/userexternal/ctica000/MS_thesis/RegCM/Main/mpplib/mod_mppparam.F90:5374
17 0x0000000001192779 mod_pbl_holtbl_holtbl_()  /leonardo/home/userexternal/ctica000/MS_thesis/RegCM/Share/pfqsat.inc:547
18 0x0000000000a2a33b mod_moloch_physical_parametrizations_()  /leonardo/home/userexternal/ctica000/MS_thesis/RegCM/Main/mod_moloch.F90:1911
19 0x00000000009d4735 mod_moloch_moloch_()  /leonardo/home/userexternal/ctica000/MS_thesis/RegCM/Main/mod_moloch.F90:579
20 0x00000000004496a0 mod_regcm_interface_rcm_run_()  /leonardo/home/userexternal/ctica000/MS_thesis/RegCM/Main/mod_regcm_interface.F90:265
21 0x0000000000a3f997 MAIN_()  /leonardo/home/userexternal/ctica000/MS_thesis/RegCM/Main/regcm.F90:83
22 0x00000000004484b1 main()  ???:0
23 0x000000000003ad85 __libc_start_main()  ???:0
24 0x000000000044839e _start()  ???:0
=================================
==== backtrace (tid: 347805) ====
 0 0x0000000000028e60 uct_ib_mlx5_completion_with_err()  /build-result/src/hpcx-v2.19-gcc-mlnx_ofed-redhat7-cuda12-x86_64/ucx-7bb2722ff2187a0cad557ae4a6afa090569f83fb/src/uct/ib/mlx5/ib_mlx5_log.c:179
 1 0x0000000000043cd7 uct_rc_mlx5_iface_handle_failure()  /build-result/src/hpcx-v2.19-gcc-mlnx_ofed-redhat7-cuda12-x86_64/ucx-7bb2722ff2187a0cad557ae4a6afa090569f83fb/src/uct/ib/rc/accel/rc_mlx5_iface.c:299
 2 0x0000000000029f75 uct_ib_mlx5_check_completion()  /build-result/src/hpcx-v2.19-gcc-mlnx_ofed-redhat7-cuda12-x86_64/ucx-7bb2722ff2187a0cad557ae4a6afa090569f83fb/src/uct/ib/mlx5/ib_mlx5.c:476
 3 0x00000000000451bf uct_ib_mlx5_poll_cq()  /build-result/src/hpcx-v2.19-gcc-mlnx_ofed-redhat7-cuda12-x86_64/ucx-7bb2722ff2187a0cad557ae4a6afa090569f83fb/src/uct/ib/mlx5/ib_mlx5.inl:148
 4 0x00000000000451bf uct_rc_mlx5_iface_progress()  /build-result/src/hpcx-v2.19-gcc-mlnx_ofed-redhat7-cuda12-x86_64/ucx-7bb2722ff2187a0cad557ae4a6afa090569f83fb/src/uct/ib/rc/accel/rc_mlx5_iface.c:190
 5 0x00000000000451bf uct_rc_mlx5_iface_progress_cyclic()  /build-result/src/hpcx-v2.19-gcc-mlnx_ofed-redhat7-cuda12-x86_64/ucx-7bb2722ff2187a0cad557ae4a6afa090569f83fb/src/uct/ib/rc/accel/rc_mlx5_iface.c:195
 6 0x00000000000512aa ucs_callbackq_dispatch()  /build-result/src/hpcx-v2.19-gcc-mlnx_ofed-redhat7-cuda12-x86_64/ucx-7bb2722ff2187a0cad557ae4a6afa090569f83fb/src/ucs/datastruct/callbackq.h:215
 7 0x00000000000512aa uct_worker_progress()  /build-result/src/hpcx-v2.19-gcc-mlnx_ofed-redhat7-cuda12-x86_64/ucx-7bb2722ff2187a0cad557ae4a6afa090569f83fb/src/uct/api/uct.h:2787
 8 0x00000000000512aa ucp_worker_progress()  /build-result/src/hpcx-v2.19-gcc-mlnx_ofed-redhat7-cuda12-x86_64/ucx-7bb2722ff2187a0cad557ae4a6afa090569f83fb/src/ucp/core/ucp_worker.c:2996
 9 0x0000000000036b9c opal_progress()  /var/jenkins/workspace/rel_nv_lib_hpcx_cuda12_x86_64/work/rebuild_ompi/ompi/build/opal/../../opal/runtime/opal_progress.c:231
10 0x000000000003d5e5 ompi_sync_wait_mt()  /var/jenkins/workspace/rel_nv_lib_hpcx_cuda12_x86_64/work/rebuild_ompi/ompi/build/opal/../../opal/threads/wait_sync.c:85
11 0x000000000004ea98 ompi_request_default_wait_all()  /var/jenkins/workspace/rel_nv_lib_hpcx_cuda12_x86_64/work/rebuild_ompi/ompi/build/ompi/../../ompi/request/req_wait.c:234
12 0x0000000000007b94 mca_coll_basic_neighbor_alltoallv_cart()  /var/jenkins/workspace/rel_nv_lib_hpcx_cuda12_x86_64/work/rebuild_ompi/ompi/build/ompi/mca/coll/basic/../../../../../ompi/mca/coll/basic/coll_basic_neighbor_alltoallv.c:118
13 0x0000000000007b94 mca_coll_basic_neighbor_alltoallv()  /var/jenkins/workspace/rel_nv_lib_hpcx_cuda12_x86_64/work/rebuild_ompi/ompi/build/ompi/mca/coll/basic/../../../../../ompi/mca/coll/basic/coll_basic_neighbor_alltoallv.c:250
14 0x000000000006f0c7 PMPI_Neighbor_alltoallv()  /var/jenkins/workspace/rel_nv_lib_hpcx_cuda12_x86_64/work/rebuild_ompi/ompi/build/ompi/mpi/c/profile/pneighbor_alltoallv.c:148
15 0x000000000004b648 ompi_neighbor_alltoallv_f()  /var/jenkins/workspace/rel_nv_lib_hpcx_cuda12_x86_64/work/rebuild_ompi/ompi/build/ompi/mpi/fortran/mpif-h/profile/pneighbor_alltoallv_f.c:100
16 0x000000000171714c mod_mppparam_real8_3d_exchange_left_bottom_()  /leonardo/home/userexternal/ctica000/MS_thesis/RegCM/Main/mpplib/mod_mppparam.F90:5374
17 0x0000000001192779 mod_pbl_holtbl_holtbl_()  /leonardo/home/userexternal/ctica000/MS_thesis/RegCM/Share/pfqsat.inc:547
18 0x0000000000a2a33b mod_moloch_physical_parametrizations_()  /leonardo/home/userexternal/ctica000/MS_thesis/RegCM/Main/mod_moloch.F90:1911
19 0x00000000009d4735 mod_moloch_moloch_()  /leonardo/home/userexternal/ctica000/MS_thesis/RegCM/Main/mod_moloch.F90:579
20 0x00000000004496a0 mod_regcm_interface_rcm_run_()  /leonardo/home/userexternal/ctica000/MS_thesis/RegCM/Main/mod_regcm_interface.F90:265
21 0x0000000000a3f997 MAIN_()  /leonardo/home/userexternal/ctica000/MS_thesis/RegCM/Main/regcm.F90:83
22 0x00000000004484b1 main()  ???:0
23 0x000000000003ad85 __libc_start_main()  ???:0
24 0x000000000044839e _start()  ???:0
=================================
==== backtrace (tid: 347804) ====
 0 0x0000000000028e60 uct_ib_mlx5_completion_with_err()  /build-result/src/hpcx-v2.19-gcc-mlnx_ofed-redhat7-cuda12-x86_64/ucx-7bb2722ff2187a0cad557ae4a6afa090569f83fb/src/uct/ib/mlx5/ib_mlx5_log.c:179
 1 0x0000000000043cd7 uct_rc_mlx5_iface_handle_failure()  /build-result/src/hpcx-v2.19-gcc-mlnx_ofed-redhat7-cuda12-x86_64/ucx-7bb2722ff2187a0cad557ae4a6afa090569f83fb/src/uct/ib/rc/accel/rc_mlx5_iface.c:299
 2 0x0000000000029f75 uct_ib_mlx5_check_completion()  /build-result/src/hpcx-v2.19-gcc-mlnx_ofed-redhat7-cuda12-x86_64/ucx-7bb2722ff2187a0cad557ae4a6afa090569f83fb/src/uct/ib/mlx5/ib_mlx5.c:476
 3 0x00000000000451bf uct_ib_mlx5_poll_cq()  /build-result/src/hpcx-v2.19-gcc-mlnx_ofed-redhat7-cuda12-x86_64/ucx-7bb2722ff2187a0cad557ae4a6afa090569f83fb/src/uct/ib/mlx5/ib_mlx5.inl:148
 4 0x00000000000451bf uct_rc_mlx5_iface_progress()  /build-result/src/hpcx-v2.19-gcc-mlnx_ofed-redhat7-cuda12-x86_64/ucx-7bb2722ff2187a0cad557ae4a6afa090569f83fb/src/uct/ib/rc/accel/rc_mlx5_iface.c:190
 5 0x00000000000451bf uct_rc_mlx5_iface_progress_cyclic()  /build-result/src/hpcx-v2.19-gcc-mlnx_ofed-redhat7-cuda12-x86_64/ucx-7bb2722ff2187a0cad557ae4a6afa090569f83fb/src/uct/ib/rc/accel/rc_mlx5_iface.c:195
 6 0x00000000000512aa ucs_callbackq_dispatch()  /build-result/src/hpcx-v2.19-gcc-mlnx_ofed-redhat7-cuda12-x86_64/ucx-7bb2722ff2187a0cad557ae4a6afa090569f83fb/src/ucs/datastruct/callbackq.h:215
 7 0x00000000000512aa uct_worker_progress()  /build-result/src/hpcx-v2.19-gcc-mlnx_ofed-redhat7-cuda12-x86_64/ucx-7bb2722ff2187a0cad557ae4a6afa090569f83fb/src/uct/api/uct.h:2787
 8 0x00000000000512aa ucp_worker_progress()  /build-result/src/hpcx-v2.19-gcc-mlnx_ofed-redhat7-cuda12-x86_64/ucx-7bb2722ff2187a0cad557ae4a6afa090569f83fb/src/ucp/core/ucp_worker.c:2996
 9 0x0000000000036b9c opal_progress()  /var/jenkins/workspace/rel_nv_lib_hpcx_cuda12_x86_64/work/rebuild_ompi/ompi/build/opal/../../opal/runtime/opal_progress.c:231
10 0x000000000003d5e5 ompi_sync_wait_mt()  /var/jenkins/workspace/rel_nv_lib_hpcx_cuda12_x86_64/work/rebuild_ompi/ompi/build/opal/../../opal/threads/wait_sync.c:85
11 0x000000000004ea98 ompi_request_default_wait_all()  /var/jenkins/workspace/rel_nv_lib_hpcx_cuda12_x86_64/work/rebuild_ompi/ompi/build/ompi/../../ompi/request/req_wait.c:234
12 0x0000000000007b94 mca_coll_basic_neighbor_alltoallv_cart()  /var/jenkins/workspace/rel_nv_lib_hpcx_cuda12_x86_64/work/rebuild_ompi/ompi/build/ompi/mca/coll/basic/../../../../../ompi/mca/coll/basic/coll_basic_neighbor_alltoallv.c:118
13 0x0000000000007b94 mca_coll_basic_neighbor_alltoallv()  /var/jenkins/workspace/rel_nv_lib_hpcx_cuda12_x86_64/work/rebuild_ompi/ompi/build/ompi/mca/coll/basic/../../../../../ompi/mca/coll/basic/coll_basic_neighbor_alltoallv.c:250
14 0x000000000006f0c7 PMPI_Neighbor_alltoallv()  /var/jenkins/workspace/rel_nv_lib_hpcx_cuda12_x86_64/work/rebuild_ompi/ompi/build/ompi/mpi/c/profile/pneighbor_alltoallv.c:148
15 0x000000000004b648 ompi_neighbor_alltoallv_f()  /var/jenkins/workspace/rel_nv_lib_hpcx_cuda12_x86_64/work/rebuild_ompi/ompi/build/ompi/mpi/fortran/mpif-h/profile/pneighbor_alltoallv_f.c:100
16 0x000000000171714c mod_mppparam_real8_3d_exchange_left_bottom_()  /leonardo/home/userexternal/ctica000/MS_thesis/RegCM/Main/mpplib/mod_mppparam.F90:5374
17 0x0000000001192779 mod_pbl_holtbl_holtbl_()  /leonardo/home/userexternal/ctica000/MS_thesis/RegCM/Share/pfqsat.inc:547
18 0x0000000000a2a33b mod_moloch_physical_parametrizations_()  /leonardo/home/userexternal/ctica000/MS_thesis/RegCM/Main/mod_moloch.F90:1911
19 0x00000000009d4735 mod_moloch_moloch_()  /leonardo/home/userexternal/ctica000/MS_thesis/RegCM/Main/mod_moloch.F90:579
20 0x00000000004496a0 mod_regcm_interface_rcm_run_()  /leonardo/home/userexternal/ctica000/MS_thesis/RegCM/Main/mod_regcm_interface.F90:265
21 0x0000000000a3f997 MAIN_()  /leonardo/home/userexternal/ctica000/MS_thesis/RegCM/Main/regcm.F90:83
22 0x00000000004484b1 main()  ???:0
23 0x000000000003ad85 __libc_start_main()  ???:0
24 0x000000000044839e _start()  ???:0
=================================
[lrdn2562:347811] *** Process received signal ***
[lrdn2562:347811] Signal: Aborted (6)
[lrdn2562:347811] Signal code:  (-6)
==== backtrace (tid: 347806) ====
 0 0x0000000000028e60 uct_ib_mlx5_completion_with_err()  /build-result/src/hpcx-v2.19-gcc-mlnx_ofed-redhat7-cuda12-x86_64/ucx-7bb2722ff2187a0cad557ae4a6afa090569f83fb/src/uct/ib/mlx5/ib_mlx5_log.c:179
 1 0x0000000000043cd7 uct_rc_mlx5_iface_handle_failure()  /build-result/src/hpcx-v2.19-gcc-mlnx_ofed-redhat7-cuda12-x86_64/ucx-7bb2722ff2187a0cad557ae4a6afa090569f83fb/src/uct/ib/rc/accel/rc_mlx5_iface.c:299
 2 0x0000000000029f75 uct_ib_mlx5_check_completion()  /build-result/src/hpcx-v2.19-gcc-mlnx_ofed-redhat7-cuda12-x86_64/ucx-7bb2722ff2187a0cad557ae4a6afa090569f83fb/src/uct/ib/mlx5/ib_mlx5.c:476
 3 0x00000000000451bf uct_ib_mlx5_poll_cq()  /build-result/src/hpcx-v2.19-gcc-mlnx_ofed-redhat7-cuda12-x86_64/ucx-7bb2722ff2187a0cad557ae4a6afa090569f83fb/src/uct/ib/mlx5/ib_mlx5.inl:148
 4 0x00000000000451bf uct_rc_mlx5_iface_progress()  /build-result/src/hpcx-v2.19-gcc-mlnx_ofed-redhat7-cuda12-x86_64/ucx-7bb2722ff2187a0cad557ae4a6afa090569f83fb/src/uct/ib/rc/accel/rc_mlx5_iface.c:190
 5 0x00000000000451bf uct_rc_mlx5_iface_progress_cyclic()  /build-result/src/hpcx-v2.19-gcc-mlnx_ofed-redhat7-cuda12-x86_64/ucx-7bb2722ff2187a0cad557ae4a6afa090569f83fb/src/uct/ib/rc/accel/rc_mlx5_iface.c:195
 6 0x00000000000512aa ucs_callbackq_dispatch()  /build-result/src/hpcx-v2.19-gcc-mlnx_ofed-redhat7-cuda12-x86_64/ucx-7bb2722ff2187a0cad557ae4a6afa090569f83fb/src/ucs/datastruct/callbackq.h:215
 7 0x00000000000512aa uct_worker_progress()  /build-result/src/hpcx-v2.19-gcc-mlnx_ofed-redhat7-cuda12-x86_64/ucx-7bb2722ff2187a0cad557ae4a6afa090569f83fb/src/uct/api/uct.h:2787
 8 0x00000000000512aa ucp_worker_progress()  /build-result/src/hpcx-v2.19-gcc-mlnx_ofed-redhat7-cuda12-x86_64/ucx-7bb2722ff2187a0cad557ae4a6afa090569f83fb/src/ucp/core/ucp_worker.c:2996
 9 0x0000000000036b9c opal_progress()  /var/jenkins/workspace/rel_nv_lib_hpcx_cuda12_x86_64/work/rebuild_ompi/ompi/build/opal/../../opal/runtime/opal_progress.c:231
10 0x000000000003d5e5 ompi_sync_wait_mt()  /var/jenkins/workspace/rel_nv_lib_hpcx_cuda12_x86_64/work/rebuild_ompi/ompi/build/opal/../../opal/threads/wait_sync.c:85
11 0x000000000004ea98 ompi_request_default_wait_all()  /var/jenkins/workspace/rel_nv_lib_hpcx_cuda12_x86_64/work/rebuild_ompi/ompi/build/ompi/../../ompi/request/req_wait.c:234
12 0x0000000000007b94 mca_coll_basic_neighbor_alltoallv_cart()  /var/jenkins/workspace/rel_nv_lib_hpcx_cuda12_x86_64/work/rebuild_ompi/ompi/build/ompi/mca/coll/basic/../../../../../ompi/mca/coll/basic/coll_basic_neighbor_alltoallv.c:118
13 0x0000000000007b94 mca_coll_basic_neighbor_alltoallv()  /var/jenkins/workspace/rel_nv_lib_hpcx_cuda12_x86_64/work/rebuild_ompi/ompi/build/ompi/mca/coll/basic/../../../../../ompi/mca/coll/basic/coll_basic_neighbor_alltoallv.c:250
14 0x000000000006f0c7 PMPI_Neighbor_alltoallv()  /var/jenkins/workspace/rel_nv_lib_hpcx_cuda12_x86_64/work/rebuild_ompi/ompi/build/ompi/mpi/c/profile/pneighbor_alltoallv.c:148
15 0x000000000004b648 ompi_neighbor_alltoallv_f()  /var/jenkins/workspace/rel_nv_lib_hpcx_cuda12_x86_64/work/rebuild_ompi/ompi/build/ompi/mpi/fortran/mpif-h/profile/pneighbor_alltoallv_f.c:100
16 0x000000000171714c mod_mppparam_real8_3d_exchange_left_bottom_()  /leonardo/home/userexternal/ctica000/MS_thesis/RegCM/Main/mpplib/mod_mppparam.F90:5374
17 0x0000000001192779 mod_pbl_holtbl_holtbl_()  /leonardo/home/userexternal/ctica000/MS_thesis/RegCM/Share/pfqsat.inc:547
18 0x0000000000a2a33b mod_moloch_physical_parametrizations_()  /leonardo/home/userexternal/ctica000/MS_thesis/RegCM/Main/mod_moloch.F90:1911
19 0x00000000009d4735 mod_moloch_moloch_()  /leonardo/home/userexternal/ctica000/MS_thesis/RegCM/Main/mod_moloch.F90:579
20 0x00000000004496a0 mod_regcm_interface_rcm_run_()  /leonardo/home/userexternal/ctica000/MS_thesis/RegCM/Main/mod_regcm_interface.F90:265
21 0x0000000000a3f997 MAIN_()  /leonardo/home/userexternal/ctica000/MS_thesis/RegCM/Main/regcm.F90:83
22 0x00000000004484b1 main()  ???:0
23 0x000000000003ad85 __libc_start_main()  ???:0
24 0x000000000044839e _start()  ???:0
=================================
[lrdn2562:347805] *** Process received signal ***
[lrdn2562:347805] Signal: Aborted (6)
[lrdn2562:347805] Signal code:  (-6)
[lrdn2562:347804] *** Process received signal ***
[lrdn2562:347804] Signal: Aborted (6)
[lrdn2562:347804] Signal code:  (-6)
[lrdn2562:347806] *** Process received signal ***
[lrdn2562:347806] Signal: Aborted (6)
[lrdn2562:347806] Signal code:  (-6)
[lrdn2562:347806] [ 0] /leonardo/prod/spack/06/install/0.22/linux-rhel8-icelake/gcc-8.5.0/nvhpc-24.5-torlmnyzcexnrs6pq4cccabv7ehkv3xy/Linux_x86_64/24.5/comm_libs/12.4/hpcx/hpcx-2.19/ompi/lib/libopen-pal.so.40(+0x76f5a)[0x14f85d7bcf5a]
[lrdn2562:347804] [ 0] /leonardo/prod/spack/06/install/0.22/linux-rhel8-icelake/gcc-8.5.0/nvhpc-24.5-torlmnyzcexnrs6pq4cccabv7ehkv3xy/Linux_x86_64/24.5/comm_libs/12.4/hpcx/hpcx-2.19/ompi/lib/libopen-pal.so.40(+0x76f5a)[0x14a80ddfaf5a]
[lrdn2562:347805] [ 0] /leonardo/prod/spack/06/install/0.22/linux-rhel8-icelake/gcc-8.5.0/nvhpc-24.5-torlmnyzcexnrs6pq4cccabv7ehkv3xy/Linux_x86_64/24.5/comm_libs/12.4/hpcx/hpcx-2.19/ompi/lib/libopen-pal.so.40(+0x76f5a)[0x150707869f5a]
[lrdn2562:347811] [ 0] /leonardo/prod/spack/06/install/0.22/linux-rhel8-icelake/gcc-8.5.0/nvhpc-24.5-torlmnyzcexnrs6pq4cccabv7ehkv3xy/Linux_x86_64/24.5/comm_libs/12.4/hpcx/hpcx-2.19/ompi/lib/libopen-pal.so.40(+0x76f5a)[0x14c1c9e8af5a]
[lrdn2562:347806] [ 1] /leonardo/prod/opt/compilers/nvhpc/25.3/binary/Linux_x86_64/25.3/profilers/Nsight_Systems/target-linux-x64/libToolsInjection64.so(+0x4a7776)[0x14f85cc87776]
[lrdn2562:347804] [ 1] /leonardo/prod/opt/compilers/nvhpc/25.3/binary/Linux_x86_64/25.3/profilers/Nsight_Systems/target-linux-x64/libToolsInjection64.so(+0x4a7776)[0x14a80d2c5776]
[lrdn2562:347806] [ 2] /lib64/libpthread.so.0(+0x12cf0)[0x14f8606d9cf0]
[lrdn2562:347804] [ 2] /lib64/libpthread.so.0(+0x12cf0)[0x14a810d17cf0]
[lrdn2562:347811] [ 1] /leonardo/prod/opt/compilers/nvhpc/25.3/binary/Linux_x86_64/25.3/profilers/Nsight_Systems/target-linux-x64/libToolsInjection64.so(+0x4a7776)[0x14c1c9355776]
[lrdn2562:347805] [ 1] /leonardo/prod/opt/compilers/nvhpc/25.3/binary/Linux_x86_64/25.3/profilers/Nsight_Systems/target-linux-x64/libToolsInjection64.so(+0x4a7776)[0x150706d34776]
[lrdn2562:347805] [ 2] /lib64/libpthread.so.0(+0x12cf0)[0x15070a786cf0]
[lrdn2562:347811] [ 2] /lib64/libpthread.so.0(+0x12cf0)[0x14c1ccda7cf0]
[lrdn2562:347806] [ 3] /lib64/libc.so.6(gsignal+0x10f)[0x14f85fa77acf]
[lrdn2562:347804] [ 3] /lib64/libc.so.6(gsignal+0x10f)[0x14a8100b5acf]
[lrdn2562:347806] [ 4] /lib64/libc.so.6(abort+0x127)[0x14f85fa4aea5]
[lrdn2562:347805] [ 3] /lib64/libc.so.6(gsignal+0x10f)[0x150709b24acf]
[lrdn2562:347804] [ 4] /lib64/libc.so.6(abort+0x127)[0x14a810088ea5]
[lrdn2562:347811] [ 3] /lib64/libc.so.6(gsignal+0x10f)[0x14c1cc145acf]
[lrdn2562:347806] [ 5] /leonardo/prod/spack/06/install/0.22/linux-rhel8-icelake/gcc-8.5.0/nvhpc-24.5-torlmnyzcexnrs6pq4cccabv7ehkv3xy/Linux_x86_64/24.5/comm_libs/12.4/hpcx/hpcx-2.19/ucx/mt/lib/libucs.so.0(ucs_fatal_error_message+0x55)[0x14f83fbf47d5]
[lrdn2562:347806] [ 6] /leonardo/prod/spack/06/install/0.22/linux-rhel8-icelake/gcc-8.5.0/nvhpc-24.5-torlmnyzcexnrs6pq4cccabv7ehkv3xy/Linux_x86_64/24.5/comm_libs/12.4/hpcx/hpcx-2.19/ucx/mt/lib/libucs.so.0(ucs_log_default_handler+0x6e4)[0x14f83fbf9184]
[lrdn2562:347806] [ 7] /leonardo/prod/spack/06/install/0.22/linux-rhel8-icelake/gcc-8.5.0/nvhpc-24.5-torlmnyzcexnrs6pq4cccabv7ehkv3xy/Linux_x86_64/24.5/comm_libs/12.4/hpcx/hpcx-2.19/ucx/mt/lib/libucs.so.0(ucs_log_dispatch+0xdf)[0x14f83fbf972f]
[lrdn2562:347805] [ 4] /lib64/libc.so.6(abort+0x127)[0x150709af7ea5]
[lrdn2562:347805] [ 5] /leonardo/prod/spack/06/install/0.22/linux-rhel8-icelake/gcc-8.5.0/nvhpc-24.5-torlmnyzcexnrs6pq4cccabv7ehkv3xy/Linux_x86_64/24.5/comm_libs/12.4/hpcx/hpcx-2.19/ucx/mt/lib/libucs.so.0(ucs_fatal_error_message+0x55)[0x1506edc247d5]
[lrdn2562:347804] [ 5] /leonardo/prod/spack/06/install/0.22/linux-rhel8-icelake/gcc-8.5.0/nvhpc-24.5-torlmnyzcexnrs6pq4cccabv7ehkv3xy/Linux_x86_64/24.5/comm_libs/12.4/hpcx/hpcx-2.19/ucx/mt/lib/libucs.so.0(ucs_fatal_error_message+0x55)[0x14a7f821f7d5]
[lrdn2562:347804] [ 6] /leonardo/prod/spack/06/install/0.22/linux-rhel8-icelake/gcc-8.5.0/nvhpc-24.5-torlmnyzcexnrs6pq4cccabv7ehkv3xy/Linux_x86_64/24.5/comm_libs/12.4/hpcx/hpcx-2.19/ucx/mt/lib/libucs.so.0(ucs_log_default_handler+0x6e4)[0x14a7f8224184]
[lrdn2562:347804] [ 7] /leonardo/prod/spack/06/install/0.22/linux-rhel8-icelake/gcc-8.5.0/nvhpc-24.5-torlmnyzcexnrs6pq4cccabv7ehkv3xy/Linux_x86_64/24.5/comm_libs/12.4/hpcx/hpcx-2.19/ucx/mt/lib/libucs.so.0(ucs_log_dispatch+0xdf)[0x14a7f822472f]
[lrdn2562:347811] [ 4] /lib64/libc.so.6(abort+0x127)[0x14c1cc118ea5]
[lrdn2562:347811] [ 5] /leonardo/prod/spack/06/install/0.22/linux-rhel8-icelake/gcc-8.5.0/nvhpc-24.5-torlmnyzcexnrs6pq4cccabv7ehkv3xy/Linux_x86_64/24.5/comm_libs/12.4/hpcx/hpcx-2.19/ucx/mt/lib/libucs.so.0(ucs_fatal_error_message+0x55)[0x14c1b42a47d5]
[lrdn2562:347811] [ 6] /leonardo/prod/spack/06/install/0.22/linux-rhel8-icelake/gcc-8.5.0/nvhpc-24.5-torlmnyzcexnrs6pq4cccabv7ehkv3xy/Linux_x86_64/24.5/comm_libs/12.4/hpcx/hpcx-2.19/ucx/mt/lib/libucs.so.0(ucs_log_default_handler+0x6e4)[0x14c1b42a9184]
[lrdn2562:347811] [ 7] /leonardo/prod/spack/06/install/0.22/linux-rhel8-icelake/gcc-8.5.0/nvhpc-24.5-torlmnyzcexnrs6pq4cccabv7ehkv3xy/Linux_x86_64/24.5/comm_libs/12.4/hpcx/hpcx-2.19/ucx/mt/lib/libucs.so.0(ucs_log_dispatch+0xdf)[0x14c1b42a972f]
[lrdn2562:347806] [ 8] /leonardo/prod/spack/06/install/0.22/linux-rhel8-icelake/gcc-8.5.0/nvhpc-24.5-torlmnyzcexnrs6pq4cccabv7ehkv3xy/Linux_x86_64/24.5/comm_libs/12.4/hpcx/hpcx-2.19/ucx/mt/lib/ucx/libuct_ib.so.0(uct_ib_mlx5_completion_with_err+0x710)[0x14f83c88ae60]
[lrdn2562:347806] [ 9] /leonardo/prod/spack/06/install/0.22/linux-rhel8-icelake/gcc-8.5.0/nvhpc-24.5-torlmnyzcexnrs6pq4cccabv7ehkv3xy/Linux_x86_64/24.5/comm_libs/12.4/hpcx/hpcx-2.19/ucx/mt/lib/ucx/libuct_ib.so.0(+0x43cd7)[0x14f83c8a5cd7]
[lrdn2562:347806] [10] /leonardo/prod/spack/06/install/0.22/linux-rhel8-icelake/gcc-8.5.0/nvhpc-24.5-torlmnyzcexnrs6pq4cccabv7ehkv3xy/Linux_x86_64/24.5/comm_libs/12.4/hpcx/hpcx-2.19/ucx/mt/lib/ucx/libuct_ib.so.0(uct_ib_mlx5_check_completion+0x65)[0x14f83c88bf75]
[lrdn2562:347806] [11] /leonardo/prod/spack/06/install/0.22/linux-rhel8-icelake/gcc-8.5.0/nvhpc-24.5-torlmnyzcexnrs6pq4cccabv7ehkv3xy/Linux_x86_64/24.5/comm_libs/12.4/hpcx/hpcx-2.19/ucx/mt/lib/ucx/libuct_ib.so.0(+0x451bf)[0x14f83c8a71bf]
[lrdn2562:347805] [ 6] /leonardo/prod/spack/06/install/0.22/linux-rhel8-icelake/gcc-8.5.0/nvhpc-24.5-torlmnyzcexnrs6pq4cccabv7ehkv3xy/Linux_x86_64/24.5/comm_libs/12.4/hpcx/hpcx-2.19/ucx/mt/lib/libucs.so.0(ucs_log_default_handler+0x6e4)[0x1506edc29184]
[lrdn2562:347805] [ 7] /leonardo/prod/spack/06/install/0.22/linux-rhel8-icelake/gcc-8.5.0/nvhpc-24.5-torlmnyzcexnrs6pq4cccabv7ehkv3xy/Linux_x86_64/24.5/comm_libs/12.4/hpcx/hpcx-2.19/ucx/mt/lib/libucs.so.0(ucs_log_dispatch+0xdf)[0x1506edc2972f]
[lrdn2562:347805] [ 8] /leonardo/prod/spack/06/install/0.22/linux-rhel8-icelake/gcc-8.5.0/nvhpc-24.5-torlmnyzcexnrs6pq4cccabv7ehkv3xy/Linux_x86_64/24.5/comm_libs/12.4/hpcx/hpcx-2.19/ucx/mt/lib/ucx/libuct_ib.so.0(uct_ib_mlx5_completion_with_err+0x710)[0x1506e1d93e60]
[lrdn2562:347805] [ 9] /leonardo/prod/spack/06/install/0.22/linux-rhel8-icelake/gcc-8.5.0/nvhpc-24.5-torlmnyzcexnrs6pq4cccabv7ehkv3xy/Linux_x86_64/24.5/comm_libs/12.4/hpcx/hpcx-2.19/ucx/mt/lib/ucx/libuct_ib.so.0(+0x43cd7)[0x1506e1daecd7]
[lrdn2562:347804] [ 8] /leonardo/prod/spack/06/install/0.22/linux-rhel8-icelake/gcc-8.5.0/nvhpc-24.5-torlmnyzcexnrs6pq4cccabv7ehkv3xy/Linux_x86_64/24.5/comm_libs/12.4/hpcx/hpcx-2.19/ucx/mt/lib/ucx/libuct_ib.so.0(uct_ib_mlx5_completion_with_err+0x710)[0x14a7ee3d7e60]
[lrdn2562:347804] [ 9] /leonardo/prod/spack/06/install/0.22/linux-rhel8-icelake/gcc-8.5.0/nvhpc-24.5-torlmnyzcexnrs6pq4cccabv7ehkv3xy/Linux_x86_64/24.5/comm_libs/12.4/hpcx/hpcx-2.19/ucx/mt/lib/ucx/libuct_ib.so.0(+0x43cd7)[0x14a7ee3f2cd7]
[lrdn2562:347804] [10] /leonardo/prod/spack/06/install/0.22/linux-rhel8-icelake/gcc-8.5.0/nvhpc-24.5-torlmnyzcexnrs6pq4cccabv7ehkv3xy/Linux_x86_64/24.5/comm_libs/12.4/hpcx/hpcx-2.19/ucx/mt/lib/ucx/libuct_ib.so.0(uct_ib_mlx5_check_completion+0x65)[0x14a7ee3d8f75]
[lrdn2562:347804] [11] /leonardo/prod/spack/06/install/0.22/linux-rhel8-icelake/gcc-8.5.0/nvhpc-24.5-torlmnyzcexnrs6pq4cccabv7ehkv3xy/Linux_x86_64/24.5/comm_libs/12.4/hpcx/hpcx-2.19/ucx/mt/lib/ucx/libuct_ib.so.0(+0x451bf)[0x14a7ee3f41bf]
[lrdn2562:347811] [ 8] /leonardo/prod/spack/06/install/0.22/linux-rhel8-icelake/gcc-8.5.0/nvhpc-24.5-torlmnyzcexnrs6pq4cccabv7ehkv3xy/Linux_x86_64/24.5/comm_libs/12.4/hpcx/hpcx-2.19/ucx/mt/lib/ucx/libuct_ib.so.0(uct_ib_mlx5_completion_with_err+0x710)[0x14c1a8392e60]
[lrdn2562:347811] [ 9] /leonardo/prod/spack/06/install/0.22/linux-rhel8-icelake/gcc-8.5.0/nvhpc-24.5-torlmnyzcexnrs6pq4cccabv7ehkv3xy/Linux_x86_64/24.5/comm_libs/12.4/hpcx/hpcx-2.19/ucx/mt/lib/ucx/libuct_ib.so.0(+0x43cd7)[0x14c1a83adcd7]
[lrdn2562:347811] [10] /leonardo/prod/spack/06/install/0.22/linux-rhel8-icelake/gcc-8.5.0/nvhpc-24.5-torlmnyzcexnrs6pq4cccabv7ehkv3xy/Linux_x86_64/24.5/comm_libs/12.4/hpcx/hpcx-2.19/ucx/mt/lib/ucx/libuct_ib.so.0(uct_ib_mlx5_check_completion+0x65)[0x14c1a8393f75]
[lrdn2562:347811] [11] /leonardo/prod/spack/06/install/0.22/linux-rhel8-icelake/gcc-8.5.0/nvhpc-24.5-torlmnyzcexnrs6pq4cccabv7ehkv3xy/Linux_x86_64/24.5/comm_libs/12.4/hpcx/hpcx-2.19/ucx/mt/lib/ucx/libuct_ib.so.0(+0x451bf)[0x14c1a83af1bf]
[lrdn2562:347806] [12] /leonardo/prod/spack/06/install/0.22/linux-rhel8-icelake/gcc-8.5.0/nvhpc-24.5-torlmnyzcexnrs6pq4cccabv7ehkv3xy/Linux_x86_64/24.5/comm_libs/12.4/hpcx/hpcx-2.19/ucx/mt/lib/libucp.so.0(ucp_worker_progress+0x6a)[0x14f83fd722aa]
[lrdn2562:347806] [13] /leonardo/prod/spack/06/install/0.22/linux-rhel8-icelake/gcc-8.5.0/nvhpc-24.5-torlmnyzcexnrs6pq4cccabv7ehkv3xy/Linux_x86_64/24.5/comm_libs/12.4/hpcx/hpcx-2.19/ompi/lib/libopen-pal.so.40(opal_progress+0x2c)[0x14f85d77cb9c]
[lrdn2562:347806] [14] /leonardo/prod/spack/06/install/0.22/linux-rhel8-icelake/gcc-8.5.0/nvhpc-24.5-torlmnyzcexnrs6pq4cccabv7ehkv3xy/Linux_x86_64/24.5/comm_libs/12.4/hpcx/hpcx-2.19/ompi/lib/libopen-pal.so.40(ompi_sync_wait_mt+0xb5)[0x14f85d7835e5]
[lrdn2562:347805] [10] /leonardo/prod/spack/06/install/0.22/linux-rhel8-icelake/gcc-8.5.0/nvhpc-24.5-torlmnyzcexnrs6pq4cccabv7ehkv3xy/Linux_x86_64/24.5/comm_libs/12.4/hpcx/hpcx-2.19/ucx/mt/lib/ucx/libuct_ib.so.0(uct_ib_mlx5_check_completion+0x65)[0x1506e1d94f75]
[lrdn2562:347805] [11] /leonardo/prod/spack/06/install/0.22/linux-rhel8-icelake/gcc-8.5.0/nvhpc-24.5-torlmnyzcexnrs6pq4cccabv7ehkv3xy/Linux_x86_64/24.5/comm_libs/12.4/hpcx/hpcx-2.19/ucx/mt/lib/ucx/libuct_ib.so.0(+0x451bf)[0x1506e1db01bf]
[lrdn2562:347805] [12] /leonardo/prod/spack/06/install/0.22/linux-rhel8-icelake/gcc-8.5.0/nvhpc-24.5-torlmnyzcexnrs6pq4cccabv7ehkv3xy/Linux_x86_64/24.5/comm_libs/12.4/hpcx/hpcx-2.19/ucx/mt/lib/libucp.so.0(ucp_worker_progress+0x6a)[0x1506f412d2aa]
[lrdn2562:347805] [13] /leonardo/prod/spack/06/install/0.22/linux-rhel8-icelake/gcc-8.5.0/nvhpc-24.5-torlmnyzcexnrs6pq4cccabv7ehkv3xy/Linux_x86_64/24.5/comm_libs/12.4/hpcx/hpcx-2.19/ompi/lib/libopen-pal.so.40(opal_progress+0x2c)[0x150707829b9c]
[lrdn2562:347804] [12] /leonardo/prod/spack/06/install/0.22/linux-rhel8-icelake/gcc-8.5.0/nvhpc-24.5-torlmnyzcexnrs6pq4cccabv7ehkv3xy/Linux_x86_64/24.5/comm_libs/12.4/hpcx/hpcx-2.19/ucx/mt/lib/libucp.so.0(ucp_worker_progress+0x6a)[0x14a7f839d2aa]
[lrdn2562:347804] [13] /leonardo/prod/spack/06/install/0.22/linux-rhel8-icelake/gcc-8.5.0/nvhpc-24.5-torlmnyzcexnrs6pq4cccabv7ehkv3xy/Linux_x86_64/24.5/comm_libs/12.4/hpcx/hpcx-2.19/ompi/lib/libopen-pal.so.40(opal_progress+0x2c)[0x14a80ddbab9c]
[lrdn2562:347804] [14] /leonardo/prod/spack/06/install/0.22/linux-rhel8-icelake/gcc-8.5.0/nvhpc-24.5-torlmnyzcexnrs6pq4cccabv7ehkv3xy/Linux_x86_64/24.5/comm_libs/12.4/hpcx/hpcx-2.19/ompi/lib/libopen-pal.so.40(ompi_sync_wait_mt+0xb5)[0x14a80ddc15e5]
[lrdn2562:347811] [12] /leonardo/prod/spack/06/install/0.22/linux-rhel8-icelake/gcc-8.5.0/nvhpc-24.5-torlmnyzcexnrs6pq4cccabv7ehkv3xy/Linux_x86_64/24.5/comm_libs/12.4/hpcx/hpcx-2.19/ucx/mt/lib/libucp.so.0(ucp_worker_progress+0x6a)[0x14c1b44222aa]
[lrdn2562:347811] [13] /leonardo/prod/spack/06/install/0.22/linux-rhel8-icelake/gcc-8.5.0/nvhpc-24.5-torlmnyzcexnrs6pq4cccabv7ehkv3xy/Linux_x86_64/24.5/comm_libs/12.4/hpcx/hpcx-2.19/ompi/lib/libopen-pal.so.40(opal_progress+0x2c)[0x14c1c9e4ab9c]
[lrdn2562:347811] [14] /leonardo/prod/spack/06/install/0.22/linux-rhel8-icelake/gcc-8.5.0/nvhpc-24.5-torlmnyzcexnrs6pq4cccabv7ehkv3xy/Linux_x86_64/24.5/comm_libs/12.4/hpcx/hpcx-2.19/ompi/lib/libopen-pal.so.40(ompi_sync_wait_mt+0xb5)[0x14c1c9e515e5]
[lrdn2562:347805] [14] /leonardo/prod/spack/06/install/0.22/linux-rhel8-icelake/gcc-8.5.0/nvhpc-24.5-torlmnyzcexnrs6pq4cccabv7ehkv3xy/Linux_x86_64/24.5/comm_libs/12.4/hpcx/hpcx-2.19/ompi/lib/libopen-pal.so.40(ompi_sync_wait_mt+0xb5)[0x1507078305e5]
[lrdn2562:347806] [15] /leonardo/prod/spack/06/install/0.22/linux-rhel8-icelake/gcc-8.5.0/nvhpc-24.5-torlmnyzcexnrs6pq4cccabv7ehkv3xy/Linux_x86_64/24.5/comm_libs/12.4/hpcx/hpcx-2.19/ompi/lib/libmpi.so.40(ompi_request_default_wait_all+0x388)[0x14f87d38fa98]
[lrdn2562:347805] [15] /leonardo/prod/spack/06/install/0.22/linux-rhel8-icelake/gcc-8.5.0/nvhpc-24.5-torlmnyzcexnrs6pq4cccabv7ehkv3xy/Linux_x86_64/24.5/comm_libs/12.4/hpcx/hpcx-2.19/ompi/lib/libmpi.so.40(ompi_request_default_wait_all+0x388)[0x15072743ca98]
[lrdn2562:347804] [15] /leonardo/prod/spack/06/install/0.22/linux-rhel8-icelake/gcc-8.5.0/nvhpc-24.5-torlmnyzcexnrs6pq4cccabv7ehkv3xy/Linux_x86_64/24.5/comm_libs/12.4/hpcx/hpcx-2.19/ompi/lib/libmpi.so.40(ompi_request_default_wait_all+0x388)[0x14a82d9cda98]
[lrdn2562:347811] [15] /leonardo/prod/spack/06/install/0.22/linux-rhel8-icelake/gcc-8.5.0/nvhpc-24.5-torlmnyzcexnrs6pq4cccabv7ehkv3xy/Linux_x86_64/24.5/comm_libs/12.4/hpcx/hpcx-2.19/ompi/lib/libmpi.so.40(ompi_request_default_wait_all+0x388)[0x14c1e9a5da98]
[lrdn2562:347806] [16] /leonardo/prod/spack/06/install/0.22/linux-rhel8-icelake/gcc-8.5.0/nvhpc-24.5-torlmnyzcexnrs6pq4cccabv7ehkv3xy/Linux_x86_64/24.5/comm_libs/12.4/hpcx/hpcx-2.19/ompi/lib/openmpi/mca_coll_basic.so(mca_coll_basic_neighbor_alltoallv+0xa14)[0x14f834bf2b94]
[lrdn2562:347805] [16] /leonardo/prod/spack/06/install/0.22/linux-rhel8-icelake/gcc-8.5.0/nvhpc-24.5-torlmnyzcexnrs6pq4cccabv7ehkv3xy/Linux_x86_64/24.5/comm_libs/12.4/hpcx/hpcx-2.19/ompi/lib/openmpi/mca_coll_basic.so(mca_coll_basic_neighbor_alltoallv+0xa14)[0x1506dabf2b94]
[lrdn2562:347804] [16] /leonardo/prod/spack/06/install/0.22/linux-rhel8-icelake/gcc-8.5.0/nvhpc-24.5-torlmnyzcexnrs6pq4cccabv7ehkv3xy/Linux_x86_64/24.5/comm_libs/12.4/hpcx/hpcx-2.19/ompi/lib/openmpi/mca_coll_basic.so(mca_coll_basic_neighbor_alltoallv+0xa14)[0x14a7e45d7b94]
[lrdn2562:347811] [16] /leonardo/prod/spack/06/install/0.22/linux-rhel8-icelake/gcc-8.5.0/nvhpc-24.5-torlmnyzcexnrs6pq4cccabv7ehkv3xy/Linux_x86_64/24.5/comm_libs/12.4/hpcx/hpcx-2.19/ompi/lib/openmpi/mca_coll_basic.so(mca_coll_basic_neighbor_alltoallv+0xa14)[0x14c1a07e5b94]
[lrdn2562:347806] [17] /leonardo/prod/spack/06/install/0.22/linux-rhel8-icelake/gcc-8.5.0/nvhpc-24.5-torlmnyzcexnrs6pq4cccabv7ehkv3xy/Linux_x86_64/24.5/comm_libs/12.4/hpcx/hpcx-2.19/ompi/lib/libmpi.so.40(MPI_Neighbor_alltoallv+0x47)[0x14f87d3b00c7]
[lrdn2562:347804] [17] /leonardo/prod/spack/06/install/0.22/linux-rhel8-icelake/gcc-8.5.0/nvhpc-24.5-torlmnyzcexnrs6pq4cccabv7ehkv3xy/Linux_x86_64/24.5/comm_libs/12.4/hpcx/hpcx-2.19/ompi/lib/libmpi.so.40(MPI_Neighbor_alltoallv+0x47)[0x14a82d9ee0c7]
[lrdn2562:347805] [17] /leonardo/prod/spack/06/install/0.22/linux-rhel8-icelake/gcc-8.5.0/nvhpc-24.5-torlmnyzcexnrs6pq4cccabv7ehkv3xy/Linux_x86_64/24.5/comm_libs/12.4/hpcx/hpcx-2.19/ompi/lib/libmpi.so.40(MPI_Neighbor_alltoallv+0x47)[0x15072745d0c7]
[lrdn2562:347811] [17] /leonardo/prod/spack/06/install/0.22/linux-rhel8-icelake/gcc-8.5.0/nvhpc-24.5-torlmnyzcexnrs6pq4cccabv7ehkv3xy/Linux_x86_64/24.5/comm_libs/12.4/hpcx/hpcx-2.19/ompi/lib/libmpi.so.40(MPI_Neighbor_alltoallv+0x47)[0x14c1e9a7e0c7]
[lrdn2562:347806] [18] /leonardo/prod/spack/06/install/0.22/linux-rhel8-icelake/gcc-8.5.0/nvhpc-24.5-torlmnyzcexnrs6pq4cccabv7ehkv3xy/Linux_x86_64/24.5/comm_libs/12.4/hpcx/hpcx-2.19/ompi/lib/libmpi_mpifh.so.40(pmpi_neighbor_alltoallv+0xb8)[0x14f87d698648]
[lrdn2562:347804] [18] /leonardo/prod/spack/06/install/0.22/linux-rhel8-icelake/gcc-8.5.0/nvhpc-24.5-torlmnyzcexnrs6pq4cccabv7ehkv3xy/Linux_x86_64/24.5/comm_libs/12.4/hpcx/hpcx-2.19/ompi/lib/libmpi_mpifh.so.40(pmpi_neighbor_alltoallv+0xb8)[0x14a82dcd6648]
[lrdn2562:347805] [18] /leonardo/prod/spack/06/install/0.22/linux-rhel8-icelake/gcc-8.5.0/nvhpc-24.5-torlmnyzcexnrs6pq4cccabv7ehkv3xy/Linux_x86_64/24.5/comm_libs/12.4/hpcx/hpcx-2.19/ompi/lib/libmpi_mpifh.so.40(pmpi_neighbor_alltoallv+0xb8)[0x150727745648]
[lrdn2562:347811] [18] /leonardo/prod/spack/06/install/0.22/linux-rhel8-icelake/gcc-8.5.0/nvhpc-24.5-torlmnyzcexnrs6pq4cccabv7ehkv3xy/Linux_x86_64/24.5/comm_libs/12.4/hpcx/hpcx-2.19/ompi/lib/libmpi_mpifh.so.40(pmpi_neighbor_alltoallv+0xb8)[0x14c1e9d66648]
[lrdn2562:347806] [19] /leonardo/home/userexternal/ctica000/MS_thesis/RegCM/bin/regcmMPICLM45_OPENACC_STDPAR(mod_mppparam_real8_3d_exchange_left_bottom_+0x94c)[0x171714c]
[lrdn2562:347804] [19] /leonardo/home/userexternal/ctica000/MS_thesis/RegCM/bin/regcmMPICLM45_OPENACC_STDPAR(mod_mppparam_real8_3d_exchange_left_bottom_+0x94c)[0x171714c]
[lrdn2562:347811] [19] /leonardo/home/userexternal/ctica000/MS_thesis/RegCM/bin/regcmMPICLM45_OPENACC_STDPAR(mod_mppparam_real8_3d_exchange_left_bottom_+0x94c)[0x171714c]
[lrdn2562:347806] [20] /leonardo/home/userexternal/ctica000/MS_thesis/RegCM/bin/regcmMPICLM45_OPENACC_STDPAR(mod_pbl_holtbl_holtbl_+0x1dab9)[0x1192779]
[lrdn2562:347804] [20] /leonardo/home/userexternal/ctica000/MS_thesis/RegCM/bin/regcmMPICLM45_OPENACC_STDPAR(mod_pbl_holtbl_holtbl_+0x1dab9)[0x1192779]
[lrdn2562:347811] [20] /leonardo/home/userexternal/ctica000/MS_thesis/RegCM/bin/regcmMPICLM45_OPENACC_STDPAR(mod_pbl_holtbl_holtbl_+0x1dab9)[0x1192779]
[lrdn2562:347806] [21] /leonardo/home/userexternal/ctica000/MS_thesis/RegCM/bin/regcmMPICLM45_OPENACC_STDPAR(mod_moloch_physical_parametrizations_+0xc9fb)[0xa2a33b]
[lrdn2562:347804] [21] /leonardo/home/userexternal/ctica000/MS_thesis/RegCM/bin/regcmMPICLM45_OPENACC_STDPAR(mod_moloch_physical_parametrizations_+0xc9fb)[0xa2a33b]
[lrdn2562:347811] [21] /leonardo/home/userexternal/ctica000/MS_thesis/RegCM/bin/regcmMPICLM45_OPENACC_STDPAR(mod_moloch_physical_parametrizations_+0xc9fb)[0xa2a33b]
[lrdn2562:347806] [22] /leonardo/home/userexternal/ctica000/MS_thesis/RegCM/bin/regcmMPICLM45_OPENACC_STDPAR(mod_moloch_moloch_+0x1fa35)[0x9d4735]
[lrdn2562:347804] [22] /leonardo/home/userexternal/ctica000/MS_thesis/RegCM/bin/regcmMPICLM45_OPENACC_STDPAR(mod_moloch_moloch_+0x1fa35)[0x9d4735]
[lrdn2562:347811] [22] /leonardo/home/userexternal/ctica000/MS_thesis/RegCM/bin/regcmMPICLM45_OPENACC_STDPAR(mod_moloch_moloch_+0x1fa35)[0x9d4735]
[lrdn2562:347806] [23] /leonardo/home/userexternal/ctica000/MS_thesis/RegCM/bin/regcmMPICLM45_OPENACC_STDPAR(mod_regcm_interface_rcm_run_+0x60)[0x4496a0]
[lrdn2562:347804] [23] /leonardo/home/userexternal/ctica000/MS_thesis/RegCM/bin/regcmMPICLM45_OPENACC_STDPAR(mod_regcm_interface_rcm_run_+0x60)[0x4496a0]
[lrdn2562:347811] [23] /leonardo/home/userexternal/ctica000/MS_thesis/RegCM/bin/regcmMPICLM45_OPENACC_STDPAR(mod_regcm_interface_rcm_run_+0x60)[0x4496a0]
[lrdn2562:347806] [24] /leonardo/home/userexternal/ctica000/MS_thesis/RegCM/bin/regcmMPICLM45_OPENACC_STDPAR(MAIN_+0xd7)[0xa3f997]
[lrdn2562:347804] [24] /leonardo/home/userexternal/ctica000/MS_thesis/RegCM/bin/regcmMPICLM45_OPENACC_STDPAR(MAIN_+0xd7)[0xa3f997]
[lrdn2562:347811] [24] /leonardo/home/userexternal/ctica000/MS_thesis/RegCM/bin/regcmMPICLM45_OPENACC_STDPAR(MAIN_+0xd7)[0xa3f997]
[lrdn2562:347806] [25] /leonardo/home/userexternal/ctica000/MS_thesis/RegCM/bin/regcmMPICLM45_OPENACC_STDPAR(main+0x31)[0x4484b1]
[lrdn2562:347804] [25] /leonardo/home/userexternal/ctica000/MS_thesis/RegCM/bin/regcmMPICLM45_OPENACC_STDPAR(main+0x31)[0x4484b1]
[lrdn2562:347811] [25] /leonardo/home/userexternal/ctica000/MS_thesis/RegCM/bin/regcmMPICLM45_OPENACC_STDPAR(main+0x31)[0x4484b1]
[lrdn2562:347806] [26] /lib64/libc.so.6(__libc_start_main+0xe5)[0x14f85fa63d85]
[lrdn2562:347804] [26] /lib64/libc.so.6(__libc_start_main+0xe5)[0x14a8100a1d85]
[lrdn2562:347811] [26] /lib64/libc.so.6(__libc_start_main+0xe5)[0x14c1cc131d85]
[lrdn2562:347806] [27] /leonardo/home/userexternal/ctica000/MS_thesis/RegCM/bin/regcmMPICLM45_OPENACC_STDPAR(_start+0x2e)[0x44839e]
[lrdn2562:347806] *** End of error message ***
[lrdn2562:347805] [19] /leonardo/home/userexternal/ctica000/MS_thesis/RegCM/bin/regcmMPICLM45_OPENACC_STDPAR(mod_mppparam_real8_3d_exchange_left_bottom_+0x94c)[0x171714c]
[lrdn2562:347805] [20] /leonardo/home/userexternal/ctica000/MS_thesis/RegCM/bin/regcmMPICLM45_OPENACC_STDPAR(mod_pbl_holtbl_holtbl_+0x1dab9)[0x1192779]
[lrdn2562:347805] [21] /leonardo/home/userexternal/ctica000/MS_thesis/RegCM/bin/regcmMPICLM45_OPENACC_STDPAR(mod_moloch_physical_parametrizations_+0xc9fb)[0xa2a33b]
[lrdn2562:347805] [22] /leonardo/home/userexternal/ctica000/MS_thesis/RegCM/bin/regcmMPICLM45_OPENACC_STDPAR(mod_moloch_moloch_+0x1fa35)[0x9d4735]
[lrdn2562:347805] [23] /leonardo/home/userexternal/ctica000/MS_thesis/RegCM/bin/regcmMPICLM45_OPENACC_STDPAR(mod_regcm_interface_rcm_run_+0x60)[0x4496a0]
[lrdn2562:347805] [24] /leonardo/home/userexternal/ctica000/MS_thesis/RegCM/bin/regcmMPICLM45_OPENACC_STDPAR(MAIN_+0xd7)[0xa3f997]
[lrdn2562:347805] [25] /leonardo/home/userexternal/ctica000/MS_thesis/RegCM/bin/regcmMPICLM45_OPENACC_STDPAR(main+0x31)[0x4484b1]
[lrdn2562:347805] [26] /lib64/libc.so.6(__libc_start_main+0xe5)[0x150709b10d85]
[lrdn2562:347804] [27] /leonardo/home/userexternal/ctica000/MS_thesis/RegCM/bin/regcmMPICLM45_OPENACC_STDPAR(_start+0x2e)[0x44839e]
[lrdn2562:347804] *** End of error message ***
[lrdn2562:347811] [27] /leonardo/home/userexternal/ctica000/MS_thesis/RegCM/bin/regcmMPICLM45_OPENACC_STDPAR(_start+0x2e)[0x44839e]
[lrdn2562:347811] *** End of error message ***
[lrdn2562:347805] [27] /leonardo/home/userexternal/ctica000/MS_thesis/RegCM/bin/regcmMPICLM45_OPENACC_STDPAR(_start+0x2e)[0x44839e]
[lrdn2562:347805] *** End of error message ***
slurmstepd: error:  mpi/pmix_v3: _errhandler: lrdn2562 [0]: pmixp_client_v2.c:212: Error handler invoked: status = -25, source = [slurm.pmix.39623993.0:1]
slurmstepd: error: If munged is up, restart with --num-threads=10
slurmstepd: error: Munge encode failed: Failed to access "/run/munge/munge.socket.2": No such file or directory (Did you start munged?)
slurmstepd: error: slurm_buffers_pack_msg: auth_g_create: REQUEST_COMPLETE_BATCH_SCRIPT has authentication error
slurmstepd: error: If munged is up, restart with --num-threads=10
slurmstepd: error: Munge encode failed: Failed to access "/run/munge/munge.socket.2": No such file or directory (Did you start munged?)
slurmstepd: error: slurm_buffers_pack_msg: auth_g_create: REQUEST_COMPLETE_BATCH_SCRIPT has authentication error
