 energy balance in canopy       2971731 , err=  -0.1140378371709446     
 BalanceCheck: surface flux energy balance error step =       137 point =****** imbalance =   -0.114038 W/m2
  sabv           =     0.000000000000000     
  column      =        756048
  sabg           =     0.000000000000000         0.000000000000000      
    0.000000000000000     
  eflx_lwrad_net =     16.92370995798001     
  eflx_sh_tot    =    -25.14874371040698     
  eflx_lh_tot    =     24.38073653941614     
  eflx_soil_grnd =    -16.04166494981832     
 -------------- FATAL CALLED ---------------
  Fatal in file: mod_clm_balancecheck.F90 at line:      735
 clm model is stopping
 -------------------------------------------
 Abort called by computing node             5 at 2025-12-27 04:45:35.690 +0100
 Execution terminated because of runtime error
--------------------------------------------------------------------------
MPI_ABORT was invoked on rank 5 in communicator MPI COMMUNICATOR 3 DUP FROM 0
with errorcode 1.

NOTE: invoking MPI_ABORT causes Open MPI to kill all MPI processes.
You may or may not see output from other processes, depending on
exactly when Open MPI kills them.
--------------------------------------------------------------------------
srun: Job step aborted: Waiting up to 182 seconds for job step to finish.
slurmstepd: error: *** STEP 30894286.0 ON lrdn0551 CANCELLED AT 2025-12-27T04:45:35 ***
srun: error: lrdn0557: task 5: Exited with exit code 1
srun: error: lrdn0557: task 7: Killed
srun: error: lrdn0551: tasks 1-3: Killed
srun: error: lrdn0558: tasks 8-10: Killed
srun: error: lrdn0559: tasks 12-14: Killed
srun: error: lrdn0558: task 11: Killed
srun: error: lrdn0557: tasks 4,6: Killed
srun: error: lrdn0559: task 15: Killed
srun: error: lrdn0551: task 0: Killed
