Loading netcdf-fortran/4.6.1--hpcx-mpi--2.19--nvhpc--24.5
  Loading requirement: glibc/2.28--gcc--12.2.0-gi6mmti bzip2/1.0.8-ib3znej
    gcc-runtime/12.2.0--gcc--12.2.0-dqfwf7y lz4/1.9.4--gcc--12.2.0-dcavnmi
    snappy/1.1.10--gcc--12.2.0-gagtosp zlib-ng/2.1.6-jkgunjc zstd/1.5.6-uq5yyux
    c-blosc/1.21.5--gcc--12.2.0-buk7w2l hpcx-mpi/2.19 pkgconf/2.2.0
    hdf5/1.14.3--hpcx-mpi--2.19--nvhpc--24.5 libaec/1.0.6--gcc--12.2.0-blqbmai
    parallel-netcdf/1.12.3--hpcx-mpi--2.19--nvhpc--24.5
    netcdf-c/4.9.2--hpcx-mpi--2.19--nvhpc--24.5
===== job info =====
Sat May 23 14:48:14 CEST 2026
lrdn1459.leonardo.local
/leonardo/home/userexternal/ctica000/MS_thesis/RegCM/Benchmark/with_IO/1003_1003_50_7days_with_IO/sequential_output/Non_MPS_stdpar/8gpus_COPY/Production_8gpu_8proc_hand_tuned
SLURM_JOB_ID=42323328
SLURM_JOB_NODELIST=lrdn[1459,1997]
SLURM_NNODES=2
SLURM_NTASKS=8
SLURM_TASKS_PER_NODE=4(x2)
SLURM_CPUS_PER_TASK=4
[run_app_leonardo_L2] host=lrdn1459.leonardo.local global=3 local=3 gpu=3 cpuset=12-15 numa=0 CUDA_VISIBLE_DEVICES=3 UCX_NET_DEVICES=auto
[run_app_leonardo_L2] host=lrdn1459.leonardo.local global=0 local=0 gpu=0 cpuset=0-3 numa=0 CUDA_VISIBLE_DEVICES=0 UCX_NET_DEVICES=auto
[run_app_leonardo_L2] host=lrdn1459.leonardo.local global=1 local=1 gpu=1 cpuset=4-7 numa=0 CUDA_VISIBLE_DEVICES=1 UCX_NET_DEVICES=auto
[run_app_leonardo_L2] host=lrdn1459.leonardo.local global=2 local=2 gpu=2 cpuset=8-11 numa=0 CUDA_VISIBLE_DEVICES=2 UCX_NET_DEVICES=auto
[run_app_leonardo_L2] host=lrdn1997.leonardo.local global=5 local=1 gpu=1 cpuset=4-7 numa=0 CUDA_VISIBLE_DEVICES=1 UCX_NET_DEVICES=auto
[run_app_leonardo_L2] host=lrdn1997.leonardo.local global=7 local=3 gpu=3 cpuset=12-15 numa=0 CUDA_VISIBLE_DEVICES=3 UCX_NET_DEVICES=auto
[run_app_leonardo_L2] host=lrdn1997.leonardo.local global=6 local=2 gpu=2 cpuset=8-11 numa=0 CUDA_VISIBLE_DEVICES=2 UCX_NET_DEVICES=auto
[run_app_leonardo_L2] host=lrdn1997.leonardo.local global=4 local=0 gpu=0 cpuset=0-3 numa=0 CUDA_VISIBLE_DEVICES=0 UCX_NET_DEVICES=auto
