 Permission denied                                                               
 In File mod_ncstream.F90 at line:           378
 nc_stream : Cannot create or open file output//EURR-3_ATM.2009100100.nc:  
            1
 Abort called by computing node             0 at 2026-02-23 18:49:45.886 +0100
 Execution terminated because of runtime error
--------------------------------------------------------------------------
MPI_ABORT was invoked on rank 0 in communicator MPI COMMUNICATOR 3 DUP FROM 0
with errorcode 1.

NOTE: invoking MPI_ABORT causes Open MPI to kill all MPI processes.
You may or may not see output from other processes, depending on
exactly when Open MPI kills them.
--------------------------------------------------------------------------
srun: Job step aborted: Waiting up to 182 seconds for job step to finish.
slurmstepd: error: *** STEP 34788715.0 ON lrdn0301 CANCELLED AT 2026-02-23T18:49:45 ***
srun: error: lrdn0399: tasks 5,7: Killed
srun: error: lrdn0301: tasks 1,3: Killed
srun: error: lrdn0399: tasks 4,6: Killed
srun: error: lrdn0301: task 2: Killed
srun: error: lrdn0301: task 0: Exited with exit code 1
