[ perf record: Woken up 66084 times to write data ]
[ perf record: Woken up 65814 times to write data ]
[ perf record: Woken up 65920 times to write data ]
[ perf record: Woken up 65836 times to write data ]
[ perf record: Woken up 65926 times to write data ]
[ perf record: Woken up 65920 times to write data ]
[ perf record: Woken up 65868 times to write data ]
[ perf record: Woken up 65986 times to write data ]
[ perf record: Woken up 65887 times to write data ]
[ perf record: Woken up 65961 times to write data ]
[ perf record: Woken up 65834 times to write data ]
[ perf record: Woken up 65963 times to write data ]
[ perf record: Woken up 65951 times to write data ]
[ perf record: Woken up 65740 times to write data ]
[ perf record: Woken up 65801 times to write data ]
[ perf record: Woken up 66754 times to write data ]
Warning:
Processed 2122810 events and lost 6 chunks!

Check IO/CPU overload!

[ perf record: Captured and wrote 16454.703 MB /leonardo_scratch/large/userexternal/ctica000/perf/with_IO/sequential_write/perf_25238046/perf.data.rank6 (2042113 samples) ]
Warning:
Processed 2124631 events and lost 7 chunks!

Check IO/CPU overload!

[ perf record: Captured and wrote 16469.052 MB /leonardo_scratch/large/userexternal/ctica000/perf/with_IO/sequential_write/perf_25238046/perf.data.rank11 (2043894 samples) ]
Warning:
Processed 2122207 events and lost 8 chunks!

Check IO/CPU overload!

[ perf record: Captured and wrote 16472.613 MB /leonardo_scratch/large/userexternal/ctica000/perf/with_IO/sequential_write/perf_25238046/perf.data.rank14 (2044373 samples) ]
Warning:
Processed 2145256 events and lost 13 chunks!

Check IO/CPU overload!

[ perf record: Captured and wrote 16460.518 MB /leonardo_scratch/large/userexternal/ctica000/perf/with_IO/sequential_write/perf_25238046/perf.data.rank9 (2042557 samples) ]
Warning:
Processed 2148888 events and lost 9 chunks!

Check IO/CPU overload!

[ perf record: Captured and wrote 16498.249 MB /leonardo_scratch/large/userexternal/ctica000/perf/with_IO/sequential_write/perf_25238046/perf.data.rank7 (2047256 samples) ]
Warning:
Processed 2788084 events and lost 24 chunks!

Check IO/CPU overload!

[ perf record: Captured and wrote 16690.274 MB /leonardo_scratch/large/userexternal/ctica000/perf/with_IO/sequential_write/perf_25238046/perf.data.rank0 (2063235 samples) ]
Warning:
Processed 2126455 events and lost 13 chunks!

Check IO/CPU overload!

[ perf record: Captured and wrote 16482.667 MB /leonardo_scratch/large/userexternal/ctica000/perf/with_IO/sequential_write/perf_25238046/perf.data.rank5 (2045583 samples) ]
Warning:
Processed 2122398 events and lost 8 chunks!

Check IO/CPU overload!

[ perf record: Captured and wrote 16451.588 MB /leonardo_scratch/large/userexternal/ctica000/perf/with_IO/sequential_write/perf_25238046/perf.data.rank3 (2041727 samples) ]
Warning:
Processed 2148103 events and lost 10 chunks!

Check IO/CPU overload!

[ perf record: Captured and wrote 16492.042 MB /leonardo_scratch/large/userexternal/ctica000/perf/with_IO/sequential_write/perf_25238046/perf.data.rank8 (2046485 samples) ]
Warning:
Processed 2123442 events and lost 12 chunks!

Check IO/CPU overload!

[ perf record: Captured and wrote 16459.783 MB /leonardo_scratch/large/userexternal/ctica000/perf/with_IO/sequential_write/perf_25238046/perf.data.rank4 (2042744 samples) ]
Warning:
Processed 2126969 events and lost 6 chunks!

Check IO/CPU overload!

[ perf record: Captured and wrote 16492.484 MB /leonardo_scratch/large/userexternal/ctica000/perf/with_IO/sequential_write/perf_25238046/perf.data.rank15 (2046811 samples) ]
Warning:
Processed 2123259 events and lost 15 chunks!

Check IO/CPU overload!

[ perf record: Captured and wrote 16481.071 MB /leonardo_scratch/large/userexternal/ctica000/perf/with_IO/sequential_write/perf_25238046/perf.data.rank13 (2045423 samples) ]
Warning:
Processed 2152157 events and lost 13 chunks!

Check IO/CPU overload!

[ perf record: Captured and wrote 16523.019 MB /leonardo_scratch/large/userexternal/ctica000/perf/with_IO/sequential_write/perf_25238046/perf.data.rank10 (2050329 samples) ]
Warning:
Processed 2120489 events and lost 10 chunks!

Check IO/CPU overload!

[ perf record: Captured and wrote 16436.788 MB /leonardo_scratch/large/userexternal/ctica000/perf/with_IO/sequential_write/perf_25238046/perf.data.rank1 (2039890 samples) ]
Warning:
Processed 2123335 events and lost 10 chunks!

Check IO/CPU overload!

[ perf record: Captured and wrote 16481.291 MB /leonardo_scratch/large/userexternal/ctica000/perf/with_IO/sequential_write/perf_25238046/perf.data.rank12 (2045450 samples) ]
Warning:
Processed 2127183 events and lost 13 chunks!

Check IO/CPU overload!

[ perf record: Captured and wrote 16488.508 MB /leonardo_scratch/large/userexternal/ctica000/perf/with_IO/sequential_write/perf_25238046/perf.data.rank2 (2046309 samples) ]
