 No such file or directory                                                       
 /leonardo_work/ICT25_ESP/RCMDATA/CMIP6/GHG/mole-fraction-of-carbon-dioxide-in-air_input4MIPs_GHGConcentrations_CMIP_UoM-CMIP-1-2-0_gr-0p5x360deg_000001-201412.nc
 -------------- FATAL CALLED ---------------
  Fatal in file: mod_ipcc_scenario.F90 at line:     2152
 CANNOT OPEN FILE
 -------------------------------------------
 mod_ipcc_scenario.F90 :     2152:             1
 Abort called by computing node             0 at 2026-05-01 15:00:49.252 +0200
 Execution terminated because of runtime error
 No such file or directory                                                       
 /leonardo_work/ICT25_ESP/RCMDATA/CMIP6/GHG/mole-fraction-of-carbon-dioxide-in-air_input4MIPs_GHGConcentrations_CMIP_UoM-CMIP-1-2-0_gr-0p5x360deg_000001-201412.nc
 -------------- FATAL CALLED ---------------
  Fatal in file: mod_ipcc_scenario.F90 at line:     2152
 CANNOT OPEN FILE
 -------------------------------------------
 Abort called by computing node             2 at 2026-05-01 15:00:49.252 +0200
 Execution terminated because of runtime error
--------------------------------------------------------------------------
MPI_ABORT was invoked on rank 2 in communicator MPI COMMUNICATOR 3 DUP FROM 0
with errorcode 1.

NOTE: invoking MPI_ABORT causes Open MPI to kill all MPI processes.
You may or may not see output from other processes, depending on
exactly when Open MPI kills them.
--------------------------------------------------------------------------
--------------------------------------------------------------------------
MPI_ABORT was invoked on rank 0 in communicator MPI COMMUNICATOR 3 DUP FROM 0
with errorcode 1.

NOTE: invoking MPI_ABORT causes Open MPI to kill all MPI processes.
You may or may not see output from other processes, depending on
exactly when Open MPI kills them.
--------------------------------------------------------------------------
 No such file or directory                                                       
 /leonardo_work/ICT25_ESP/RCMDATA/CMIP6/GHG/mole-fraction-of-carbon-dioxide-in-air_input4MIPs_GHGConcentrations_CMIP_UoM-CMIP-1-2-0_gr-0p5x360deg_000001-201412.nc
 -------------- FATAL CALLED ---------------
  Fatal in file: mod_ipcc_scenario.F90 at line:     2152
 CANNOT OPEN FILE
 -------------------------------------------
 Abort called by computing node             1 at 2026-05-01 15:00:49.277 +0200
 Execution terminated because of runtime error
--------------------------------------------------------------------------
MPI_ABORT was invoked on rank 1 in communicator MPI COMMUNICATOR 3 DUP FROM 0
with errorcode 1.

NOTE: invoking MPI_ABORT causes Open MPI to kill all MPI processes.
You may or may not see output from other processes, depending on
exactly when Open MPI kills them.
--------------------------------------------------------------------------
 No such file or directory                                                       
 /leonardo_work/ICT25_ESP/RCMDATA/CMIP6/GHG/mole-fraction-of-carbon-dioxide-in-air_input4MIPs_GHGConcentrations_CMIP_UoM-CMIP-1-2-0_gr-0p5x360deg_000001-201412.nc
 -------------- FATAL CALLED ---------------
  Fatal in file: mod_ipcc_scenario.F90 at line:     2152
 CANNOT OPEN FILE
 -------------------------------------------
 Abort called by computing node             3 at 2026-05-01 15:00:49.279 +0200
 Execution terminated because of runtime error
--------------------------------------------------------------------------
MPI_ABORT was invoked on rank 3 in communicator MPI COMMUNICATOR 3 DUP FROM 0
with errorcode 1.

NOTE: invoking MPI_ABORT causes Open MPI to kill all MPI processes.
You may or may not see output from other processes, depending on
exactly when Open MPI kills them.
--------------------------------------------------------------------------
slurmstepd: error: *** STEP 40464033.0 ON lrdn1266 CANCELLED AT 2026-05-01T15:00:49 ***
srun: Job step aborted: Waiting up to 122 seconds for job step to finish.
srun: error: lrdn1266: tasks 1,3: Killed
srun: error: lrdn1266: task 2: Exited with exit code 1
srun: error: lrdn1266: task 0: Killed
