[ perf record: Woken up 226836 times to write data ]
[ perf record: Woken up 250502 times to write data ]
[ perf record: Woken up 248172 times to write data ]
[ perf record: Woken up 249371 times to write data ]
[ perf record: Woken up 249356 times to write data ]
[ perf record: Woken up 249422 times to write data ]
[ perf record: Woken up 249348 times to write data ]
[ perf record: Woken up 248547 times to write data ]
[ perf record: Woken up 241134 times to write data ]
[ perf record: Woken up 248616 times to write data ]
[ perf record: Woken up 245266 times to write data ]
[ perf record: Woken up 239403 times to write data ]
[ perf record: Woken up 250568 times to write data ]
[ perf record: Woken up 249595 times to write data ]
[ perf record: Woken up 249856 times to write data ]
[ perf record: Woken up 251586 times to write data ]
Warning:
Processed 8178811 events and lost 72 chunks!

Check IO/CPU overload!

[ perf record: Captured and wrote 62629.065 MB /leonardo_scratch/large/userexternal/ctica000/perf/with_IO/sequential_write/perf_32914919/perf.data.rank10 (7771364 samples) ]
Warning:
Processed 7819119 events and lost 600 chunks!

Check IO/CPU overload!

[ perf record: Captured and wrote 59862.684 MB /leonardo_scratch/large/userexternal/ctica000/perf/with_IO/sequential_write/perf_32914919/perf.data.rank7 (7428078 samples) ]
Warning:
Processed 8085218 events and lost 83 chunks!

Check IO/CPU overload!

[ perf record: Captured and wrote 62645.524 MB /leonardo_scratch/large/userexternal/ctica000/perf/with_IO/sequential_write/perf_32914919/perf.data.rank2 (7774632 samples) ]
Warning:
Processed 11047661 events and lost 177 chunks!

Check IO/CPU overload!

[ perf record: Captured and wrote 62900.831 MB /leonardo_scratch/large/userexternal/ctica000/perf/with_IO/sequential_write/perf_32914919/perf.data.rank0 (7768856 samples) ]
Warning:
Processed 8148213 events and lost 100 chunks!

Check IO/CPU overload!

[ perf record: Captured and wrote 62340.943 MB /leonardo_scratch/large/userexternal/ctica000/perf/with_IO/sequential_write/perf_32914919/perf.data.rank9 (7735520 samples) ]
Warning:
Processed 8141514 events and lost 126 chunks!

Check IO/CPU overload!

[ perf record: Captured and wrote 62341.102 MB /leonardo_scratch/large/userexternal/ctica000/perf/with_IO/sequential_write/perf_32914919/perf.data.rank8 (7735627 samples) ]
Warning:
Processed 8062279 events and lost 129 chunks!

Check IO/CPU overload!

Warning:
Processed 8048257 events and lost 91 chunks!

Check IO/CPU overload!

[ perf record: Captured and wrote 62466.244 MB /leonardo_scratch/large/userexternal/ctica000/perf/with_IO/sequential_write/perf_32914919/perf.data.rank3 (7752381 samples) ]
[ perf record: Captured and wrote 62358.335 MB /leonardo_scratch/large/userexternal/ctica000/perf/with_IO/sequential_write/perf_32914919/perf.data.rank6 (7738987 samples) ]
Warning:
Processed 8033439 events and lost 216 chunks!

Check IO/CPU overload!

[ perf record: Captured and wrote 62346.513 MB /leonardo_scratch/large/userexternal/ctica000/perf/with_IO/sequential_write/perf_32914919/perf.data.rank13 (7737691 samples) ]
Warning:
Processed 8022457 events and lost 206 chunks!

Check IO/CPU overload!

[ perf record: Captured and wrote 62157.826 MB /leonardo_scratch/large/userexternal/ctica000/perf/with_IO/sequential_write/perf_32914919/perf.data.rank11 (7714102 samples) ]
Warning:
Processed 7915444 events and lost 348 chunks!

Check IO/CPU overload!

[ perf record: Captured and wrote 61324.168 MB /leonardo_scratch/large/userexternal/ctica000/perf/with_IO/sequential_write/perf_32914919/perf.data.rank4 (7610636 samples) ]
Warning:
Processed 7780794 events and lost 593 chunks!

Check IO/CPU overload!

[ perf record: Captured and wrote 60300.471 MB /leonardo_scratch/large/userexternal/ctica000/perf/with_IO/sequential_write/perf_32914919/perf.data.rank15 (7483621 samples) ]
Warning:
Processed 7995100 events and lost 237 chunks!

Check IO/CPU overload!

[ perf record: Captured and wrote 62048.569 MB /leonardo_scratch/large/userexternal/ctica000/perf/with_IO/sequential_write/perf_32914919/perf.data.rank12 (7700713 samples) ]
Warning:
Processed 8053872 events and lost 138 chunks!

Check IO/CPU overload!

Warning:
Processed 8020490 events and lost 201 chunks!

Check IO/CPU overload!

[ perf record: Captured and wrote 62401.717 MB /leonardo_scratch/large/userexternal/ctica000/perf/with_IO/sequential_write/perf_32914919/perf.data.rank1 (7744373 samples) ]
[ perf record: Captured and wrote 62141.407 MB /leonardo_scratch/large/userexternal/ctica000/perf/with_IO/sequential_write/perf_32914919/perf.data.rank5 (7712064 samples) ]
