 In File mod_ncstream.F90 at line:          3391
 NetCDF: HDF error                                                               
 In file output//EURR-3_ATM.2009100100.nc
 Cannot write variable ua
 Bounds :            1            1            1            1         1000 
         1000           50            1
 nc_stream : Cannot write variable ua in file output//EURR-3_ATM.2009100100.nc
 :             1
 Abort called by computing node             0 at 2025-11-05 03:52:56.079 +0100
 Execution terminated because of runtime error
--------------------------------------------------------------------------
MPI_ABORT was invoked on rank 0 in communicator MPI COMMUNICATOR 3 DUP FROM 0
with errorcode 1.

NOTE: invoking MPI_ABORT causes Open MPI to kill all MPI processes.
You may or may not see output from other processes, depending on
exactly when Open MPI kills them.
--------------------------------------------------------------------------
srun: Job step aborted: Waiting up to 182 seconds for job step to finish.
slurmstepd: error: *** STEP 24245851.0 ON lrdn0939 CANCELLED AT 2025-11-05T03:52:56 ***
srun: error: lrdn0967: tasks 8-11: Killed
srun: error: lrdn0939: tasks 0-3: Killed
srun: error: lrdn0958: tasks 4-7: Killed
srun: error: lrdn0986: tasks 12-15: Killed
