[ perf record: Woken up 107659 times to write data ]
[ perf record: Woken up 107889 times to write data ]
[ perf record: Woken up 107800 times to write data ]
[ perf record: Woken up 108046 times to write data ]
[ perf record: Woken up 107830 times to write data ]
[ perf record: Woken up 107622 times to write data ]
[ perf record: Woken up 107798 times to write data ]
[ perf record: Woken up 107726 times to write data ]
[ perf record: Woken up 107531 times to write data ]
[ perf record: Woken up 107745 times to write data ]
[ perf record: Woken up 107855 times to write data ]
[ perf record: Woken up 107863 times to write data ]
[ perf record: Woken up 107662 times to write data ]
[ perf record: Woken up 107771 times to write data ]
[ perf record: Woken up 107732 times to write data ]
[ perf record: Woken up 108741 times to write data ]
Warning:
Processed 3511885 events and lost 8 chunks!

Check IO/CPU overload!

[ perf record: Captured and wrote 26967.672 MB /leonardo_scratch/large/userexternal/ctica000/perf/with_IO/sequential_write/perf_24758347/perf.data.rank7 (3346416 samples) ]
Warning:
Processed 3517810 events and lost 6 chunks!

Check IO/CPU overload!

[ perf record: Captured and wrote 27013.369 MB /leonardo_scratch/large/userexternal/ctica000/perf/with_IO/sequential_write/perf_24758347/perf.data.rank10 (3352087 samples) ]
Warning:
Processed 3475699 events and lost 4 chunks!

Check IO/CPU overload!

[ perf record: Captured and wrote 26951.471 MB /leonardo_scratch/large/userexternal/ctica000/perf/with_IO/sequential_write/perf_24758347/perf.data.rank5 (3344841 samples) ]
Warning:
Processed 3468593 events and lost 14 chunks!

Check IO/CPU overload!

[ perf record: Captured and wrote 26933.527 MB /leonardo_scratch/large/userexternal/ctica000/perf/with_IO/sequential_write/perf_24758347/perf.data.rank12 (3342676 samples) ]
Warning:
Processed 3471807 events and lost 6 chunks!

Check IO/CPU overload!

[ perf record: Captured and wrote 26958.659 MB /leonardo_scratch/large/userexternal/ctica000/perf/with_IO/sequential_write/perf_24758347/perf.data.rank14 (3345795 samples) ]
Warning:
Processed 3507368 events and lost 7 chunks!

Check IO/CPU overload!

[ perf record: Captured and wrote 26916.580 MB /leonardo_scratch/large/userexternal/ctica000/perf/with_IO/sequential_write/perf_24758347/perf.data.rank9 (3340048 samples) ]
Warning:
Processed 3467005 events and lost 10 chunks!

Check IO/CPU overload!

[ perf record: Captured and wrote 26883.988 MB /leonardo_scratch/large/userexternal/ctica000/perf/with_IO/sequential_write/perf_24758347/perf.data.rank4 (3336466 samples) ]
Warning:
Processed 3476487 events and lost 6 chunks!

Check IO/CPU overload!

[ perf record: Captured and wrote 26966.182 MB /leonardo_scratch/large/userexternal/ctica000/perf/with_IO/sequential_write/perf_24758347/perf.data.rank15 (3346681 samples) ]
Warning:
Processed 3470075 events and lost 6 chunks!

Check IO/CPU overload!

[ perf record: Captured and wrote 26907.769 MB /leonardo_scratch/large/userexternal/ctica000/perf/with_IO/sequential_write/perf_24758347/perf.data.rank6 (3339417 samples) ]
Warning:
Processed 3509866 events and lost 10 chunks!

Check IO/CPU overload!

[ perf record: Captured and wrote 26951.484 MB /leonardo_scratch/large/userexternal/ctica000/perf/with_IO/sequential_write/perf_24758347/perf.data.rank8 (3344406 samples) ]
Warning:
Processed 3473860 events and lost 5 chunks!

Check IO/CPU overload!

[ perf record: Captured and wrote 26937.951 MB /leonardo_scratch/large/userexternal/ctica000/perf/with_IO/sequential_write/perf_24758347/perf.data.rank11 (3343164 samples) ]
Warning:
Processed 3474658 events and lost 14 chunks!

Check IO/CPU overload!

[ perf record: Captured and wrote 26943.886 MB /leonardo_scratch/large/userexternal/ctica000/perf/with_IO/sequential_write/perf_24758347/perf.data.rank2 (3343901 samples) ]
Warning:
Processed 3471306 events and lost 10 chunks!

Check IO/CPU overload!

[ perf record: Captured and wrote 26917.679 MB /leonardo_scratch/large/userexternal/ctica000/perf/with_IO/sequential_write/perf_24758347/perf.data.rank1 (3340648 samples) ]
Warning:
Processed 3473710 events and lost 4 chunks!

Check IO/CPU overload!

[ perf record: Captured and wrote 26973.411 MB /leonardo_scratch/large/userexternal/ctica000/perf/with_IO/sequential_write/perf_24758347/perf.data.rank13 (3347626 samples) ]
Warning:
Processed 4555200 events and lost 22 chunks!

Check IO/CPU overload!

[ perf record: Captured and wrote 27186.847 MB /leonardo_scratch/large/userexternal/ctica000/perf/with_IO/sequential_write/perf_24758347/perf.data.rank0 (3360641 samples) ]
Warning:
Processed 3473638 events and lost 8 chunks!

Check IO/CPU overload!

[ perf record: Captured and wrote 26935.607 MB /leonardo_scratch/large/userexternal/ctica000/perf/with_IO/sequential_write/perf_24758347/perf.data.rank3 (3342873 samples) ]
