load CMAKE/3.30.5 (PATH)
unload bsc/1.0 (PATH, MANPATH)
load bsc/1.0 (PATH, MANPATH)
unload bsc/1.0 (PATH, MANPATH)
unload bsc/1.0 (PATH, MANPATH)
load bsc/1.0 (PATH, MANPATH)
load bsc/1.0 (PATH, MANPATH)
unload bsc/1.0 (PATH, MANPATH)
load bsc/1.0 (PATH, MANPATH)
srun: Job 35964434 step creation temporarily disabled, retrying (Requested nodes are busy)
srun: Step created for StepId=35964434.2
unload bsc/1.0 (PATH, MANPATH)
unload bsc/1.0 (PATH, MANPATH)
unload bsc/1.0 (PATH, MANPATH)
load bsc/1.0 (PATH, MANPATH)
unload bsc/1.0 (PATH, MANPATH)
Cannot find MPS control daemon process
load bsc/1.0 (PATH, MANPATH)
load bsc/1.0 (PATH, MANPATH)
load bsc/1.0 (PATH, MANPATH)
Cannot find MPS control daemon process
Cannot find MPS control daemon process
Cannot find MPS control daemon process
