 energy balance in canopy       3978914 , err=  -0.1217527470054716     
 energy balance in canopy       3978939 , err=   0.1068457386476976     
 BalanceCheck: surface flux energy balance error step =        96 point =****** imbalance =    0.106846 W/m2
  sabv           =     182.4507173013317     
  column      =       1034095
  sabg           =     55.93846548367063         55.93846548367063      
    55.93846548367063     
  eflx_lwrad_net =     49.69342865124617     
  eflx_sh_tot    =   -0.1534306807707928     
  eflx_lh_tot    =     111.3970562711587     
  eflx_soil_grnd =     77.34528280472034     
 -------------- FATAL CALLED ---------------
  Fatal in file: mod_clm_balancecheck.F90 at line:      735
 clm model is stopping
 -------------------------------------------
 Abort called by computing node             1 at 2026-02-11 08:54:04.197 +0100
 Execution terminated because of runtime error
--------------------------------------------------------------------------
MPI_ABORT was invoked on rank 1 in communicator MPI COMMUNICATOR 3 DUP FROM 0
with errorcode 1.

NOTE: invoking MPI_ABORT causes Open MPI to kill all MPI processes.
You may or may not see output from other processes, depending on
exactly when Open MPI kills them.
--------------------------------------------------------------------------
srun: Job step aborted: Waiting up to 182 seconds for job step to finish.
slurmstepd: error: *** STEP 33922966.0 ON lrdn0190 CANCELLED AT 2026-02-11T08:54:04 ***
srun: error: lrdn0190: task 1: Exited with exit code 1
srun: error: lrdn0190: tasks 2-3: Killed
srun: error: lrdn0190: task 0: Killed
