 BalanceCheck: soil balance error step =       713 point =   2157454 imbalance =74264.018410 W/m2
 indexc=       2157454  errsoi_col=     74264.01840999274     
 -------------- FATAL CALLED ---------------
  Fatal in file: mod_clm_balancecheck.F90 at line:      767
 clm model is stopping
 -------------------------------------------
 Abort called by computing node             6 at 2026-05-16 16:05:31.979 +0200
 Execution terminated because of runtime error
--------------------------------------------------------------------------
MPI_ABORT was invoked on rank 6 in communicator MPI COMMUNICATOR 3 DUP FROM 0
with errorcode 1.

NOTE: invoking MPI_ABORT causes Open MPI to kill all MPI processes.
You may or may not see output from other processes, depending on
exactly when Open MPI kills them.
--------------------------------------------------------------------------
slurmstepd: error: *** STEP 41752915.0 ON lrdn0827 CANCELLED AT 2026-05-16T16:05:31 ***
srun: Job step aborted: Waiting up to 122 seconds for job step to finish.
srun: error: lrdn0827: tasks 1-3: Killed
srun: error: lrdn0829: task 6: Exited with exit code 1
srun: error: lrdn0829: task 7: Killed
srun: error: lrdn0829: tasks 4-5: Killed
srun: error: lrdn0827: task 0: Killed
