libnuma: Warning: cpu argument 6-7 is out of range

usage: numactl [--all | -a] [--balancing | -b]
               [--interleave= | -i <nodes>] [--weighted-interleave= | -w <nodes>]
               [--preferred= | -p <node>] [--preferred-many= | -P <nodes>]
               [--physcpubind= | -C <cpus>] [--cpunodebind= | -N <nodes>]
               [--membind= | -m <nodes>] [--localalloc | -l] command args ...
               [--localalloc | -l] command args ...
       numactl [--show | -s]
       numactl [--hardware | -H] [--cpu-compress]
       numactl [--version]
       numactl [--length | -L <length>] [--offset | -o <offset>] [--shmmode | -M <shmmode>]
               [--strict | -t]
               [--shmid | -I <id>] --shm | -S <shmkeyfile>
               [--shmid | -I <id>] --file | -f <tmpfsfile>
               [--huge | -u] [--touch | -T] 
               memory policy [--dump | -d] [--dump-nodes | -D]

memory policy is --preferred | -p, --membind | -m, --localalloc | -l,
                 --interleave | -i, --weighted-interleave | -w
<nodes> is a comma delimited list of node numbers or A-B ranges or all.
Instead of a number a node can also be:
  netdev:DEV the node connected to network device DEV
  file:PATH  the node the block device of path is connected to
  ip:HOST    the node of the network device host routes through
  block:PATH the node of block device path
  pci:[seg:]bus:dev[:func] The node of a PCI device
<cpus> is a comma delimited list of cpu numbers or A-B ranges or all
all ranges can be inverted with !
all numbers and ranges can be made cpuset-relative with +
the old --cpubind argument is deprecated.
use --cpunodebind or --physcpubind instead
use --balancing | -b to enable Linux kernel NUMA balancing
for the process if it is supported by kernel
<length> can have g (GB), m (MB) or k (KB) suffixes
libnuma: Warning: cpu argument 60-61 is out of range

usage: numactl [--all | -a] [--balancing | -b]
               [--interleave= | -i <nodes>] [--weighted-interleave= | -w <nodes>]
               [--preferred= | -p <node>] [--preferred-many= | -P <nodes>]
               [--physcpubind= | -C <cpus>] [--cpunodebind= | -N <nodes>]
               [--membind= | -m <nodes>] [--localalloc | -l] command args ...
               [--localalloc | -l] command args ...
       numactl [--show | -s]
       numactl [--hardware | -H] [--cpu-compress]
       numactl [--version]
       numactl [--length | -L <length>] [--offset | -o <offset>] [--shmmode | -M <shmmode>]
               [--strict | -t]
               [--shmid | -I <id>] --shm | -S <shmkeyfile>
               [--shmid | -I <id>] --file | -f <tmpfsfile>
               [--huge | -u] [--touch | -T] 
               memory policy [--dump | -d] [--dump-nodes | -D]

memory policy is --preferred | -p, --membind | -m, --localalloc | -l,
                 --interleave | -i, --weighted-interleave | -w
<nodes> is a comma delimited list of node numbers or A-B ranges or all.
Instead of a number a node can also be:
  netdev:DEV the node connected to network device DEV
  file:PATH  the node the block device of path is connected to
  ip:HOST    the node of the network device host routes through
  block:PATH the node of block device path
  pci:[seg:]bus:dev[:func] The node of a PCI device
<cpus> is a comma delimited list of cpu numbers or A-B ranges or all
all ranges can be inverted with !
all numbers and ranges can be made cpuset-relative with +
the old --cpubind argument is deprecated.
use --cpunodebind or --physcpubind instead
use --balancing | -b to enable Linux kernel NUMA balancing
for the process if it is supported by kernel
<length> can have g (GB), m (MB) or k (KB) suffixes
libnuma: Warning: cpu argument 4-5 is out of range

usage: numactl [--all | -a] [--balancing | -b]
               [--interleave= | -i <nodes>] [--weighted-interleave= | -w <nodes>]
               [--preferred= | -p <node>] [--preferred-many= | -P <nodes>]
               [--physcpubind= | -C <cpus>] [--cpunodebind= | -N <nodes>]
               [--membind= | -m <nodes>] [--localalloc | -l] command args ...
               [--localalloc | -l] command args ...
       numactl [--show | -s]
       numactl [--hardware | -H] [--cpu-compress]
       numactl [--version]
       numactl [--length | -L <length>] [--offset | -o <offset>] [--shmmode | -M <shmmode>]
               [--strict | -t]
               [--shmid | -I <id>] --shm | -S <shmkeyfile>
               [--shmid | -I <id>] --file | -f <tmpfsfile>
               [--huge | -u] [--touch | -T] 
               memory policy [--dump | -d] [--dump-nodes | -D]

memory policy is --preferred | -p, --membind | -m, --localalloc | -l,
                 --interleave | -i, --weighted-interleave | -w
<nodes> is a comma delimited list of node numbers or A-B ranges or all.
Instead of a number a node can also be:
  netdev:DEV the node connected to network device DEV
  file:PATH  the node the block device of path is connected to
  ip:HOST    the node of the network device host routes through
  block:PATH the node of block device path
  pci:[seg:]bus:dev[:func] The node of a PCI device
<cpus> is a comma delimited list of cpu numbers or A-B ranges or all
all ranges can be inverted with !
all numbers and ranges can be made cpuset-relative with +
the old --cpubind argument is deprecated.
use --cpunodebind or --physcpubind instead
use --balancing | -b to enable Linux kernel NUMA balancing
for the process if it is supported by kernel
<length> can have g (GB), m (MB) or k (KB) suffixes
libnuma: Warning: cpu argument 62-63 is out of range

usage: numactl [--all | -a] [--balancing | -b]
               [--interleave= | -i <nodes>] [--weighted-interleave= | -w <nodes>]
               [--preferred= | -p <node>] [--preferred-many= | -P <nodes>]
               [--physcpubind= | -C <cpus>] [--cpunodebind= | -N <nodes>]
               [--membind= | -m <nodes>] [--localalloc | -l] command args ...
               [--localalloc | -l] command args ...
       numactl [--show | -s]
       numactl [--hardware | -H] [--cpu-compress]
       numactl [--version]
       numactl [--length | -L <length>] [--offset | -o <offset>] [--shmmode | -M <shmmode>]
               [--strict | -t]
               [--shmid | -I <id>] --shm | -S <shmkeyfile>
               [--shmid | -I <id>] --file | -f <tmpfsfile>
               [--huge | -u] [--touch | -T] 
               memory policy [--dump | -d] [--dump-nodes | -D]

memory policy is --preferred | -p, --membind | -m, --localalloc | -l,
                 --interleave | -i, --weighted-interleave | -w
<nodes> is a comma delimited list of node numbers or A-B ranges or all.
Instead of a number a node can also be:
  netdev:DEV the node connected to network device DEV
  file:PATH  the node the block device of path is connected to
  ip:HOST    the node of the network device host routes through
  block:PATH the node of block device path
  pci:[seg:]bus:dev[:func] The node of a PCI device
<cpus> is a comma delimited list of cpu numbers or A-B ranges or all
all ranges can be inverted with !
all numbers and ranges can be made cpuset-relative with +
the old --cpubind argument is deprecated.
use --cpunodebind or --physcpubind instead
use --balancing | -b to enable Linux kernel NUMA balancing
for the process if it is supported by kernel
<length> can have g (GB), m (MB) or k (KB) suffixes
srun: error: dgx1: tasks 2-3,6-7: Exited with exit code 1
srun: Job step aborted: Waiting up to 32 seconds for job step to finish.
slurmstepd: error: *** JOB 179592 ON dgx1 CANCELLED AT 2026-07-12T21:32:32 DUE TO TIME LIMIT ***
slurmstepd: error: *** STEP 179592.0 ON dgx1 CANCELLED AT 2026-07-12T21:32:32 DUE TO TIME LIMIT ***
