Failing in Thread:1
Failing in Thread:1
Accelerator Fatal Error: call to cuStreamSynchronize returned error 700 (CUDA_ERROR_ILLEGAL_ADDRESS): Illegal address during kernel execution
 File: /leonardo/home/userexternal/ctica000/MS_thesis/RegCM/Share/mod_vertint.F90
 Function: intp1_pointer:1231
 Line: 1253

Accelerator Fatal Error: call to cuStreamSynchronize returned error 700 (CUDA_ERROR_ILLEGAL_ADDRESS): Illegal address during kernel execution
 File: /leonardo/home/userexternal/ctica000/MS_thesis/RegCM/Share/mod_vertint.F90
 Function: intp1_pointer:1231
 Line: 1253

Failing in Thread:1
Failing in Thread:1
Accelerator Fatal Error: call to cuStreamSynchronize returned error 700 (CUDA_ERROR_ILLEGAL_ADDRESS): Illegal address during kernel execution
 File: /leonardo/home/userexternal/ctica000/MS_thesis/RegCM/Share/mod_vertint.F90
 Function: intp1_pointer:1231
 Line: 1253

Accelerator Fatal Error: call to cuStreamSynchronize returned error 700 (CUDA_ERROR_ILLEGAL_ADDRESS): Illegal address during kernel execution
 File: /leonardo/home/userexternal/ctica000/MS_thesis/RegCM/Share/mod_vertint.F90
 Function: intp1_pointer:1231
 Line: 1253

Failing in Thread:1
Accelerator Fatal Error: call to cuStreamSynchronize returned error 700 (CUDA_ERROR_ILLEGAL_ADDRESS): Illegal address during kernel execution
 File: /leonardo/home/userexternal/ctica000/MS_thesis/RegCM/Share/mod_vertint.F90
 Function: intp1_pointer:1231
 Line: 1253

Failing in Thread:1
Accelerator Fatal Error: call to cuStreamSynchronize returned error 700 (CUDA_ERROR_ILLEGAL_ADDRESS): Illegal address during kernel execution
 File: /leonardo/home/userexternal/ctica000/MS_thesis/RegCM/Share/mod_vertint.F90
 Function: intp1_pointer:1231
 Line: 1253

Failing in Thread:1
Accelerator Fatal Error: call to cuStreamSynchronize returned error 700 (CUDA_ERROR_ILLEGAL_ADDRESS): Illegal address during kernel execution
 File: /leonardo/home/userexternal/ctica000/MS_thesis/RegCM/Share/mod_vertint.F90
 Function: intp1_pointer:1231
 Line: 1253

Failing in Thread:1
Accelerator Fatal Error: call to cuStreamSynchronize returned error 700 (CUDA_ERROR_ILLEGAL_ADDRESS): Illegal address during kernel execution
 File: /leonardo/home/userexternal/ctica000/MS_thesis/RegCM/Share/mod_vertint.F90
 Function: intp1_pointer:1231
 Line: 1253

Failing in Thread:1
Accelerator Fatal Error: call to cuStreamSynchronize returned error 700 (CUDA_ERROR_ILLEGAL_ADDRESS): Illegal address during kernel execution
 File: /leonardo/home/userexternal/ctica000/MS_thesis/RegCM/Share/mod_vertint.F90
 Function: intp1_pointer:1231
 Line: 1253

Failing in Thread:1
Accelerator Fatal Error: call to cuStreamSynchronize returned error 700 (CUDA_ERROR_ILLEGAL_ADDRESS): Illegal address during kernel execution
 File: /leonardo/home/userexternal/ctica000/MS_thesis/RegCM/Share/mod_vertint.F90
 Function: intp1_pointer:1231
 Line: 1253

Failing in Thread:1
Accelerator Fatal Error: call to cuStreamSynchronize returned error 700 (CUDA_ERROR_ILLEGAL_ADDRESS): Illegal address during kernel execution
 File: /leonardo/home/userexternal/ctica000/MS_thesis/RegCM/Share/mod_vertint.F90
 Function: intp1_pointer:1231
 Line: 1253

Failing in Thread:1
Accelerator Fatal Error: call to cuStreamSynchronize returned error 700 (CUDA_ERROR_ILLEGAL_ADDRESS): Illegal address during kernel execution
 File: /leonardo/home/userexternal/ctica000/MS_thesis/RegCM/Share/mod_vertint.F90
 Function: intp1_pointer:1231
 Line: 1253

Failing in Thread:1
Accelerator Fatal Error: call to cuStreamSynchronize returned error 700 (CUDA_ERROR_ILLEGAL_ADDRESS): Illegal address during kernel execution
 File: /leonardo/home/userexternal/ctica000/MS_thesis/RegCM/Share/mod_vertint.F90
 Function: intp1_pointer:1231
 Line: 1253

Failing in Thread:1
Accelerator Fatal Error: call to cuStreamSynchronize returned error 700 (CUDA_ERROR_ILLEGAL_ADDRESS): Illegal address during kernel execution
 File: /leonardo/home/userexternal/ctica000/MS_thesis/RegCM/Share/mod_vertint.F90
 Function: intp1_pointer:1231
 Line: 1253

Failing in Thread:1
Failing in Thread:1
Accelerator Fatal Error: call to cuStreamSynchronize returned error 700 (CUDA_ERROR_ILLEGAL_ADDRESS): Illegal address during kernel execution
 File: /leonardo/home/userexternal/ctica000/MS_thesis/RegCM/Share/mod_vertint.F90
 Function: intp1_pointer:1231
 Line: 1253

Accelerator Fatal Error: call to cuStreamSynchronize returned error 700 (CUDA_ERROR_ILLEGAL_ADDRESS): Illegal address during kernel execution
 File: /leonardo/home/userexternal/ctica000/MS_thesis/RegCM/Share/mod_vertint.F90
 Function: intp1_pointer:1231
 Line: 1253

srun: error: lrdn1895: tasks 8-9,11: Exited with exit code 1
srun: error: lrdn1895: task 10: Exited with exit code 1
srun: error: lrdn1893: tasks 4,7: Exited with exit code 1
srun: error: lrdn1896: tasks 12-13,15: Exited with exit code 1
srun: error: lrdn1896: task 14: Exited with exit code 1
srun: error: lrdn1893: tasks 5-6: Exited with exit code 1
srun: error: lrdn1891: tasks 1-3: Exited with exit code 1
srun: error: lrdn1891: task 0: Exited with exit code 1
