unload CMAKE/3.30.5 (PATH)
load CMAKE/3.30.5 (PATH)
WARNING: CPU IP/backtrace sampling not supported, disabling.
Try the 'nsys status --environment' command to learn more.

WARNING: CPU context switch tracing not supported, disabling.
Try the 'nsys status --environment' command to learn more.

WARNING: CPU IP/backtrace sampling not supported, disabling.
Try the 'nsys status --environment' command to learn more.

WARNING: CPU context switch tracing not supported, disabling.
Try the 'nsys status --environment' command to learn more.

WARNING: CPU IP/backtrace sampling not supported, disabling.
Try the 'nsys status --environment' command to learn more.

WARNING: CPU context switch tracing not supported, disabling.
Try the 'nsys status --environment' command to learn more.

WARNING: CPU IP/backtrace sampling not supported, disabling.
Try the 'nsys status --environment' command to learn more.

WARNING: CPU context switch tracing not supported, disabling.
Try the 'nsys status --environment' command to learn more.

WARNING: CPU IP/backtrace sampling not supported, disabling.
Try the 'nsys status --environment' command to learn more.

WARNING: CPU context switch tracing not supported, disabling.
Try the 'nsys status --environment' command to learn more.

WARNING: CPU IP/backtrace sampling not supported, disabling.
Try the 'nsys status --environment' command to learn more.

WARNING: CPU context switch tracing not supported, disabling.
Try the 'nsys status --environment' command to learn more.

WARNING: CPU IP/backtrace sampling not supported, disabling.
Try the 'nsys status --environment' command to learn more.

WARNING: CPU context switch tracing not supported, disabling.
Try the 'nsys status --environment' command to learn more.

WARNING: CPU IP/backtrace sampling not supported, disabling.
Try the 'nsys status --environment' command to learn more.

WARNING: CPU context switch tracing not supported, disabling.
Try the 'nsys status --environment' command to learn more.

WARNING: CPU IP/backtrace sampling not supported, disabling.
Try the 'nsys status --environment' command to learn more.

WARNING: CPU context switch tracing not supported, disabling.
Try the 'nsys status --environment' command to learn more.

WARNING: CPU IP/backtrace sampling not supported, disabling.
Try the 'nsys status --environment' command to learn more.

WARNING: CPU context switch tracing not supported, disabling.
Try the 'nsys status --environment' command to learn more.

WARNING: CPU IP/backtrace sampling not supported, disabling.
Try the 'nsys status --environment' command to learn more.

WARNING: CPU context switch tracing not supported, disabling.
Try the 'nsys status --environment' command to learn more.

WARNING: CPU IP/backtrace sampling not supported, disabling.
Try the 'nsys status --environment' command to learn more.

WARNING: CPU context switch tracing not supported, disabling.
Try the 'nsys status --environment' command to learn more.

WARNING: CPU IP/backtrace sampling not supported, disabling.
Try the 'nsys status --environment' command to learn more.

WARNING: CPU context switch tracing not supported, disabling.
Try the 'nsys status --environment' command to learn more.

WARNING: CPU IP/backtrace sampling not supported, disabling.
Try the 'nsys status --environment' command to learn more.

WARNING: CPU context switch tracing not supported, disabling.
Try the 'nsys status --environment' command to learn more.

WARNING: CPU IP/backtrace sampling not supported, disabling.
Try the 'nsys status --environment' command to learn more.

WARNING: CPU context switch tracing not supported, disabling.
Try the 'nsys status --environment' command to learn more.

WARNING: CPU IP/backtrace sampling not supported, disabling.
Try the 'nsys status --environment' command to learn more.

WARNING: CPU context switch tracing not supported, disabling.
Try the 'nsys status --environment' command to learn more.

Connection to Agent lost. This is most likely a bug. Internal reason: 'End of file'.
Please refer to the troubleshooting section of the docs:
https://docs.nvidia.com/nsight-systems/UserGuide/index.html#troubleshooting
Connection to Agent lost. This is most likely a bug. Internal reason: 'End of file'.
Please refer to the troubleshooting section of the docs:
https://docs.nvidia.com/nsight-systems/UserGuide/index.html#troubleshooting
--------------------------------------------------------------------------
Primary job  terminated normally, but 1 process returned
a non-zero exit code. Per user-direction, the job has been aborted.
--------------------------------------------------------------------------
Connection to Agent lost. This is most likely a bug. Internal reason: 'End of file'.
Please refer to the troubleshooting section of the docs:
https://docs.nvidia.com/nsight-systems/UserGuide/index.html#troubleshooting
Connection to Agent lost. This is most likely a bug. Internal reason: 'End of file'.
Please refer to the troubleshooting section of the docs:
https://docs.nvidia.com/nsight-systems/UserGuide/index.html#troubleshooting
Connection to Agent lost. This is most likely a bug. Internal reason: 'End of file'.
Please refer to the troubleshooting section of the docs:
https://docs.nvidia.com/nsight-systems/UserGuide/index.html#troubleshooting
Connection to Agent lost. This is most likely a bug. Internal reason: 'End of file'.
Please refer to the troubleshooting section of the docs:
https://docs.nvidia.com/nsight-systems/UserGuide/index.html#troubleshooting
Connection to Agent lost. This is most likely a bug. Internal reason: 'End of file'.
Please refer to the troubleshooting section of the docs:
https://docs.nvidia.com/nsight-systems/UserGuide/index.html#troubleshooting
Connection to Agent lost. This is most likely a bug. Internal reason: 'End of file'.
Please refer to the troubleshooting section of the docs:
https://docs.nvidia.com/nsight-systems/UserGuide/index.html#troubleshooting
Connection to Agent lost. This is most likely a bug. Internal reason: 'End of file'.
Please refer to the troubleshooting section of the docs:
https://docs.nvidia.com/nsight-systems/UserGuide/index.html#troubleshooting
Connection to Agent lost. This is most likely a bug. Internal reason: 'End of file'.
Please refer to the troubleshooting section of the docs:
https://docs.nvidia.com/nsight-systems/UserGuide/index.html#troubleshooting
Connection to Agent lost. This is most likely a bug. Internal reason: 'End of file'.
Please refer to the troubleshooting section of the docs:
https://docs.nvidia.com/nsight-systems/UserGuide/index.html#troubleshooting
Connection to Agent lost. This is most likely a bug. Internal reason: 'End of file'.
Please refer to the troubleshooting section of the docs:
https://docs.nvidia.com/nsight-systems/UserGuide/index.html#troubleshooting
Connection to Agent lost. This is most likely a bug. Internal reason: 'End of file'.
Please refer to the troubleshooting section of the docs:
https://docs.nvidia.com/nsight-systems/UserGuide/index.html#troubleshooting
--------------------------------------------------------------------------
mpirun detected that one or more processes exited with non-zero status, thus causing
the job to be terminated. The first process to do so was:

  Process name: [[29440,1],6]
  Exit code:    1
--------------------------------------------------------------------------
