[1;93m==>[0m Warning: upstream not found: /leonardo/prod/spack/06/spack_sources/0.22.2_preprod_base/etc/spack/$SPACK_UPSTREAM_INSTALL_DIR_01/.spack-db/index.json
[1;93m==>[0m Warning: Failed to initialize repository: '$SPACK_REPO_DIR_01'.
  No repo.yaml found in '$SPACK_REPO_DIR_01'
  To remove the bad repository, run this command:
      spack repo rm $SPACK_REPO_DIR_01
/leonardo/prod/spack/06/spack_sources/0.22.2_preprod_base/share/spack/setup-env.sh: line 158: export: `{name}_INC=/leonardo_work/ICT26_ESP_0/christian/spack-envs/regcm5-leonardo-nvhpc-hpcx/.spack-env/view/include:/leonardo_work/ICT26_ESP_0/christian/externals/hpcx-mpi-2.25.1-ompi-shim/include': not a valid identifier
/leonardo/prod/spack/06/spack_sources/0.22.2_preprod_base/share/spack/setup-env.sh: line 159: export: `{name}_INCLUDE=/leonardo_work/ICT26_ESP_0/christian/spack-envs/regcm5-leonardo-nvhpc-hpcx/.spack-env/view/include:/leonardo_work/ICT26_ESP_0/christian/externals/hpcx-mpi-2.25.1-ompi-shim/include': not a valid identifier
/leonardo/prod/spack/06/spack_sources/0.22.2_preprod_base/share/spack/setup-env.sh: line 160: export: `{name}_LIB=/leonardo_work/ICT26_ESP_0/christian/spack-envs/regcm5-leonardo-nvhpc-hpcx/.spack-env/view/lib:/leonardo_work/ICT26_ESP_0/christian/spack-envs/regcm5-leonardo-nvhpc-hpcx/.spack-env/view/lib64:/leonardo_work/ICT26_ESP_0/christian/externals/hpcx-mpi-2.25.1-ompi-shim/lib': not a valid identifier
[1;93m==>[0m Warning: upstream not found: /leonardo/prod/spack/06/spack_sources/0.22.2_preprod_base/etc/spack/$SPACK_UPSTREAM_INSTALL_DIR_01/.spack-db/index.json
[1;93m==>[0m Warning: Failed to initialize repository: '$SPACK_REPO_DIR_01'.
  No repo.yaml found in '$SPACK_REPO_DIR_01'
  To remove the bad repository, run this command:
      spack repo rm $SPACK_REPO_DIR_01
/leonardo/prod/spack/06/spack_sources/0.22.2_preprod_base/share/spack/setup-env.sh: line 200: export: `{name}_INC=/leonardo/pub/userexternal/ctica000/spack-0.22.2-06/install/linux-rhel8-icelake/nvhpc-25.11/hdf5-1.14.3-j7ftuxf5gpbxqrxsemdplnn4mzj5ehzb/include:/leonardo/prod/spack/06/install/0.22/linux-rhel8-icelake/gcc-8.5.0/zlib-ng-2.1.6-jkgunjc2hc2qpkzoodjcn6fu3qpfly73/include:/leonardo/prod/spack/06/install/0.22/linux-rhel8-icelake/gcc-8.5.0/pkgconf-2.2.0-n5plvg444qqbw6mod7623onora4j6uiy/include:/leonardo_work/ICT26_ESP_0/christian/externals/hpcx-mpi-2.25.1-ompi-shim/include': not a valid identifier
/leonardo/prod/spack/06/spack_sources/0.22.2_preprod_base/share/spack/setup-env.sh: line 201: export: `{name}_INCLUDE=/leonardo/pub/userexternal/ctica000/spack-0.22.2-06/install/linux-rhel8-icelake/nvhpc-25.11/hdf5-1.14.3-j7ftuxf5gpbxqrxsemdplnn4mzj5ehzb/include:/leonardo/prod/spack/06/install/0.22/linux-rhel8-icelake/gcc-8.5.0/zlib-ng-2.1.6-jkgunjc2hc2qpkzoodjcn6fu3qpfly73/include:/leonardo/prod/spack/06/install/0.22/linux-rhel8-icelake/gcc-8.5.0/pkgconf-2.2.0-n5plvg444qqbw6mod7623onora4j6uiy/include:/leonardo_work/ICT26_ESP_0/christian/externals/hpcx-mpi-2.25.1-ompi-shim/include': not a valid identifier
/leonardo/prod/spack/06/spack_sources/0.22.2_preprod_base/share/spack/setup-env.sh: line 202: export: `{name}_LIB=/leonardo/pub/userexternal/ctica000/spack-0.22.2-06/install/linux-rhel8-icelake/nvhpc-25.11/hdf5-1.14.3-j7ftuxf5gpbxqrxsemdplnn4mzj5ehzb/lib:/leonardo/prod/spack/06/install/0.22/linux-rhel8-icelake/gcc-8.5.0/zlib-ng-2.1.6-jkgunjc2hc2qpkzoodjcn6fu3qpfly73/lib:/leonardo/prod/spack/06/install/0.22/linux-rhel8-icelake/gcc-8.5.0/pkgconf-2.2.0-n5plvg444qqbw6mod7623onora4j6uiy/lib:/leonardo/prod/spack/06/install/0.22/linux-rhel8-icelake/gcc-8.5.0/gcc-runtime-8.5.0-tm43bfw5tjxltzb4hh6avyvrxdzodtyb/lib:/leonardo_work/ICT26_ESP_0/christian/externals/hpcx-mpi-2.25.1-ompi-shim/lib': not a valid identifier
[1;93m==>[0m Warning: upstream not found: /leonardo/prod/spack/06/spack_sources/0.22.2_preprod_base/etc/spack/$SPACK_UPSTREAM_INSTALL_DIR_01/.spack-db/index.json
[1;93m==>[0m Warning: Failed to initialize repository: '$SPACK_REPO_DIR_01'.
  No repo.yaml found in '$SPACK_REPO_DIR_01'
  To remove the bad repository, run this command:
      spack repo rm $SPACK_REPO_DIR_01
/leonardo/prod/spack/06/spack_sources/0.22.2_preprod_base/share/spack/setup-env.sh: line 200: export: `{name}_INC=/leonardo/pub/userexternal/ctica000/spack-0.22.2-06/install/linux-rhel8-icelake/nvhpc-25.11/parallel-netcdf-1.12.3-mwecvojjtcxgi7spmmyugbual7ouxs5b/include:/leonardo_work/ICT26_ESP_0/christian/externals/hpcx-mpi-2.25.1-ompi-shim/include': not a valid identifier
/leonardo/prod/spack/06/spack_sources/0.22.2_preprod_base/share/spack/setup-env.sh: line 201: export: `{name}_INCLUDE=/leonardo/pub/userexternal/ctica000/spack-0.22.2-06/install/linux-rhel8-icelake/nvhpc-25.11/parallel-netcdf-1.12.3-mwecvojjtcxgi7spmmyugbual7ouxs5b/include:/leonardo_work/ICT26_ESP_0/christian/externals/hpcx-mpi-2.25.1-ompi-shim/include': not a valid identifier
/leonardo/prod/spack/06/spack_sources/0.22.2_preprod_base/share/spack/setup-env.sh: line 202: export: `{name}_LIB=/leonardo/pub/userexternal/ctica000/spack-0.22.2-06/install/linux-rhel8-icelake/nvhpc-25.11/parallel-netcdf-1.12.3-mwecvojjtcxgi7spmmyugbual7ouxs5b/lib:/leonardo_work/ICT26_ESP_0/christian/externals/hpcx-mpi-2.25.1-ompi-shim/lib': not a valid identifier
[1;93m==>[0m Warning: upstream not found: /leonardo/prod/spack/06/spack_sources/0.22.2_preprod_base/etc/spack/$SPACK_UPSTREAM_INSTALL_DIR_01/.spack-db/index.json
[1;93m==>[0m Warning: Failed to initialize repository: '$SPACK_REPO_DIR_01'.
  No repo.yaml found in '$SPACK_REPO_DIR_01'
  To remove the bad repository, run this command:
      spack repo rm $SPACK_REPO_DIR_01
/leonardo/prod/spack/06/spack_sources/0.22.2_preprod_base/share/spack/setup-env.sh: line 201: export: `{name}_INC=/leonardo/pub/userexternal/ctica000/spack-0.22.2-06/install/linux-rhel8-icelake/nvhpc-25.11/netcdf-c-4.9.2-ubl3h57uqcq4yknbtprhrdimzgherplq/include:/leonardo/pub/userexternal/ctica000/spack-0.22.2-06/install/linux-rhel8-icelake/nvhpc-25.11/parallel-netcdf-1.12.3-mwecvojjtcxgi7spmmyugbual7ouxs5b/include:/leonardo/prod/spack/06/install/0.22/linux-rhel8-icelake/gcc-12.2.0/libaec-1.0.6-blqbmaifeiv2c6x4jasmcjstjqcztygu/include:/leonardo/pub/userexternal/ctica000/spack-0.22.2-06/install/linux-rhel8-icelake/nvhpc-25.11/hdf5-1.14.3-j7ftuxf5gpbxqrxsemdplnn4mzj5ehzb/include:/leonardo/prod/spack/06/install/0.22/linux-rhel8-icelake/gcc-8.5.0/pkgconf-2.2.0-n5plvg444qqbw6mod7623onora4j6uiy/include:/leonardo_work/ICT26_ESP_0/christian/externals/hpcx-mpi-2.25.1-ompi-shim/include:/leonardo/prod/spack/06/install/0.22/linux-rhel8-icelake/gcc-12.2.0/c-blosc-1.21.5-buk7w2lvyguxwdcvxl5qmbvsd5dkddik/include:/leonardo/prod/spack/06/install/0.22/linux-rhel8-icelake/gcc-8.5.0/zstd-1.5.6-uq5yyuxtjqrpsuijsvemu64222yto3qm/include:/leonardo/prod/spack/06/install/0.22/linux-rhel8-icelake/gcc-8.5.0/zlib-ng-2.1.6-jkgunjc2hc2qpkzoodjcn6fu3qpfly73/include:/leonardo/prod/spack/06/install/0.22/linux-rhel8-icelake/gcc-12.2.0/snappy-1.1.10-gagtospjxpbyx3mpahge7occbgktak3d/include:/leonardo/prod/spack/06/install/0.22/linux-rhel8-icelake/gcc-12.2.0/lz4-1.9.4-dcavnmib67fokguqjtiafsweixkn6u77/include:/leonardo/prod/spack/06/install/0.22/linux-rhel8-icelake/gcc-8.5.0/bzip2-1.0.8-ib3znejizupogmu7ontk67drg656svun/include': not a valid identifier
/leonardo/prod/spack/06/spack_sources/0.22.2_preprod_base/share/spack/setup-env.sh: line 202: export: `{name}_INCLUDE=/leonardo/pub/userexternal/ctica000/spack-0.22.2-06/install/linux-rhel8-icelake/nvhpc-25.11/netcdf-c-4.9.2-ubl3h57uqcq4yknbtprhrdimzgherplq/include:/leonardo/pub/userexternal/ctica000/spack-0.22.2-06/install/linux-rhel8-icelake/nvhpc-25.11/parallel-netcdf-1.12.3-mwecvojjtcxgi7spmmyugbual7ouxs5b/include:/leonardo/prod/spack/06/install/0.22/linux-rhel8-icelake/gcc-12.2.0/libaec-1.0.6-blqbmaifeiv2c6x4jasmcjstjqcztygu/include:/leonardo/pub/userexternal/ctica000/spack-0.22.2-06/install/linux-rhel8-icelake/nvhpc-25.11/hdf5-1.14.3-j7ftuxf5gpbxqrxsemdplnn4mzj5ehzb/include:/leonardo/prod/spack/06/install/0.22/linux-rhel8-icelake/gcc-8.5.0/pkgconf-2.2.0-n5plvg444qqbw6mod7623onora4j6uiy/include:/leonardo_work/ICT26_ESP_0/christian/externals/hpcx-mpi-2.25.1-ompi-shim/include:/leonardo/prod/spack/06/install/0.22/linux-rhel8-icelake/gcc-12.2.0/c-blosc-1.21.5-buk7w2lvyguxwdcvxl5qmbvsd5dkddik/include:/leonardo/prod/spack/06/install/0.22/linux-rhel8-icelake/gcc-8.5.0/zstd-1.5.6-uq5yyuxtjqrpsuijsvemu64222yto3qm/include:/leonardo/prod/spack/06/install/0.22/linux-rhel8-icelake/gcc-8.5.0/zlib-ng-2.1.6-jkgunjc2hc2qpkzoodjcn6fu3qpfly73/include:/leonardo/prod/spack/06/install/0.22/linux-rhel8-icelake/gcc-12.2.0/snappy-1.1.10-gagtospjxpbyx3mpahge7occbgktak3d/include:/leonardo/prod/spack/06/install/0.22/linux-rhel8-icelake/gcc-12.2.0/lz4-1.9.4-dcavnmib67fokguqjtiafsweixkn6u77/include:/leonardo/prod/spack/06/install/0.22/linux-rhel8-icelake/gcc-8.5.0/bzip2-1.0.8-ib3znejizupogmu7ontk67drg656svun/include': not a valid identifier
/leonardo/prod/spack/06/spack_sources/0.22.2_preprod_base/share/spack/setup-env.sh: line 203: export: `{name}_LIB=/leonardo/pub/userexternal/ctica000/spack-0.22.2-06/install/linux-rhel8-icelake/nvhpc-25.11/netcdf-c-4.9.2-ubl3h57uqcq4yknbtprhrdimzgherplq/lib:/leonardo/pub/userexternal/ctica000/spack-0.22.2-06/install/linux-rhel8-icelake/nvhpc-25.11/parallel-netcdf-1.12.3-mwecvojjtcxgi7spmmyugbual7ouxs5b/lib:/leonardo/prod/spack/06/install/0.22/linux-rhel8-icelake/gcc-12.2.0/libaec-1.0.6-blqbmaifeiv2c6x4jasmcjstjqcztygu/lib64:/leonardo/pub/userexternal/ctica000/spack-0.22.2-06/install/linux-rhel8-icelake/nvhpc-25.11/hdf5-1.14.3-j7ftuxf5gpbxqrxsemdplnn4mzj5ehzb/lib:/leonardo/prod/spack/06/install/0.22/linux-rhel8-icelake/gcc-8.5.0/pkgconf-2.2.0-n5plvg444qqbw6mod7623onora4j6uiy/lib:/leonardo_work/ICT26_ESP_0/christian/externals/hpcx-mpi-2.25.1-ompi-shim/lib:/leonardo/prod/spack/06/install/0.22/linux-rhel8-icelake/gcc-12.2.0/c-blosc-1.21.5-buk7w2lvyguxwdcvxl5qmbvsd5dkddik/lib64:/leonardo/prod/spack/06/install/0.22/linux-rhel8-icelake/gcc-8.5.0/zstd-1.5.6-uq5yyuxtjqrpsuijsvemu64222yto3qm/lib:/leonardo/prod/spack/06/install/0.22/linux-rhel8-icelake/gcc-8.5.0/zlib-ng-2.1.6-jkgunjc2hc2qpkzoodjcn6fu3qpfly73/lib:/leonardo/prod/spack/06/install/0.22/linux-rhel8-icelake/gcc-12.2.0/snappy-1.1.10-gagtospjxpbyx3mpahge7occbgktak3d/lib:/leonardo/prod/spack/06/install/0.22/linux-rhel8-icelake/gcc-12.2.0/lz4-1.9.4-dcavnmib67fokguqjtiafsweixkn6u77/lib:/leonardo/prod/spack/06/install/0.22/linux-rhel8-icelake/gcc-12.2.0/gcc-runtime-12.2.0-dqfwf7yjtbtdzllj66jx6suk34ir2ct3/lib:/leonardo/prod/spack/06/install/0.22/linux-rhel8-icelake/gcc-8.5.0/bzip2-1.0.8-ib3znejizupogmu7ontk67drg656svun/lib:/leonardo/prod/spack/06/install/0.22/linux-rhel8-icelake/gcc-8.5.0/gcc-runtime-8.5.0-tm43bfw5tjxltzb4hh6avyvrxdzodtyb/lib': not a valid identifier
[1;93m==>[0m Warning: upstream not found: /leonardo/prod/spack/06/spack_sources/0.22.2_preprod_base/etc/spack/$SPACK_UPSTREAM_INSTALL_DIR_01/.spack-db/index.json
[1;93m==>[0m Warning: Failed to initialize repository: '$SPACK_REPO_DIR_01'.
  No repo.yaml found in '$SPACK_REPO_DIR_01'
  To remove the bad repository, run this command:
      spack repo rm $SPACK_REPO_DIR_01
/leonardo/prod/spack/06/spack_sources/0.22.2_preprod_base/share/spack/setup-env.sh: line 201: export: `{name}_INC=/leonardo/pub/userexternal/ctica000/spack-0.22.2-06/install/linux-rhel8-icelake/nvhpc-25.11/netcdf-fortran-4.6.1-t5pazgfengikrrt3x6kcwd4yjqbeldx6/include:/leonardo/pub/userexternal/ctica000/spack-0.22.2-06/install/linux-rhel8-icelake/nvhpc-25.11/netcdf-c-4.9.2-ubl3h57uqcq4yknbtprhrdimzgherplq/include:/leonardo/pub/userexternal/ctica000/spack-0.22.2-06/install/linux-rhel8-icelake/nvhpc-25.11/parallel-netcdf-1.12.3-mwecvojjtcxgi7spmmyugbual7ouxs5b/include:/leonardo/prod/spack/06/install/0.22/linux-rhel8-icelake/gcc-12.2.0/libaec-1.0.6-blqbmaifeiv2c6x4jasmcjstjqcztygu/include:/leonardo/pub/userexternal/ctica000/spack-0.22.2-06/install/linux-rhel8-icelake/nvhpc-25.11/hdf5-1.14.3-j7ftuxf5gpbxqrxsemdplnn4mzj5ehzb/include:/leonardo/prod/spack/06/install/0.22/linux-rhel8-icelake/gcc-8.5.0/pkgconf-2.2.0-n5plvg444qqbw6mod7623onora4j6uiy/include:/leonardo_work/ICT26_ESP_0/christian/externals/hpcx-mpi-2.25.1-ompi-shim/include:/leonardo/prod/spack/06/install/0.22/linux-rhel8-icelake/gcc-12.2.0/c-blosc-1.21.5-buk7w2lvyguxwdcvxl5qmbvsd5dkddik/include:/leonardo/prod/spack/06/install/0.22/linux-rhel8-icelake/gcc-8.5.0/zstd-1.5.6-uq5yyuxtjqrpsuijsvemu64222yto3qm/include:/leonardo/prod/spack/06/install/0.22/linux-rhel8-icelake/gcc-8.5.0/zlib-ng-2.1.6-jkgunjc2hc2qpkzoodjcn6fu3qpfly73/include:/leonardo/prod/spack/06/install/0.22/linux-rhel8-icelake/gcc-12.2.0/snappy-1.1.10-gagtospjxpbyx3mpahge7occbgktak3d/include:/leonardo/prod/spack/06/install/0.22/linux-rhel8-icelake/gcc-12.2.0/lz4-1.9.4-dcavnmib67fokguqjtiafsweixkn6u77/include:/leonardo/prod/spack/06/install/0.22/linux-rhel8-icelake/gcc-8.5.0/bzip2-1.0.8-ib3znejizupogmu7ontk67drg656svun/include': not a valid identifier
/leonardo/prod/spack/06/spack_sources/0.22.2_preprod_base/share/spack/setup-env.sh: line 202: export: `{name}_INCLUDE=/leonardo/pub/userexternal/ctica000/spack-0.22.2-06/install/linux-rhel8-icelake/nvhpc-25.11/netcdf-fortran-4.6.1-t5pazgfengikrrt3x6kcwd4yjqbeldx6/include:/leonardo/pub/userexternal/ctica000/spack-0.22.2-06/install/linux-rhel8-icelake/nvhpc-25.11/netcdf-c-4.9.2-ubl3h57uqcq4yknbtprhrdimzgherplq/include:/leonardo/pub/userexternal/ctica000/spack-0.22.2-06/install/linux-rhel8-icelake/nvhpc-25.11/parallel-netcdf-1.12.3-mwecvojjtcxgi7spmmyugbual7ouxs5b/include:/leonardo/prod/spack/06/install/0.22/linux-rhel8-icelake/gcc-12.2.0/libaec-1.0.6-blqbmaifeiv2c6x4jasmcjstjqcztygu/include:/leonardo/pub/userexternal/ctica000/spack-0.22.2-06/install/linux-rhel8-icelake/nvhpc-25.11/hdf5-1.14.3-j7ftuxf5gpbxqrxsemdplnn4mzj5ehzb/include:/leonardo/prod/spack/06/install/0.22/linux-rhel8-icelake/gcc-8.5.0/pkgconf-2.2.0-n5plvg444qqbw6mod7623onora4j6uiy/include:/leonardo_work/ICT26_ESP_0/christian/externals/hpcx-mpi-2.25.1-ompi-shim/include:/leonardo/prod/spack/06/install/0.22/linux-rhel8-icelake/gcc-12.2.0/c-blosc-1.21.5-buk7w2lvyguxwdcvxl5qmbvsd5dkddik/include:/leonardo/prod/spack/06/install/0.22/linux-rhel8-icelake/gcc-8.5.0/zstd-1.5.6-uq5yyuxtjqrpsuijsvemu64222yto3qm/include:/leonardo/prod/spack/06/install/0.22/linux-rhel8-icelake/gcc-8.5.0/zlib-ng-2.1.6-jkgunjc2hc2qpkzoodjcn6fu3qpfly73/include:/leonardo/prod/spack/06/install/0.22/linux-rhel8-icelake/gcc-12.2.0/snappy-1.1.10-gagtospjxpbyx3mpahge7occbgktak3d/include:/leonardo/prod/spack/06/install/0.22/linux-rhel8-icelake/gcc-12.2.0/lz4-1.9.4-dcavnmib67fokguqjtiafsweixkn6u77/include:/leonardo/prod/spack/06/install/0.22/linux-rhel8-icelake/gcc-8.5.0/bzip2-1.0.8-ib3znejizupogmu7ontk67drg656svun/include': not a valid identifier
/leonardo/prod/spack/06/spack_sources/0.22.2_preprod_base/share/spack/setup-env.sh: line 203: export: `{name}_LIB=/leonardo/pub/userexternal/ctica000/spack-0.22.2-06/install/linux-rhel8-icelake/nvhpc-25.11/netcdf-fortran-4.6.1-t5pazgfengikrrt3x6kcwd4yjqbeldx6/lib:/leonardo/pub/userexternal/ctica000/spack-0.22.2-06/install/linux-rhel8-icelake/nvhpc-25.11/netcdf-c-4.9.2-ubl3h57uqcq4yknbtprhrdimzgherplq/lib:/leonardo/pub/userexternal/ctica000/spack-0.22.2-06/install/linux-rhel8-icelake/nvhpc-25.11/parallel-netcdf-1.12.3-mwecvojjtcxgi7spmmyugbual7ouxs5b/lib:/leonardo/prod/spack/06/install/0.22/linux-rhel8-icelake/gcc-12.2.0/libaec-1.0.6-blqbmaifeiv2c6x4jasmcjstjqcztygu/lib64:/leonardo/pub/userexternal/ctica000/spack-0.22.2-06/install/linux-rhel8-icelake/nvhpc-25.11/hdf5-1.14.3-j7ftuxf5gpbxqrxsemdplnn4mzj5ehzb/lib:/leonardo/prod/spack/06/install/0.22/linux-rhel8-icelake/gcc-8.5.0/pkgconf-2.2.0-n5plvg444qqbw6mod7623onora4j6uiy/lib:/leonardo_work/ICT26_ESP_0/christian/externals/hpcx-mpi-2.25.1-ompi-shim/lib:/leonardo/prod/spack/06/install/0.22/linux-rhel8-icelake/gcc-12.2.0/c-blosc-1.21.5-buk7w2lvyguxwdcvxl5qmbvsd5dkddik/lib64:/leonardo/prod/spack/06/install/0.22/linux-rhel8-icelake/gcc-8.5.0/zstd-1.5.6-uq5yyuxtjqrpsuijsvemu64222yto3qm/lib:/leonardo/prod/spack/06/install/0.22/linux-rhel8-icelake/gcc-8.5.0/zlib-ng-2.1.6-jkgunjc2hc2qpkzoodjcn6fu3qpfly73/lib:/leonardo/prod/spack/06/install/0.22/linux-rhel8-icelake/gcc-12.2.0/snappy-1.1.10-gagtospjxpbyx3mpahge7occbgktak3d/lib:/leonardo/prod/spack/06/install/0.22/linux-rhel8-icelake/gcc-12.2.0/lz4-1.9.4-dcavnmib67fokguqjtiafsweixkn6u77/lib:/leonardo/prod/spack/06/install/0.22/linux-rhel8-icelake/gcc-12.2.0/gcc-runtime-12.2.0-dqfwf7yjtbtdzllj66jx6suk34ir2ct3/lib:/leonardo/prod/spack/06/install/0.22/linux-rhel8-icelake/gcc-8.5.0/bzip2-1.0.8-ib3znejizupogmu7ontk67drg656svun/lib:/leonardo/prod/spack/06/install/0.22/linux-rhel8-icelake/gcc-8.5.0/gcc-runtime-8.5.0-tm43bfw5tjxltzb4hh6avyvrxdzodtyb/lib': not a valid identifier
[lrdn1507.leonardo.local:958747] mca_base_component_repository_open: unable to open mca_coll_ucc: libucc.so.1: cannot open shared object file: No such file or directory (ignored)
[lrdn1507.leonardo.local:958748] mca_base_component_repository_open: unable to open mca_coll_ucc: libucc.so.1: cannot open shared object file: No such file or directory (ignored)
[lrdn1507.leonardo.local:958749] mca_base_component_repository_open: unable to open mca_coll_ucc: libucc.so.1: cannot open shared object file: No such file or directory (ignored)
[lrdn1507.leonardo.local:958746] mca_base_component_repository_open: unable to open mca_coll_ucc: libucc.so.1: cannot open shared object file: No such file or directory (ignored)
[lrdn1543.leonardo.local:2846557] mca_base_component_repository_open: unable to open mca_coll_ucc: libucc.so.1: cannot open shared object file: No such file or directory (ignored)
[lrdn1543.leonardo.local:2846560] mca_base_component_repository_open: unable to open mca_coll_ucc: libucc.so.1: cannot open shared object file: No such file or directory (ignored)
[lrdn1543.leonardo.local:2846559] mca_base_component_repository_open: unable to open mca_coll_ucc: libucc.so.1: cannot open shared object file: No such file or directory (ignored)
[lrdn1543.leonardo.local:2846558] mca_base_component_repository_open: unable to open mca_coll_ucc: libucc.so.1: cannot open shared object file: No such file or directory (ignored)
 No such file or directory                                                       
 /leonardo_work/ICT25_ESP/RCMDATA/CMIP6/GHG/mole-fraction-of-carbon-dioxide-in-air_input4MIPs_GHGConcentrations_CMIP_UoM-CMIP-1-2-0_gr-0p5x360deg_000001-201412.nc
 -------------- FATAL CALLED ---------------
  Fatal in file: mod_ipcc_scenario.F90 at line:     2152
 CANNOT OPEN FILE
 -------------------------------------------
 No such file or directory                                                       
 /leonardo_work/ICT25_ESP/RCMDATA/CMIP6/GHG/mole-fraction-of-carbon-dioxide-in-air_input4MIPs_GHGConcentrations_CMIP_UoM-CMIP-1-2-0_gr-0p5x360deg_000001-201412.nc
 -------------- FATAL CALLED ---------------
  Fatal in file: mod_ipcc_scenario.F90 at line:     2152
 CANNOT OPEN FILE
 -------------------------------------------
 Abort called by computing node             5 at 2026-05-23 15:57:27.397 +0200
 Execution terminated because of runtime error
 Abort called by computing node             4 at 2026-05-23 15:57:27.397 +0200
 Execution terminated because of runtime error
 No such file or directory                                                       
 /leonardo_work/ICT25_ESP/RCMDATA/CMIP6/GHG/mole-fraction-of-carbon-dioxide-in-air_input4MIPs_GHGConcentrations_CMIP_UoM-CMIP-1-2-0_gr-0p5x360deg_000001-201412.nc
 -------------- FATAL CALLED ---------------
  Fatal in file: mod_ipcc_scenario.F90 at line:     2152
 CANNOT OPEN FILE
 -------------------------------------------
 Abort called by computing node             1 at 2026-05-23 15:57:27.398 +0200
 Execution terminated because of runtime error
 No such file or directory                                                       
 /leonardo_work/ICT25_ESP/RCMDATA/CMIP6/GHG/mole-fraction-of-carbon-dioxide-in-air_input4MIPs_GHGConcentrations_CMIP_UoM-CMIP-1-2-0_gr-0p5x360deg_000001-201412.nc
 -------------- FATAL CALLED ---------------
  Fatal in file: mod_ipcc_scenario.F90 at line:     2152
 CANNOT OPEN FILE
 -------------------------------------------
 mod_ipcc_scenario.F90 :     2152:             1
 Abort called by computing node             0 at 2026-05-23 15:57:27.398 +0200
 Execution terminated because of runtime error
--------------------------------------------------------------------------
MPI_ABORT was invoked on rank 4 in communicator MPI COMMUNICATOR 3 DUP FROM 0
with errorcode 1.

NOTE: invoking MPI_ABORT causes Open MPI to kill all MPI processes.
You may or may not see output from other processes, depending on
exactly when Open MPI kills them.
--------------------------------------------------------------------------
--------------------------------------------------------------------------
MPI_ABORT was invoked on rank 5 in communicator MPI COMMUNICATOR 3 DUP FROM 0
with errorcode 1.

NOTE: invoking MPI_ABORT causes Open MPI to kill all MPI processes.
You may or may not see output from other processes, depending on
exactly when Open MPI kills them.
--------------------------------------------------------------------------
--------------------------------------------------------------------------
MPI_ABORT was invoked on rank 1 in communicator MPI COMMUNICATOR 3 DUP FROM 0
with errorcode 1.

NOTE: invoking MPI_ABORT causes Open MPI to kill all MPI processes.
You may or may not see output from other processes, depending on
exactly when Open MPI kills them.
--------------------------------------------------------------------------
--------------------------------------------------------------------------
MPI_ABORT was invoked on rank 0 in communicator MPI COMMUNICATOR 3 DUP FROM 0
with errorcode 1.

NOTE: invoking MPI_ABORT causes Open MPI to kill all MPI processes.
You may or may not see output from other processes, depending on
exactly when Open MPI kills them.
--------------------------------------------------------------------------
srun: Job step aborted: Waiting up to 122 seconds for job step to finish.
slurmstepd: error: *** STEP 42325090.0 ON lrdn1507 CANCELLED AT 2026-05-23T15:57:27 ***
srun: error: lrdn1507: task 1: Exited with exit code 1
srun: error: lrdn1507: tasks 2-3: Killed
srun: error: lrdn1543: tasks 4-5: Exited with exit code 1
srun: error: lrdn1543: tasks 6-7: Killed
srun: error: lrdn1507: task 0: Exited with exit code 1
