 No such file or directory                                                       
 /leonardo_work/ICT25_ESP/RCMDATA/CMIP6/GHG/mole-fraction-of-carbon-dioxide-in-air_input4MIPs_GHGConcentrations_CMIP_UoM-CMIP-1-2-0_gr-0p5x360deg_000001-201412.nc
 -------------- FATAL CALLED ---------------
  Fatal in file: mod_ipcc_scenario.F90 at line:     2152
 CANNOT OPEN FILE
 -------------------------------------------
 No such file or directory                                                       
 /leonardo_work/ICT25_ESP/RCMDATA/CMIP6/GHG/mole-fraction-of-carbon-dioxide-in-air_input4MIPs_GHGConcentrations_CMIP_UoM-CMIP-1-2-0_gr-0p5x360deg_000001-201412.nc
 -------------- FATAL CALLED ---------------
  Fatal in file: mod_ipcc_scenario.F90 at line:     2152
 CANNOT OPEN FILE
 -------------------------------------------
 mod_ipcc_scenario.F90 :     2152:             1
 Abort called by computing node             0 at 2026-05-01 14:56:43.786 +0200
 Execution terminated because of runtime error
 Abort called by computing node             1 at 2026-05-01 14:56:43.786 +0200
 Execution terminated because of runtime error
 No such file or directory                                                       
 /leonardo_work/ICT25_ESP/RCMDATA/CMIP6/GHG/mole-fraction-of-carbon-dioxide-in-air_input4MIPs_GHGConcentrations_CMIP_UoM-CMIP-1-2-0_gr-0p5x360deg_000001-201412.nc
 -------------- FATAL CALLED ---------------
 No such file or directory                                                       
 /leonardo_work/ICT25_ESP/RCMDATA/CMIP6/GHG/mole-fraction-of-carbon-dioxide-in-air_input4MIPs_GHGConcentrations_CMIP_UoM-CMIP-1-2-0_gr-0p5x360deg_000001-201412.nc
 -------------- FATAL CALLED ---------------
  Fatal in file: mod_ipcc_scenario.F90 at line:     2152
 CANNOT OPEN FILE
 -------------------------------------------
  Fatal in file: mod_ipcc_scenario.F90 at line:     2152
 CANNOT OPEN FILE
 -------------------------------------------
 Abort called by computing node             4 at 2026-05-01 14:56:43.787 +0200
 Execution terminated because of runtime error
 Abort called by computing node             5 at 2026-05-01 14:56:43.787 +0200
 Execution terminated because of runtime error
--------------------------------------------------------------------------
MPI_ABORT was invoked on rank 1 in communicator MPI COMMUNICATOR 3 DUP FROM 0
with errorcode 1.

NOTE: invoking MPI_ABORT causes Open MPI to kill all MPI processes.
You may or may not see output from other processes, depending on
exactly when Open MPI kills them.
--------------------------------------------------------------------------
--------------------------------------------------------------------------
MPI_ABORT was invoked on rank 4 in communicator MPI COMMUNICATOR 3 DUP FROM 0
with errorcode 1.

NOTE: invoking MPI_ABORT causes Open MPI to kill all MPI processes.
You may or may not see output from other processes, depending on
exactly when Open MPI kills them.
--------------------------------------------------------------------------
--------------------------------------------------------------------------
MPI_ABORT was invoked on rank 5 in communicator MPI COMMUNICATOR 3 DUP FROM 0
with errorcode 1.

NOTE: invoking MPI_ABORT causes Open MPI to kill all MPI processes.
You may or may not see output from other processes, depending on
exactly when Open MPI kills them.
--------------------------------------------------------------------------
--------------------------------------------------------------------------
MPI_ABORT was invoked on rank 0 in communicator MPI COMMUNICATOR 3 DUP FROM 0
with errorcode 1.

NOTE: invoking MPI_ABORT causes Open MPI to kill all MPI processes.
You may or may not see output from other processes, depending on
exactly when Open MPI kills them.
--------------------------------------------------------------------------
srun: Job step aborted: Waiting up to 122 seconds for job step to finish.
slurmstepd: error: *** STEP 40463908.0 ON lrdn0886 CANCELLED AT 2026-05-01T14:56:43 ***
srun: error: lrdn0886: task 1: Exited with exit code 1
srun: error: lrdn0886: tasks 2-3: Killed
srun: error: lrdn0893: tasks 4-5: Exited with exit code 1
srun: error: lrdn0893: tasks 6-7: Killed
srun: error: lrdn0886: task 0: Exited with exit code 1
