WARNING: Device-side CUDA Event completion trace is currently enabled.
         This may increase runtime overhead and the likelihood of false
         dependencies across CUDA Streams. If you wish to avoid this, please
         disable the feature with --cuda-event-trace=false.
WARNING: Device-side CUDA Event completion trace is currently enabled.
         This may increase runtime overhead and the likelihood of false
         dependencies across CUDA Streams. If you wish to avoid this, please
         disable the feature with --cuda-event-trace=false.
WARNING: Device-side CUDA Event completion trace is currently enabled.
         This may increase runtime overhead and the likelihood of false
         dependencies across CUDA Streams. If you wish to avoid this, please
         disable the feature with --cuda-event-trace=false.
WARNING: Device-side CUDA Event completion trace is currently enabled.
         This may increase runtime overhead and the likelihood of false
         dependencies across CUDA Streams. If you wish to avoid this, please
         disable the feature with --cuda-event-trace=false.
WARNING: Device-side CUDA Event completion trace is currently enabled.
         This may increase runtime overhead and the likelihood of false
         dependencies across CUDA Streams. If you wish to avoid this, please
         disable the feature with --cuda-event-trace=false.
WARNING: Device-side CUDA Event completion trace is currently enabled.
         This may increase runtime overhead and the likelihood of false
         dependencies across CUDA Streams. If you wish to avoid this, please
         disable the feature with --cuda-event-trace=false.
WARNING: Device-side CUDA Event completion trace is currently enabled.
         This may increase runtime overhead and the likelihood of false
         dependencies across CUDA Streams. If you wish to avoid this, please
         disable the feature with --cuda-event-trace=false.
WARNING: Device-side CUDA Event completion trace is currently enabled.
         This may increase runtime overhead and the likelihood of false
         dependencies across CUDA Streams. If you wish to avoid this, please
         disable the feature with --cuda-event-trace=false.
slurmstepd: error:  mpi/pmix_v3: _errhandler: lrdn1528 [1]: pmixp_client_v2.c:212: Error handler invoked: status = -25, source = [slurm.pmix.39783160.0:6]
[lrdn1377:1533802:0:1533802] ib_mlx5_log.c:184  Transport retry count exceeded on mlx5_0:1/IB (synd 0x15 vend 0x81 hw_synd 0/0)
[lrdn1377:1533806:0:1533806] ib_mlx5_log.c:184  Transport retry count exceeded on mlx5_0:1/IB (synd 0x15 vend 0x81 hw_synd 0/0)
[lrdn1377:1533802:0:1533802] ib_mlx5_log.c:184  RC QP 0xb24e wqe[21873]: SEND --e [inl len 10] [rqpn 0xc506 dlid=1509 sl=0 port=1 src_path_bits=0]
[lrdn1377:1533809:0:1533809] ib_mlx5_log.c:184  Transport retry count exceeded on mlx5_0:1/IB (synd 0x15 vend 0x81 hw_synd 0/0)
[lrdn1377:1533809:0:1533809] ib_mlx5_log.c:184  RC QP 0xb24d wqe[21881]: SEND --e [inl len 10] [rqpn 0xc507 dlid=1509 sl=0 port=1 src_path_bits=0]
[lrdn1377:1533803:0:1533803] ib_mlx5_log.c:184  Transport retry count exceeded on mlx5_0:1/IB (synd 0x15 vend 0x81 hw_synd 0/0)
[lrdn1377:1533803:0:1533803] ib_mlx5_log.c:184  RC QP 0xb24f wqe[21880]: SEND --e [inl len 10] [rqpn 0xc508 dlid=1509 sl=0 port=1 src_path_bits=0]
[lrdn1377:1533806:0:1533806] ib_mlx5_log.c:184  RC QP 0xb250 wqe[18109]: SEND --e [inl len 10] [rqpn 0xc509 dlid=1509 sl=0 port=1 src_path_bits=0]
srun: error: If munged is up, restart with --num-threads=10
srun: error: Munge decode failed: Failed to receive message header: Timed-out
srun: auth/munge: _print_cred: ENCODED: Thu Jan 01 00:59:59 1970
srun: auth/munge: _print_cred: DECODED: Thu Jan 01 00:59:59 1970
srun: error: slurm_unpack_received_msg: [[10.128.255.221]:58852] auth_g_verify: SRUN_NODE_FAIL has authentication error: Unspecified error
srun: error: slurm_unpack_received_msg: [[10.128.255.221]:58852] Protocol authentication error
srun: error: Munge decode failed: Expired credential
srun: auth/munge: _print_cred: ENCODED: Tue Apr 14 03:06:14 2026
srun: auth/munge: _print_cred: DECODED: Tue Apr 14 03:18:10 2026
srun: error: slurm_unpack_received_msg: [[lrdn1528-interconnect-1.leonardo.local]:38140] auth_g_verify: MESSAGE_TASK_EXIT has authentication error: Unspecified error
srun: error: slurm_unpack_received_msg: [[lrdn1528-interconnect-1.leonardo.local]:38140] Protocol authentication error
srun: error: Munge decode failed: Expired credential
srun: auth/munge: _print_cred: ENCODED: Tue Apr 14 03:06:07 2026
srun: auth/munge: _print_cred: DECODED: Tue Apr 14 03:18:10 2026
srun: error: slurm_unpack_received_msg: [[10.128.255.221]:58868] auth_g_verify: SRUN_JOB_COMPLETE has authentication error: Unspecified error
srun: error: slurm_unpack_received_msg: [[10.128.255.221]:58868] Protocol authentication error
srun: error: Munge decode failed: Expired credential
srun: auth/munge: _print_cred: ENCODED: Tue Apr 14 03:08:14 2026
srun: auth/munge: _print_cred: DECODED: Tue Apr 14 03:18:10 2026
srun: error: slurm_unpack_received_msg: [[lrdn1528-interconnect-1.leonardo.local]:57036] auth_g_verify: MESSAGE_TASK_EXIT has authentication error: Unspecified error
srun: error: slurm_unpack_received_msg: [[lrdn1528-interconnect-1.leonardo.local]:57036] Protocol authentication error
srun: error: Munge decode failed: Expired credential
srun: auth/munge: _print_cred: ENCODED: Tue Apr 14 03:10:14 2026
srun: auth/munge: _print_cred: DECODED: Tue Apr 14 03:18:10 2026
srun: error: slurm_unpack_received_msg: [[lrdn1528-interconnect-1.leonardo.local]:48270] auth_g_verify: MESSAGE_TASK_EXIT has authentication error: Unspecified error
srun: error: slurm_unpack_received_msg: [[lrdn1528-interconnect-1.leonardo.local]:48270] Protocol authentication error
srun: error: Munge decode failed: Expired credential
srun: auth/munge: _print_cred: ENCODED: Tue Apr 14 03:12:15 2026
srun: auth/munge: _print_cred: DECODED: Tue Apr 14 03:18:10 2026
srun: error: slurm_unpack_received_msg: [[lrdn1528-interconnect-1.leonardo.local]:56504] auth_g_verify: MESSAGE_TASK_EXIT has authentication error: Unspecified error
srun: error: slurm_unpack_received_msg: [[lrdn1528-interconnect-1.leonardo.local]:56504] Protocol authentication error
srun: error: lrdn1528: tasks 4-7: Terminated
srun: error: slurm_send_node_msg: [socket:[4272253243]] slurm_bufs_sendto(msg_type=RESPONSE_SLURM_RC) failed: Unexpected missing socket error
srun: error: lrdn1528: tasks 4-7: Terminated
srun: error: Task 4 reported exit for a second time.
srun: error: Task 5 reported exit for a second time.
srun: error: Task 6 reported exit for a second time.
srun: error: Task 7 reported exit for a second time.
==== backtrace (tid:1533806) ====
 0 0x0000000000028e60 uct_ib_mlx5_completion_with_err()  /build-result/src/hpcx-v2.19-gcc-mlnx_ofed-redhat7-cuda12-x86_64/ucx-7bb2722ff2187a0cad557ae4a6afa090569f83fb/src/uct/ib/mlx5/ib_mlx5_log.c:179
 1 0x0000000000043cd7 uct_rc_mlx5_iface_handle_failure()  /build-result/src/hpcx-v2.19-gcc-mlnx_ofed-redhat7-cuda12-x86_64/ucx-7bb2722ff2187a0cad557ae4a6afa090569f83fb/src/uct/ib/rc/accel/rc_mlx5_iface.c:299
 2 0x0000000000029f75 uct_ib_mlx5_check_completion()  /build-result/src/hpcx-v2.19-gcc-mlnx_ofed-redhat7-cuda12-x86_64/ucx-7bb2722ff2187a0cad557ae4a6afa090569f83fb/src/uct/ib/mlx5/ib_mlx5.c:476
 3 0x00000000000451bf uct_ib_mlx5_poll_cq()  /build-result/src/hpcx-v2.19-gcc-mlnx_ofed-redhat7-cuda12-x86_64/ucx-7bb2722ff2187a0cad557ae4a6afa090569f83fb/src/uct/ib/mlx5/ib_mlx5.inl:148
 4 0x00000000000451bf uct_rc_mlx5_iface_progress()  /build-result/src/hpcx-v2.19-gcc-mlnx_ofed-redhat7-cuda12-x86_64/ucx-7bb2722ff2187a0cad557ae4a6afa090569f83fb/src/uct/ib/rc/accel/rc_mlx5_iface.c:190
 5 0x00000000000451bf uct_rc_mlx5_iface_progress_cyclic()  /build-result/src/hpcx-v2.19-gcc-mlnx_ofed-redhat7-cuda12-x86_64/ucx-7bb2722ff2187a0cad557ae4a6afa090569f83fb/src/uct/ib/rc/accel/rc_mlx5_iface.c:195
 6 0x00000000000512aa ucs_callbackq_dispatch()  /build-result/src/hpcx-v2.19-gcc-mlnx_ofed-redhat7-cuda12-x86_64/ucx-7bb2722ff2187a0cad557ae4a6afa090569f83fb/src/ucs/datastruct/callbackq.h:215
 7 0x00000000000512aa uct_worker_progress()  /build-result/src/hpcx-v2.19-gcc-mlnx_ofed-redhat7-cuda12-x86_64/ucx-7bb2722ff2187a0cad557ae4a6afa090569f83fb/src/uct/api/uct.h:2787
 8 0x00000000000512aa ucp_worker_progress()  /build-result/src/hpcx-v2.19-gcc-mlnx_ofed-redhat7-cuda12-x86_64/ucx-7bb2722ff2187a0cad557ae4a6afa090569f83fb/src/ucp/core/ucp_worker.c:2996
 9 0x0000000000036b9c opal_progress()  /var/jenkins/workspace/rel_nv_lib_hpcx_cuda12_x86_64/work/rebuild_ompi/ompi/build/opal/../../opal/runtime/opal_progress.c:231
10 0x000000000003d5e5 ompi_sync_wait_mt()  /var/jenkins/workspace/rel_nv_lib_hpcx_cuda12_x86_64/work/rebuild_ompi/ompi/build/opal/../../opal/threads/wait_sync.c:85
11 0x000000000004ea98 ompi_request_default_wait_all()  /var/jenkins/workspace/rel_nv_lib_hpcx_cuda12_x86_64/work/rebuild_ompi/ompi/build/ompi/../../ompi/request/req_wait.c:234
12 0x0000000000007b94 mca_coll_basic_neighbor_alltoallv_cart()  /var/jenkins/workspace/rel_nv_lib_hpcx_cuda12_x86_64/work/rebuild_ompi/ompi/build/ompi/mca/coll/basic/../../../../../ompi/mca/coll/basic/coll_basic_neighbor_alltoallv.c:118
13 0x0000000000007b94 mca_coll_basic_neighbor_alltoallv()  /var/jenkins/workspace/rel_nv_lib_hpcx_cuda12_x86_64/work/rebuild_ompi/ompi/build/ompi/mca/coll/basic/../../../../../ompi/mca/coll/basic/coll_basic_neighbor_alltoallv.c:250
14 0x000000000006f0c7 PMPI_Neighbor_alltoallv()  /var/jenkins/workspace/rel_nv_lib_hpcx_cuda12_x86_64/work/rebuild_ompi/ompi/build/ompi/mpi/c/profile/pneighbor_alltoallv.c:148
15 0x000000000004b648 ompi_neighbor_alltoallv_f()  /var/jenkins/workspace/rel_nv_lib_hpcx_cuda12_x86_64/work/rebuild_ompi/ompi/build/ompi/mpi/fortran/mpif-h/profile/pneighbor_alltoallv_f.c:100
16 0x00000000017127d4 mod_mppparam_real8_3d_exchange_bottom_top_()  /leonardo/home/userexternal/ctica000/MS_thesis/RegCM/Main/mpplib/mod_mppparam.F90:4929
17 0x0000000000a0e49f mod_moloch_wafone_()  /leonardo/home/userexternal/ctica000/MS_thesis/RegCM/Main/mod_moloch.F90:1484
18 0x0000000000a04844 mod_moloch_advection_()  /leonardo/home/userexternal/ctica000/MS_thesis/RegCM/Main/mod_moloch.F90:1341
19 0x00000000009c3080 mod_moloch_moloch_()  /leonardo/home/userexternal/ctica000/MS_thesis/RegCM/Main/mod_moloch.F90:447
20 0x00000000004496a0 mod_regcm_interface_rcm_run_()  /leonardo/home/userexternal/ctica000/MS_thesis/RegCM/Main/mod_regcm_interface.F90:265
21 0x0000000000a3f997 MAIN_()  /leonardo/home/userexternal/ctica000/MS_thesis/RegCM/Main/regcm.F90:83
22 0x00000000004484b1 main()  ???:0
23 0x000000000003ad85 __libc_start_main()  ???:0
24 0x000000000044839e _start()  ???:0
=================================
==== backtrace (tid:1533803) ====
 0 0x0000000000028e60 uct_ib_mlx5_completion_with_err()  /build-result/src/hpcx-v2.19-gcc-mlnx_ofed-redhat7-cuda12-x86_64/ucx-7bb2722ff2187a0cad557ae4a6afa090569f83fb/src/uct/ib/mlx5/ib_mlx5_log.c:179
 1 0x0000000000043cd7 uct_rc_mlx5_iface_handle_failure()  /build-result/src/hpcx-v2.19-gcc-mlnx_ofed-redhat7-cuda12-x86_64/ucx-7bb2722ff2187a0cad557ae4a6afa090569f83fb/src/uct/ib/rc/accel/rc_mlx5_iface.c:299
 2 0x0000000000029f75 uct_ib_mlx5_check_completion()  /build-result/src/hpcx-v2.19-gcc-mlnx_ofed-redhat7-cuda12-x86_64/ucx-7bb2722ff2187a0cad557ae4a6afa090569f83fb/src/uct/ib/mlx5/ib_mlx5.c:476
 3 0x00000000000451bf uct_ib_mlx5_poll_cq()  /build-result/src/hpcx-v2.19-gcc-mlnx_ofed-redhat7-cuda12-x86_64/ucx-7bb2722ff2187a0cad557ae4a6afa090569f83fb/src/uct/ib/mlx5/ib_mlx5.inl:148
 4 0x00000000000451bf uct_rc_mlx5_iface_progress()  /build-result/src/hpcx-v2.19-gcc-mlnx_ofed-redhat7-cuda12-x86_64/ucx-7bb2722ff2187a0cad557ae4a6afa090569f83fb/src/uct/ib/rc/accel/rc_mlx5_iface.c:190
 5 0x00000000000451bf uct_rc_mlx5_iface_progress_cyclic()  /build-result/src/hpcx-v2.19-gcc-mlnx_ofed-redhat7-cuda12-x86_64/ucx-7bb2722ff2187a0cad557ae4a6afa090569f83fb/src/uct/ib/rc/accel/rc_mlx5_iface.c:195
 6 0x00000000000512aa ucs_callbackq_dispatch()  /build-result/src/hpcx-v2.19-gcc-mlnx_ofed-redhat7-cuda12-x86_64/ucx-7bb2722ff2187a0cad557ae4a6afa090569f83fb/src/ucs/datastruct/callbackq.h:215
 7 0x00000000000512aa uct_worker_progress()  /build-result/src/hpcx-v2.19-gcc-mlnx_ofed-redhat7-cuda12-x86_64/ucx-7bb2722ff2187a0cad557ae4a6afa090569f83fb/src/uct/api/uct.h:2787
 8 0x00000000000512aa ucp_worker_progress()  /build-result/src/hpcx-v2.19-gcc-mlnx_ofed-redhat7-cuda12-x86_64/ucx-7bb2722ff2187a0cad557ae4a6afa090569f83fb/src/ucp/core/ucp_worker.c:2996
 9 0x0000000000036b9c opal_progress()  /var/jenkins/workspace/rel_nv_lib_hpcx_cuda12_x86_64/work/rebuild_ompi/ompi/build/opal/../../opal/runtime/opal_progress.c:231
10 0x000000000003d5e5 ompi_sync_wait_mt()  /var/jenkins/workspace/rel_nv_lib_hpcx_cuda12_x86_64/work/rebuild_ompi/ompi/build/opal/../../opal/threads/wait_sync.c:85
11 0x000000000004ea98 ompi_request_default_wait_all()  /var/jenkins/workspace/rel_nv_lib_hpcx_cuda12_x86_64/work/rebuild_ompi/ompi/build/ompi/../../ompi/request/req_wait.c:234
12 0x0000000000007b94 mca_coll_basic_neighbor_alltoallv_cart()  /var/jenkins/workspace/rel_nv_lib_hpcx_cuda12_x86_64/work/rebuild_ompi/ompi/build/ompi/mca/coll/basic/../../../../../ompi/mca/coll/basic/coll_basic_neighbor_alltoallv.c:118
13 0x0000000000007b94 mca_coll_basic_neighbor_alltoallv()  /var/jenkins/workspace/rel_nv_lib_hpcx_cuda12_x86_64/work/rebuild_ompi/ompi/build/ompi/mca/coll/basic/../../../../../ompi/mca/coll/basic/coll_basic_neighbor_alltoallv.c:250
14 0x000000000006f0c7 PMPI_Neighbor_alltoallv()  /var/jenkins/workspace/rel_nv_lib_hpcx_cuda12_x86_64/work/rebuild_ompi/ompi/build/ompi/mpi/c/profile/pneighbor_alltoallv.c:148
15 0x000000000004b648 ompi_neighbor_alltoallv_f()  /var/jenkins/workspace/rel_nv_lib_hpcx_cuda12_x86_64/work/rebuild_ompi/ompi/build/ompi/mpi/fortran/mpif-h/profile/pneighbor_alltoallv_f.c:100
16 0x00000000017127d4 mod_mppparam_real8_3d_exchange_bottom_top_()  /leonardo/home/userexternal/ctica000/MS_thesis/RegCM/Main/mpplib/mod_mppparam.F90:4929
17 0x0000000000a0e49f mod_moloch_wafone_()  /leonardo/home/userexternal/ctica000/MS_thesis/RegCM/Main/mod_moloch.F90:1484
18 0x0000000000a04844 mod_moloch_advection_()  /leonardo/home/userexternal/ctica000/MS_thesis/RegCM/Main/mod_moloch.F90:1341
19 0x00000000009c3080 mod_moloch_moloch_()  /leonardo/home/userexternal/ctica000/MS_thesis/RegCM/Main/mod_moloch.F90:447
20 0x00000000004496a0 mod_regcm_interface_rcm_run_()  /leonardo/home/userexternal/ctica000/MS_thesis/RegCM/Main/mod_regcm_interface.F90:265
21 0x0000000000a3f997 MAIN_()  /leonardo/home/userexternal/ctica000/MS_thesis/RegCM/Main/regcm.F90:83
22 0x00000000004484b1 main()  ???:0
23 0x000000000003ad85 __libc_start_main()  ???:0
24 0x000000000044839e _start()  ???:0
=================================
[lrdn1377:1533806] *** Process received signal ***
[lrdn1377:1533806] Signal: Aborted (6)
[lrdn1377:1533806] Signal code:  (-6)
[lrdn1377:1533806] [ 0] /leonardo/prod/spack/06/install/0.22/linux-rhel8-icelake/gcc-8.5.0/nvhpc-24.5-torlmnyzcexnrs6pq4cccabv7ehkv3xy/Linux_x86_64/24.5/comm_libs/12.4/hpcx/hpcx-2.19/ompi/lib/libopen-pal.so.40(+0x76f5a)[0x14d31f2f1f5a]
[lrdn1377:1533806] [ 1] /leonardo/prod/opt/compilers/nvhpc/25.3/binary/Linux_x86_64/25.3/profilers/Nsight_Systems/target-linux-x64/libToolsInjection64.so(+0x4a7776)[0x14d31e7bc776]
[lrdn1377:1533806] [ 2] /lib64/libpthread.so.0(+0x12cf0)[0x14d32220ecf0]
[lrdn1377:1533806] [ 3] /lib64/libc.so.6(gsignal+0x10f)[0x14d3215acacf]
[lrdn1377:1533806] [ 4] /lib64/libc.so.6(abort+0x127)[0x14d32157fea5]
[lrdn1377:1533806] [ 5] /leonardo/prod/spack/06/install/0.22/linux-rhel8-icelake/gcc-8.5.0/nvhpc-24.5-torlmnyzcexnrs6pq4cccabv7ehkv3xy/Linux_x86_64/24.5/comm_libs/12.4/hpcx/hpcx-2.19/ucx/mt/lib/libucs.so.0(ucs_fatal_error_message+0x55)[0x14d3056207d5]
[lrdn1377:1533806] [ 6] /leonardo/prod/spack/06/install/0.22/linux-rhel8-icelake/gcc-8.5.0/nvhpc-24.5-torlmnyzcexnrs6pq4cccabv7ehkv3xy/Linux_x86_64/24.5/comm_libs/12.4/hpcx/hpcx-2.19/ucx/mt/lib/libucs.so.0(ucs_log_default_handler+0x6e4)[0x14d305625184]
[lrdn1377:1533806] [ 7] /leonardo/prod/spack/06/install/0.22/linux-rhel8-icelake/gcc-8.5.0/nvhpc-24.5-torlmnyzcexnrs6pq4cccabv7ehkv3xy/Linux_x86_64/24.5/comm_libs/12.4/hpcx/hpcx-2.19/ucx/mt/lib/libucs.so.0(ucs_log_dispatch+0xdf)[0x14d30562572f]
[lrdn1377:1533806] [ 8] /leonardo/prod/spack/06/install/0.22/linux-rhel8-icelake/gcc-8.5.0/nvhpc-24.5-torlmnyzcexnrs6pq4cccabv7ehkv3xy/Linux_x86_64/24.5/comm_libs/12.4/hpcx/hpcx-2.19/ucx/mt/lib/ucx/libuct_ib.so.0(uct_ib_mlx5_completion_with_err+0x710)[0x14d2fa392e60]
[lrdn1377:1533806] [ 9] /leonardo/prod/spack/06/install/0.22/linux-rhel8-icelake/gcc-8.5.0/nvhpc-24.5-torlmnyzcexnrs6pq4cccabv7ehkv3xy/Linux_x86_64/24.5/comm_libs/12.4/hpcx/hpcx-2.19/ucx/mt/lib/ucx/libuct_ib.so.0(+0x43cd7)[0x14d2fa3adcd7]
[lrdn1377:1533806] [10] /leonardo/prod/spack/06/install/0.22/linux-rhel8-icelake/gcc-8.5.0/nvhpc-24.5-torlmnyzcexnrs6pq4cccabv7ehkv3xy/Linux_x86_64/24.5/comm_libs/12.4/hpcx/hpcx-2.19/ucx/mt/lib/ucx/libuct_ib.so.0(uct_ib_mlx5_check_completion+0x65)[0x14d2fa393f75]
[lrdn1377:1533806] [11] /leonardo/prod/spack/06/install/0.22/linux-rhel8-icelake/gcc-8.5.0/nvhpc-24.5-torlmnyzcexnrs6pq4cccabv7ehkv3xy/Linux_x86_64/24.5/comm_libs/12.4/hpcx/hpcx-2.19/ucx/mt/lib/ucx/libuct_ib.so.0(+0x451bf)[0x14d2fa3af1bf]
[lrdn1377:1533806] [12] /leonardo/prod/spack/06/install/0.22/linux-rhel8-icelake/gcc-8.5.0/nvhpc-24.5-torlmnyzcexnrs6pq4cccabv7ehkv3xy/Linux_x86_64/24.5/comm_libs/12.4/hpcx/hpcx-2.19/ucx/mt/lib/libucp.so.0(ucp_worker_progress+0x6a)[0x14d30c1252aa]
[lrdn1377:1533806] [13] /leonardo/prod/spack/06/install/0.22/linux-rhel8-icelake/gcc-8.5.0/nvhpc-24.5-torlmnyzcexnrs6pq4cccabv7ehkv3xy/Linux_x86_64/24.5/comm_libs/12.4/hpcx/hpcx-2.19/ompi/lib/libopen-pal.so.40(opal_progress+0x2c)[0x14d31f2b1b9c]
[lrdn1377:1533806] [14] /leonardo/prod/spack/06/install/0.22/linux-rhel8-icelake/gcc-8.5.0/nvhpc-24.5-torlmnyzcexnrs6pq4cccabv7ehkv3xy/Linux_x86_64/24.5/comm_libs/12.4/hpcx/hpcx-2.19/ompi/lib/libopen-pal.so.40(ompi_sync_wait_mt+0xb5)[0x14d31f2b85e5]
[lrdn1377:1533806] [15] /leonardo/prod/spack/06/install/0.22/linux-rhel8-icelake/gcc-8.5.0/nvhpc-24.5-torlmnyzcexnrs6pq4cccabv7ehkv3xy/Linux_x86_64/24.5/comm_libs/12.4/hpcx/hpcx-2.19/ompi/lib/libmpi.so.40(ompi_request_default_wait_all+0x388)[0x14d33eec4a98]
[lrdn1377:1533806] [16] /leonardo/prod/spack/06/install/0.22/linux-rhel8-icelake/gcc-8.5.0/nvhpc-24.5-torlmnyzcexnrs6pq4cccabv7ehkv3xy/Linux_x86_64/24.5/comm_libs/12.4/hpcx/hpcx-2.19/ompi/lib/openmpi/mca_coll_basic.so(mca_coll_basic_neighbor_alltoallv+0xa14)[0x14d2f1bf2b94]
==== backtrace (tid:1533802) ====
 0 0x0000000000028e60 uct_ib_mlx5_completion_with_err()  /build-result/src/hpcx-v2.19-gcc-mlnx_ofed-redhat7-cuda12-x86_64/ucx-7bb2722ff2187a0cad557ae4a6afa090569f83fb/src/uct/ib/mlx5/ib_mlx5_log.c:179
 1 0x0000000000043cd7 uct_rc_mlx5_iface_handle_failure()  /build-result/src/hpcx-v2.19-gcc-mlnx_ofed-redhat7-cuda12-x86_64/ucx-7bb2722ff2187a0cad557ae4a6afa090569f83fb/src/uct/ib/rc/accel/rc_mlx5_iface.c:299
 2 0x0000000000029f75 uct_ib_mlx5_check_completion()  /build-result/src/hpcx-v2.19-gcc-mlnx_ofed-redhat7-cuda12-x86_64/ucx-7bb2722ff2187a0cad557ae4a6afa090569f83fb/src/uct/ib/mlx5/ib_mlx5.c:476
 3 0x00000000000451bf uct_ib_mlx5_poll_cq()  /build-result/src/hpcx-v2.19-gcc-mlnx_ofed-redhat7-cuda12-x86_64/ucx-7bb2722ff2187a0cad557ae4a6afa090569f83fb/src/uct/ib/mlx5/ib_mlx5.inl:148
 4 0x00000000000451bf uct_rc_mlx5_iface_progress()  /build-result/src/hpcx-v2.19-gcc-mlnx_ofed-redhat7-cuda12-x86_64/ucx-7bb2722ff2187a0cad557ae4a6afa090569f83fb/src/uct/ib/rc/accel/rc_mlx5_iface.c:190
 5 0x00000000000451bf uct_rc_mlx5_iface_progress_cyclic()  /build-result/src/hpcx-v2.19-gcc-mlnx_ofed-redhat7-cuda12-x86_64/ucx-7bb2722ff2187a0cad557ae4a6afa090569f83fb/src/uct/ib/rc/accel/rc_mlx5_iface.c:195
 6 0x00000000000512aa ucs_callbackq_dispatch()  /build-result/src/hpcx-v2.19-gcc-mlnx_ofed-redhat7-cuda12-x86_64/ucx-7bb2722ff2187a0cad557ae4a6afa090569f83fb/src/ucs/datastruct/callbackq.h:215
 7 0x00000000000512aa uct_worker_progress()  /build-result/src/hpcx-v2.19-gcc-mlnx_ofed-redhat7-cuda12-x86_64/ucx-7bb2722ff2187a0cad557ae4a6afa090569f83fb/src/uct/api/uct.h:2787
 8 0x00000000000512aa ucp_worker_progress()  /build-result/src/hpcx-v2.19-gcc-mlnx_ofed-redhat7-cuda12-x86_64/ucx-7bb2722ff2187a0cad557ae4a6afa090569f83fb/src/ucp/core/ucp_worker.c:2996
 9 0x0000000000036b9c opal_progress()  /var/jenkins/workspace/rel_nv_lib_hpcx_cuda12_x86_64/work/rebuild_ompi/ompi/build/opal/../../opal/runtime/opal_progress.c:231
10 0x000000000003d5e5 ompi_sync_wait_mt()  /var/jenkins/workspace/rel_nv_lib_hpcx_cuda12_x86_64/work/rebuild_ompi/ompi/build/opal/../../opal/threads/wait_sync.c:85
11 0x000000000004ea98 ompi_request_default_wait_all()  /var/jenkins/workspace/rel_nv_lib_hpcx_cuda12_x86_64/work/rebuild_ompi/ompi/build/ompi/../../ompi/request/req_wait.c:234
12 0x0000000000007b94 mca_coll_basic_neighbor_alltoallv_cart()  /var/jenkins/workspace/rel_nv_lib_hpcx_cuda12_x86_64/work/rebuild_ompi/ompi/build/ompi/mca/coll/basic/../../../../../ompi/mca/coll/basic/coll_basic_neighbor_alltoallv.c:118
13 0x0000000000007b94 mca_coll_basic_neighbor_alltoallv()  /var/jenkins/workspace/rel_nv_lib_hpcx_cuda12_x86_64/work/rebuild_ompi/ompi/build/ompi/mca/coll/basic/../../../../../ompi/mca/coll/basic/coll_basic_neighbor_alltoallv.c:250
14 0x000000000006f0c7 PMPI_Neighbor_alltoallv()  /var/jenkins/workspace/rel_nv_lib_hpcx_cuda12_x86_64/work/rebuild_ompi/ompi/build/ompi/mpi/c/profile/pneighbor_alltoallv.c:148
15 0x000000000004b648 ompi_neighbor_alltoallv_f()  /var/jenkins/workspace/rel_nv_lib_hpcx_cuda12_x86_64/work/rebuild_ompi/ompi/build/ompi/mpi/fortran/mpif-h/profile/pneighbor_alltoallv_f.c:100
16 0x00000000017127d4 mod_mppparam_real8_3d_exchange_bottom_top_()  /leonardo/home/userexternal/ctica000/MS_thesis/RegCM/Main/mpplib/mod_mppparam.F90:4929
17 0x0000000000a0e49f mod_moloch_wafone_()  /leonardo/home/userexternal/ctica000/MS_thesis/RegCM/Main/mod_moloch.F90:1484
18 0x0000000000a04844 mod_moloch_advection_()  /leonardo/home/userexternal/ctica000/MS_thesis/RegCM/Main/mod_moloch.F90:1341
==== backtrace (tid:1533809) ====
 0 0x0000000000028e60 uct_ib_mlx5_completion_with_err()  /build-result/src/hpcx-v2.19-gcc-mlnx_ofed-redhat7-cuda12-x86_64/ucx-7bb2722ff2187a0cad557ae4a6afa090569f83fb/src/uct/ib/mlx5/ib_mlx5_log.c:179
 1 0x0000000000043cd7 uct_rc_mlx5_iface_handle_failure()  /build-result/src/hpcx-v2.19-gcc-mlnx_ofed-redhat7-cuda12-x86_64/ucx-7bb2722ff2187a0cad557ae4a6afa090569f83fb/src/uct/ib/rc/accel/rc_mlx5_iface.c:299
 2 0x0000000000029f75 uct_ib_mlx5_check_completion()  /build-result/src/hpcx-v2.19-gcc-mlnx_ofed-redhat7-cuda12-x86_64/ucx-7bb2722ff2187a0cad557ae4a6afa090569f83fb/src/uct/ib/mlx5/ib_mlx5.c:476
 3 0x00000000000451bf uct_ib_mlx5_poll_cq()  /build-result/src/hpcx-v2.19-gcc-mlnx_ofed-redhat7-cuda12-x86_64/ucx-7bb2722ff2187a0cad557ae4a6afa090569f83fb/src/uct/ib/mlx5/ib_mlx5.inl:148
 4 0x00000000000451bf uct_rc_mlx5_iface_progress()  /build-result/src/hpcx-v2.19-gcc-mlnx_ofed-redhat7-cuda12-x86_64/ucx-7bb2722ff2187a0cad557ae4a6afa090569f83fb/src/uct/ib/rc/accel/rc_mlx5_iface.c:190
 5 0x00000000000451bf uct_rc_mlx5_iface_progress_cyclic()  /build-result/src/hpcx-v2.19-gcc-mlnx_ofed-redhat7-cuda12-x86_64/ucx-7bb2722ff2187a0cad557ae4a6afa090569f83fb/src/uct/ib/rc/accel/rc_mlx5_iface.c:195
 6 0x00000000000512aa ucs_callbackq_dispatch()  /build-result/src/hpcx-v2.19-gcc-mlnx_ofed-redhat7-cuda12-x86_64/ucx-7bb2722ff2187a0cad557ae4a6afa090569f83fb/src/ucs/datastruct/callbackq.h:215
 7 0x00000000000512aa uct_worker_progress()  /build-result/src/hpcx-v2.19-gcc-mlnx_ofed-redhat7-cuda12-x86_64/ucx-7bb2722ff2187a0cad557ae4a6afa090569f83fb/src/uct/api/uct.h:2787
 8 0x00000000000512aa ucp_worker_progress()  /build-result/src/hpcx-v2.19-gcc-mlnx_ofed-redhat7-cuda12-x86_64/ucx-7bb2722ff2187a0cad557ae4a6afa090569f83fb/src/ucp/core/ucp_worker.c:2996
 9 0x0000000000036b9c opal_progress()  /var/jenkins/workspace/rel_nv_lib_hpcx_cuda12_x86_64/work/rebuild_ompi/ompi/build/opal/../../opal/runtime/opal_progress.c:231
10 0x000000000003d5e5 ompi_sync_wait_mt()  /var/jenkins/workspace/rel_nv_lib_hpcx_cuda12_x86_64/work/rebuild_ompi/ompi/build/opal/../../opal/threads/wait_sync.c:85
11 0x000000000004ea98 ompi_request_default_wait_all()  /var/jenkins/workspace/rel_nv_lib_hpcx_cuda12_x86_64/work/rebuild_ompi/ompi/build/ompi/../../ompi/request/req_wait.c:234
12 0x0000000000007b94 mca_coll_basic_neighbor_alltoallv_cart()  /var/jenkins/workspace/rel_nv_lib_hpcx_cuda12_x86_64/work/rebuild_ompi/ompi/build/ompi/mca/coll/basic/../../../../../ompi/mca/coll/basic/coll_basic_neighbor_alltoallv.c:118
13 0x0000000000007b94 mca_coll_basic_neighbor_alltoallv()  /var/jenkins/workspace/rel_nv_lib_hpcx_cuda12_x86_64/work/rebuild_ompi/ompi/build/ompi/mca/coll/basic/../../../../../ompi/mca/coll/basic/coll_basic_neighbor_alltoallv.c:250
14 0x000000000006f0c7 PMPI_Neighbor_alltoallv()  /var/jenkins/workspace/rel_nv_lib_hpcx_cuda12_x86_64/work/rebuild_ompi/ompi/build/ompi/mpi/c/profile/pneighbor_alltoallv.c:148
15 0x000000000004b648 ompi_neighbor_alltoallv_f()  /var/jenkins/workspace/rel_nv_lib_hpcx_cuda12_x86_64/work/rebuild_ompi/ompi/build/ompi/mpi/fortran/mpif-h/profile/pneighbor_alltoallv_f.c:100
[lrdn1377:1533803] *** Process received signal ***
[lrdn1377:1533803] Signal: Aborted (6)
[lrdn1377:1533803] Signal code:  (-6)
[lrdn1377:1533803] [ 0] /leonardo/prod/spack/06/install/0.22/linux-rhel8-icelake/gcc-8.5.0/nvhpc-24.5-torlmnyzcexnrs6pq4cccabv7ehkv3xy/Linux_x86_64/24.5/comm_libs/12.4/hpcx/hpcx-2.19/ompi/lib/libopen-pal.so.40(+0x76f5a)[0x14a623e7bf5a]
[lrdn1377:1533803] [ 1] /leonardo/prod/opt/compilers/nvhpc/25.3/binary/Linux_x86_64/25.3/profilers/Nsight_Systems/target-linux-x64/libToolsInjection64.so(+0x4a7776)[0x14a623346776]
[lrdn1377:1533803] [ 2] /lib64/libpthread.so.0(+0x12cf0)[0x14a626d98cf0]
[lrdn1377:1533803] [ 3] /lib64/libc.so.6(gsignal+0x10f)[0x14a626136acf]
[lrdn1377:1533803] [ 4] /lib64/libc.so.6(abort+0x127)[0x14a626109ea5]
[lrdn1377:1533803] [ 5] /leonardo/prod/spack/06/install/0.22/linux-rhel8-icelake/gcc-8.5.0/nvhpc-24.5-torlmnyzcexnrs6pq4cccabv7ehkv3xy/Linux_x86_64/24.5/comm_libs/12.4/hpcx/hpcx-2.19/ucx/mt/lib/libucs.so.0(ucs_fatal_error_message+0x55)[0x14a60624f7d5]
[lrdn1377:1533803] [ 6] /leonardo/prod/spack/06/install/0.22/linux-rhel8-icelake/gcc-8.5.0/nvhpc-24.5-torlmnyzcexnrs6pq4cccabv7ehkv3xy/Linux_x86_64/24.5/comm_libs/12.4/hpcx/hpcx-2.19/ucx/mt/lib/libucs.so.0(ucs_log_default_handler+0x6e4)[0x14a606254184]
[lrdn1377:1533803] [ 7] /leonardo/prod/spack/06/install/0.22/linux-rhel8-icelake/gcc-8.5.0/nvhpc-24.5-torlmnyzcexnrs6pq4cccabv7ehkv3xy/Linux_x86_64/24.5/comm_libs/12.4/hpcx/hpcx-2.19/ucx/mt/lib/libucs.so.0(ucs_log_dispatch+0xdf)[0x14a60625472f]
[lrdn1377:1533803] [ 8] /leonardo/prod/spack/06/install/0.22/linux-rhel8-icelake/gcc-8.5.0/nvhpc-24.5-torlmnyzcexnrs6pq4cccabv7ehkv3xy/Linux_x86_64/24.5/comm_libs/12.4/hpcx/hpcx-2.19/ucx/mt/lib/ucx/libuct_ib.so.0(uct_ib_mlx5_completion_with_err+0x710)[0x14a5ffc90e60]
[lrdn1377:1533803] [ 9] /leonardo/prod/spack/06/install/0.22/linux-rhel8-icelake/gcc-8.5.0/nvhpc-24.5-torlmnyzcexnrs6pq4cccabv7ehkv3xy/Linux_x86_64/24.5/comm_libs/12.4/hpcx/hpcx-2.19/ucx/mt/lib/ucx/libuct_ib.so.0(+0x43cd7)[0x14a5ffcabcd7]
[lrdn1377:1533803] [10] /leonardo/prod/spack/06/install/0.22/linux-rhel8-icelake/gcc-8.5.0/nvhpc-24.5-torlmnyzcexnrs6pq4cccabv7ehkv3xy/Linux_x86_64/24.5/comm_libs/12.4/hpcx/hpcx-2.19/ucx/mt/lib/ucx/libuct_ib.so.0(uct_ib_mlx5_check_completion+0x65)[0x14a5ffc91f75]
[lrdn1377:1533803] [11] /leonardo/prod/spack/06/install/0.22/linux-rhel8-icelake/gcc-8.5.0/nvhpc-24.5-torlmnyzcexnrs6pq4cccabv7ehkv3xy/Linux_x86_64/24.5/comm_libs/12.4/hpcx/hpcx-2.19/ucx/mt/lib/ucx/libuct_ib.so.0(+0x451bf)[0x14a5ffcad1bf]
[lrdn1377:1533803] [12] /leonardo/prod/spack/06/install/0.22/linux-rhel8-icelake/gcc-8.5.0/nvhpc-24.5-torlmnyzcexnrs6pq4cccabv7ehkv3xy/Linux_x86_64/24.5/comm_libs/12.4/hpcx/hpcx-2.19/ucx/mt/lib/libucp.so.0(ucp_worker_progress+0x6a)[0x14a6101102aa]
[lrdn1377:1533803] [13] /leonardo/prod/spack/06/install/0.22/linux-rhel8-icelake/gcc-8.5.0/nvhpc-24.5-torlmnyzcexnrs6pq4cccabv7ehkv3xy/Linux_x86_64/24.5/comm_libs/12.4/hpcx/hpcx-2.19/ompi/lib/libopen-pal.so.40(opal_progress+0x2c)[0x14a623e3bb9c]
[lrdn1377:1533803] [14] /leonardo/prod/spack/06/install/0.22/linux-rhel8-icelake/gcc-8.5.0/nvhpc-24.5-torlmnyzcexnrs6pq4cccabv7ehkv3xy/Linux_x86_64/24.5/comm_libs/12.4/hpcx/hpcx-2.19/ompi/lib/libopen-pal.so.40(ompi_sync_wait_mt+0xb5)[0x14a623e425e5]
[lrdn1377:1533803] [15] /leonardo/prod/spack/06/install/0.22/linux-rhel8-icelake/gcc-8.5.0/nvhpc-24.5-torlmnyzcexnrs6pq4cccabv7ehkv3xy/Linux_x86_64/24.5/comm_libs/12.4/hpcx/hpcx-2.19/ompi/lib/libmpi.so.40(ompi_request_default_wait_all+0x388)[0x14a643a4ea98]
[lrdn1377:1533803] [16] /leonardo/prod/spack/06/install/0.22/linux-rhel8-icelake/gcc-8.5.0/nvhpc-24.5-torlmnyzcexnrs6pq4cccabv7ehkv3xy/Linux_x86_64/24.5/comm_libs/12.4/hpcx/hpcx-2.19/ompi/lib/openmpi/mca_coll_basic.so(mca_coll_basic_neighbor_alltoallv+0xa14)[0x14a5f7df6b94]
[lrdn1377:1533806] [17] /leonardo/prod/spack/06/install/0.22/linux-rhel8-icelake/gcc-8.5.0/nvhpc-24.5-torlmnyzcexnrs6pq4cccabv7ehkv3xy/Linux_x86_64/24.5/comm_libs/12.4/hpcx/hpcx-2.19/ompi/lib/libmpi.so.40(MPI_Neighbor_alltoallv+0x47)[0x14d33eee50c7]
[lrdn1377:1533806] [18] /leonardo/prod/spack/06/install/0.22/linux-rhel8-icelake/gcc-8.5.0/nvhpc-24.5-torlmnyzcexnrs6pq4cccabv7ehkv3xy/Linux_x86_64/24.5/comm_libs/12.4/hpcx/hpcx-2.19/ompi/lib/libmpi_mpifh.so.40(pmpi_neighbor_alltoallv+0xb8)[0x14d33f1cd648]
[lrdn1377:1533806] [19] /leonardo/home/userexternal/ctica000/MS_thesis/RegCM/bin/regcmMPICLM45_OPENACC_STDPAR(mod_mppparam_real8_3d_exchange_bottom_top_+0x614)[0x17127d4]
[lrdn1377:1533806] [20] /leonardo/home/userexternal/ctica000/MS_thesis/RegCM/bin/regcmMPICLM45_OPENACC_STDPAR(mod_moloch_wafone_+0x4b9f)[0xa0e49f]
[lrdn1377:1533806] [21] /leonardo/home/userexternal/ctica000/MS_thesis/RegCM/bin/regcmMPICLM45_OPENACC_STDPAR(mod_moloch_advection_+0x5144)[0xa04844]
[lrdn1377:1533806] [22] /leonardo/home/userexternal/ctica000/MS_thesis/RegCM/bin/regcmMPICLM45_OPENACC_STDPAR(mod_moloch_moloch_+0xe380)[0x9c3080]
[lrdn1377:1533806] [23] /leonardo/home/userexternal/ctica000/MS_thesis/RegCM/bin/regcmMPICLM45_OPENACC_STDPAR(mod_regcm_interface_rcm_run_+0x60)[0x4496a0]
[lrdn1377:1533806] [24] /leonardo/home/userexternal/ctica000/MS_thesis/RegCM/bin/regcmMPICLM45_OPENACC_STDPAR(MAIN_+0xd7)[0xa3f997]
[lrdn1377:1533806] [25] /leonardo/home/userexternal/ctica000/MS_thesis/RegCM/bin/regcmMPICLM45_OPENACC_STDPAR(main+0x31)[0x4484b1]
[lrdn1377:1533806] [26] /lib64/libc.so.6(__libc_start_main+0xe5)[0x14d321598d85]
[lrdn1377:1533806] [27] /leonardo/home/userexternal/ctica000/MS_thesis/RegCM/bin/regcmMPICLM45_OPENACC_STDPAR(_start+0x2e)[0x44839e]
[lrdn1377:1533806] *** End of error message ***
[lrdn1377:1533803] [17] /leonardo/prod/spack/06/install/0.22/linux-rhel8-icelake/gcc-8.5.0/nvhpc-24.5-torlmnyzcexnrs6pq4cccabv7ehkv3xy/Linux_x86_64/24.5/comm_libs/12.4/hpcx/hpcx-2.19/ompi/lib/libmpi.so.40(MPI_Neighbor_alltoallv+0x47)[0x14a643a6f0c7]
[lrdn1377:1533803] [18] /leonardo/prod/spack/06/install/0.22/linux-rhel8-icelake/gcc-8.5.0/nvhpc-24.5-torlmnyzcexnrs6pq4cccabv7ehkv3xy/Linux_x86_64/24.5/comm_libs/12.4/hpcx/hpcx-2.19/ompi/lib/libmpi_mpifh.so.40(pmpi_neighbor_alltoallv+0xb8)[0x14a643d57648]
[lrdn1377:1533803] [19] /leonardo/home/userexternal/ctica000/MS_thesis/RegCM/bin/regcmMPICLM45_OPENACC_STDPAR(mod_mppparam_real8_3d_exchange_bottom_top_+0x614)[0x17127d4]
[lrdn1377:1533803] [20] /leonardo/home/userexternal/ctica000/MS_thesis/RegCM/bin/regcmMPICLM45_OPENACC_STDPAR(mod_moloch_wafone_+0x4b9f)[0xa0e49f]
[lrdn1377:1533803] [21] /leonardo/home/userexternal/ctica000/MS_thesis/RegCM/bin/regcmMPICLM45_OPENACC_STDPAR(mod_moloch_advection_+0x5144)[0xa04844]
[lrdn1377:1533803] [22] /leonardo/home/userexternal/ctica000/MS_thesis/RegCM/bin/regcmMPICLM45_OPENACC_STDPAR(mod_moloch_moloch_+0xe380)[0x9c3080]
[lrdn1377:1533803] [23] /leonardo/home/userexternal/ctica000/MS_thesis/RegCM/bin/regcmMPICLM45_OPENACC_STDPAR(mod_regcm_interface_rcm_run_+0x60)[0x4496a0]
[lrdn1377:1533803] [24] /leonardo/home/userexternal/ctica000/MS_thesis/RegCM/bin/regcmMPICLM45_OPENACC_STDPAR(MAIN_+0xd7)[0xa3f997]
[lrdn1377:1533803] [25] /leonardo/home/userexternal/ctica000/MS_thesis/RegCM/bin/regcmMPICLM45_OPENACC_STDPAR(main+0x31)[0x4484b1]
[lrdn1377:1533803] [26] /lib64/libc.so.6(__libc_start_main+0xe5)[0x14a626122d85]
[lrdn1377:1533803] [27] /leonardo/home/userexternal/ctica000/MS_thesis/RegCM/bin/regcmMPICLM45_OPENACC_STDPAR(_start+0x2e)[0x44839e]
[lrdn1377:1533803] *** End of error message ***
16 0x00000000017127d4 mod_mppparam_real8_3d_exchange_bottom_top_()  /leonardo/home/userexternal/ctica000/MS_thesis/RegCM/Main/mpplib/mod_mppparam.F90:4929
17 0x0000000000a0e49f mod_moloch_wafone_()  /leonardo/home/userexternal/ctica000/MS_thesis/RegCM/Main/mod_moloch.F90:1484
18 0x0000000000a04844 mod_moloch_advection_()  /leonardo/home/userexternal/ctica000/MS_thesis/RegCM/Main/mod_moloch.F90:1341
19 0x00000000009c3080 mod_moloch_moloch_()  /leonardo/home/userexternal/ctica000/MS_thesis/RegCM/Main/mod_moloch.F90:447
20 0x00000000004496a0 mod_regcm_interface_rcm_run_()  /leonardo/home/userexternal/ctica000/MS_thesis/RegCM/Main/mod_regcm_interface.F90:265
21 0x0000000000a3f997 MAIN_()  /leonardo/home/userexternal/ctica000/MS_thesis/RegCM/Main/regcm.F90:83
22 0x00000000004484b1 main()  ???:0
23 0x000000000003ad85 __libc_start_main()  ???:0
24 0x000000000044839e _start()  ???:0
=================================
[lrdn1377:1533809] *** Process received signal ***
[lrdn1377:1533809] Signal: Aborted (6)
[lrdn1377:1533809] Signal code:  (-6)
[lrdn1377:1533809] [ 0] /leonardo/prod/spack/06/install/0.22/linux-rhel8-icelake/gcc-8.5.0/nvhpc-24.5-torlmnyzcexnrs6pq4cccabv7ehkv3xy/Linux_x86_64/24.5/comm_libs/12.4/hpcx/hpcx-2.19/ompi/lib/libopen-pal.so.40(+0x76f5a)[0x14b092d4cf5a]
[lrdn1377:1533809] [ 1] /leonardo/prod/opt/compilers/nvhpc/25.3/binary/Linux_x86_64/25.3/profilers/Nsight_Systems/target-linux-x64/libToolsInjection64.so(+0x4a7776)[0x14b092217776]
[lrdn1377:1533809] [ 2] /lib64/libpthread.so.0(+0x12cf0)[0x14b095c69cf0]
[lrdn1377:1533809] [ 3] /lib64/libc.so.6(gsignal+0x10f)[0x14b095007acf]
[lrdn1377:1533809] [ 4] /lib64/libc.so.6(abort+0x127)[0x14b094fdaea5]
[lrdn1377:1533809] [ 5] /leonardo/prod/spack/06/install/0.22/linux-rhel8-icelake/gcc-8.5.0/nvhpc-24.5-torlmnyzcexnrs6pq4cccabv7ehkv3xy/Linux_x86_64/24.5/comm_libs/12.4/hpcx/hpcx-2.19/ucx/mt/lib/libucs.so.0(ucs_fatal_error_message+0x55)[0x14b0791467d5]
[lrdn1377:1533809] [ 6] /leonardo/prod/spack/06/install/0.22/linux-rhel8-icelake/gcc-8.5.0/nvhpc-24.5-torlmnyzcexnrs6pq4cccabv7ehkv3xy/Linux_x86_64/24.5/comm_libs/12.4/hpcx/hpcx-2.19/ucx/mt/lib/libucs.so.0(ucs_log_default_handler+0x6e4)[0x14b07914b184]
[lrdn1377:1533809] [ 7] /leonardo/prod/spack/06/install/0.22/linux-rhel8-icelake/gcc-8.5.0/nvhpc-24.5-torlmnyzcexnrs6pq4cccabv7ehkv3xy/Linux_x86_64/24.5/comm_libs/12.4/hpcx/hpcx-2.19/ucx/mt/lib/libucs.so.0(ucs_log_dispatch+0xdf)[0x14b07914b72f]
[lrdn1377:1533809] [ 8] /leonardo/prod/spack/06/install/0.22/linux-rhel8-icelake/gcc-8.5.0/nvhpc-24.5-torlmnyzcexnrs6pq4cccabv7ehkv3xy/Linux_x86_64/24.5/comm_libs/12.4/hpcx/hpcx-2.19/ucx/mt/lib/ucx/libuct_ib.so.0(uct_ib_mlx5_completion_with_err+0x710)[0x14b06eb45e60]
[lrdn1377:1533809] [ 9] /leonardo/prod/spack/06/install/0.22/linux-rhel8-icelake/gcc-8.5.0/nvhpc-24.5-torlmnyzcexnrs6pq4cccabv7ehkv3xy/Linux_x86_64/24.5/comm_libs/12.4/hpcx/hpcx-2.19/ucx/mt/lib/ucx/libuct_ib.so.0(+0x43cd7)[0x14b06eb60cd7]
[lrdn1377:1533809] [10] /leonardo/prod/spack/06/install/0.22/linux-rhel8-icelake/gcc-8.5.0/nvhpc-24.5-torlmnyzcexnrs6pq4cccabv7ehkv3xy/Linux_x86_64/24.5/comm_libs/12.4/hpcx/hpcx-2.19/ucx/mt/lib/ucx/libuct_ib.so.0(uct_ib_mlx5_check_completion+0x65)[0x14b06eb46f75]
[lrdn1377:1533809] [11] /leonardo/prod/spack/06/install/0.22/linux-rhel8-icelake/gcc-8.5.0/nvhpc-24.5-torlmnyzcexnrs6pq4cccabv7ehkv3xy/Linux_x86_64/24.5/comm_libs/12.4/hpcx/hpcx-2.19/ucx/mt/lib/ucx/libuct_ib.so.0(+0x451bf)[0x14b06eb621bf]
[lrdn1377:1533809] [12] /leonardo/prod/spack/06/install/0.22/linux-rhel8-icelake/gcc-8.5.0/nvhpc-24.5-torlmnyzcexnrs6pq4cccabv7ehkv3xy/Linux_x86_64/24.5/comm_libs/12.4/hpcx/hpcx-2.19/ucx/mt/lib/libucp.so.0(ucp_worker_progress+0x6a)[0x14b0792c42aa]
[lrdn1377:1533809] [13] /leonardo/prod/spack/06/install/0.22/linux-rhel8-icelake/gcc-8.5.0/nvhpc-24.5-torlmnyzcexnrs6pq4cccabv7ehkv3xy/Linux_x86_64/24.5/comm_libs/12.4/hpcx/hpcx-2.19/ompi/lib/libopen-pal.so.40(opal_progress+0x2c)[0x14b092d0cb9c]
[lrdn1377:1533809] [14] /leonardo/prod/spack/06/install/0.22/linux-rhel8-icelake/gcc-8.5.0/nvhpc-24.5-torlmnyzcexnrs6pq4cccabv7ehkv3xy/Linux_x86_64/24.5/comm_libs/12.4/hpcx/hpcx-2.19/ompi/lib/libopen-pal.so.40(ompi_sync_wait_mt+0xb5)[0x14b092d135e5]
[lrdn1377:1533809] [15] /leonardo/prod/spack/06/install/0.22/linux-rhel8-icelake/gcc-8.5.0/nvhpc-24.5-torlmnyzcexnrs6pq4cccabv7ehkv3xy/Linux_x86_64/24.5/comm_libs/12.4/hpcx/hpcx-2.19/ompi/lib/libmpi.so.40(ompi_request_default_wait_all+0x388)[0x14b0b291fa98]
[lrdn1377:1533809] [16] /leonardo/prod/spack/06/install/0.22/linux-rhel8-icelake/gcc-8.5.0/nvhpc-24.5-torlmnyzcexnrs6pq4cccabv7ehkv3xy/Linux_x86_64/24.5/comm_libs/12.4/hpcx/hpcx-2.19/ompi/lib/openmpi/mca_coll_basic.so(mca_coll_basic_neighbor_alltoallv+0xa14)[0x14b066bf2b94]
[lrdn1377:1533809] [17] /leonardo/prod/spack/06/install/0.22/linux-rhel8-icelake/gcc-8.5.0/nvhpc-24.5-torlmnyzcexnrs6pq4cccabv7ehkv3xy/Linux_x86_64/24.5/comm_libs/12.4/hpcx/hpcx-2.19/ompi/lib/libmpi.so.40(MPI_Neighbor_alltoallv+0x47)[0x14b0b29400c7]
[lrdn1377:1533809] [18] /leonardo/prod/spack/06/install/0.22/linux-rhel8-icelake/gcc-8.5.0/nvhpc-24.5-torlmnyzcexnrs6pq4cccabv7ehkv3xy/Linux_x86_64/24.5/comm_libs/12.4/hpcx/hpcx-2.19/ompi/lib/libmpi_mpifh.so.40(pmpi_neighbor_alltoallv+0xb8)[0x14b0b2c28648]
[lrdn1377:1533809] [19] /leonardo/home/userexternal/ctica000/MS_thesis/RegCM/bin/regcmMPICLM45_OPENACC_STDPAR(mod_mppparam_real8_3d_exchange_bottom_top_+0x614)[0x17127d4]
[lrdn1377:1533809] [20] /leonardo/home/userexternal/ctica000/MS_thesis/RegCM/bin/regcmMPICLM45_OPENACC_STDPAR(mod_moloch_wafone_+0x4b9f)[0xa0e49f]
[lrdn1377:1533809] [21] /leonardo/home/userexternal/ctica000/MS_thesis/RegCM/bin/regcmMPICLM45_OPENACC_STDPAR(mod_moloch_advection_+0x5144)[0xa04844]
[lrdn1377:1533809] [22] /leonardo/home/userexternal/ctica000/MS_thesis/RegCM/bin/regcmMPICLM45_OPENACC_STDPAR(mod_moloch_moloch_+0xe380)[0x9c3080]
[lrdn1377:1533809] [23] /leonardo/home/userexternal/ctica000/MS_thesis/RegCM/bin/regcmMPICLM45_OPENACC_STDPAR(mod_regcm_interface_rcm_run_+0x60)[0x4496a0]
[lrdn1377:1533809] [24] /leonardo/home/userexternal/ctica000/MS_thesis/RegCM/bin/regcmMPICLM45_OPENACC_STDPAR(MAIN_+0xd7)[0xa3f997]
[lrdn1377:1533809] [25] /leonardo/home/userexternal/ctica000/MS_thesis/RegCM/bin/regcmMPICLM45_OPENACC_STDPAR(main+0x31)[0x4484b1]
[lrdn1377:1533809] [26] /lib64/libc.so.6(__libc_start_main+0xe5)[0x14b094ff3d85]
[lrdn1377:1533809] [27] /leonardo/home/userexternal/ctica000/MS_thesis/RegCM/bin/regcmMPICLM45_OPENACC_STDPAR(_start+0x2e)[0x44839e]
[lrdn1377:1533809] *** End of error message ***
19 0x00000000009c3080 mod_moloch_moloch_()  /leonardo/home/userexternal/ctica000/MS_thesis/RegCM/Main/mod_moloch.F90:447
20 0x00000000004496a0 mod_regcm_interface_rcm_run_()  /leonardo/home/userexternal/ctica000/MS_thesis/RegCM/Main/mod_regcm_interface.F90:265
21 0x0000000000a3f997 MAIN_()  /leonardo/home/userexternal/ctica000/MS_thesis/RegCM/Main/regcm.F90:83
22 0x00000000004484b1 main()  ???:0
23 0x000000000003ad85 __libc_start_main()  ???:0
24 0x000000000044839e _start()  ???:0
=================================
[lrdn1377:1533802] *** Process received signal ***
[lrdn1377:1533802] Signal: Aborted (6)
[lrdn1377:1533802] Signal code:  (-6)
[lrdn1377:1533802] [ 0] /leonardo/prod/spack/06/install/0.22/linux-rhel8-icelake/gcc-8.5.0/nvhpc-24.5-torlmnyzcexnrs6pq4cccabv7ehkv3xy/Linux_x86_64/24.5/comm_libs/12.4/hpcx/hpcx-2.19/ompi/lib/libopen-pal.so.40(+0x76f5a)[0x148351f1cf5a]
[lrdn1377:1533802] [ 1] /leonardo/prod/opt/compilers/nvhpc/25.3/binary/Linux_x86_64/25.3/profilers/Nsight_Systems/target-linux-x64/libToolsInjection64.so(+0x4a7776)[0x1483513e7776]
[lrdn1377:1533802] [ 2] /lib64/libpthread.so.0(+0x12cf0)[0x148354e39cf0]
[lrdn1377:1533802] [ 3] /lib64/libc.so.6(gsignal+0x10f)[0x1483541d7acf]
[lrdn1377:1533802] [ 4] /lib64/libc.so.6(abort+0x127)[0x1483541aaea5]
[lrdn1377:1533802] [ 5] /leonardo/prod/spack/06/install/0.22/linux-rhel8-icelake/gcc-8.5.0/nvhpc-24.5-torlmnyzcexnrs6pq4cccabv7ehkv3xy/Linux_x86_64/24.5/comm_libs/12.4/hpcx/hpcx-2.19/ucx/mt/lib/libucs.so.0(ucs_fatal_error_message+0x55)[0x14833c3297d5]
[lrdn1377:1533802] [ 6] /leonardo/prod/spack/06/install/0.22/linux-rhel8-icelake/gcc-8.5.0/nvhpc-24.5-torlmnyzcexnrs6pq4cccabv7ehkv3xy/Linux_x86_64/24.5/comm_libs/12.4/hpcx/hpcx-2.19/ucx/mt/lib/libucs.so.0(ucs_log_default_handler+0x6e4)[0x14833c32e184]
[lrdn1377:1533802] [ 7] /leonardo/prod/spack/06/install/0.22/linux-rhel8-icelake/gcc-8.5.0/nvhpc-24.5-torlmnyzcexnrs6pq4cccabv7ehkv3xy/Linux_x86_64/24.5/comm_libs/12.4/hpcx/hpcx-2.19/ucx/mt/lib/libucs.so.0(ucs_log_dispatch+0xdf)[0x14833c32e72f]
[lrdn1377:1533802] [ 8] /leonardo/prod/spack/06/install/0.22/linux-rhel8-icelake/gcc-8.5.0/nvhpc-24.5-torlmnyzcexnrs6pq4cccabv7ehkv3xy/Linux_x86_64/24.5/comm_libs/12.4/hpcx/hpcx-2.19/ucx/mt/lib/ucx/libuct_ib.so.0(uct_ib_mlx5_completion_with_err+0x710)[0x148331396e60]
[lrdn1377:1533802] [ 9] /leonardo/prod/spack/06/install/0.22/linux-rhel8-icelake/gcc-8.5.0/nvhpc-24.5-torlmnyzcexnrs6pq4cccabv7ehkv3xy/Linux_x86_64/24.5/comm_libs/12.4/hpcx/hpcx-2.19/ucx/mt/lib/ucx/libuct_ib.so.0(+0x43cd7)[0x1483313b1cd7]
[lrdn1377:1533802] [10] /leonardo/prod/spack/06/install/0.22/linux-rhel8-icelake/gcc-8.5.0/nvhpc-24.5-torlmnyzcexnrs6pq4cccabv7ehkv3xy/Linux_x86_64/24.5/comm_libs/12.4/hpcx/hpcx-2.19/ucx/mt/lib/ucx/libuct_ib.so.0(uct_ib_mlx5_check_completion+0x65)[0x148331397f75]
[lrdn1377:1533802] [11] /leonardo/prod/spack/06/install/0.22/linux-rhel8-icelake/gcc-8.5.0/nvhpc-24.5-torlmnyzcexnrs6pq4cccabv7ehkv3xy/Linux_x86_64/24.5/comm_libs/12.4/hpcx/hpcx-2.19/ucx/mt/lib/ucx/libuct_ib.so.0(+0x451bf)[0x1483313b31bf]
[lrdn1377:1533802] [12] /leonardo/prod/spack/06/install/0.22/linux-rhel8-icelake/gcc-8.5.0/nvhpc-24.5-torlmnyzcexnrs6pq4cccabv7ehkv3xy/Linux_x86_64/24.5/comm_libs/12.4/hpcx/hpcx-2.19/ucx/mt/lib/libucp.so.0(ucp_worker_progress+0x6a)[0x14833c4a72aa]
[lrdn1377:1533802] [13] /leonardo/prod/spack/06/install/0.22/linux-rhel8-icelake/gcc-8.5.0/nvhpc-24.5-torlmnyzcexnrs6pq4cccabv7ehkv3xy/Linux_x86_64/24.5/comm_libs/12.4/hpcx/hpcx-2.19/ompi/lib/libopen-pal.so.40(opal_progress+0x2c)[0x148351edcb9c]
[lrdn1377:1533802] [14] /leonardo/prod/spack/06/install/0.22/linux-rhel8-icelake/gcc-8.5.0/nvhpc-24.5-torlmnyzcexnrs6pq4cccabv7ehkv3xy/Linux_x86_64/24.5/comm_libs/12.4/hpcx/hpcx-2.19/ompi/lib/libopen-pal.so.40(ompi_sync_wait_mt+0xb5)[0x148351ee35e5]
[lrdn1377:1533802] [15] /leonardo/prod/spack/06/install/0.22/linux-rhel8-icelake/gcc-8.5.0/nvhpc-24.5-torlmnyzcexnrs6pq4cccabv7ehkv3xy/Linux_x86_64/24.5/comm_libs/12.4/hpcx/hpcx-2.19/ompi/lib/libmpi.so.40(ompi_request_default_wait_all+0x388)[0x148371aefa98]
[lrdn1377:1533802] [16] /leonardo/prod/spack/06/install/0.22/linux-rhel8-icelake/gcc-8.5.0/nvhpc-24.5-torlmnyzcexnrs6pq4cccabv7ehkv3xy/Linux_x86_64/24.5/comm_libs/12.4/hpcx/hpcx-2.19/ompi/lib/openmpi/mca_coll_basic.so(mca_coll_basic_neighbor_alltoallv+0xa14)[0x148323bf2b94]
[lrdn1377:1533802] [17] /leonardo/prod/spack/06/install/0.22/linux-rhel8-icelake/gcc-8.5.0/nvhpc-24.5-torlmnyzcexnrs6pq4cccabv7ehkv3xy/Linux_x86_64/24.5/comm_libs/12.4/hpcx/hpcx-2.19/ompi/lib/libmpi.so.40(MPI_Neighbor_alltoallv+0x47)[0x148371b100c7]
[lrdn1377:1533802] [18] /leonardo/prod/spack/06/install/0.22/linux-rhel8-icelake/gcc-8.5.0/nvhpc-24.5-torlmnyzcexnrs6pq4cccabv7ehkv3xy/Linux_x86_64/24.5/comm_libs/12.4/hpcx/hpcx-2.19/ompi/lib/libmpi_mpifh.so.40(pmpi_neighbor_alltoallv+0xb8)[0x148371df8648]
[lrdn1377:1533802] [19] /leonardo/home/userexternal/ctica000/MS_thesis/RegCM/bin/regcmMPICLM45_OPENACC_STDPAR(mod_mppparam_real8_3d_exchange_bottom_top_+0x614)[0x17127d4]
[lrdn1377:1533802] [20] /leonardo/home/userexternal/ctica000/MS_thesis/RegCM/bin/regcmMPICLM45_OPENACC_STDPAR(mod_moloch_wafone_+0x4b9f)[0xa0e49f]
[lrdn1377:1533802] [21] /leonardo/home/userexternal/ctica000/MS_thesis/RegCM/bin/regcmMPICLM45_OPENACC_STDPAR(mod_moloch_advection_+0x5144)[0xa04844]
[lrdn1377:1533802] [22] /leonardo/home/userexternal/ctica000/MS_thesis/RegCM/bin/regcmMPICLM45_OPENACC_STDPAR(mod_moloch_moloch_+0xe380)[0x9c3080]
[lrdn1377:1533802] [23] /leonardo/home/userexternal/ctica000/MS_thesis/RegCM/bin/regcmMPICLM45_OPENACC_STDPAR(mod_regcm_interface_rcm_run_+0x60)[0x4496a0]
[lrdn1377:1533802] [24] /leonardo/home/userexternal/ctica000/MS_thesis/RegCM/bin/regcmMPICLM45_OPENACC_STDPAR(MAIN_+0xd7)[0xa3f997]
[lrdn1377:1533802] [25] /leonardo/home/userexternal/ctica000/MS_thesis/RegCM/bin/regcmMPICLM45_OPENACC_STDPAR(main+0x31)[0x4484b1]
[lrdn1377:1533802] [26] /lib64/libc.so.6(__libc_start_main+0xe5)[0x1483541c3d85]
[lrdn1377:1533802] [27] /leonardo/home/userexternal/ctica000/MS_thesis/RegCM/bin/regcmMPICLM45_OPENACC_STDPAR(_start+0x2e)[0x44839e]
[lrdn1377:1533802] *** End of error message ***
slurmstepd: error:  mpi/pmix_v3: _errhandler: lrdn1377 [0]: pmixp_client_v2.c:212: Error handler invoked: status = -25, source = [slurm.pmix.39783160.0:2]
srun: error: lrdn1377: task 3: Exited with exit code 134
srun: error: lrdn1377: task 2: Exited with exit code 134
srun: error: lrdn1377: task 1: Exited with exit code 134
srun: error: lrdn1377: task 0: Exited with exit code 134
srun: Force Terminated StepId=39783160.0
