[Wrapper][Rank 3][Local 3] on lrdn0242.leonardo.local: CUDA_VISIBLE_DEVICES=3
[Wrapper][Rank 2][Local 2] on lrdn0242.leonardo.local: CUDA_VISIBLE_DEVICES=2
[Wrapper][Rank 0][Local 0] on lrdn0242.leonardo.local: CUDA_VISIBLE_DEVICES=0
[Wrapper][Rank 1][Local 1] on lrdn0242.leonardo.local: CUDA_VISIBLE_DEVICES=1
[Wrapper][Rank 50][Local 2] on lrdn0694.leonardo.local: CUDA_VISIBLE_DEVICES=2
[Wrapper][Rank 39][Local 3] on lrdn0596.leonardo.local: CUDA_VISIBLE_DEVICES=3
[Wrapper][Rank 13][Local 1] on lrdn0364.leonardo.local: CUDA_VISIBLE_DEVICES=1
[Wrapper][Rank 5][Local 1] on lrdn0257.leonardo.local: CUDA_VISIBLE_DEVICES=1
[Wrapper][Rank 63][Local 3] on lrdn0742.leonardo.local: CUDA_VISIBLE_DEVICES=3
[Wrapper][Rank 40][Local 0] on lrdn0624.leonardo.local: CUDA_VISIBLE_DEVICES=0
[Wrapper][Rank 18][Local 2] on lrdn0475.leonardo.local: CUDA_VISIBLE_DEVICES=2
[Wrapper][Rank 21][Local 1] on lrdn0540.leonardo.local: CUDA_VISIBLE_DEVICES=1
[Wrapper][Rank 9][Local 1] on lrdn0337.leonardo.local: CUDA_VISIBLE_DEVICES=1
[Wrapper][Rank 58][Local 2] on lrdn0717.leonardo.local: CUDA_VISIBLE_DEVICES=2
[Wrapper][Rank 47][Local 3] on lrdn0659.leonardo.local: CUDA_VISIBLE_DEVICES=3
[Wrapper][Rank 29][Local 1] on lrdn0560.leonardo.local: CUDA_VISIBLE_DEVICES=1
[Wrapper][Rank 35][Local 3] on lrdn0567.leonardo.local: CUDA_VISIBLE_DEVICES=3
[Wrapper][Rank 54][Local 2] on lrdn0699.leonardo.local: CUDA_VISIBLE_DEVICES=2
[Wrapper][Rank 26][Local 2] on lrdn0542.leonardo.local: CUDA_VISIBLE_DEVICES=2
[Wrapper][Rank 48][Local 0] on lrdn0694.leonardo.local: CUDA_VISIBLE_DEVICES=0
[Wrapper][Rank 51][Local 3] on lrdn0694.leonardo.local: CUDA_VISIBLE_DEVICES=3
[Wrapper][Rank 49][Local 1] on lrdn0694.leonardo.local: CUDA_VISIBLE_DEVICES=1
[Wrapper][Rank 36][Local 0] on lrdn0596.leonardo.local: CUDA_VISIBLE_DEVICES=0
[Wrapper][Rank 37][Local 1] on lrdn0596.leonardo.local: CUDA_VISIBLE_DEVICES=1
[Wrapper][Rank 38][Local 2] on lrdn0596.leonardo.local: CUDA_VISIBLE_DEVICES=2
[Wrapper][Rank 12][Local 0] on lrdn0364.leonardo.local: CUDA_VISIBLE_DEVICES=0
[Wrapper][Rank 14][Local 2] on lrdn0364.leonardo.local: CUDA_VISIBLE_DEVICES=2
[Wrapper][Rank 15][Local 3] on lrdn0364.leonardo.local: CUDA_VISIBLE_DEVICES=3
[Wrapper][Rank 4][Local 0] on lrdn0257.leonardo.local: CUDA_VISIBLE_DEVICES=0
[Wrapper][Rank 7][Local 3] on lrdn0257.leonardo.local: CUDA_VISIBLE_DEVICES=3
[Wrapper][Rank 6][Local 2] on lrdn0257.leonardo.local: CUDA_VISIBLE_DEVICES=2
[Wrapper][Rank 62][Local 2] on lrdn0742.leonardo.local: CUDA_VISIBLE_DEVICES=2
[Wrapper][Rank 60][Local 0] on lrdn0742.leonardo.local: CUDA_VISIBLE_DEVICES=0
[Wrapper][Rank 61][Local 1] on lrdn0742.leonardo.local: CUDA_VISIBLE_DEVICES=1
[Wrapper][Rank 16][Local 0] on lrdn0475.leonardo.local: CUDA_VISIBLE_DEVICES=0
[Wrapper][Rank 19][Local 3] on lrdn0475.leonardo.local: CUDA_VISIBLE_DEVICES=3
[Wrapper][Rank 17][Local 1] on lrdn0475.leonardo.local: CUDA_VISIBLE_DEVICES=1
[Wrapper][Rank 41][Local 1] on lrdn0624.leonardo.local: CUDA_VISIBLE_DEVICES=1
[Wrapper][Rank 43][Local 3] on lrdn0624.leonardo.local: CUDA_VISIBLE_DEVICES=3
[Wrapper][Rank 42][Local 2] on lrdn0624.leonardo.local: CUDA_VISIBLE_DEVICES=2
[Wrapper][Rank 22][Local 2] on lrdn0540.leonardo.local: CUDA_VISIBLE_DEVICES=2
[Wrapper][Rank 23][Local 3] on lrdn0540.leonardo.local: CUDA_VISIBLE_DEVICES=3
[Wrapper][Rank 20][Local 0] on lrdn0540.leonardo.local: CUDA_VISIBLE_DEVICES=0
[Wrapper][Rank 44][Local 0] on lrdn0659.leonardo.local: CUDA_VISIBLE_DEVICES=0
[Wrapper][Rank 10][Local 2] on lrdn0337.leonardo.local: CUDA_VISIBLE_DEVICES=2
[Wrapper][Rank 45][Local 1] on lrdn0659.leonardo.local: CUDA_VISIBLE_DEVICES=1
[Wrapper][Rank 8][Local 0] on lrdn0337.leonardo.local: CUDA_VISIBLE_DEVICES=0
[Wrapper][Rank 56][Local 0] on lrdn0717.leonardo.local: CUDA_VISIBLE_DEVICES=0
[Wrapper][Rank 46][Local 2] on lrdn0659.leonardo.local: CUDA_VISIBLE_DEVICES=2
[Wrapper][Rank 11][Local 3] on lrdn0337.leonardo.local: CUDA_VISIBLE_DEVICES=3
[Wrapper][Rank 57][Local 1] on lrdn0717.leonardo.local: CUDA_VISIBLE_DEVICES=1
[Wrapper][Rank 59][Local 3] on lrdn0717.leonardo.local: CUDA_VISIBLE_DEVICES=3
[Wrapper][Rank 28][Local 0] on lrdn0560.leonardo.local: CUDA_VISIBLE_DEVICES=0
[Wrapper][Rank 30][Local 2] on lrdn0560.leonardo.local: CUDA_VISIBLE_DEVICES=2
[Wrapper][Rank 31][Local 3] on lrdn0560.leonardo.local: CUDA_VISIBLE_DEVICES=3
[Wrapper][Rank 33][Local 1] on lrdn0567.leonardo.local: CUDA_VISIBLE_DEVICES=1
[Wrapper][Rank 34][Local 2] on lrdn0567.leonardo.local: CUDA_VISIBLE_DEVICES=2
[Wrapper][Rank 32][Local 0] on lrdn0567.leonardo.local: CUDA_VISIBLE_DEVICES=0
[Wrapper][Rank 52][Local 0] on lrdn0699.leonardo.local: CUDA_VISIBLE_DEVICES=0
[Wrapper][Rank 55][Local 3] on lrdn0699.leonardo.local: CUDA_VISIBLE_DEVICES=3
[Wrapper][Rank 53][Local 1] on lrdn0699.leonardo.local: CUDA_VISIBLE_DEVICES=1
[Wrapper][Rank 25][Local 1] on lrdn0542.leonardo.local: CUDA_VISIBLE_DEVICES=1
[Wrapper][Rank 24][Local 0] on lrdn0542.leonardo.local: CUDA_VISIBLE_DEVICES=0
[Wrapper][Rank 27][Local 3] on lrdn0542.leonardo.local: CUDA_VISIBLE_DEVICES=3

  This is RegCM development version
   GIT Revision: 5.0.0-944-g5801-dirty compiled at: data : Aug 29 2025  time: 20:41:26

 MPI Rank:            0  using device:            0
 : this run start at  : 2025-08-29 23:53:32+0200
 : it is submitted by : 
 : it is running on   : lrdn0242.leonardo.local
 : it is using        :            64   processors
 : in directory       : 
 /leonardo/home/userexternal/ctica000/MS_thesis/RegCM/1003_1003_50_1day_Benchmark/sequential_output/Non_MPS_stdpar/64gpu_64proc
                       
 CPUS DIM1 =             8
 CPUS DIM2 =             8
 
 Reading model namelist file
 Using default non-hydrostatc parameters.
 Using default microphysical parameter.
 Using default Holtslag parameter.
 Initial date of the global simulation:  2009-10-01 00:00:00 UTC        
 Initial date of this run             :  2009-10-01 00:00:00 UTC        
 Final date of this run               :  2009-10-02 00:00:00 UTC        
 Total simulation length              :            24  hours
 Timestep in seconds =   45.000000
 Reading Domain file : input/EURR-3_DOMAIN000.nc
 Advection timestep =    15.000 (factor  3)
 Max. Courant number for horizontal advection =    0.9538
 Sound waves timestep =     3.000 (factor  5)
 Courant number of horizontal sound waves =    0.4512
 Setting IPCC scenario to SSP585  
 Load GHG for 200910 SSP585
 Model will output required CORDEX variables.
 Create SAV files :   T
 Create ATM files :   T
 Create RAD files :   T
 Create SRF files :   T
 Create STS files :   T
 Create SHF files :   F
 Frequency in days for new files:    1.0
 Monthly SAV files are written
 Frequency in hours to create ATM :    1.0
 Frequency in hours to create RAD :    1.0
 Frequency in hours to create SRF :    1.0
 Physical Parameterizations
  Lateral Boundary conditions :  5
  Semi-Lagrangian Advection   :  0
  Land cumulus conv. scheme   :  0
  Ocean cumulus conv. scheme  :  0
  Moisture schem              :  2
  Ocean Flux scheme           :  2
  Zeng roughness formula      :  1
  Zeng roughness method       :  1
  Coupling with ocean         :  0
  Coupling with wave          :  0
  Coupling with COP           :  0
  Pressure gradient force     :  0
  Prescribed LW emissivity    :  0
  Lake model in BATS          :  0
  Simulate diurnal sst cycle  :  0
  Simulate sea ice cover      :  1
  Enable chem/aerosol model   :  0
  Large scale LWP as convect. :  1
  Cloud fraction scheme       :  0
  Marine stratocumulus        :  0
  Climate O3 dataset          :  1
  Climate Aerosol dataset     :  2
 Boundary Pameterizations
  Num. of bndy points cross  :  31
  Num. of bndy points dot    :  31
  Nudge value high range     :  6.000000
  Nudge value medium range   :  4.000000
  Nudge value low range      :  2.000000
  Nm paramter                : -1.000000
  Dm paramter                : -1.000000
 Model Timestep Pameterizations
  time step for dynamical model in seconds :          45.000000
  time step for surface   model in seconds :         450.000000
  time step for cumulus   model in seconds :         225.000000
  time step for radiation model in seconds :        1350.000000
  time step for emission  model in seconds :       48600.000000
 Nudging coefficients F1=    0.033333, F2=    0.000000
  # Nudging coefficient profile #
     5.95       5.86       5.76       5.67       5.57       5.48       5.38    
     5.28       5.19       5.09       5.00       4.90       4.81       4.71    
     4.62       4.52       4.43       4.33       4.24       4.14       4.05    
     3.97       3.90       3.83       3.76       3.69       3.62       3.55    
     3.48       3.41       3.34       3.27       3.20       3.14       3.07    
     3.00       2.93       2.86       2.79       2.72       2.65       2.58    
     2.52       2.45       2.38       2.31       2.24       2.17       2.10    
     2.10       2.03    
 Model top at     30000.00000000000       m
 Domain grid parameters:
  Map Projection        : ROTLLR
  Dot Grid Full Extent  : 1003x1003x 50
  Model Grid Spacing    :    3.335968 km
  Proj Center Latitude  :   50.000000 deg
  Proj Center longitude :    6.600000 deg
  Pole Latitude         :   40.000000 deg
  Pole longitude        :  186.600000 deg
 Holtslag PBL Scheme
  ricr_ocn     =    0.250000
  ricr_lnd     =    0.250000
  zhnew_fac    =    0.250000
  ifaholt      =  0
  ifaholtth10  =  2
  holtth10iter =    1
 Cloud fraction schemes parameters
  # of bottom no cloud model levels :  0
  Maximum relative humidity         :    1.010000
  Minimum relative humidity         :    0.010000
  RH0 temperature threshold         :  238.000000
  Relative humidity thresholds: Land =    0.800000 Ocean =    0.900000
  Maximum total cloud cover for rad :    0.750000
  Conv. CF UMF factor deep cumulus  :    0.140000
  Conv. CF UMF factor deep cumulus  :    0.140000
  Conv. CF UMF factor k2            :  500.000000
  Surface radiation hack            :           F
  Vavrus-Waliser Arctic cloud fix   :           T
 Convective Cloud Cover parameters after resolution scaling
  Maximum Convective Cloud Cover :    0.750000
  Convective Cloud Water         :    0.000300
 The surface energy budget is used to calculate the ground temperature.
 The radiation is computed every   23. minutes.
 Relaxation boundary conditions (exponential method)
 READY IC DATA for  2009-10-01 00:00:00 UTC        
 SEARCH BC data for 2009100106 , step =        0
 READY  BC from     2009100100  to 2009100106 
 Computing weights, R =     348.80780029 .......... Done.
 Reading Initial Ozone Data...
  # Updated ozone profile #
    0.765E-05  0.694E-05  0.569E-05  0.413E-05  0.280E-05  0.178E-05  0.101E-05
    0.544E-06  0.304E-06  0.192E-06  0.138E-06  0.104E-06  0.848E-07  0.726E-07
    0.682E-07  0.663E-07  0.652E-07  0.645E-07  0.639E-07  0.633E-07  0.628E-07
    0.619E-07  0.606E-07  0.593E-07  0.580E-07  0.564E-07  0.549E-07  0.535E-07
    0.524E-07  0.516E-07  0.508E-07  0.501E-07  0.496E-07  0.493E-07  0.490E-07
    0.487E-07  0.487E-07  0.487E-07  0.487E-07  0.487E-07  0.487E-07  0.485E-07
    0.483E-07  0.481E-07  0.480E-07  0.478E-07  0.477E-07  0.475E-07  0.475E-07
    0.475E-07  0.475E-07  0.475E-07
 Read solar forcing total irradiance data...
 Updating orbit parameters at  2009-10-01 00:00:00 UTC        
 At  2009-10-01 00:00:00 UTC        
 JDay    273.00000 solar declination angle =  -2.71002168 degrees
                   solar TSI irradiance    =    1355.8045 W/m^2
 CLM version: 4.5 - RegCM 5.0.0-944-g5801-dirty
 Attempting to initialize the land model .....
 Mask given by RegCM model has a total of        487659  land points
 Attempting to initialize run control settings .....
 Read in clm_inparm namelist from: EURR-3_namelist.in
 Read in clm_hydrology1_inparm namelist
 Read in clm_soilhydrology_inparm namelist
 Successfully initialized run control settings
 
 define run:
    source                = Community Land Model CLM4.5
    model_version         = 5.0.0-944-g5801-dirty
    run type              = initial
    case title            = RegCM driven CLM4.5
    username              = 
    hostname              = lrdn0242.leonardo.local
 input data files:
    PFT physiology = 
 /leonardo_work/ICT25_ESP/RCMDATA/CLM45/pftdata/pft-physiology.c130503.nc
    surface data   = input/EURR-3_CLM45_surface.nc
    land frac data = input/EURR-3_DOMAIN000.nc
    enable_megan_emission                                 :   F
    enable_urban_landunit                                 :   T
    enable_more_crop_pft                                  :   F
    SNICAR optical = 
 /leonardo_work/ICT25_ESP/RCMDATA/CLM45/snicardata/snicar_optics_5bnd_c090915.nc
    SNICAR aging = 
 /leonardo_work/ICT25_ESP/RCMDATA/CLM45/snicardata/snicar_drdt_bst_fit_60_c070416.nc
    initial data is from RegCM atm model
    atmospheric forcing data is from RegCM atm model
 Large file support for output files is ON
 model physics parameters:
    flag for random perturbation test is not set
    CO2 volume mixing ratio   (umol/mol)   =     355.0000000000000     
    land albedos  (unitless 0-1)   =    0.8000000000000000     
    ice albedos   (unitless 0-1)   =    0.5500000000000000     
    urban air conditioning/heating and wasteheat   = ON_WASTEHEAT    
    urban traffic flux   =   F
    more vertical layers =   F
    maxpatch_pft         =            17
    allocate_all_vegpfts =   T
    perchroot (PWS based on unfrozen layers only) =   F
    perchroot (PWS based on time-integrated active layer only) =   F
 
 Lake Model Namelists:
 Hostetler eddy increase low    :     25.00000000000000     
 Hostetler eddy increase factor :     10.00000000000000     
 Albedo melting lakes (visible) :   0.1000000000000000     
 Albedo melting lakes (NIR)     :   0.1000000000000000     
 Attempting to read ldomain from input/EURR-3_DOMAIN000.nc
   domain_check set       = domain_set
   domain_check decomped  =   T
   domain_check ns        =       1000000
   domain_check ni,nj     =          1000         1000
   domain_check clmlevel  = gridcell
   domain_check nbeg,nend =             1         7619
   domain_check lonc      =    -6.952402887032403      
    11.11733380539798     
   domain_check latc      =     33.94779705280406      
    35.41999999999999     
   domain_check mask      =             1            1
   domain_check frac      =     100.0000000000000      
    100.0000000000000     
   domain_check topo      =     2.597854798038971      
    1849.270369674424     
   domain_check area      =     10.74947992534302      
    10.77177009040167     
   domain_check pftm      =             1            1
  
  Reading in urban input data from surface data file ...
  UrbanInput : input/EURR-3_CLM45_surface.nc
  Sucessfully read urban input data
 
 Attempting to read PFT physiological data .....
 Successfully read PFT physiological data
 Attempting to read surface boundary data .....
 Checked LAT/LON compliance
 Successfully read surface boundary data
 
  Surface Grid Characteristics
    total number of gridcells =        487659
    total number of landunits =       1169625
    total number of columns   =       2379439
    total number of pfts      =       9206259
  
 ---clm_ptrs_check:
    clm_ptrs_check: g index ranges - OK
    clm_ptrs_check: l index ranges - OK
    clm_ptrs_check: c index ranges - OK
    clm_ptrs_check: p index ranges - OK
    clm_ptrs_check: g mono increasing - OK
    clm_ptrs_check: l mono increasing - OK
    clm_ptrs_check: c mono increasing - OK
    clm_ptrs_check: p mono increasing - OK
    clm_ptrs_check: tree consistent - OK
  
 Attempting to initialize time invariant variables
 Attempting to read soil color, sand and clay boundary data .....
 WARNING:: ETALAKE not found on surface data set.
 All lake columns will have eta set equal to default value
 WARNING:: LAKEFETCH not found on surface data set.
 All lake columns will have fetch set equal to default value
 Successfully read fmax, soil color, sand and clay boundary data
 
 Attempting to read organic matter data .....
  organicrd : input/EURR-3_CLM45_surface.nc
 Successfully read organic matter data
 
  # zsoi #
    0.710E-02  0.279E-01  0.623E-01  0.119      0.212      0.366      0.620    
     1.04       1.73       2.86       4.74       7.83       12.9       21.3    
     21.3       35.2    
  # zisoi #
     0.00      0.175E-01  0.451E-01  0.906E-01  0.166      0.289      0.493    
    0.829       1.38       2.30       3.80       6.28       10.4       17.1    
     17.1       28.3       42.1    
  # dzsoi #
    0.175E-01  0.276E-01  0.455E-01  0.750E-01  0.124      0.204      0.336    
    0.554      0.913       1.51       2.48       4.09       6.75       11.1    
     11.1       13.9    
 dzsoi_decomp    1.000000000000000     
 Attempting to read snow optical properties .....
 SnowOptics_init : 
 /leonardo_work/ICT25_ESP/RCMDATA/CLM45/snicardata/snicar_optics_5bnd_c090915.nc
 Successfully read snow optical properties
 Attempting to read snow aging parameters .....
 Successfully read snow aging properties
 Successfully initialized time invariant variables
 CLM_hist_printflds : number of master fields =           241
 Setting initial data to non-spun up values
 Attempting to initialize time invariant variables for lakes
 CLM timestep appears to differ from 1800s. 
 Adjusting minimum snow layer thickness over lakes to maintain stability.
 New minimum thickness is    2.0000000000000000E-002 .
 Successfully initialized time invariant variables for lakes
 Setting initial data to non-spun up values for lake points
 Initializing clm2 history files
 There will be a total of             2  history tapes
 History tape             1  write frequency is MONTHLY
 All fields on history tape             1  are grid averaged
 Output precision on history tape             1 =            2
 History tape             2  write frequency =             1
 All fields on history tape             2  are grid averaged
 Output precision on history tape             2 =            2
 hist tape =             1  written with dov2xy=   T
 hist tape =             2  written with dov2xy=   T
 Successfully initialized clm2 history files
 Successfully initialized the land model
 begin initial run at:  2009-10-01 00:00:00 UTC
 Attempting to read monthly vegetation data .....
 At  2009-10-01 00:00:00 UTC
 Month =            10  Day =             1
 Reading months :             9           10
 Successfully read monthly vegetation data for
 month            10
 Restrict outout to CORDEX variables
 Opening new output file output//EURR-3_ATM.2009100100.nc
 Opening new output file output//EURR-3_SRF.2009100100.nc
 Opening new output file output//EURR-3_STS.2009100100.nc
 Opening new output file output//EURR-3_RAD.2009100100.nc
Time to run newoutfiles:   0.543171 s
Time to run write_record_output_stream:  10.836217 s
 ATM variables written at  2009-10-01 00:00:00 UTC        
 Computing weights, R =      89.00187683 .......... Done.
 Reading EXT,SSA,ASY Data...
 AEROPP file open 
 /leonardo_work/ICT25_ESP/RCMDATA/MERRA2/OPPMONTH/MERRA2_OPPMONTH_wb3.200909.nc
 AEROPP file open 
 /leonardo_work/ICT25_ESP/RCMDATA/MERRA2/OPPMONTH/MERRA2_OPPMONTH_wb3.200910.nc
 AEROPP file open 
 /leonardo_work/ICT25_ESP/RCMDATA/MERRA2/OPPMONTH/MERRA2_OPPMONTH_wb6.200909.nc
 AEROPP file open 
 /leonardo_work/ICT25_ESP/RCMDATA/MERRA2/OPPMONTH/MERRA2_OPPMONTH_wb6.200910.nc
 AEROPP file open 
 /leonardo_work/ICT25_ESP/RCMDATA/MERRA2/OPPMONTH/MERRA2_OPPMONTH_wb10.200909.nc
 AEROPP file open 
 /leonardo_work/ICT25_ESP/RCMDATA/MERRA2/OPPMONTH/MERRA2_OPPMONTH_wb10.200910.nc
 AEROPP file open 
 /leonardo_work/ICT25_ESP/RCMDATA/MERRA2/OPPMONTH/MERRA2_OPPMONTH_wb13.200909.nc
 AEROPP file open 
 /leonardo_work/ICT25_ESP/RCMDATA/MERRA2/OPPMONTH/MERRA2_OPPMONTH_wb13.200910.nc
 AEROPP file open 
 /leonardo_work/ICT25_ESP/RCMDATA/MERRA2/OPPMONTH/MERRA2_OPPMONTH_wb19.200909.nc
 AEROPP file open 
 /leonardo_work/ICT25_ESP/RCMDATA/MERRA2/OPPMONTH/MERRA2_OPPMONTH_wb19.200910.nc
  # Updated VIS ext profile #
    0.196E-05  0.568E-05  0.207E-04  0.770E-04  0.396E-03  0.111E-02  0.190E-02
    0.237E-02  0.247E-02  0.268E-02  0.275E-02  0.242E-02  0.206E-02  0.190E-02
    0.178E-02  0.163E-02  0.148E-02  0.140E-02  0.137E-02  0.137E-02  0.140E-02
    0.152E-02  0.173E-02  0.199E-02  0.226E-02  0.250E-02  0.270E-02  0.289E-02
    0.311E-02  0.334E-02  0.352E-02  0.367E-02  0.375E-02  0.378E-02  0.379E-02
    0.383E-02  0.390E-02  0.401E-02  0.422E-02  0.448E-02  0.471E-02  0.503E-02
    0.545E-02  0.582E-02  0.608E-02  0.601E-02  0.580E-02  0.537E-02  0.495E-02
    0.495E-02  0.458E-02
  # Updated VIS ssa profile #
    0.916      0.917      0.931      0.953      0.974      0.980      0.974    
    0.964      0.955      0.953      0.953      0.949      0.940      0.933    
    0.927      0.920      0.913      0.908      0.903      0.899      0.898    
    0.898      0.899      0.899      0.900      0.902      0.904      0.905    
    0.907      0.908      0.909      0.911      0.913      0.915      0.917    
    0.919      0.922      0.926      0.932      0.939      0.943      0.949    
    0.955      0.960      0.963      0.964      0.964      0.964      0.964    
    0.964      0.963    
  # Updated VIS asy profile #
    0.661      0.662      0.666      0.671      0.678      0.685      0.691    
    0.698      0.706      0.725      0.742      0.748      0.744      0.739    
    0.734      0.729      0.724      0.721      0.718      0.715      0.713    
    0.714      0.714      0.715      0.715      0.716      0.718      0.720    
    0.723      0.725      0.727      0.731      0.733      0.735      0.737    
    0.740      0.742      0.746      0.752      0.759      0.764      0.770    
    0.776      0.783      0.787      0.788      0.788      0.788      0.786    
    0.786      0.786    
 Creating history file output//EURR-3.clm.regcm.h1.20091001_03600.nc
 CLM History variables written
Time to run write_record_output_stream:  10.932094 s
 ATM variables written at  2009-10-01 01:00:00 UTC        
Time to run write_record_output_stream:  12.915290 s
 SRF variables written at  2009-10-01 01:00:00 UTC        
Time to run write_record_output_stream:   2.813779 s
 RAD variables written at  2009-10-01 01:00:00 UTC        
 CLM History variables written
Time to run write_record_output_stream:  10.998149 s
 ATM variables written at  2009-10-01 02:00:00 UTC        
Time to run write_record_output_stream:  14.359204 s
 SRF variables written at  2009-10-01 02:00:00 UTC        
Time to run write_record_output_stream:   2.771403 s
 RAD variables written at  2009-10-01 02:00:00 UTC        
 CLM History variables written
Time to run write_record_output_stream:  10.688161 s
 ATM variables written at  2009-10-01 03:00:00 UTC        
Time to run write_record_output_stream:  16.303975 s
 SRF variables written at  2009-10-01 03:00:00 UTC        
Time to run write_record_output_stream:   2.795842 s
 RAD variables written at  2009-10-01 03:00:00 UTC        
 $$$  2009-10-01 03:00:00 UTC        
 $$$ max, min of ps (mb) =  1027.23  679.73
 CLM History variables written
Time to run write_record_output_stream:  10.855964 s
 ATM variables written at  2009-10-01 04:00:00 UTC        
Time to run write_record_output_stream:  17.432234 s
 SRF variables written at  2009-10-01 04:00:00 UTC        
Time to run write_record_output_stream:   2.806131 s
 RAD variables written at  2009-10-01 04:00:00 UTC        
 CLM History variables written
Time to run write_record_output_stream:  10.863051 s
 ATM variables written at  2009-10-01 05:00:00 UTC        
Time to run write_record_output_stream:  18.358805 s
 SRF variables written at  2009-10-01 05:00:00 UTC        
Time to run write_record_output_stream:   2.808986 s
 RAD variables written at  2009-10-01 05:00:00 UTC        
 CLM History variables written
Time to run write_record_output_stream:  12.411539 s
 ATM variables written at  2009-10-01 06:00:00 UTC        
Time to run write_record_output_stream:  18.385878 s
 SRF variables written at  2009-10-01 06:00:00 UTC        
Time to run write_record_output_stream:   2.883016 s
 RAD variables written at  2009-10-01 06:00:00 UTC        
 SEARCH BC data for 2009100112 , step =      480
 READY  BC from     2009100106  to 2009100112 
  Time to read in seconds RCM_run is:    0.3502610    
 $$$  2009-10-01 06:00:00 UTC        
 $$$ max, min of ps (mb) =  1027.43  679.19
 CLM History variables written
Time to run write_record_output_stream:  10.855531 s
 ATM variables written at  2009-10-01 07:00:00 UTC        
Time to run write_record_output_stream:  15.094692 s
 SRF variables written at  2009-10-01 07:00:00 UTC        
Time to run write_record_output_stream:   2.777664 s
 RAD variables written at  2009-10-01 07:00:00 UTC        
 CLM History variables written
Time to run write_record_output_stream:  11.085452 s
 ATM variables written at  2009-10-01 08:00:00 UTC        
Time to run write_record_output_stream:  12.511114 s
 SRF variables written at  2009-10-01 08:00:00 UTC        
Time to run write_record_output_stream:   2.879425 s
 RAD variables written at  2009-10-01 08:00:00 UTC        
 CLM History variables written
Time to run write_record_output_stream:  11.100563 s
 ATM variables written at  2009-10-01 09:00:00 UTC        
Time to run write_record_output_stream:  10.826662 s
 SRF variables written at  2009-10-01 09:00:00 UTC        
Time to run write_record_output_stream:   2.891583 s
 RAD variables written at  2009-10-01 09:00:00 UTC        
 $$$  2009-10-01 09:00:00 UTC        
 $$$ max, min of ps (mb) =  1028.22  679.32
 CLM History variables written
Time to run write_record_output_stream:  10.963005 s
 ATM variables written at  2009-10-01 10:00:00 UTC        
Time to run write_record_output_stream:   9.894325 s
 SRF variables written at  2009-10-01 10:00:00 UTC        
Time to run write_record_output_stream:   3.519406 s
 RAD variables written at  2009-10-01 10:00:00 UTC        
 CLM History variables written
Time to run write_record_output_stream:  10.674982 s
 ATM variables written at  2009-10-01 11:00:00 UTC        
Time to run write_record_output_stream:   8.440161 s
 SRF variables written at  2009-10-01 11:00:00 UTC        
Time to run write_record_output_stream:   2.791224 s
 RAD variables written at  2009-10-01 11:00:00 UTC        
 CLM History variables written
Time to run write_record_output_stream:  10.769302 s
 ATM variables written at  2009-10-01 12:00:00 UTC        
Time to run write_record_output_stream:   7.261849 s
 SRF variables written at  2009-10-01 12:00:00 UTC        
Time to run write_record_output_stream:   2.792144 s
 RAD variables written at  2009-10-01 12:00:00 UTC        
 SEARCH BC data for 2009100118 , step =      960
 READY  BC from     2009100112  to 2009100118 
  Time to read in seconds RCM_run is:    0.5762230    
 $$$  2009-10-01 12:00:00 UTC        
 $$$ max, min of ps (mb) =  1028.83  678.96
 CLM History variables written
Time to run write_record_output_stream:  10.865102 s
 ATM variables written at  2009-10-01 13:00:00 UTC        
Time to run write_record_output_stream:   6.467977 s
 SRF variables written at  2009-10-01 13:00:00 UTC        
Time to run write_record_output_stream:   2.817107 s
 RAD variables written at  2009-10-01 13:00:00 UTC        
 CLM History variables written
Time to run write_record_output_stream:  10.582843 s
 ATM variables written at  2009-10-01 14:00:00 UTC        
Time to run write_record_output_stream:   5.342809 s
 SRF variables written at  2009-10-01 14:00:00 UTC        
Time to run write_record_output_stream:   2.765087 s
 RAD variables written at  2009-10-01 14:00:00 UTC        
 CLM History variables written
Time to run write_record_output_stream:  10.809927 s
 ATM variables written at  2009-10-01 15:00:00 UTC        
Time to run write_record_output_stream:   4.467174 s
 SRF variables written at  2009-10-01 15:00:00 UTC        
Time to run write_record_output_stream:   2.824849 s
 RAD variables written at  2009-10-01 15:00:00 UTC        
 $$$  2009-10-01 15:00:00 UTC        
 $$$ max, min of ps (mb) =  1029.07  678.16
 CLM History variables written
Time to run write_record_output_stream:  10.838296 s
 ATM variables written at  2009-10-01 16:00:00 UTC        
Time to run write_record_output_stream:   3.990321 s
 SRF variables written at  2009-10-01 16:00:00 UTC        
Time to run write_record_output_stream:   2.854216 s
 RAD variables written at  2009-10-01 16:00:00 UTC        
 CLM History variables written
Time to run write_record_output_stream:  10.749312 s
 ATM variables written at  2009-10-01 17:00:00 UTC        
Time to run write_record_output_stream:   3.798698 s
 SRF variables written at  2009-10-01 17:00:00 UTC        
Time to run write_record_output_stream:   2.791651 s
 RAD variables written at  2009-10-01 17:00:00 UTC        
 CLM History variables written
Time to run write_record_output_stream:  10.920562 s
 ATM variables written at  2009-10-01 18:00:00 UTC        
Time to run write_record_output_stream:   3.970495 s
 SRF variables written at  2009-10-01 18:00:00 UTC        
Time to run write_record_output_stream:   2.855637 s
 RAD variables written at  2009-10-01 18:00:00 UTC        
 SEARCH BC data for 2009100200 , step =     1440
 READY  BC from     2009100118  to 2009100200 
  Time to read in seconds RCM_run is:    0.3771050    
 $$$  2009-10-01 18:00:00 UTC        
 $$$ max, min of ps (mb) =  1028.98  677.95
 CLM History variables written
Time to run write_record_output_stream:  10.942148 s
 MPI Rank:            6  using device:            0
 Set    10 100% special land-units points to zero slope
  Time to read in seconds RCM_run is:    0.6457940    
  Time to read in seconds RCM_run is:    0.8737270    
  Time to read in seconds RCM_run is:    0.6701220    
Time to run dispose_output_streams subroutine:   0.000131 s
 MPI Rank:            4  using device:            0
  Time to read in seconds RCM_run is:    0.6464880    
  Time to read in seconds RCM_run is:    0.8742650    
  Time to read in seconds RCM_run is:    0.6706120    
Time to run dispose_output_streams subroutine:   0.000583 s
 MPI Rank:            5  using device:            0
  Time to read in seconds RCM_run is:    0.6461970    
  Time to read in seconds RCM_run is:    0.8742020    
  Time to read in seconds RCM_run is:    0.6704850    
Time to run dispose_output_streams subroutine:   0.000441 s
 MPI Rank:            7  using device:            0
  Time to read in seconds RCM_run is:    0.6453370    
  Time to read in seconds RCM_run is:    0.8730410    
  Time to read in seconds RCM_run is:    0.6694350    
Time to run dispose_output_streams subroutine:   0.000336 s
 MPI Rank:           36  using device:            0
  Time to read in seconds RCM_run is:    0.6400250    
  Time to read in seconds RCM_run is:    0.8657320    
  Time to read in seconds RCM_run is:    0.6616650    
Time to run dispose_output_streams subroutine:   0.000059 s
 MPI Rank:           37  using device:            0
  Time to read in seconds RCM_run is:    0.6375020    
  Time to read in seconds RCM_run is:    0.8655540    
  Time to read in seconds RCM_run is:    0.6612190    
Time to run dispose_output_streams subroutine:   0.000053 s
 MPI Rank:           38  using device:            0
 Set    70 100% special land-units points to zero slope
  Time to read in seconds RCM_run is:    0.6369970    
  Time to read in seconds RCM_run is:    0.8652220    
  Time to read in seconds RCM_run is:    0.6610560    
Time to run dispose_output_streams subroutine:   0.000055 s
 MPI Rank:           39  using device:            0
  Time to read in seconds RCM_run is:    0.6362930    
  Time to read in seconds RCM_run is:    0.8647890    
  Time to read in seconds RCM_run is:    0.6604950    
Time to run dispose_output_streams subroutine:   0.000057 s
 MPI Rank:           40  using device:            0
  Time to read in seconds RCM_run is:    0.6374390    
  Time to read in seconds RCM_run is:    0.8641340    
  Time to read in seconds RCM_run is:    0.6601490    
Time to run dispose_output_streams subroutine:   0.000610 s
 MPI Rank:           41  using device:            0
 Set    30 100% special land-units points to zero slope
  Time to read in seconds RCM_run is:    0.6371720    
  Time to read in seconds RCM_run is:    0.8640480    
  Time to read in seconds RCM_run is:    0.6601590    
Time to run dispose_output_streams subroutine:   0.000529 s
 MPI Rank:           42  using device:            0
  Time to read in seconds RCM_run is:    0.6370100    
  Time to read in seconds RCM_run is:    0.8640920    
  Time to read in seconds RCM_run is:    0.6603080    
Time to run dispose_output_streams subroutine:   0.000483 s
 MPI Rank:           43  using device:            0
  Time to read in seconds RCM_run is:    0.6368090    
  Time to read in seconds RCM_run is:    0.8634030    
  Time to read in seconds RCM_run is:    0.6596240    
Time to run dispose_output_streams subroutine:   0.000051 s
 MPI Rank:            1  using device:            0
  Time to read in seconds RCM_run is:    0.6468530    
  Time to read in seconds RCM_run is:    0.8744560    
  Time to read in seconds RCM_run is:    0.6713650    
Time to run dispose_output_streams subroutine:   0.000072 s
 MPI Rank:           60  using device:            0
  Time to read in seconds RCM_run is:    0.6321870    
  Time to read in seconds RCM_run is:    0.8585630    
  Time to read in seconds RCM_run is:    0.6545010    
Time to run dispose_output_streams subroutine:   0.000065 s
 MPI Rank:            2  using device:            0
  Time to read in seconds RCM_run is:    0.6469020    
  Time to read in seconds RCM_run is:    0.8743570    
  Time to read in seconds RCM_run is:    0.6711500    
Time to run dispose_output_streams subroutine:   0.000062 s
 MPI Rank:            3  using device:            0
  Time to read in seconds RCM_run is:    0.6472620    
  Time to read in seconds RCM_run is:    0.8744310    
  Time to read in seconds RCM_run is:    0.6710420    
Time to run dispose_output_streams subroutine:   0.000062 s
 MPI Rank:           61  using device:            0
 Set     1 100% special land-units points to zero slope
  Time to read in seconds RCM_run is:    0.6315970    
  Time to read in seconds RCM_run is:    0.8583090    
  Time to read in seconds RCM_run is:    0.6535020    
Time to run dispose_output_streams subroutine:   0.000064 s
 ATM variables written at  2009-10-01 19:00:00 UTC        
Time to run write_record_output_stream:   4.422562 s
 SRF variables written at  2009-10-01 19:00:00 UTC        
Time to run write_record_output_stream:   2.866661 s
 RAD variables written at  2009-10-01 19:00:00 UTC        
 CLM History variables written
Time to run write_record_output_stream:   0.000000 s
 ATM variables written at  2009-10-01 20:00:00 UTC        
Time to run write_record_output_stream:   4.916872 s
 SRF variables written at  2009-10-01 20:00:00 UTC        
Time to run write_record_output_stream:   2.853310 s
 RAD variables written at  2009-10-01 20:00:00 UTC        
 CLM History variables written
Time to run write_record_output_stream:  10.977606 s
 ATM variables written at  2009-10-01 21:00:00 UTC        
Time to run write_record_output_stream:   5.167953 s
 SRF variables written at  2009-10-01 21:00:00 UTC        
Time to run write_record_output_stream:   2.852566 s
 RAD variables written at  2009-10-01 21:00:00 UTC        
 MPI Rank:           63  using device:            0
  Time to read in seconds RCM_run is:    0.6297470    
  Time to read in seconds RCM_run is:    0.8575420    
  Time to read in seconds RCM_run is:    0.6533150    
Time to run dispose_output_streams subroutine:   0.000053 s
 $$$  2009-10-01 21:00:00 UTC        
 $$$ max, min of ps (mb) =  1028.74  677.64
 CLM History variables written
Time to run write_record_output_stream:  10.994958 s
 ATM variables written at  2009-10-01 22:00:00 UTC        
Time to run write_record_output_stream:   5.602429 s
 SRF variables written at  2009-10-01 22:00:00 UTC        
Time to run write_record_output_stream:   2.862088 s
 RAD variables written at  2009-10-01 22:00:00 UTC        
 CLM History variables written
Time to run write_record_output_stream:  10.924471 s
 ATM variables written at  2009-10-01 23:00:00 UTC        
Time to run write_record_output_stream:   5.907396 s
 SRF variables written at  2009-10-01 23:00:00 UTC        
Time to run write_record_output_stream:   2.784681 s
 RAD variables written at  2009-10-01 23:00:00 UTC        
 Write restart file for CLM at  2009-10-02 00:00:00 UTC        
 CLM History variables written
 history tape             1 : no open file to close
 MPI Rank:           62  using device:            0
  Time to read in seconds RCM_run is:    0.6299020    
  Time to read in seconds RCM_run is:    0.8579840    
  Time to read in seconds RCM_run is:    0.6533650    
Time to run dispose_output_streams subroutine:   0.000053 s
 Closing local history file output//EURR-3.clm.regcm.h1.20091001_03600.nc
 Writing restart dataset on output/EURR-3.clm.regcm.r.2009100200.nc
 Writing restart dataset on output//EURR-3.clm.regcm.rh0.2009100200.nc
 Writing restart dataset on output//EURR-3.clm.regcm.rh1.2009100200.nc
 Successfully wrote out restart data for CLM 4.5
 At  2009-10-02 00:00:00 UTC        
 JDay    274.00000 solar declination angle =  -3.09798020 degrees
                   solar TSI irradiance    =    1355.8045 W/m^2
Time to run write_record_output_stream:  11.418475 s
 ATM variables written at  2009-10-02 00:00:00 UTC        
Time to run write_record_output_stream:   6.519034 s
 SRF variables written at  2009-10-02 00:00:00 UTC        
Time to run write_record_output_stream:   0.250428 s
 STS variables written at  2009-10-02 00:00:00 UTC        
Time to run write_record_output_stream:   3.293519 s
 RAD variables written at  2009-10-02 00:00:00 UTC        
 SAV variables written at  2009-10-02 00:00:00 UTC        
 Final time  2009-10-02 00:00:00 UTC reached.
Time to run dispose_output_streams subroutine:   8.007747 s
 Elapsed seconds of run for this final timeslice :     560.5366    
 : this run stops at  : 2025-08-30 00:39:19+0200
 : Run has been completed using            64  processors.
 : Total elapsed seconds of run :     561.5441820621490     
 RegCM V5 simulation successfully reached end
 MPI Rank:           52  using device:            0
  Time to read in seconds RCM_run is:    0.6343420    
  Time to read in seconds RCM_run is:    0.8607790    
  Time to read in seconds RCM_run is:    0.6567960    
Time to run dispose_output_streams subroutine:   0.000599 s
 MPI Rank:           54  using device:            0
  Time to read in seconds RCM_run is:    0.6326420    
  Time to read in seconds RCM_run is:    0.8603540    
  Time to read in seconds RCM_run is:    0.6557890    
Time to run dispose_output_streams subroutine:   0.000220 s
 MPI Rank:           55  using device:            0
  Time to read in seconds RCM_run is:    0.6321230    
  Time to read in seconds RCM_run is:    0.8599120    
  Time to read in seconds RCM_run is:    0.6554090    
Time to run dispose_output_streams subroutine:   0.000058 s
 MPI Rank:           53  using device:            0
  Time to read in seconds RCM_run is:    0.6332230    
  Time to read in seconds RCM_run is:    0.8607080    
  Time to read in seconds RCM_run is:    0.6565420    
Time to run dispose_output_streams subroutine:   0.000305 s
 MPI Rank:           56  using device:            0
  Time to read in seconds RCM_run is:    0.6334730    
  Time to read in seconds RCM_run is:    0.8598910    
  Time to read in seconds RCM_run is:    0.6547250    
Time to run dispose_output_streams subroutine:   0.000404 s
 MPI Rank:           58  using device:            0
 Set    10 100% special land-units points to zero slope
  Time to read in seconds RCM_run is:    0.6328730    
  Time to read in seconds RCM_run is:    0.8596460    
  Time to read in seconds RCM_run is:    0.6550030    
Time to run dispose_output_streams subroutine:   0.000139 s
 MPI Rank:           59  using device:            0
  Time to read in seconds RCM_run is:    0.6326040    
  Time to read in seconds RCM_run is:    0.8590150    
  Time to read in seconds RCM_run is:    0.6547220    
Time to run dispose_output_streams subroutine:   0.000056 s
 MPI Rank:           57  using device:            0
  Time to read in seconds RCM_run is:    0.6333830    
  Time to read in seconds RCM_run is:    0.8598290    
  Time to read in seconds RCM_run is:    0.6547110    
Time to run dispose_output_streams subroutine:   0.000256 s
 MPI Rank:           16  using device:            0
  Time to read in seconds RCM_run is:    0.6435510    
  Time to read in seconds RCM_run is:    0.8710420    
  Time to read in seconds RCM_run is:    0.6670710    
Time to run dispose_output_streams subroutine:   0.000795 s
 MPI Rank:           18  using device:            0
  Time to read in seconds RCM_run is:    0.6428800    
  Time to read in seconds RCM_run is:    0.8706950    
  Time to read in seconds RCM_run is:    0.6668930    
Time to run dispose_output_streams subroutine:   0.000501 s
 MPI Rank:           19  using device:            0
  Time to read in seconds RCM_run is:    0.6451390    
  Time to read in seconds RCM_run is:    0.8707580    
  Time to read in seconds RCM_run is:    0.6669080    
Time to run dispose_output_streams subroutine:   0.000412 s
 MPI Rank:           17  using device:            0
  Time to read in seconds RCM_run is:    0.6432020    
  Time to read in seconds RCM_run is:    0.8707980    
  Time to read in seconds RCM_run is:    0.6671440    
Time to run dispose_output_streams subroutine:   0.000787 s
 MPI Rank:            8  using device:            0
  Time to read in seconds RCM_run is:    0.6451160    
  Time to read in seconds RCM_run is:    0.8729110    
  Time to read in seconds RCM_run is:    0.6694460    
Time to run dispose_output_streams subroutine:   0.000366 s
 MPI Rank:            9  using device:            0
  Time to read in seconds RCM_run is:    0.6453100    
  Time to read in seconds RCM_run is:    0.8727630    
  Time to read in seconds RCM_run is:    0.6690080    
Time to run dispose_output_streams subroutine:   0.000309 s
 MPI Rank:           10  using device:            0
  Time to read in seconds RCM_run is:    0.6451310    
  Time to read in seconds RCM_run is:    0.8727350    
  Time to read in seconds RCM_run is:    0.6690590    
Time to run dispose_output_streams subroutine:   0.000156 s
 MPI Rank:           11  using device:            0
  Time to read in seconds RCM_run is:    0.6450400    
  Time to read in seconds RCM_run is:    0.8726380    
  Time to read in seconds RCM_run is:    0.6692900    
Time to run dispose_output_streams subroutine:   0.000052 s
 MPI Rank:           20  using device:            0
 Set    20 100% special land-units points to zero slope
  Time to read in seconds RCM_run is:    0.6450030    
  Time to read in seconds RCM_run is:    0.8703740    
  Time to read in seconds RCM_run is:    0.6665210    
Time to run dispose_output_streams subroutine:   0.000433 s
 MPI Rank:           21  using device:            0
  Time to read in seconds RCM_run is:    0.6444250    
  Time to read in seconds RCM_run is:    0.8700170    
  Time to read in seconds RCM_run is:    0.6661790    
Time to run dispose_output_streams subroutine:   0.000418 s
 MPI Rank:           22  using device:            0
  Time to read in seconds RCM_run is:    0.6419650    
  Time to read in seconds RCM_run is:    0.8698460    
  Time to read in seconds RCM_run is:    0.6658670    
Time to run dispose_output_streams subroutine:   0.000222 s
 MPI Rank:           23  using device:            0
 Set     1 100% special land-units points to zero slope
  Time to read in seconds RCM_run is:    0.6412390    
  Time to read in seconds RCM_run is:    0.8695050    
  Time to read in seconds RCM_run is:    0.6655870    
Time to run dispose_output_streams subroutine:   0.000054 s
 MPI Rank:           45  using device:            0
  Time to read in seconds RCM_run is:    0.6352210    
  Time to read in seconds RCM_run is:    0.8626240    
  Time to read in seconds RCM_run is:    0.6589810    
Time to run dispose_output_streams subroutine:   0.000589 s
 MPI Rank:           46  using device:            0
  Time to read in seconds RCM_run is:    0.6345730    
  Time to read in seconds RCM_run is:    0.8626190    
  Time to read in seconds RCM_run is:    0.6585960    
Time to run dispose_output_streams subroutine:   0.000469 s
 MPI Rank:           47  using device:            0
  Time to read in seconds RCM_run is:    0.6339920    
  Time to read in seconds RCM_run is:    0.8617000    
  Time to read in seconds RCM_run is:    0.6572310    
Time to run dispose_output_streams subroutine:   0.000193 s
 MPI Rank:           44  using device:            0
  Time to read in seconds RCM_run is:    0.6355020    
  Time to read in seconds RCM_run is:    0.8632830    
  Time to read in seconds RCM_run is:    0.6594740    
Time to run dispose_output_streams subroutine:   0.000883 s
 MPI Rank:           50  using device:            0
  Time to read in seconds RCM_run is:    0.6348930    
  Time to read in seconds RCM_run is:    0.8614460    
  Time to read in seconds RCM_run is:    0.6573150    
Time to run dispose_output_streams subroutine:   0.000053 s
 MPI Rank:           24  using device:            0
  Time to read in seconds RCM_run is:    0.6414290    
  Time to read in seconds RCM_run is:    0.8690580    
  Time to read in seconds RCM_run is:    0.6653380    
Time to run dispose_output_streams subroutine:   0.001000 s
 MPI Rank:           25  using device:            0
  Time to read in seconds RCM_run is:    0.6415080    
  Time to read in seconds RCM_run is:    0.8691710    
  Time to read in seconds RCM_run is:    0.6653230    
Time to run dispose_output_streams subroutine:   0.000896 s
 MPI Rank:           26  using device:            0
  Time to read in seconds RCM_run is:    0.6409940    
  Time to read in seconds RCM_run is:    0.8687680    
  Time to read in seconds RCM_run is:    0.6650620    
Time to run dispose_output_streams subroutine:   0.000628 s
 MPI Rank:           27  using device:            0
  Time to read in seconds RCM_run is:    0.6427460    
  Time to read in seconds RCM_run is:    0.8684090    
  Time to read in seconds RCM_run is:    0.6647020    
Time to run dispose_output_streams subroutine:   0.000215 s
 MPI Rank:           32  using device:            0
  Time to read in seconds RCM_run is:    0.6390400    
  Time to read in seconds RCM_run is:    0.8666620    
  Time to read in seconds RCM_run is:    0.6626360    
Time to run dispose_output_streams subroutine:   0.000405 s
 MPI Rank:           34  using device:            0
  Time to read in seconds RCM_run is:    0.6385830    
  Time to read in seconds RCM_run is:    0.8665610    
  Time to read in seconds RCM_run is:    0.6625950    
Time to run dispose_output_streams subroutine:   0.000092 s
 MPI Rank:           35  using device:            0
  Time to read in seconds RCM_run is:    0.6380670    
  Time to read in seconds RCM_run is:    0.8660330    
  Time to read in seconds RCM_run is:    0.6622110    
Time to run dispose_output_streams subroutine:   0.000054 s
 MPI Rank:           33  using device:            0
  Time to read in seconds RCM_run is:    0.6389060    
  Time to read in seconds RCM_run is:    0.8667030    
  Time to read in seconds RCM_run is:    0.6628220    
Time to run dispose_output_streams subroutine:   0.000086 s
 MPI Rank:           14  using device:            0
  Time to read in seconds RCM_run is:    0.6435740    
  Time to read in seconds RCM_run is:    0.8716810    
  Time to read in seconds RCM_run is:    0.6679000    
Time to run dispose_output_streams subroutine:   0.000076 s
 MPI Rank:           15  using device:            0
  Time to read in seconds RCM_run is:    0.6429710    
  Time to read in seconds RCM_run is:    0.8710680    
  Time to read in seconds RCM_run is:    0.6675820    
Time to run dispose_output_streams subroutine:   0.000055 s
 MPI Rank:           12  using device:            0
  Time to read in seconds RCM_run is:    0.6469710    
  Time to read in seconds RCM_run is:    0.8721930    
  Time to read in seconds RCM_run is:    0.6687130    
Time to run dispose_output_streams subroutine:   0.000501 s
 MPI Rank:           13  using device:            0
  Time to read in seconds RCM_run is:    0.6443940    
  Time to read in seconds RCM_run is:    0.8718510    
  Time to read in seconds RCM_run is:    0.6682400    
Time to run dispose_output_streams subroutine:   0.000522 s
 MPI Rank:           28  using device:            0
  Time to read in seconds RCM_run is:    0.6424780    
  Time to read in seconds RCM_run is:    0.8680960    
  Time to read in seconds RCM_run is:    0.6641120    
Time to run dispose_output_streams subroutine:   0.000057 s
 MPI Rank:           29  using device:            0
 Set    10 100% special land-units points to zero slope
  Time to read in seconds RCM_run is:    0.6422440    
  Time to read in seconds RCM_run is:    0.8678620    
  Time to read in seconds RCM_run is:    0.6636910    
Time to run dispose_output_streams subroutine:   0.000056 s
 MPI Rank:           30  using device:            0
 Set   110 100% special land-units points to zero slope
  Time to read in seconds RCM_run is:    0.6396980    
  Time to read in seconds RCM_run is:    0.8677460    
  Time to read in seconds RCM_run is:    0.6634510    
Time to run dispose_output_streams subroutine:   0.000052 s
 MPI Rank:           31  using device:            0
  Time to read in seconds RCM_run is:    0.6392230    
  Time to read in seconds RCM_run is:    0.8672480    
  Time to read in seconds RCM_run is:    0.6631120    
Time to run dispose_output_streams subroutine:   0.000056 s
 MPI Rank:           49  using device:            0
  Time to read in seconds RCM_run is:    0.6353970    
  Time to read in seconds RCM_run is:    0.8616890    
  Time to read in seconds RCM_run is:    0.6575340    
Time to run dispose_output_streams subroutine:   0.000057 s
 MPI Rank:           51  using device:            0
  Time to read in seconds RCM_run is:    0.6346560    
  Time to read in seconds RCM_run is:    0.8611700    
  Time to read in seconds RCM_run is:    0.6572910    
Time to run dispose_output_streams subroutine:   0.000054 s
 MPI Rank:           48  using device:            0
 Set    10 100% special land-units points to zero slope
  Time to read in seconds RCM_run is:    0.6354110    
  Time to read in seconds RCM_run is:    0.8618600    
  Time to read in seconds RCM_run is:    0.6570840    
Time to run dispose_output_streams subroutine:   0.000049 s
