WARNING: Device-side CUDA Event completion trace is currently enabled.
         This may increase runtime overhead and the likelihood of false
         dependencies across CUDA Streams. If you wish to avoid this, please
         disable the feature with --cuda-event-trace=false.
WARNING: Device-side CUDA Event completion trace is currently enabled.
         This may increase runtime overhead and the likelihood of false
         dependencies across CUDA Streams. If you wish to avoid this, please
         disable the feature with --cuda-event-trace=false.
WARNING: Device-side CUDA Event completion trace is currently enabled.
         This may increase runtime overhead and the likelihood of false
         dependencies across CUDA Streams. If you wish to avoid this, please
         disable the feature with --cuda-event-trace=false.
WARNING: Device-side CUDA Event completion trace is currently enabled.
         This may increase runtime overhead and the likelihood of false
         dependencies across CUDA Streams. If you wish to avoid this, please
         disable the feature with --cuda-event-trace=false.
slurmstepd: error:  mpi/pmix_v3: _errhandler: lrdn2298 [0]: pmixp_client_v2.c:212: Error handler invoked: status = -25, source = [slurm.pmix.37287928.0:0]
slurmstepd: error: *** STEP 37287928.0 ON lrdn2298 CANCELLED AT 2026-03-09T00:06:53 ***
srun: Job step aborted: Waiting up to 182 seconds for job step to finish.
slurmstepd: error: Detected 1 oom_kill event in StepId=37287928.0. Some of the step tasks have been OOM Killed.
slurmstepd: error:  mpi/pmix_v3: _errhandler: lrdn2298 [0]: pmixp_client_v2.c:212: Error handler invoked: status = -25, source = [slurm.pmix.37287928.0:3]
srun: error: lrdn2298: tasks 0-3: Out Of Memory
