[ perf record: Woken up 23758 times to write data ]
[ perf record: Woken up 23757 times to write data ]
[ perf record: Woken up 23706 times to write data ]
[ perf record: Woken up 23706 times to write data ]
[ perf record: Woken up 23743 times to write data ]
[ perf record: Woken up 23757 times to write data ]
[ perf record: Woken up 23704 times to write data ]
[ perf record: Woken up 23822 times to write data ]
[ perf record: Woken up 25259 times to write data ]
[ perf record: Woken up 25319 times to write data ]
[ perf record: Woken up 25252 times to write data ]
[ perf record: Woken up 25423 times to write data ]
Warning:
Processed 774494 events and lost 14 chunks!

Check IO/CPU overload!

Warning:
Processed 766580 events and lost 3 chunks!

Check IO/CPU overload!

Warning:
Processed 773179 events and lost 9 chunks!

Check IO/CPU overload!

Warning:
Processed 765974 events and lost 2 chunks!

Check IO/CPU overload!

Warning:
Processed 766102 events and lost 5 chunks!

Check IO/CPU overload!

Warning:
Processed 765933 events and lost 11 chunks!

Check IO/CPU overload!

Warning:
Processed 774361 events and lost 1 chunks!

Check IO/CPU overload!

Warning:
Processed 766314 events and lost 3 chunks!

Check IO/CPU overload!

Warning:
Processed 765158 events and lost 7 chunks!

Check IO/CPU overload!

Warning:
Processed 766571 events and lost 4 chunks!

Check IO/CPU overload!

Warning:
Processed 766438 events and lost 4 chunks!

Check IO/CPU overload!

Warning:
Processed 774160 events and lost 5 chunks!

Check IO/CPU overload!

[ perf record: Captured and wrote 5939.724 MB /leonardo_scratch/large/userexternal/ctica000/perf/with_IO/sequential_write/perf_26499172/perf.data.rank14 (737137 samples) ]
[ perf record: Captured and wrote 5937.557 MB /leonardo_scratch/large/userexternal/ctica000/perf/with_IO/sequential_write/perf_26499172/perf.data.rank12 (736868 samples) ]
[ perf record: Captured and wrote 5936.002 MB /leonardo_scratch/large/userexternal/ctica000/perf/with_IO/sequential_write/perf_26499172/perf.data.rank13 (736675 samples) ]
[ perf record: Captured and wrote 5926.733 MB /leonardo_scratch/large/userexternal/ctica000/perf/with_IO/sequential_write/perf_26499172/perf.data.rank9 (735419 samples) ]
[ perf record: Captured and wrote 5940.074 MB /leonardo_scratch/large/userexternal/ctica000/perf/with_IO/sequential_write/perf_26499172/perf.data.rank10 (737080 samples) ]
[ perf record: Captured and wrote 5939.569 MB /leonardo_scratch/large/userexternal/ctica000/perf/with_IO/sequential_write/perf_26499172/perf.data.rank8 (737018 samples) ]
[ perf record: Captured and wrote 5934.125 MB /leonardo_scratch/large/userexternal/ctica000/perf/with_IO/sequential_write/perf_26499172/perf.data.rank15 (736433 samples) ]
[ perf record: Captured and wrote 5926.417 MB /leonardo_scratch/large/userexternal/ctica000/perf/with_IO/sequential_write/perf_26499172/perf.data.rank5 (735472 samples) ]
[ perf record: Captured and wrote 5926.827 MB /leonardo_scratch/large/userexternal/ctica000/perf/with_IO/sequential_write/perf_26499172/perf.data.rank6 (735523 samples) ]
[ perf record: Captured and wrote 5920.708 MB /leonardo_scratch/large/userexternal/ctica000/perf/with_IO/sequential_write/perf_26499172/perf.data.rank4 (734764 samples) ]
[ perf record: Captured and wrote 5930.985 MB /leonardo_scratch/large/userexternal/ctica000/perf/with_IO/sequential_write/perf_26499172/perf.data.rank11 (736040 samples) ]
[ perf record: Captured and wrote 5938.626 MB /leonardo_scratch/large/userexternal/ctica000/perf/with_IO/sequential_write/perf_26499172/perf.data.rank7 (736902 samples) ]
[ perf record: Woken up 23471 times to write data ]
[ perf record: Woken up 23569 times to write data ]
[ perf record: Woken up 23468 times to write data ]
[ perf record: Woken up 24657 times to write data ]
Warning:
Processed 758463 events and lost 9 chunks!

Check IO/CPU overload!

Warning:
Processed 758361 events and lost 2 chunks!

Check IO/CPU overload!

[ perf record: Captured and wrote 5867.780 MB /leonardo_scratch/large/userexternal/ctica000/perf/with_IO/sequential_write/perf_26499172/perf.data.rank1 (728195 samples) ]
[ perf record: Captured and wrote 5868.314 MB /leonardo_scratch/large/userexternal/ctica000/perf/with_IO/sequential_write/perf_26499172/perf.data.rank2 (728261 samples) ]
Warning:
Processed 1017388 events and lost 5 chunks!

Check IO/CPU overload!

[ perf record: Captured and wrote 6164.654 MB /leonardo_scratch/large/userexternal/ctica000/perf/with_IO/sequential_write/perf_26499172/perf.data.rank0 (762221 samples) ]
Warning:
Processed 758211 events and lost 3 chunks!

Check IO/CPU overload!

[ perf record: Captured and wrote 5866.345 MB /leonardo_scratch/large/userexternal/ctica000/perf/with_IO/sequential_write/perf_26499172/perf.data.rank3 (728017 samples) ]
