[ perf record: Woken up 23585 times to write data ]
[ perf record: Woken up 23704 times to write data ]
[ perf record: Woken up 23670 times to write data ]
[ perf record: Woken up 23698 times to write data ]
[ perf record: Woken up 23670 times to write data ]
[ perf record: Woken up 23619 times to write data ]
[ perf record: Woken up 23699 times to write data ]
[ perf record: Woken up 23650 times to write data ]
[ perf record: Woken up 23669 times to write data ]
[ perf record: Woken up 25220 times to write data ]
[ perf record: Woken up 25184 times to write data ]
[ perf record: Woken up 25101 times to write data ]
Warning:
Processed 768840 events and lost 16 chunks!

Check IO/CPU overload!

Warning:
Processed 764848 events and lost 14 chunks!

Check IO/CPU overload!

Warning:
Processed 764844 events and lost 9 chunks!

Check IO/CPU overload!

Warning:
Processed 772955 events and lost 8 chunks!

Check IO/CPU overload!

Warning:
Processed 763227 events and lost 15 chunks!

Check IO/CPU overload!

Warning:
Processed 763803 events and lost 15 chunks!

Check IO/CPU overload!

Warning:
Processed 772475 events and lost 14 chunks!

Check IO/CPU overload!

Warning:
Processed 763154 events and lost 21 chunks!

Check IO/CPU overload!

Warning:
Processed 764409 events and lost 16 chunks!

Check IO/CPU overload!

Warning:
Processed 764776 events and lost 9 chunks!

Check IO/CPU overload!

Warning:
Processed 765067 events and lost 14 chunks!

Check IO/CPU overload!

[ perf record: Captured and wrote 5926.244 MB /leonardo_scratch/large/userexternal/ctica000/perf/with_IO/sequential_write/perf_26404893/perf.data.rank13 (735464 samples) ]
[ perf record: Captured and wrote 5924.873 MB /leonardo_scratch/large/userexternal/ctica000/perf/with_IO/sequential_write/perf_26404893/perf.data.rank9 (735188 samples) ]
[ perf record: Captured and wrote 5897.227 MB /leonardo_scratch/large/userexternal/ctica000/perf/with_IO/sequential_write/perf_26404893/perf.data.rank10 (731764 samples) ]
[ perf record: Captured and wrote 5915.042 MB /leonardo_scratch/large/userexternal/ctica000/perf/with_IO/sequential_write/perf_26404893/perf.data.rank11 (734061 samples) ]
[ perf record: Captured and wrote 5925.070 MB /leonardo_scratch/large/userexternal/ctica000/perf/with_IO/sequential_write/perf_26404893/perf.data.rank8 (735219 samples) ]
[ perf record: Captured and wrote 5917.897 MB /leonardo_scratch/large/userexternal/ctica000/perf/with_IO/sequential_write/perf_26404893/perf.data.rank12 (734428 samples) ]
[ perf record: Captured and wrote 5912.876 MB /leonardo_scratch/large/userexternal/ctica000/perf/with_IO/sequential_write/perf_26404893/perf.data.rank14 (733805 samples) ]
[ perf record: Captured and wrote 5917.592 MB /leonardo_scratch/large/userexternal/ctica000/perf/with_IO/sequential_write/perf_26404893/perf.data.rank6 (734377 samples) ]
[ perf record: Captured and wrote 5905.441 MB /leonardo_scratch/large/userexternal/ctica000/perf/with_IO/sequential_write/perf_26404893/perf.data.rank4 (732869 samples) ]
[ perf record: Captured and wrote 5918.171 MB /leonardo_scratch/large/userexternal/ctica000/perf/with_IO/sequential_write/perf_26404893/perf.data.rank5 (734449 samples) ]
Warning:
Processed 772691 events and lost 12 chunks!

Check IO/CPU overload!

[ perf record: Captured and wrote 5922.392 MB /leonardo_scratch/large/userexternal/ctica000/perf/with_IO/sequential_write/perf_26404893/perf.data.rank15 (734977 samples) ]
[ perf record: Captured and wrote 5927.040 MB /leonardo_scratch/large/userexternal/ctica000/perf/with_IO/sequential_write/perf_26404893/perf.data.rank7 (735464 samples) ]
[ perf record: Woken up 23549 times to write data ]
[ perf record: Woken up 24859 times to write data ]
[ perf record: Woken up 23502 times to write data ]
[ perf record: Woken up 24203 times to write data ]
Warning:
Processed 760941 events and lost 13 chunks!

Check IO/CPU overload!

Warning:
Processed 759361 events and lost 14 chunks!

Check IO/CPU overload!

Warning:
Processed 759433 events and lost 14 chunks!

Check IO/CPU overload!

[ perf record: Captured and wrote 5875.642 MB /leonardo_scratch/large/userexternal/ctica000/perf/with_IO/sequential_write/perf_26404893/perf.data.rank1 (729171 samples) ]
[ perf record: Captured and wrote 5876.014 MB /leonardo_scratch/large/userexternal/ctica000/perf/with_IO/sequential_write/perf_26404893/perf.data.rank3 (729217 samples) ]
[ perf record: Captured and wrote 5887.794 MB /leonardo_scratch/large/userexternal/ctica000/perf/with_IO/sequential_write/perf_26404893/perf.data.rank2 (730679 samples) ]
Warning:
Processed 1001976 events and lost 44 chunks!

Check IO/CPU overload!

[ perf record: Captured and wrote 6050.948 MB /leonardo_scratch/large/userexternal/ctica000/perf/with_IO/sequential_write/perf_26404893/perf.data.rank0 (748119 samples) ]
