Accelerator Fatal Error: Could not find symbol _mod_bdycod_21 on the device.
Rebuild this file with -gpu=cc80 to use NVIDIA Tesla GPU 0
This file was compiled with NVIDIA CUDA Toolkit 13.0, the current CUDA Driver is 12.2.
Rebuild the application with the NVHPC_CUDA_HOME environment variable set to the matching CUDA Tookit.
Please consult the NVIDIA HPC Compilers User's Guide for details.

Accelerator Fatal Error: Could not find symbol _mod_bdycod_21 on the device.
Rebuild this file with -gpu=cc80 to use NVIDIA Tesla GPU 0
This file was compiled with NVIDIA CUDA Toolkit 13.0, the current CUDA Driver is 12.2.
Rebuild the application with the NVHPC_CUDA_HOME environment variable set to the matching CUDA Tookit.
Please consult the NVIDIA HPC Compilers User's Guide for details.

Accelerator Fatal Error: Could not find symbol _mod_bdycod_21 on the device.
Rebuild this file with -gpu=cc80 to use NVIDIA Tesla GPU 0
This file was compiled with NVIDIA CUDA Toolkit 13.0, the current CUDA Driver is 12.2.
Rebuild the application with the NVHPC_CUDA_HOME environment variable set to the matching CUDA Tookit.
Please consult the NVIDIA HPC Compilers User's Guide for details.

Accelerator Fatal Error: Could not find symbol _mod_bdycod_21 on the device.
Rebuild this file with -gpu=cc80 to use NVIDIA Tesla GPU 0
This file was compiled with NVIDIA CUDA Toolkit 13.0, the current CUDA Driver is 12.2.
Rebuild the application with the NVHPC_CUDA_HOME environment variable set to the matching CUDA Tookit.
Please consult the NVIDIA HPC Compilers User's Guide for details.

Accelerator Fatal Error: Could not find symbol _mod_bdycod_21 on the device.
Rebuild this file with -gpu=cc80 to use NVIDIA Tesla GPU 0
This file was compiled with NVIDIA CUDA Toolkit 13.0, the current CUDA Driver is 12.2.
Rebuild the application with the NVHPC_CUDA_HOME environment variable set to the matching CUDA Tookit.
Please consult the NVIDIA HPC Compilers User's Guide for details.

Accelerator Fatal Error: Could not find symbol _mod_bdycod_21 on the device.
Rebuild this file with -gpu=cc80 to use NVIDIA Tesla GPU 0
This file was compiled with NVIDIA CUDA Toolkit 13.0, the current CUDA Driver is 12.2.
Rebuild the application with the NVHPC_CUDA_HOME environment variable set to the matching CUDA Tookit.
Please consult the NVIDIA HPC Compilers User's Guide for details.

Accelerator Fatal Error: Could not find symbol _mod_bdycod_21 on the device.
Rebuild this file with -gpu=cc80 to use NVIDIA Tesla GPU 0
This file was compiled with NVIDIA CUDA Toolkit 13.0, the current CUDA Driver is 12.2.
Rebuild the application with the NVHPC_CUDA_HOME environment variable set to the matching CUDA Tookit.
Please consult the NVIDIA HPC Compilers User's Guide for details.

Accelerator Fatal Error: Could not find symbol _mod_bdycod_21 on the device.
Rebuild this file with -gpu=cc80 to use NVIDIA Tesla GPU 0
This file was compiled with NVIDIA CUDA Toolkit 13.0, the current CUDA Driver is 12.2.
Rebuild the application with the NVHPC_CUDA_HOME environment variable set to the matching CUDA Tookit.
Please consult the NVIDIA HPC Compilers User's Guide for details.

--------------------------------------------------------------------------
Primary job  terminated normally, but 1 process returned
a non-zero exit code. Per user-direction, the job has been aborted.
--------------------------------------------------------------------------
--------------------------------------------------------------------------
mpirun detected that one or more processes exited with non-zero status, thus causing
the job to be terminated. The first process to do so was:

  Process name: [[63449,1],4]
  Exit code:    1
--------------------------------------------------------------------------
