Failing in Thread:1
Accelerator Fatal Error: call to cuStreamSynchronize returned error 700 (CUDA_ERROR_ILLEGAL_ADDRESS): Illegal address during kernel execution
 File: /leonardo/home/userexternal/ctica000/MS_thesis/RegCM/Share/mod_vertint.F90
 Function: intp1_pointer:1231
 Line: 1283

Failing in Thread:1
Accelerator Fatal Error: call to cuStreamSynchronize returned error 700 (CUDA_ERROR_ILLEGAL_ADDRESS): Illegal address during kernel execution
 File: /leonardo/home/userexternal/ctica000/MS_thesis/RegCM/Share/mod_vertint.F90
 Function: intp1_pointer:1231
 Line: 1283

Failing in Thread:1
Failing in Thread:1
Accelerator Fatal Error: call to cuStreamSynchronize returned error 700 (CUDA_ERROR_ILLEGAL_ADDRESS): Illegal address during kernel execution
 File: /leonardo/home/userexternal/ctica000/MS_thesis/RegCM/Share/mod_vertint.F90
 Function: intp1_pointer:1231
 Line: 1283

Failing in Thread:1
Accelerator Fatal Error: call to cuStreamSynchronize returned error 700 (CUDA_ERROR_ILLEGAL_ADDRESS): Illegal address during kernel execution
 File: /leonardo/home/userexternal/ctica000/MS_thesis/RegCM/Share/mod_vertint.F90
 Function: intp1_pointer:1231
 Line: 1283

Accelerator Fatal Error: call to cuStreamSynchronize returned error 700 (CUDA_ERROR_ILLEGAL_ADDRESS): Illegal address during kernel execution
 File: /leonardo/home/userexternal/ctica000/MS_thesis/RegCM/Share/mod_vertint.F90
 Function: intp1_pointer:1231
 Line: 1283

Failing in Thread:1
Failing in Thread:1
Accelerator Fatal Error: call to cuStreamSynchronize returned error 700 (CUDA_ERROR_ILLEGAL_ADDRESS): Illegal address during kernel execution
 File: /leonardo/home/userexternal/ctica000/MS_thesis/RegCM/Share/mod_vertint.F90
 Function: intp1_pointer:1231
 Line: 1283

Failing in Thread:1
Accelerator Fatal Error: call to cuStreamSynchronize returned error 700 (CUDA_ERROR_ILLEGAL_ADDRESS): Illegal address during kernel execution
 File: /leonardo/home/userexternal/ctica000/MS_thesis/RegCM/Share/mod_vertint.F90
 Function: intp1_pointer:1231
 Line: 1283

Accelerator Fatal Error: call to cuStreamSynchronize returned error 700 (CUDA_ERROR_ILLEGAL_ADDRESS): Illegal address during kernel execution
 File: /leonardo/home/userexternal/ctica000/MS_thesis/RegCM/Share/mod_vertint.F90
 Function: intp1_pointer:1231
 Line: 1283

Failing in Thread:1
Accelerator Fatal Error: call to cuStreamSynchronize returned error 700 (CUDA_ERROR_ILLEGAL_ADDRESS): Illegal address during kernel execution
 File: /leonardo/home/userexternal/ctica000/MS_thesis/RegCM/Share/mod_vertint.F90
 Function: intp1_pointer:1231
 Line: 1283

Failing in Thread:1
Accelerator Fatal Error: call to cuStreamSynchronize returned error 700 (CUDA_ERROR_ILLEGAL_ADDRESS): Illegal address during kernel execution
 File: /leonardo/home/userexternal/ctica000/MS_thesis/RegCM/Share/mod_vertint.F90
 Function: intp1_pointer:1231
 Line: 1283

Failing in Thread:1
Failing in Thread:1
Accelerator Fatal Error: call to cuStreamSynchronize returned error 700 (CUDA_ERROR_ILLEGAL_ADDRESS): Illegal address during kernel execution
 File: /leonardo/home/userexternal/ctica000/MS_thesis/RegCM/Share/mod_vertint.F90
 Function: intp1_pointer:1231
 Line: 1283

Accelerator Fatal Error: call to cuStreamSynchronize returned error 700 (CUDA_ERROR_ILLEGAL_ADDRESS): Illegal address during kernel execution
 File: /leonardo/home/userexternal/ctica000/MS_thesis/RegCM/Share/mod_vertint.F90
 Function: intp1_pointer:1231
 Line: 1283

Failing in Thread:1
Accelerator Fatal Error: call to cuStreamSynchronize returned error 700 (CUDA_ERROR_ILLEGAL_ADDRESS): Illegal address during kernel execution
 File: /leonardo/home/userexternal/ctica000/MS_thesis/RegCM/Share/mod_vertint.F90
 Function: intp1_pointer:1231
 Line: 1283

Failing in Thread:1
Accelerator Fatal Error: call to cuStreamSynchronize returned error 700 (CUDA_ERROR_ILLEGAL_ADDRESS): Illegal address during kernel execution
 File: /leonardo/home/userexternal/ctica000/MS_thesis/RegCM/Share/mod_vertint.F90
 Function: intp1_pointer:1231
 Line: 1283

Failing in Thread:1
Accelerator Fatal Error: call to cuStreamSynchronize returned error 700 (CUDA_ERROR_ILLEGAL_ADDRESS): Illegal address during kernel execution
 File: /leonardo/home/userexternal/ctica000/MS_thesis/RegCM/Share/mod_vertint.F90
 Function: intp1_pointer:1231
 Line: 1283

Failing in Thread:1
Accelerator Fatal Error: call to cuStreamSynchronize returned error 700 (CUDA_ERROR_ILLEGAL_ADDRESS): Illegal address during kernel execution
 File: /leonardo/home/userexternal/ctica000/MS_thesis/RegCM/Share/mod_vertint.F90
 Function: intp1_pointer:1231
 Line: 1283

srun: error: lrdn0260: task 5: Exited with exit code 1
srun: error: lrdn0260: tasks 4,7: Exited with exit code 1
srun: error: lrdn0260: task 6: Exited with exit code 1
srun: error: lrdn0568: tasks 8,11: Exited with exit code 1
srun: error: lrdn0568: tasks 9-10: Exited with exit code 1
srun: error: lrdn0782: tasks 12,15: Exited with exit code 1
srun: error: lrdn0782: tasks 13-14: Exited with exit code 1
srun: error: lrdn0032: tasks 1-3: Exited with exit code 1
srun: error: lrdn0032: task 0: Exited with exit code 1
