[ perf record: Woken up 25837 times to write data ]
[ perf record: Woken up 25887 times to write data ]
[ perf record: Woken up 25839 times to write data ]
[ perf record: Woken up 25860 times to write data ]
[ perf record: Woken up 25839 times to write data ]
[ perf record: Woken up 25849 times to write data ]
[ perf record: Woken up 25852 times to write data ]
[ perf record: Woken up 26250 times to write data ]
[ perf record: Woken up 27464 times to write data ]
[ perf record: Woken up 27140 times to write data ]
[ perf record: Woken up 27120 times to write data ]
[ perf record: Woken up 27332 times to write data ]
Warning:
Processed 834196 events and lost 1 chunks!

Check IO/CPU overload!

Warning:
Processed 833282 events and lost 3 chunks!

Check IO/CPU overload!

Warning:
Processed 841729 events and lost 9 chunks!

Check IO/CPU overload!

Warning:
Processed 841590 events and lost 3 chunks!

Check IO/CPU overload!

Warning:
Processed 833649 events and lost 4 chunks!

Check IO/CPU overload!

Warning:
Processed 841556 events and lost 9 chunks!

Check IO/CPU overload!

Warning:
Processed 833229 events and lost 1 chunks!

Check IO/CPU overload!

[ perf record: Captured and wrote 6459.434 MB /leonardo_scratch/large/userexternal/ctica000/perf/with_IO/sequential_write/perf_25379012/perf.data.rank5 (801629 samples) ]
Warning:
Processed 830647 events and lost 27 chunks!

Check IO/CPU overload!

[ perf record: Captured and wrote 6465.599 MB /leonardo_scratch/large/userexternal/ctica000/perf/with_IO/sequential_write/perf_25379012/perf.data.rank7 (802308 samples) ]
[ perf record: Captured and wrote 6450.310 MB /leonardo_scratch/large/userexternal/ctica000/perf/with_IO/sequential_write/perf_25379012/perf.data.rank4 (800497 samples) ]
Warning:
Processed 833915 events and lost 1 chunks!

Check IO/CPU overload!

Warning:
Processed 834107 events and lost 1 chunks!

Check IO/CPU overload!

[ perf record: Captured and wrote 6451.997 MB /leonardo_scratch/large/userexternal/ctica000/perf/with_IO/sequential_write/perf_25379012/perf.data.rank6 (800706 samples) ]
[ perf record: Captured and wrote 6431.939 MB /leonardo_scratch/large/userexternal/ctica000/perf/with_IO/sequential_write/perf_25379012/perf.data.rank11 (798217 samples) ]
[ perf record: Captured and wrote 6463.992 MB /leonardo_scratch/large/userexternal/ctica000/perf/with_IO/sequential_write/perf_25379012/perf.data.rank8 (802108 samples) ]
[ perf record: Captured and wrote 6472.452 MB /leonardo_scratch/large/userexternal/ctica000/perf/with_IO/sequential_write/perf_25379012/perf.data.rank10 (803157 samples) ]
[ perf record: Captured and wrote 6460.417 MB /leonardo_scratch/large/userexternal/ctica000/perf/with_IO/sequential_write/perf_25379012/perf.data.rank9 (801658 samples) ]
[ perf record: Captured and wrote 6461.270 MB /leonardo_scratch/large/userexternal/ctica000/perf/with_IO/sequential_write/perf_25379012/perf.data.rank15 (801861 samples) ]
[ perf record: Captured and wrote 6462.891 MB /leonardo_scratch/large/userexternal/ctica000/perf/with_IO/sequential_write/perf_25379012/perf.data.rank12 (802071 samples) ]
[ perf record: Captured and wrote 6464.971 MB /leonardo_scratch/large/userexternal/ctica000/perf/with_IO/sequential_write/perf_25379012/perf.data.rank13 (802329 samples) ]
[ perf record: Captured and wrote 6460.191 MB /leonardo_scratch/large/userexternal/ctica000/perf/with_IO/sequential_write/perf_25379012/perf.data.rank14 (801736 samples) ]
[ perf record: Woken up 25691 times to write data ]
[ perf record: Woken up 25696 times to write data ]
[ perf record: Woken up 25756 times to write data ]
[ perf record: Woken up 26287 times to write data ]
Warning:
Processed 1068670 events and lost 13 chunks!

Check IO/CPU overload!

[ perf record: Captured and wrote 6572.364 MB /leonardo_scratch/large/userexternal/ctica000/perf/with_IO/sequential_write/perf_25379012/perf.data.rank0 (812837 samples) ]
Warning:
Processed 829534 events and lost 2 chunks!

Check IO/CPU overload!

[ perf record: Captured and wrote 6423.047 MB /leonardo_scratch/large/userexternal/ctica000/perf/with_IO/sequential_write/perf_25379012/perf.data.rank1 (797113 samples) ]
[ perf record: Captured and wrote 6439.333 MB /leonardo_scratch/large/userexternal/ctica000/perf/with_IO/sequential_write/perf_25379012/perf.data.rank2 (799134 samples) ]
Warning:
Processed 829715 events and lost 3 chunks!

Check IO/CPU overload!

[ perf record: Captured and wrote 6424.414 MB /leonardo_scratch/large/userexternal/ctica000/perf/with_IO/sequential_write/perf_25379012/perf.data.rank3 (797283 samples) ]
