[ perf record: Woken up 23901 times to write data ]
[ perf record: Woken up 23818 times to write data ]
[ perf record: Woken up 23846 times to write data ]
[ perf record: Woken up 23864 times to write data ]
[ perf record: Woken up 23842 times to write data ]
[ perf record: Woken up 23913 times to write data ]
[ perf record: Woken up 23863 times to write data ]
[ perf record: Woken up 23814 times to write data ]
[ perf record: Woken up 23844 times to write data ]
[ perf record: Woken up 25171 times to write data ]
[ perf record: Woken up 26033 times to write data ]
[ perf record: Woken up 25496 times to write data ]
Warning:
Processed 769565 events and lost 1 chunks!

Check IO/CPU overload!

Warning:
Processed 770008 events and lost 1 chunks!

Check IO/CPU overload!

Warning:
Processed 769999 events and lost 3 chunks!

Check IO/CPU overload!

Warning:
Processed 770091 events and lost 6 chunks!

Check IO/CPU overload!

Warning:
Processed 770085 events and lost 2 chunks!

Check IO/CPU overload!

[ perf record: Captured and wrote 5975.651 MB /leonardo_scratch/large/userexternal/ctica000/perf/with_IO/sequential_write/perf_25379982/perf.data.rank10 (741496 samples) ]
[ perf record: Captured and wrote 5961.493 MB /leonardo_scratch/large/userexternal/ctica000/perf/with_IO/sequential_write/perf_25379982/perf.data.rank9 (739733 samples) ]
Warning:
Processed 777653 events and lost 1 chunks!

Check IO/CPU overload!

[ perf record: Captured and wrote 5966.354 MB /leonardo_scratch/large/userexternal/ctica000/perf/with_IO/sequential_write/perf_25379982/perf.data.rank13 (740442 samples) ]
[ perf record: Captured and wrote 5966.112 MB /leonardo_scratch/large/userexternal/ctica000/perf/with_IO/sequential_write/perf_25379982/perf.data.rank12 (740412 samples) ]
[ perf record: Captured and wrote 5961.615 MB /leonardo_scratch/large/userexternal/ctica000/perf/with_IO/sequential_write/perf_25379982/perf.data.rank15 (739845 samples) ]
[ perf record: Captured and wrote 5968.681 MB /leonardo_scratch/large/userexternal/ctica000/perf/with_IO/sequential_write/perf_25379982/perf.data.rank7 (740632 samples) ]
[ perf record: Captured and wrote 5961.086 MB /leonardo_scratch/large/userexternal/ctica000/perf/with_IO/sequential_write/perf_25379982/perf.data.rank5 (739775 samples) ]
[ perf record: Captured and wrote 5953.659 MB /leonardo_scratch/large/userexternal/ctica000/perf/with_IO/sequential_write/perf_25379982/perf.data.rank4 (738854 samples) ]
[ perf record: Captured and wrote 5955.121 MB /leonardo_scratch/large/userexternal/ctica000/perf/with_IO/sequential_write/perf_25379982/perf.data.rank6 (739035 samples) ]
[ perf record: Captured and wrote 5967.093 MB /leonardo_scratch/large/userexternal/ctica000/perf/with_IO/sequential_write/perf_25379982/perf.data.rank14 (740534 samples) ]
[ perf record: Captured and wrote 5965.221 MB /leonardo_scratch/large/userexternal/ctica000/perf/with_IO/sequential_write/perf_25379982/perf.data.rank8 (740202 samples) ]
[ perf record: Captured and wrote 5961.569 MB /leonardo_scratch/large/userexternal/ctica000/perf/with_IO/sequential_write/perf_25379982/perf.data.rank11 (739836 samples) ]
[ perf record: Woken up 23698 times to write data ]
[ perf record: Woken up 23719 times to write data ]
[ perf record: Woken up 25900 times to write data ]
[ perf record: Woken up 25766 times to write data ]
Warning:
Processed 766371 events and lost 5 chunks!

Check IO/CPU overload!

[ perf record: Captured and wrote 5915.702 MB /leonardo_scratch/large/userexternal/ctica000/perf/with_IO/sequential_write/perf_25379982/perf.data.rank1 (734143 samples) ]
[ perf record: Captured and wrote 5925.064 MB /leonardo_scratch/large/userexternal/ctica000/perf/with_IO/sequential_write/perf_25379982/perf.data.rank3 (735305 samples) ]
[ perf record: Captured and wrote 5930.046 MB /leonardo_scratch/large/userexternal/ctica000/perf/with_IO/sequential_write/perf_25379982/perf.data.rank2 (735923 samples) ]
[ perf record: Captured and wrote 6106.069 MB /leonardo_scratch/large/userexternal/ctica000/perf/with_IO/sequential_write/perf_25379982/perf.data.rank0 (754954 samples) ]
