[ perf record: Woken up 23868 times to write data ]
[ perf record: Woken up 23804 times to write data ]
[ perf record: Woken up 23806 times to write data ]
[ perf record: Woken up 23809 times to write data ]
[ perf record: Woken up 23821 times to write data ]
[ perf record: Woken up 23769 times to write data ]
[ perf record: Woken up 23819 times to write data ]
[ perf record: Woken up 26370 times to write data ]
[ perf record: Woken up 23904 times to write data ]
[ perf record: Woken up 25434 times to write data ]
[ perf record: Woken up 25484 times to write data ]
[ perf record: Woken up 25320 times to write data ]
Warning:
Processed 777948 events and lost 1 chunks!

Check IO/CPU overload!

Warning:
Processed 768091 events and lost 2 chunks!

Check IO/CPU overload!

Warning:
Processed 769175 events and lost 3 chunks!

Check IO/CPU overload!

Warning:
Processed 768615 events and lost 2 chunks!

Check IO/CPU overload!

Warning:
Processed 767951 events and lost 1 chunks!

Check IO/CPU overload!

Warning:
Processed 768596 events and lost 2 chunks!

Check IO/CPU overload!

Warning:
Processed 776796 events and lost 1 chunks!

Check IO/CPU overload!

Warning:
Processed 776731 events and lost 3 chunks!

Check IO/CPU overload!

Warning:
Processed 769051 events and lost 6 chunks!

Check IO/CPU overload!

Warning:
Processed 769066 events and lost 3 chunks!

Check IO/CPU overload!

Warning:
Processed 767965 events and lost 3 chunks!

Check IO/CPU overload!

[ perf record: Captured and wrote 5951.527 MB /leonardo_scratch/large/userexternal/ctica000/perf/with_IO/sequential_write/perf_25671916/perf.data.rank12 (738602 samples) ]
[ perf record: Captured and wrote 5955.515 MB /leonardo_scratch/large/userexternal/ctica000/perf/with_IO/sequential_write/perf_25671916/perf.data.rank14 (739097 samples) ]
[ perf record: Captured and wrote 5955.316 MB /leonardo_scratch/large/userexternal/ctica000/perf/with_IO/sequential_write/perf_25671916/perf.data.rank13 (739072 samples) ]
[ perf record: Captured and wrote 5952.527 MB /leonardo_scratch/large/userexternal/ctica000/perf/with_IO/sequential_write/perf_25671916/perf.data.rank9 (738620 samples) ]
[ perf record: Captured and wrote 5957.454 MB /leonardo_scratch/large/userexternal/ctica000/perf/with_IO/sequential_write/perf_25671916/perf.data.rank8 (739237 samples) ]
[ perf record: Captured and wrote 5967.169 MB /leonardo_scratch/large/userexternal/ctica000/perf/with_IO/sequential_write/perf_25671916/perf.data.rank10 (740443 samples) ]
[ perf record: Captured and wrote 5942.495 MB /leonardo_scratch/large/userexternal/ctica000/perf/with_IO/sequential_write/perf_25671916/perf.data.rank4 (737468 samples) ]
[ perf record: Captured and wrote 5951.890 MB /leonardo_scratch/large/userexternal/ctica000/perf/with_IO/sequential_write/perf_25671916/perf.data.rank5 (738634 samples) ]
[ perf record: Captured and wrote 5958.605 MB /leonardo_scratch/large/userexternal/ctica000/perf/with_IO/sequential_write/perf_25671916/perf.data.rank7 (739381 samples) ]
[ perf record: Captured and wrote 5951.179 MB /leonardo_scratch/large/userexternal/ctica000/perf/with_IO/sequential_write/perf_25671916/perf.data.rank11 (738546 samples) ]
[ perf record: Captured and wrote 5942.321 MB /leonardo_scratch/large/userexternal/ctica000/perf/with_IO/sequential_write/perf_25671916/perf.data.rank6 (737446 samples) ]
[ perf record: Captured and wrote 5953.630 MB /leonardo_scratch/large/userexternal/ctica000/perf/with_IO/sequential_write/perf_25671916/perf.data.rank15 (738854 samples) ]
[ perf record: Woken up 23634 times to write data ]
[ perf record: Woken up 25243 times to write data ]
[ perf record: Woken up 25865 times to write data ]
[ perf record: Woken up 24503 times to write data ]
Warning:
Processed 763704 events and lost 1 chunks!

Check IO/CPU overload!

Warning:
Processed 762642 events and lost 1 chunks!

Check IO/CPU overload!

[ perf record: Captured and wrote 5900.796 MB /leonardo_scratch/large/userexternal/ctica000/perf/with_IO/sequential_write/perf_25671916/perf.data.rank1 (732293 samples) ]
[ perf record: Captured and wrote 5909.187 MB /leonardo_scratch/large/userexternal/ctica000/perf/with_IO/sequential_write/perf_25671916/perf.data.rank2 (733334 samples) ]
[ perf record: Captured and wrote 5901.175 MB /leonardo_scratch/large/userexternal/ctica000/perf/with_IO/sequential_write/perf_25671916/perf.data.rank3 (732340 samples) ]
Warning:
Processed 1012440 events and lost 1 chunks!

Check IO/CPU overload!

[ perf record: Captured and wrote 6126.133 MB /leonardo_scratch/large/userexternal/ctica000/perf/with_IO/sequential_write/perf_25671916/perf.data.rank0 (757440 samples) ]
