slurmstepd: error:  mpi/pmix_v3: pmixp_coll_ring_reset_if_to: lrdn0176 [0]: pmixp_coll_ring.c:742: 0x14c718034520: collective timeout seq=0
slurmstepd: error:  mpi/pmix_v3: pmixp_coll_log: lrdn0176 [0]: pmixp_coll.c:286: Dumping collective state
slurmstepd: error:  mpi/pmix_v3: pmixp_coll_ring_log: lrdn0176 [0]: pmixp_coll_ring.c:760: 0x14c718034520: COLL_FENCE_RING state seq=0
slurmstepd: error:  mpi/pmix_v3: pmixp_coll_ring_log: lrdn0176 [0]: pmixp_coll_ring.c:762: my peerid: 0:lrdn0176
slurmstepd: error:  mpi/pmix_v3: pmixp_coll_ring_log: lrdn0176 [0]: pmixp_coll_ring.c:769: neighbor id: next 1:lrdn0183, prev 3:lrdn0237
slurmstepd: error:  mpi/pmix_v3: pmixp_coll_ring_log: lrdn0176 [0]: pmixp_coll_ring.c:779: Context ptr=0x14c718034598, #0, in-use=0
slurmstepd: error:  mpi/pmix_v3: pmixp_coll_ring_log: lrdn0176 [0]: pmixp_coll_ring.c:779: Context ptr=0x14c7180345d0, #1, in-use=0
slurmstepd: error:  mpi/pmix_v3: pmixp_coll_ring_log: lrdn0176 [0]: pmixp_coll_ring.c:779: Context ptr=0x14c718034608, #2, in-use=1
slurmstepd: error:  mpi/pmix_v3: pmixp_coll_ring_log: lrdn0176 [0]: pmixp_coll_ring.c:790: 	 seq=0 contribs: loc=1/prev=2/fwd=3
slurmstepd: error:  mpi/pmix_v3: pmixp_coll_ring_log: lrdn0176 [0]: pmixp_coll_ring.c:792: 	 neighbor contribs [4]:
slurmstepd: error:  mpi/pmix_v3: pmixp_coll_ring_log: lrdn0176 [0]: pmixp_coll_ring.c:825: 		 done contrib: lrdn[0212,0237]
slurmstepd: error:  mpi/pmix_v3: pmixp_coll_ring_log: lrdn0176 [0]: pmixp_coll_ring.c:827: 		 wait contrib: lrdn0183
slurmstepd: error:  mpi/pmix_v3: pmixp_coll_ring_log: lrdn0176 [0]: pmixp_coll_ring.c:829: 	 status=PMIXP_COLL_RING_PROGRESS
slurmstepd: error:  mpi/pmix_v3: pmixp_coll_ring_log: lrdn0176 [0]: pmixp_coll_ring.c:833: 	 buf (offset/size): 7822/18350
slurmstepd: error:  mpi/pmix_v3: pmixp_coll_ring_reset_if_to: lrdn0237 [3]: pmixp_coll_ring.c:742: 0x14af24030510: collective timeout seq=0
slurmstepd: error:  mpi/pmix_v3: pmixp_coll_log: lrdn0237 [3]: pmixp_coll.c:286: Dumping collective state
slurmstepd: error:  mpi/pmix_v3: pmixp_coll_ring_log: lrdn0237 [3]: pmixp_coll_ring.c:760: 0x14af24030510: COLL_FENCE_RING state seq=0
slurmstepd: error:  mpi/pmix_v3: pmixp_coll_ring_log: lrdn0237 [3]: pmixp_coll_ring.c:762: my peerid: 3:lrdn0237
slurmstepd: error:  mpi/pmix_v3: pmixp_coll_ring_log: lrdn0237 [3]: pmixp_coll_ring.c:769: neighbor id: next 0:lrdn0176, prev 2:lrdn0212
slurmstepd: error:  mpi/pmix_v3: pmixp_coll_ring_log: lrdn0237 [3]: pmixp_coll_ring.c:779: Context ptr=0x14af24030588, #0, in-use=0
slurmstepd: error:  mpi/pmix_v3: pmixp_coll_ring_log: lrdn0237 [3]: pmixp_coll_ring.c:779: Context ptr=0x14af240305c0, #1, in-use=0
slurmstepd: error:  mpi/pmix_v3: pmixp_coll_ring_log: lrdn0237 [3]: pmixp_coll_ring.c:779: Context ptr=0x14af240305f8, #2, in-use=1
slurmstepd: error:  mpi/pmix_v3: pmixp_coll_ring_log: lrdn0237 [3]: pmixp_coll_ring.c:790: 	 seq=0 contribs: loc=1/prev=1/fwd=2
slurmstepd: error:  mpi/pmix_v3: pmixp_coll_ring_log: lrdn0237 [3]: pmixp_coll_ring.c:792: 	 neighbor contribs [4]:
slurmstepd: error:  mpi/pmix_v3: pmixp_coll_ring_log: lrdn0237 [3]: pmixp_coll_ring.c:825: 		 done contrib: lrdn0212
slurmstepd: error:  mpi/pmix_v3: pmixp_coll_ring_log: lrdn0237 [3]: pmixp_coll_ring.c:827: 		 wait contrib: lrdn[0176,0183]
slurmstepd: error:  mpi/pmix_v3: pmixp_coll_ring_log: lrdn0237 [3]: pmixp_coll_ring.c:829: 	 status=PMIXP_COLL_RING_PROGRESS
slurmstepd: error:  mpi/pmix_v3: pmixp_coll_ring_log: lrdn0237 [3]: pmixp_coll_ring.c:833: 	 buf (offset/size): 5190/15570
slurmstepd: error:  mpi/pmix_v3: pmixp_coll_ring_reset_if_to: lrdn0183 [1]: pmixp_coll_ring.c:742: 0x1535b40070e0: collective timeout seq=0
slurmstepd: error:  mpi/pmix_v3: pmixp_coll_log: lrdn0183 [1]: pmixp_coll.c:286: Dumping collective state
slurmstepd: error:  mpi/pmix_v3: pmixp_coll_ring_log: lrdn0183 [1]: pmixp_coll_ring.c:760: 0x1535b40070e0: COLL_FENCE_RING state seq=0
slurmstepd: error:  mpi/pmix_v3: pmixp_coll_ring_log: lrdn0183 [1]: pmixp_coll_ring.c:762: my peerid: 1:lrdn0183
slurmstepd: error:  mpi/pmix_v3: pmixp_coll_ring_log: lrdn0183 [1]: pmixp_coll_ring.c:769: neighbor id: next 2:lrdn0212, prev 0:lrdn0176
slurmstepd: error:  mpi/pmix_v3: pmixp_coll_ring_log: lrdn0183 [1]: pmixp_coll_ring.c:779: Context ptr=0x1535b4007158, #0, in-use=0
slurmstepd: error:  mpi/pmix_v3: pmixp_coll_ring_log: lrdn0183 [1]: pmixp_coll_ring.c:779: Context ptr=0x1535b4007190, #1, in-use=0
slurmstepd: error:  mpi/pmix_v3: pmixp_coll_ring_log: lrdn0183 [1]: pmixp_coll_ring.c:779: Context ptr=0x1535b40071c8, #2, in-use=1
slurmstepd: error:  mpi/pmix_v3: pmixp_coll_ring_log: lrdn0183 [1]: pmixp_coll_ring.c:790: 	 seq=0 contribs: loc=1/prev=3/fwd=1
slurmstepd: error:  mpi/pmix_v3: pmixp_coll_ring_log: lrdn0183 [1]: pmixp_coll_ring.c:792: 	 neighbor contribs [4]:
slurmstepd: error:  mpi/pmix_v3: pmixp_coll_ring_log: lrdn0183 [1]: pmixp_coll_ring.c:825: 		 done contrib: lrdn[0176,0212,0237]
slurmstepd: error:  mpi/pmix_v3: pmixp_coll_ring_log: lrdn0183 [1]: pmixp_coll_ring.c:827: 		 wait contrib: -
slurmstepd: error:  mpi/pmix_v3: pmixp_coll_ring_log: lrdn0183 [1]: pmixp_coll_ring.c:829: 	 status=PMIXP_COLL_RING_FINILIZE
slurmstepd: error:  mpi/pmix_v3: pmixp_coll_ring_log: lrdn0183 [1]: pmixp_coll_ring.c:833: 	 buf (offset/size): 0/20945
slurmstepd: error:  mpi/pmix_v3: pmixp_coll_ring_reset_if_to: lrdn0212 [2]: pmixp_coll_ring.c:742: 0x14c50403bd40: collective timeout seq=0
slurmstepd: error:  mpi/pmix_v3: pmixp_coll_log: lrdn0212 [2]: pmixp_coll.c:286: Dumping collective state
slurmstepd: error:  mpi/pmix_v3: pmixp_coll_ring_log: lrdn0212 [2]: pmixp_coll_ring.c:760: 0x14c50403bd40: COLL_FENCE_RING state seq=0
slurmstepd: error:  mpi/pmix_v3: pmixp_coll_ring_log: lrdn0212 [2]: pmixp_coll_ring.c:762: my peerid: 2:lrdn0212
slurmstepd: error:  mpi/pmix_v3: pmixp_coll_ring_log: lrdn0212 [2]: pmixp_coll_ring.c:769: neighbor id: next 3:lrdn0237, prev 1:lrdn0183
slurmstepd: error:  mpi/pmix_v3: pmixp_coll_ring_log: lrdn0212 [2]: pmixp_coll_ring.c:779: Context ptr=0x14c50403bdb8, #0, in-use=0
slurmstepd: error:  mpi/pmix_v3: pmixp_coll_ring_log: lrdn0212 [2]: pmixp_coll_ring.c:779: Context ptr=0x14c50403bdf0, #1, in-use=0
slurmstepd: error:  mpi/pmix_v3: pmixp_coll_ring_log: lrdn0212 [2]: pmixp_coll_ring.c:779: Context ptr=0x14c50403be28, #2, in-use=1
slurmstepd: error:  mpi/pmix_v3: pmixp_coll_ring_log: lrdn0212 [2]: pmixp_coll_ring.c:790: 	 seq=0 contribs: loc=1/prev=0/fwd=1
slurmstepd: error:  mpi/pmix_v3: pmixp_coll_ring_log: lrdn0212 [2]: pmixp_coll_ring.c:792: 	 neighbor contribs [4]:
slurmstepd: error:  mpi/pmix_v3: pmixp_coll_ring_log: lrdn0212 [2]: pmixp_coll_ring.c:825: 		 done contrib: -
slurmstepd: error:  mpi/pmix_v3: pmixp_coll_ring_log: lrdn0212 [2]: pmixp_coll_ring.c:827: 		 wait contrib: lrdn[0176,0183,0237]
slurmstepd: error:  mpi/pmix_v3: pmixp_coll_ring_log: lrdn0212 [2]: pmixp_coll_ring.c:829: 	 status=PMIXP_COLL_RING_PROGRESS
slurmstepd: error:  mpi/pmix_v3: pmixp_coll_ring_log: lrdn0212 [2]: pmixp_coll_ring.c:833: 	 buf (offset/size): 2595/12975
[lrdn0212.leonardo.local:641950] ../../../../../ompi/mca/pml/ucx/pml_ucx.c:179  Error: Failed to receive UCX worker address: Not found (-13)
[lrdn0212.leonardo.local:641948] ../../../../../ompi/mca/pml/ucx/pml_ucx.c:179  Error: Failed to receive UCX worker address: Not found (-13)
[lrdn0212.leonardo.local:641948] ../../../../../ompi/mca/pml/ucx/pml_ucx.c:477  Error: Failed to resolve UCX endpoint for rank 6
[lrdn0212.leonardo.local:641949] ../../../../../ompi/mca/pml/ucx/pml_ucx.c:179  Error: Failed to receive UCX worker address: Not found (-13)
[lrdn0212.leonardo.local:641949] ../../../../../ompi/mca/pml/ucx/pml_ucx.c:477  Error: Failed to resolve UCX endpoint for rank 7
[lrdn0212.leonardo.local:641950] ../../../../../ompi/mca/pml/ucx/pml_ucx.c:477  Error: Failed to resolve UCX endpoint for rank 4
[lrdn0212.leonardo.local:641947] ../../../../../ompi/mca/pml/ucx/pml_ucx.c:179  Error: Failed to receive UCX worker address: Not found (-13)
[lrdn0212.leonardo.local:641947] ../../../../../ompi/mca/pml/ucx/pml_ucx.c:477  Error: Failed to resolve UCX endpoint for rank 5
[lrdn0212:641947] *** An error occurred in MPI_Neighbor_alltoallv
[lrdn0212:641947] *** reported by process [805643011,9]
[lrdn0212:641947] *** on communicator MPI_COMMUNICATOR 4
[lrdn0212:641947] *** MPI_ERR_OTHER: known error not in list
[lrdn0212:641947] *** MPI_ERRORS_ARE_FATAL (processes in this communicator will now abort,
[lrdn0212:641947] ***    and potentially your MPI job)
[lrdn0212:641949] *** An error occurred in MPI_Neighbor_alltoallv
[lrdn0212:641949] *** reported by process [805643011,11]
[lrdn0212:641949] *** on communicator MPI_COMMUNICATOR 4
[lrdn0212:641949] *** MPI_ERR_OTHER: known error not in list
[lrdn0212:641949] *** MPI_ERRORS_ARE_FATAL (processes in this communicator will now abort,
[lrdn0212:641949] ***    and potentially your MPI job)
[lrdn0212:641948] *** An error occurred in MPI_Neighbor_alltoallv
[lrdn0212:641948] *** reported by process [805643011,10]
[lrdn0212:641948] *** on communicator MPI_COMMUNICATOR 4
[lrdn0212:641948] *** MPI_ERR_OTHER: known error not in list
[lrdn0212:641948] *** MPI_ERRORS_ARE_FATAL (processes in this communicator will now abort,
[lrdn0212:641948] ***    and potentially your MPI job)
[lrdn0212:641950] *** An error occurred in MPI_Neighbor_alltoallv
[lrdn0212:641950] *** reported by process [805643011,8]
[lrdn0212:641950] *** on communicator MPI_COMMUNICATOR 4
[lrdn0212:641950] *** MPI_ERR_OTHER: known error not in list
[lrdn0212:641950] *** MPI_ERRORS_ARE_FATAL (processes in this communicator will now abort,
[lrdn0212:641950] ***    and potentially your MPI job)
srun: Job step aborted: Waiting up to 182 seconds for job step to finish.
slurmstepd: error: *** STEP 21274043.0 ON lrdn0176 CANCELLED AT 2025-10-07T13:28:30 ***
slurmstepd: error:  mpi/pmix_v3: _errhandler: lrdn0212 [2]: pmixp_client_v2.c:212: Error handler invoked: status = -25, source = [slurm.pmix.21274043.0:10]
slurmstepd: error:  mpi/pmix_v3: _errhandler: lrdn0183 [1]: pmixp_client_v2.c:212: Error handler invoked: status = -25, source = [slurm.pmix.21274043.0:7]
slurmstepd: error:  mpi/pmix_v3: _errhandler: lrdn0237 [3]: pmixp_client_v2.c:212: Error handler invoked: status = -25, source = [slurm.pmix.21274043.0:14]
slurmstepd: error:  mpi/pmix_v3: _errhandler: lrdn0176 [0]: pmixp_client_v2.c:212: Error handler invoked: status = -25, source = [slurm.pmix.21274043.0:1]
srun: error: lrdn0212: tasks 8-11: Killed
srun: error: lrdn0183: tasks 4-7: Killed
srun: error: lrdn0237: tasks 12-15: Killed
srun: error: lrdn0176: tasks 0-3: Killed
