Accelerator Fatal Error: The application was compiled with -gpu=unified, but this platform does not support Unified Memory.
Please consult the NVIDIA HPC Compilers User's Guide for details.

Accelerator Fatal Error: The application was compiled with -gpu=unified, but this platform does not support Unified Memory.
Please consult the NVIDIA HPC Compilers User's Guide for details.

Accelerator Fatal Error: The application was compiled with -gpu=unified, but this platform does not support Unified Memory.
Please consult the NVIDIA HPC Compilers User's Guide for details.

Accelerator Fatal Error: The application was compiled with -gpu=unified, but this platform does not support Unified Memory.
Please consult the NVIDIA HPC Compilers User's Guide for details.

Accelerator Fatal Error: The application was compiled with -gpu=unified, but this platform does not support Unified Memory.
Please consult the NVIDIA HPC Compilers User's Guide for details.

Accelerator Fatal Error: The application was compiled with -gpu=unified, but this platform does not support Unified Memory.
Please consult the NVIDIA HPC Compilers User's Guide for details.

Accelerator Fatal Error: The application was compiled with -gpu=unified, but this platform does not support Unified Memory.
Please consult the NVIDIA HPC Compilers User's Guide for details.

Accelerator Fatal Error: The application was compiled with -gpu=unified, but this platform does not support Unified Memory.
Please consult the NVIDIA HPC Compilers User's Guide for details.

Accelerator Fatal Error: The application was compiled with -gpu=unified, but this platform does not support Unified Memory.
Please consult the NVIDIA HPC Compilers User's Guide for details.

Accelerator Fatal Error: The application was compiled with -gpu=unified, but this platform does not support Unified Memory.
Please consult the NVIDIA HPC Compilers User's Guide for details.

Accelerator Fatal Error: The application was compiled with -gpu=unified, but this platform does not support Unified Memory.
Please consult the NVIDIA HPC Compilers User's Guide for details.

Accelerator Fatal Error: The application was compiled with -gpu=unified, but this platform does not support Unified Memory.
Please consult the NVIDIA HPC Compilers User's Guide for details.

Accelerator Fatal Error: The application was compiled with -gpu=unified, but this platform does not support Unified Memory.
Please consult the NVIDIA HPC Compilers User's Guide for details.

Accelerator Fatal Error: The application was compiled with -gpu=unified, but this platform does not support Unified Memory.
Please consult the NVIDIA HPC Compilers User's Guide for details.

Accelerator Fatal Error: The application was compiled with -gpu=unified, but this platform does not support Unified Memory.
Please consult the NVIDIA HPC Compilers User's Guide for details.

Accelerator Fatal Error: The application was compiled with -gpu=unified, but this platform does not support Unified Memory.
Please consult the NVIDIA HPC Compilers User's Guide for details.

[ perf record: Woken up 8 times to write data ]
[ perf record: Woken up 8 times to write data ]
[ perf record: Woken up 9 times to write data ]
[ perf record: Woken up 10 times to write data ]
[ perf record: Woken up 10 times to write data ]
[ perf record: Woken up 12 times to write data ]
[ perf record: Woken up 9 times to write data ]
[ perf record: Woken up 8 times to write data ]
[ perf record: Woken up 11 times to write data ]
[ perf record: Woken up 10 times to write data ]
[ perf record: Woken up 9 times to write data ]
[ perf record: Woken up 9 times to write data ]
[ perf record: Woken up 11 times to write data ]
[ perf record: Woken up 9 times to write data ]
[ perf record: Woken up 8 times to write data ]
[ perf record: Captured and wrote 2.545 MB /leonardo_scratch/large/userexternal/ctica000/perf/with_IO/sequential_write/perf_21331760/perf.data.rank8 (283 samples) ]
[ perf record: Captured and wrote 2.287 MB /leonardo_scratch/large/userexternal/ctica000/perf/with_IO/sequential_write/perf_21331760/perf.data.rank9 (251 samples) ]
[ perf record: Captured and wrote 2.379 MB /leonardo_scratch/large/userexternal/ctica000/perf/with_IO/sequential_write/perf_21331760/perf.data.rank10 (262 samples) ]
[ perf record: Captured and wrote 2.680 MB /leonardo_scratch/large/userexternal/ctica000/perf/with_IO/sequential_write/perf_21331760/perf.data.rank11 (300 samples) ]
[ perf record: Woken up 6 times to write data ]
[ perf record: Captured and wrote 2.370 MB /leonardo_scratch/large/userexternal/ctica000/perf/with_IO/sequential_write/perf_21331760/perf.data.rank7 (261 samples) ]
[ perf record: Captured and wrote 3.319 MB /leonardo_scratch/large/userexternal/ctica000/perf/with_IO/sequential_write/perf_21331760/perf.data.rank4 (379 samples) ]
[ perf record: Captured and wrote 2.559 MB /leonardo_scratch/large/userexternal/ctica000/perf/with_IO/sequential_write/perf_21331760/perf.data.rank5 (285 samples) ]
[ perf record: Captured and wrote 2.703 MB /leonardo_scratch/large/userexternal/ctica000/perf/with_IO/sequential_write/perf_21331760/perf.data.rank6 (303 samples) ]
[ perf record: Captured and wrote 2.430 MB /leonardo_scratch/large/userexternal/ctica000/perf/with_IO/sequential_write/perf_21331760/perf.data.rank12 (269 samples) ]
[ perf record: Captured and wrote 2.478 MB /leonardo_scratch/large/userexternal/ctica000/perf/with_IO/sequential_write/perf_21331760/perf.data.rank13 (275 samples) ]
[ perf record: Captured and wrote 2.945 MB /leonardo_scratch/large/userexternal/ctica000/perf/with_IO/sequential_write/perf_21331760/perf.data.rank14 (333 samples) ]
[ perf record: Captured and wrote 2.679 MB /leonardo_scratch/large/userexternal/ctica000/perf/with_IO/sequential_write/perf_21331760/perf.data.rank15 (300 samples) ]
[ perf record: Captured and wrote 2.002 MB /leonardo_scratch/large/userexternal/ctica000/perf/with_IO/sequential_write/perf_21331760/perf.data.rank1 (216 samples) ]
[ perf record: Captured and wrote 2.465 MB /leonardo_scratch/large/userexternal/ctica000/perf/with_IO/sequential_write/perf_21331760/perf.data.rank2 (273 samples) ]
[ perf record: Captured and wrote 2.723 MB /leonardo_scratch/large/userexternal/ctica000/perf/with_IO/sequential_write/perf_21331760/perf.data.rank0 (305 samples) ]
[ perf record: Captured and wrote 2.261 MB /leonardo_scratch/large/userexternal/ctica000/perf/with_IO/sequential_write/perf_21331760/perf.data.rank3 (248 samples) ]
srun: error: lrdn1538: tasks 0,2-3: Exited with exit code 1
srun: error: lrdn1949: tasks 4-7: Exited with exit code 1
srun: error: lrdn2468: tasks 8-11: Exited with exit code 1
srun: error: lrdn2541: tasks 12-15: Exited with exit code 1
srun: error: lrdn1538: task 1: Exited with exit code 1
