 energy balance in canopy       9111725 , err=  -0.3423818701831088     
 BalanceCheck: surface flux energy balance error step =       502 point =****** imbalance =   -0.342382 W/m2
  sabv           =     20.78768168667301     
  column      =       2362173
  sabg           =     5.099228547874345         5.099228547874345      
    5.099228547874345     
  eflx_lwrad_net =     25.40308080474114     
  eflx_sh_tot    =    -6.809872066326456     
  eflx_lh_tot    =     5.188288484479222     
  eflx_soil_grnd =     2.447794881836605     
 -------------- FATAL CALLED ---------------
  Fatal in file: mod_clm_balancecheck.F90 at line:      735
 clm model is stopping
 -------------------------------------------
 Abort called by computing node             3 at 2026-02-11 17:47:31.081 +0100
 Execution terminated because of runtime error
--------------------------------------------------------------------------
MPI_ABORT was invoked on rank 3 in communicator MPI COMMUNICATOR 3 DUP FROM 0
with errorcode 1.

NOTE: invoking MPI_ABORT causes Open MPI to kill all MPI processes.
You may or may not see output from other processes, depending on
exactly when Open MPI kills them.
--------------------------------------------------------------------------
srun: Job step aborted: Waiting up to 122 seconds for job step to finish.
slurmstepd: error: *** STEP 33944499.0 ON lrdn2562 CANCELLED AT 2026-02-11T17:47:31 ***
srun: error: lrdn2562: task 1: Killed
srun: error: lrdn2562: task 3: Exited with exit code 1
srun: error: lrdn2562: task 2: Killed
srun: error: lrdn2562: task 0: Killed
