[ perf record: Woken up 69128 times to write data ]
[ perf record: Woken up 69090 times to write data ]
[ perf record: Woken up 69054 times to write data ]
[ perf record: Woken up 69058 times to write data ]
[ perf record: Woken up 69069 times to write data ]
[ perf record: Woken up 69012 times to write data ]
[ perf record: Woken up 69087 times to write data ]
[ perf record: Woken up 69064 times to write data ]
[ perf record: Woken up 69108 times to write data ]
[ perf record: Woken up 69057 times to write data ]
[ perf record: Woken up 69055 times to write data ]
[ perf record: Woken up 69008 times to write data ]
[ perf record: Woken up 68765 times to write data ]
[ perf record: Woken up 68837 times to write data ]
[ perf record: Woken up 68811 times to write data ]
[ perf record: Woken up 69976 times to write data ]
Warning:
Processed 2217139 events and lost 4 chunks!

Check IO/CPU overload!

[ perf record: Captured and wrote 17253.714 MB /leonardo_scratch/large/userexternal/ctica000/perf/with_IO/sequential_write/perf_21476156/perf.data.rank4 (2141387 samples) ]
Warning:
Processed 2218028 events and lost 2 chunks!

Check IO/CPU overload!

[ perf record: Captured and wrote 17268.489 MB /leonardo_scratch/large/userexternal/ctica000/perf/with_IO/sequential_write/perf_21476156/perf.data.rank14 (2143234 samples) ]
Warning:
Processed 2225934 events and lost 2 chunks!

Check IO/CPU overload!

[ perf record: Captured and wrote 17265.743 MB /leonardo_scratch/large/userexternal/ctica000/perf/with_IO/sequential_write/perf_21476156/perf.data.rank9 (2142787 samples) ]
Warning:
Processed 2217863 events and lost 3 chunks!

Check IO/CPU overload!

[ perf record: Captured and wrote 17267.170 MB /leonardo_scratch/large/userexternal/ctica000/perf/with_IO/sequential_write/perf_21476156/perf.data.rank12 (2143070 samples) ]
Warning:
Processed 2227046 events and lost 3 chunks!

Check IO/CPU overload!

[ perf record: Captured and wrote 17278.360 MB /leonardo_scratch/large/userexternal/ctica000/perf/with_IO/sequential_write/perf_21476156/perf.data.rank7 (2144360 samples) ]
Warning:
Processed 2227838 events and lost 5 chunks!

Check IO/CPU overload!

[ perf record: Captured and wrote 17284.168 MB /leonardo_scratch/large/userexternal/ctica000/perf/with_IO/sequential_write/perf_21476156/perf.data.rank10 (2145080 samples) ]
Warning:
Processed 2218765 events and lost 3 chunks!

Check IO/CPU overload!

[ perf record: Captured and wrote 17274.021 MB /leonardo_scratch/large/userexternal/ctica000/perf/with_IO/sequential_write/perf_21476156/perf.data.rank13 (2143920 samples) ]
Warning:
Processed 2209369 events and lost 9 chunks!

Check IO/CPU overload!

[ perf record: Captured and wrote 17192.847 MB /leonardo_scratch/large/userexternal/ctica000/perf/with_IO/sequential_write/perf_21476156/perf.data.rank1 (2133833 samples) ]
Warning:
Processed 2211642 events and lost 3 chunks!

Check IO/CPU overload!

[ perf record: Captured and wrote 17210.647 MB /leonardo_scratch/large/userexternal/ctica000/perf/with_IO/sequential_write/perf_21476156/perf.data.rank2 (2136042 samples) ]
Warning:
Processed 2468765 events and lost 9 chunks!

Check IO/CPU overload!

[ perf record: Captured and wrote 17495.205 MB /leonardo_scratch/large/userexternal/ctica000/perf/with_IO/sequential_write/perf_21476156/perf.data.rank0 (2168543 samples) ]
Warning:
Processed 2226478 events and lost 4 chunks!

Check IO/CPU overload!

[ perf record: Captured and wrote 17273.828 MB /leonardo_scratch/large/userexternal/ctica000/perf/with_IO/sequential_write/perf_21476156/perf.data.rank8 (2143797 samples) ]
Warning:
Processed 2210728 events and lost 3 chunks!

Check IO/CPU overload!

[ perf record: Captured and wrote 17203.924 MB /leonardo_scratch/large/userexternal/ctica000/perf/with_IO/sequential_write/perf_21476156/perf.data.rank3 (2135208 samples) ]
Warning:
Processed 2217336 events and lost 10 chunks!

Check IO/CPU overload!

[ perf record: Captured and wrote 17255.179 MB /leonardo_scratch/large/userexternal/ctica000/perf/with_IO/sequential_write/perf_21476156/perf.data.rank6 (2141569 samples) ]
Warning:
Processed 2218306 events and lost 6 chunks!

Check IO/CPU overload!

[ perf record: Captured and wrote 17265.299 MB /leonardo_scratch/large/userexternal/ctica000/perf/with_IO/sequential_write/perf_21476156/perf.data.rank15 (2142829 samples) ]
Warning:
Processed 2218594 events and lost 3 chunks!

Check IO/CPU overload!

[ perf record: Captured and wrote 17265.240 MB /leonardo_scratch/large/userexternal/ctica000/perf/with_IO/sequential_write/perf_21476156/perf.data.rank11 (2142818 samples) ]
Warning:
Processed 2218646 events and lost 9 chunks!

Check IO/CPU overload!

[ perf record: Captured and wrote 17265.435 MB /leonardo_scratch/large/userexternal/ctica000/perf/with_IO/sequential_write/perf_21476156/perf.data.rank5 (2142842 samples) ]
