srun: error: Task launch for StepId=19141604.0 failed on node lrdn0557: Communication connection failure
srun: error: Application launch failed: Communication connection failure
srun: Job step aborted: Waiting up to 92 seconds for job step to finish.
slurmstepd: error: *** STEP 19141604.0 ON lrdn0215 CANCELLED AT 2025-08-19T15:07:28 ***
srun: error: lrdn0577: tasks 60-63: Killed
srun: error: lrdn0380: tasks 40-41,43: Killed
srun: error: lrdn0291: tasks 20-23: Killed
srun: error: lrdn0279: tasks 16-19: Killed
srun: error: lrdn0269: tasks 12-15: Killed
srun: error: lrdn0305: tasks 24-27: Killed
srun: error: lrdn0242: tasks 4-7: Killed
srun: error: lrdn0417: tasks 44,46-47: Killed
srun: error: lrdn0427: tasks 48-51: Killed
srun: error: lrdn0516: tasks 53-55: Killed
srun: error: lrdn0264: tasks 8-11: Killed
srun: error: lrdn0215: tasks 0-3: Killed
srun: error: lrdn0324: tasks 32-35: Killed
srun: error: lrdn0332: tasks 36-39: Killed
srun: error: lrdn0380: task 42: Killed
srun: error: lrdn0312: tasks 28-31: Killed
srun: error: lrdn0417: task 45: Killed
srun: error: lrdn0516: task 52: Killed
