 Cannot enable savefile output//EURR-3_SAV.2009100500.nc
 Cannot enable savefile output//EURR-3_SAV.2009100500.nc
 Cannot enable savefile output//EURR-3_SAV.2009100500.nc
 Cannot enable savefile output//EURR-3_SAV.2009100500.nc
 Cannot enable savefile output//EURR-3_SAV.2009100500.nc
 Cannot enable savefile output//EURR-3_SAV.2009100500.nc
 Cannot enable savefile output//EURR-3_SAV.2009100500.nc
 Cannot enable savefile output//EURR-3_SAV.2009100500.nc
 Cannot enable savefile output//EURR-3_SAV.2009100500.nc
 Cannot enable savefile output//EURR-3_SAV.2009100500.nc
 Cannot enable savefile output//EURR-3_SAV.2009100500.nc
 Cannot enable savefile output//EURR-3_SAV.2009100500.nc
 Cannot enable savefile output//EURR-3_SAV.2009100500.nc
 Cannot enable savefile output//EURR-3_SAV.2009100500.nc
 Cannot enable savefile output//EURR-3_SAV.2009100500.nc
 Cannot enable savefile output//EURR-3_SAV.2009100500.nc
 Cannot enable savefile output//EURR-3_SAV.2009100500.nc
 Cannot enable savefile output//EURR-3_SAV.2009100500.nc
 Cannot enable savefile output//EURR-3_SAV.2009100500.nc
 Cannot enable savefile output//EURR-3_SAV.2009100500.nc
 Cannot enable savefile output//EURR-3_SAV.2009100500.nc
 Cannot enable savefile output//EURR-3_SAV.2009100500.nc
 Cannot enable savefile output//EURR-3_SAV.2009100500.nc
 Cannot enable savefile output//EURR-3_SAV.2009100500.nc
 Cannot enable savefile output//EURR-3_SAV.2009100500.nc
 Cannot enable savefile output//EURR-3_SAV.2009100500.nc
 Cannot enable savefile output//EURR-3_SAV.2009100500.nc
 Cannot enable savefile output//EURR-3_SAV.2009100500.nc
 Cannot enable savefile output//EURR-3_SAV.2009100500.nc
 Cannot enable savefile output//EURR-3_SAV.2009100500.nc
 Cannot enable savefile output//EURR-3_SAV.2009100500.nc
 Cannot enable savefile output//EURR-3_SAV.2009100500.nc
 Cannot enable savefile output//EURR-3_SAV.2009100500.nc
 Cannot enable savefile output//EURR-3_SAV.2009100500.nc
 Cannot enable savefile output//EURR-3_SAV.2009100500.nc
 Cannot enable savefile output//EURR-3_SAV.2009100500.nc
 Cannot enable savefile output//EURR-3_SAV.2009100500.nc
 Cannot enable savefile output//EURR-3_SAV.2009100500.nc
 Cannot enable savefile output//EURR-3_SAV.2009100500.nc
 Cannot enable savefile output//EURR-3_SAV.2009100500.nc
 Cannot enable savefile output//EURR-3_SAV.2009100500.nc
 Cannot enable savefile output//EURR-3_SAV.2009100500.nc
 Cannot enable savefile output//EURR-3_SAV.2009100500.nc
 Cannot enable savefile output//EURR-3_SAV.2009100500.nc
 Cannot enable savefile output//EURR-3_SAV.2009100500.nc
 Cannot enable savefile output//EURR-3_SAV.2009100500.nc
 Cannot enable savefile output//EURR-3_SAV.2009100500.nc
 Cannot enable savefile output//EURR-3_SAV.2009100500.nc
 Cannot enable savefile output//EURR-3_SAV.2009100500.nc
 Cannot enable savefile output//EURR-3_SAV.2009100500.nc
 Cannot enable savefile output//EURR-3_SAV.2009100500.nc
 Cannot enable savefile output//EURR-3_SAV.2009100500.nc
 Cannot enable savefile output//EURR-3_SAV.2009100500.nc
 Cannot enable savefile output//EURR-3_SAV.2009100500.nc
 Cannot enable savefile output//EURR-3_SAV.2009100500.nc
 Cannot enable savefile output//EURR-3_SAV.2009100500.nc
 Cannot enable savefile output//EURR-3_SAV.2009100500.nc
 NetCDF: One or more variable sizes violate format constraints                   
 Cannot enable savefile output//EURR-3_SAV.2009100500.nc
 NetCDF: One or more variable sizes violate format constraints                   
 NetCDF: One or more variable sizes violate format constraints                   
 -------------- FATAL CALLED ---------------
 NetCDF: One or more variable sizes violate format constraints                   
 NetCDF: One or more variable sizes violate format constraints                   
 Cannot enable savefile output//EURR-3_SAV.2009100500.nc
 Cannot enable savefile output//EURR-3_SAV.2009100500.nc
 NetCDF: One or more variable sizes violate format constraints                   
 -------------- FATAL CALLED ---------------
 Cannot enable savefile output//EURR-3_SAV.2009100500.nc
 NetCDF: One or more variable sizes violate format constraints                   
 NetCDF: One or more variable sizes violate format constraints                   
 Cannot enable savefile output//EURR-3_SAV.2009100500.nc
 Cannot enable savefile output//EURR-3_SAV.2009100500.nc
 Cannot enable savefile output//EURR-3_SAV.2009100500.nc
 NetCDF: One or more variable sizes violate format constraints                   
 NetCDF: One or more variable sizes violate format constraints                   
 -------------- FATAL CALLED ---------------
 NetCDF: One or more variable sizes violate format constraints                   
 -------------- FATAL CALLED ---------------
 -------------- FATAL CALLED ---------------
 NetCDF: One or more variable sizes violate format constraints                   
 -------------- FATAL CALLED ---------------
  Fatal in file: mod_savefile.F90 at line:     2004
 SAVEFILE
 -------------------------------------------
 NetCDF: One or more variable sizes violate format constraints                   
 -------------- FATAL CALLED ---------------
 NetCDF: One or more variable sizes violate format constraints                   
 -------------- FATAL CALLED ---------------
 NetCDF: One or more variable sizes violate format constraints                   
 -------------- FATAL CALLED ---------------
 NetCDF: One or more variable sizes violate format constraints                   
  Fatal in file: mod_savefile.F90 at line:     2004
 SAVEFILE
 -------------------------------------------
 NetCDF: One or more variable sizes violate format constraints                   
 -------------- FATAL CALLED ---------------
 NetCDF: One or more variable sizes violate format constraints                   
 -------------- FATAL CALLED ---------------
 NetCDF: One or more variable sizes violate format constraints                   
 -------------- FATAL CALLED ---------------
 NetCDF: One or more variable sizes violate format constraints                   
 -------------- FATAL CALLED ---------------
  Fatal in file: mod_savefile.F90 at line:     2004
 NetCDF: One or more variable sizes violate format constraints                   
 -------------- FATAL CALLED ---------------
 NetCDF: One or more variable sizes violate format constraints                   
 -------------- FATAL CALLED ---------------
 -------------- FATAL CALLED ---------------
 NetCDF: One or more variable sizes violate format constraints                   
 -------------- FATAL CALLED ---------------
  Fatal in file: mod_savefile.F90 at line:     2004
 NetCDF: One or more variable sizes violate format constraints                   
 -------------- FATAL CALLED ---------------
 NetCDF: One or more variable sizes violate format constraints                   
 -------------- FATAL CALLED ---------------
  Fatal in file: mod_savefile.F90 at line:     2004
 SAVEFILE
 -------------- FATAL CALLED ---------------
 -------------- FATAL CALLED ---------------
 NetCDF: One or more variable sizes violate format constraints                   
 -------------- FATAL CALLED ---------------
 NetCDF: One or more variable sizes violate format constraints                   
 -------------- FATAL CALLED ---------------
 NetCDF: One or more variable sizes violate format constraints                   
 -------------- FATAL CALLED ---------------
  Fatal in file: mod_savefile.F90 at line:     2004
 NetCDF: One or more variable sizes violate format constraints                   
 -------------- FATAL CALLED ---------------
 NetCDF: One or more variable sizes violate format constraints                   
 -------------- FATAL CALLED ---------------
 -------------- FATAL CALLED ---------------
 NetCDF: One or more variable sizes violate format constraints                   
 -------------- FATAL CALLED ---------------
  Fatal in file: mod_savefile.F90 at line:     2004
 SAVEFILE
 -------------- FATAL CALLED ---------------
  Fatal in file: mod_savefile.F90 at line:     2004
 SAVEFILE
 -------------------------------------------
 NetCDF: One or more variable sizes violate format constraints                   
 -------------- FATAL CALLED ---------------
  Fatal in file: mod_savefile.F90 at line:     2004
 SAVEFILE
 -------------------------------------------
 NetCDF: One or more variable sizes violate format constraints                   
 -------------- FATAL CALLED ---------------
  Fatal in file: mod_savefile.F90 at line:     2004
 SAVEFILE
 -------------------------------------------
 NetCDF: One or more variable sizes violate format constraints                   
 -------------- FATAL CALLED ---------------
 NetCDF: One or more variable sizes violate format constraints                   
 -------------- FATAL CALLED ---------------
  Fatal in file: mod_savefile.F90 at line:     2004
 SAVEFILE
 -------------------------------------------
 NetCDF: One or more variable sizes violate format constraints                   
 -------------- FATAL CALLED ---------------
  Fatal in file: mod_savefile.F90 at line:     2004
 SAVEFILE
 -------------------------------------------
 NetCDF: One or more variable sizes violate format constraints                   
 -------------- FATAL CALLED ---------------
  Fatal in file: mod_savefile.F90 at line:     2004
 SAVEFILE
 -------------------------------------------
 NetCDF: One or more variable sizes violate format constraints                   
 -------------- FATAL CALLED ---------------
 -------------- FATAL CALLED ---------------
  Fatal in file: mod_savefile.F90 at line:     2004
 SAVEFILE
 -------------------------------------------
 mod_savefile.F90 :     2004:             1
 NetCDF: One or more variable sizes violate format constraints                   
 -------------- FATAL CALLED ---------------
  Fatal in file: mod_savefile.F90 at line:     2004
 SAVEFILE
 -------------------------------------------
 NetCDF: One or more variable sizes violate format constraints                   
 -------------- FATAL CALLED ---------------
  Fatal in file: mod_savefile.F90 at line:     2004
 SAVEFILE
 -------------------------------------------
  Fatal in file: mod_savefile.F90 at line:     2004
 SAVEFILE
 -------------------------------------------
 NetCDF: One or more variable sizes violate format constraints                   
 -------------- FATAL CALLED ---------------
  Fatal in file: mod_savefile.F90 at line:     2004
 SAVEFILE
 -------------------------------------------
  Fatal in file: mod_savefile.F90 at line:     2004
 SAVEFILE
 -------------------------------------------
 -------------------------------------------
  Fatal in file: mod_savefile.F90 at line:     2004
 SAVEFILE
 -------------------------------------------
  Fatal in file: mod_savefile.F90 at line:     2004
 SAVEFILE
 -------------------------------------------
  Fatal in file: mod_savefile.F90 at line:     2004
 SAVEFILE
 -------------------------------------------
 -------------- FATAL CALLED ---------------
  Fatal in file: mod_savefile.F90 at line:     2004
 SAVEFILE
 -------------------------------------------
 Abort called by computing node             4 at 2025-08-10 03:27:31.156 +0200
 Execution terminated because of runtime error
 NetCDF: One or more variable sizes violate format constraints                   
  Fatal in file: mod_savefile.F90 at line:     2004
 SAVEFILE
 -------------------------------------------
  Fatal in file: mod_savefile.F90 at line:     2004
 SAVEFILE
 -------------------------------------------
 -------------------------------------------
  Fatal in file: mod_savefile.F90 at line:     2004
 SAVEFILE
 -------------------------------------------
  Fatal in file: mod_savefile.F90 at line:     2004
 SAVEFILE
 -------------------------------------------
 SAVEFILE
 -------------------------------------------
  Fatal in file: mod_savefile.F90 at line:     2004
 SAVEFILE
 -------------------------------------------
 Abort called by computing node            19 at 2025-08-10 03:27:31.156 +0200
 Execution terminated because of runtime error
  Fatal in file: mod_savefile.F90 at line:     2004
 SAVEFILE
 -------------------------------------------
  Fatal in file: mod_savefile.F90 at line:     2004
 SAVEFILE
 -------------------------------------------
 Abort called by computing node            60 at 2025-08-10 03:27:31.156 +0200
 Execution terminated because of runtime error
  Fatal in file: mod_savefile.F90 at line:     2004
 SAVEFILE
 -------------------------------------------
 SAVEFILE
 -------------------------------------------
 -------------- FATAL CALLED ---------------
  Fatal in file: mod_savefile.F90 at line:     2004
 SAVEFILE
 -------------------------------------------
  Fatal in file: mod_savefile.F90 at line:     2004
 SAVEFILE
 -------------------------------------------
 NetCDF: One or more variable sizes violate format constraints                   
 -------------- FATAL CALLED ---------------
  Fatal in file: mod_savefile.F90 at line:     2004
 SAVEFILE
 -------------------------------------------
 Abort called by computing node            44 at 2025-08-10 03:27:31.156 +0200
 Execution terminated because of runtime error
  Fatal in file: mod_savefile.F90 at line:     2004
 SAVEFILE
 -------------------------------------------
 Abort called by computing node            40 at 2025-08-10 03:27:31.156 +0200
 Execution terminated because of runtime error
  Fatal in file: mod_savefile.F90 at line:     2004
 SAVEFILE
 -------------------------------------------
 Abort called by computing node            16 at 2025-08-10 03:27:31.156 +0200
 Execution terminated because of runtime error
  Fatal in file: mod_savefile.F90 at line:     2004
 SAVEFILE
 -------------------------------------------
  Fatal in file: mod_savefile.F90 at line:     2004
 SAVEFILE
 -------------------------------------------
 Abort called by computing node            61 at 2025-08-10 03:27:31.156 +0200
 Execution terminated because of runtime error
 Abort called by computing node            52 at 2025-08-10 03:27:31.156 +0200
 Execution terminated because of runtime error
 Abort called by computing node             7 at 2025-08-10 03:27:31.156 +0200
 Execution terminated because of runtime error
  Fatal in file: mod_savefile.F90 at line:     2004
 SAVEFILE
 -------------------------------------------
 Abort called by computing node             0 at 2025-08-10 03:27:31.156 +0200
 Execution terminated because of runtime error
  Fatal in file: mod_savefile.F90 at line:     2004
 SAVEFILE
 -------------------------------------------
 NetCDF: One or more variable sizes violate format constraints                   
 -------------- FATAL CALLED ---------------
  Fatal in file: mod_savefile.F90 at line:     2004
 Abort called by computing node            48 at 2025-08-10 03:27:31.156 +0200
 Execution terminated because of runtime error
 Abort called by computing node            45 at 2025-08-10 03:27:31.156 +0200
 Execution terminated because of runtime error
 Abort called by computing node            25 at 2025-08-10 03:27:31.156 +0200
 Execution terminated because of runtime error
 Abort called by computing node            41 at 2025-08-10 03:27:31.156 +0200
 Execution terminated because of runtime error
 Abort called by computing node            12 at 2025-08-10 03:27:31.156 +0200
 Abort called by computing node            17 at 2025-08-10 03:27:31.156 +0200
 Execution terminated because of runtime error
 Abort called by computing node            34 at 2025-08-10 03:27:31.156 +0200
 Execution terminated because of runtime error
 Abort called by computing node            36 at 2025-08-10 03:27:31.156 +0200
 Execution terminated because of runtime error
 NetCDF: One or more variable sizes violate format constraints                   
 Abort called by computing node            54 at 2025-08-10 03:27:31.156 +0200
 Execution terminated because of runtime error
 Abort called by computing node             5 at 2025-08-10 03:27:31.156 +0200
 Execution terminated because of runtime error
  Fatal in file: mod_savefile.F90 at line:     2004
 SAVEFILE
 -------------------------------------------
 Abort called by computing node             1 at 2025-08-10 03:27:31.156 +0200
 Execution terminated because of runtime error
 Abort called by computing node            23 at 2025-08-10 03:27:31.156 +0200
 Execution terminated because of runtime error
 NetCDF: One or more variable sizes violate format constraints                   
 -------------- FATAL CALLED ---------------
  Fatal in file: mod_savefile.F90 at line:     2004
 SAVEFILE
 -------------------------------------------
 Abort called by computing node            49 at 2025-08-10 03:27:31.156 +0200
 Execution terminated because of runtime error
 Abort called by computing node            46 at 2025-08-10 03:27:31.156 +0200
 Execution terminated because of runtime error
 Abort called by computing node            26 at 2025-08-10 03:27:31.156 +0200
 Abort called by computing node            43 at 2025-08-10 03:27:31.156 +0200
 Execution terminated because of runtime error
 Abort called by computing node            14 at 2025-08-10 03:27:31.156 +0200
 Execution terminated because of runtime error
 NetCDF: One or more variable sizes violate format constraints                   
 Abort called by computing node            35 at 2025-08-10 03:27:31.156 +0200
 Execution terminated because of runtime error
 Abort called by computing node            37 at 2025-08-10 03:27:31.156 +0200
 Execution terminated because of runtime error
 -------------- FATAL CALLED ---------------
 Abort called by computing node            55 at 2025-08-10 03:27:31.156 +0200
 Execution terminated because of runtime error
 NetCDF: One or more variable sizes violate format constraints                   
  Fatal in file: mod_savefile.F90 at line:     2004
 SAVEFILE
 -------------------------------------------
 Abort called by computing node             2 at 2025-08-10 03:27:31.156 +0200
 Execution terminated because of runtime error
 Abort called by computing node            20 at 2025-08-10 03:27:31.156 +0200
 Execution terminated because of runtime error
 SAVEFILE
 -------------------------------------------
 Abort called by computing node            50 at 2025-08-10 03:27:31.156 +0200
 Execution terminated because of runtime error
 NetCDF: One or more variable sizes violate format constraints                   
 Abort called by computing node            24 at 2025-08-10 03:27:31.156 +0200
 Execution terminated because of runtime error
 NetCDF: One or more variable sizes violate format constraints                   
 Execution terminated because of runtime error
 -------------- FATAL CALLED ---------------
 Abort called by computing node            32 at 2025-08-10 03:27:31.156 +0200
 Abort called by computing node            38 at 2025-08-10 03:27:31.156 +0200
 Execution terminated because of runtime error
  Fatal in file: mod_savefile.F90 at line:     2004
 SAVEFILE
 NetCDF: One or more variable sizes violate format constraints                   
 -------------- FATAL CALLED ---------------
 -------------- FATAL CALLED ---------------
 Abort called by computing node            30 at 2025-08-10 03:27:31.156 +0200
 NetCDF: One or more variable sizes violate format constraints                   
 Abort called by computing node            22 at 2025-08-10 03:27:31.156 +0200
 Execution terminated because of runtime error
 SAVEFILE
 -------------------------------------------
 NetCDF: One or more variable sizes violate format constraints                   
 -------------- FATAL CALLED ---------------
 Execution terminated because of runtime error
 -------------- FATAL CALLED ---------------
 Abort called by computing node            13 at 2025-08-10 03:27:31.156 +0200
 Execution terminated because of runtime error
  Fatal in file: mod_savefile.F90 at line:     2004
 SAVEFILE
 -------------------------------------------
 Execution terminated because of runtime error
 NetCDF: One or more variable sizes violate format constraints                   
 -------------------------------------------
  Fatal in file: mod_savefile.F90 at line:     2004
 SAVEFILE
 -------------------------------------------
  Fatal in file: mod_savefile.F90 at line:     2004
 SAVEFILE
 -------------------------------------------
 Abort called by computing node            31 at 2025-08-10 03:27:31.156 +0200
 Execution terminated because of runtime error
 -------------- FATAL CALLED ---------------
 NetCDF: One or more variable sizes violate format constraints                   
 Abort called by computing node            10 at 2025-08-10 03:27:31.156 +0200
 Execution terminated because of runtime error
 -------------- FATAL CALLED ---------------
  Fatal in file: mod_savefile.F90 at line:     2004
  Fatal in file: mod_savefile.F90 at line:     2004
 SAVEFILE
 -------------------------------------------
 NetCDF: One or more variable sizes violate format constraints                   
  Fatal in file: mod_savefile.F90 at line:     2004
 SAVEFILE
 -------------------------------------------
 NetCDF: One or more variable sizes violate format constraints                   
 -------------- FATAL CALLED ---------------
 Abort called by computing node            18 at 2025-08-10 03:27:31.156 +0200
 Execution terminated because of runtime error
 NetCDF: One or more variable sizes violate format constraints                   
 -------------- FATAL CALLED ---------------
 -------------- FATAL CALLED ---------------
 NetCDF: One or more variable sizes violate format constraints                   
 -------------- FATAL CALLED ---------------
 Abort called by computing node            53 at 2025-08-10 03:27:31.156 +0200
 Abort called by computing node             6 at 2025-08-10 03:27:31.156 +0200
 Execution terminated because of runtime error
 Abort called by computing node            28 at 2025-08-10 03:27:31.156 +0200
 Execution terminated because of runtime error
  Fatal in file: mod_savefile.F90 at line:     2004
 SAVEFILE
 -------------------------------------------
 -------------- FATAL CALLED ---------------
 Abort called by computing node            11 at 2025-08-10 03:27:31.156 +0200
 Execution terminated because of runtime error
 SAVEFILE
 -------------------------------------------
 Abort called by computing node            47 at 2025-08-10 03:27:31.156 +0200
 Execution terminated because of runtime error
 -------------- FATAL CALLED ---------------
  Fatal in file: mod_savefile.F90 at line:     2004
 SAVEFILE
 Abort called by computing node            42 at 2025-08-10 03:27:31.156 +0200
 Execution terminated because of runtime error
  Fatal in file: mod_savefile.F90 at line:     2004
 SAVEFILE
 -------------------------------------------
  Fatal in file: mod_savefile.F90 at line:     2004
 SAVEFILE
 -------------------------------------------
  Fatal in file: mod_savefile.F90 at line:     2004
 SAVEFILE
 -------------------------------------------
 Abort called by computing node            63 at 2025-08-10 03:27:31.156 +0200
 Execution terminated because of runtime error
 Execution terminated because of runtime error
 Execution terminated because of runtime error
 Abort called by computing node             3 at 2025-08-10 03:27:31.156 +0200
 Execution terminated because of runtime error
  Fatal in file: mod_savefile.F90 at line:     2004
 SAVEFILE
 -------------------------------------------
 Abort called by computing node             8 at 2025-08-10 03:27:31.156 +0200
 Execution terminated because of runtime error
 Abort called by computing node            51 at 2025-08-10 03:27:31.156 +0200
 Execution terminated because of runtime error
 -------------------------------------------
 Abort called by computing node            15 at 2025-08-10 03:27:31.156 +0200
 Abort called by computing node            33 at 2025-08-10 03:27:31.156 +0200
 Abort called by computing node            39 at 2025-08-10 03:27:31.156 +0200
 Execution terminated because of runtime error
  Fatal in file: mod_savefile.F90 at line:     2004
 SAVEFILE
 -------------------------------------------
  Fatal in file: mod_savefile.F90 at line:     2004
 Abort called by computing node            21 at 2025-08-10 03:27:31.156 +0200
 Execution terminated because of runtime error
 NetCDF: One or more variable sizes violate format constraints                   
 Abort called by computing node            27 at 2025-08-10 03:27:31.156 +0200
 Execution terminated because of runtime error
 Execution terminated because of runtime error
 Execution terminated because of runtime error
 Abort called by computing node            62 at 2025-08-10 03:27:31.156 +0200
 Execution terminated because of runtime error
 SAVEFILE
 -------------------------------------------
 -------------- FATAL CALLED ---------------
  Fatal in file: mod_savefile.F90 at line:     2004
 Abort called by computing node            29 at 2025-08-10 03:27:31.156 +0200
 Execution terminated because of runtime error
 SAVEFILE
 -------------------------------------------
 Abort called by computing node             9 at 2025-08-10 03:27:31.156 +0200
 Execution terminated because of runtime error
 NetCDF: One or more variable sizes violate format constraints                   
 -------------- FATAL CALLED ---------------
 NetCDF: One or more variable sizes violate format constraints                   
 -------------- FATAL CALLED ---------------
  Fatal in file: mod_savefile.F90 at line:     2004
 SAVEFILE
 -------------------------------------------
 NetCDF: One or more variable sizes violate format constraints                   
 -------------- FATAL CALLED ---------------
  Fatal in file: mod_savefile.F90 at line:     2004
 SAVEFILE
 -------------------------------------------
  Fatal in file: mod_savefile.F90 at line:     2004
 SAVEFILE
 -------------------------------------------
 Abort called by computing node            58 at 2025-08-10 03:27:31.157 +0200
 Execution terminated because of runtime error
 Abort called by computing node            59 at 2025-08-10 03:27:31.157 +0200
 Execution terminated because of runtime error
 Abort called by computing node            56 at 2025-08-10 03:27:31.157 +0200
 Execution terminated because of runtime error
 NetCDF: One or more variable sizes violate format constraints                   
 -------------- FATAL CALLED ---------------
  Fatal in file: mod_savefile.F90 at line:     2004
 SAVEFILE
 -------------------------------------------
 Abort called by computing node            57 at 2025-08-10 03:27:31.157 +0200
 Execution terminated because of runtime error
--------------------------------------------------------------------------
MPI_ABORT was invoked on rank 41 in communicator MPI COMMUNICATOR 3 DUP FROM 0
with errorcode 1.

NOTE: invoking MPI_ABORT causes Open MPI to kill all MPI processes.
You may or may not see output from other processes, depending on
exactly when Open MPI kills them.
--------------------------------------------------------------------------
--------------------------------------------------------------------------
MPI_ABORT was invoked on rank 52 in communicator MPI COMMUNICATOR 3 DUP FROM 0
with errorcode 1.

NOTE: invoking MPI_ABORT causes Open MPI to kill all MPI processes.
You may or may not see output from other processes, depending on
exactly when Open MPI kills them.
--------------------------------------------------------------------------
--------------------------------------------------------------------------
MPI_ABORT was invoked on rank 43 in communicator MPI COMMUNICATOR 3 DUP FROM 0
with errorcode 1.

NOTE: invoking MPI_ABORT causes Open MPI to kill all MPI processes.
You may or may not see output from other processes, depending on
exactly when Open MPI kills them.
--------------------------------------------------------------------------
--------------------------------------------------------------------------
MPI_ABORT was invoked on rank 53 in communicator MPI COMMUNICATOR 3 DUP FROM 0
with errorcode 1.

NOTE: invoking MPI_ABORT causes Open MPI to kill all MPI processes.
You may or may not see output from other processes, depending on
exactly when Open MPI kills them.
--------------------------------------------------------------------------
--------------------------------------------------------------------------
MPI_ABORT was invoked on rank 40 in communicator MPI COMMUNICATOR 3 DUP FROM 0
with errorcode 1.

NOTE: invoking MPI_ABORT causes Open MPI to kill all MPI processes.
You may or may not see output from other processes, depending on
exactly when Open MPI kills them.
--------------------------------------------------------------------------
--------------------------------------------------------------------------
MPI_ABORT was invoked on rank 54 in communicator MPI COMMUNICATOR 3 DUP FROM 0
with errorcode 1.

NOTE: invoking MPI_ABORT causes Open MPI to kill all MPI processes.
You may or may not see output from other processes, depending on
exactly when Open MPI kills them.
--------------------------------------------------------------------------
--------------------------------------------------------------------------
MPI_ABORT was invoked on rank 15 in communicator MPI COMMUNICATOR 3 DUP FROM 0
with errorcode 1.

NOTE: invoking MPI_ABORT causes Open MPI to kill all MPI processes.
You may or may not see output from other processes, depending on
exactly when Open MPI kills them.
--------------------------------------------------------------------------
--------------------------------------------------------------------------
MPI_ABORT was invoked on rank 12 in communicator MPI COMMUNICATOR 3 DUP FROM 0
with errorcode 1.

NOTE: invoking MPI_ABORT causes Open MPI to kill all MPI processes.
You may or may not see output from other processes, depending on
exactly when Open MPI kills them.
--------------------------------------------------------------------------
--------------------------------------------------------------------------
MPI_ABORT was invoked on rank 14 in communicator MPI COMMUNICATOR 3 DUP FROM 0
with errorcode 1.

NOTE: invoking MPI_ABORT causes Open MPI to kill all MPI processes.
You may or may not see output from other processes, depending on
exactly when Open MPI kills them.
--------------------------------------------------------------------------
--------------------------------------------------------------------------
MPI_ABORT was invoked on rank 13 in communicator MPI COMMUNICATOR 3 DUP FROM 0
with errorcode 1.

NOTE: invoking MPI_ABORT causes Open MPI to kill all MPI processes.
You may or may not see output from other processes, depending on
exactly when Open MPI kills them.
--------------------------------------------------------------------------
--------------------------------------------------------------------------
MPI_ABORT was invoked on rank 42 in communicator MPI COMMUNICATOR 3 DUP FROM 0
with errorcode 1.

NOTE: invoking MPI_ABORT causes Open MPI to kill all MPI processes.
You may or may not see output from other processes, depending on
exactly when Open MPI kills them.
--------------------------------------------------------------------------
--------------------------------------------------------------------------
MPI_ABORT was invoked on rank 16 in communicator MPI COMMUNICATOR 3 DUP FROM 0
with errorcode 1.

NOTE: invoking MPI_ABORT causes Open MPI to kill all MPI processes.
You may or may not see output from other processes, depending on
exactly when Open MPI kills them.
--------------------------------------------------------------------------
--------------------------------------------------------------------------
MPI_ABORT was invoked on rank 19 in communicator MPI COMMUNICATOR 3 DUP FROM 0
with errorcode 1.

NOTE: invoking MPI_ABORT causes Open MPI to kill all MPI processes.
You may or may not see output from other processes, depending on
exactly when Open MPI kills them.
--------------------------------------------------------------------------
--------------------------------------------------------------------------
MPI_ABORT was invoked on rank 17 in communicator MPI COMMUNICATOR 3 DUP FROM 0
with errorcode 1.

NOTE: invoking MPI_ABORT causes Open MPI to kill all MPI processes.
You may or may not see output from other processes, depending on
exactly when Open MPI kills them.
--------------------------------------------------------------------------
--------------------------------------------------------------------------
MPI_ABORT was invoked on rank 18 in communicator MPI COMMUNICATOR 3 DUP FROM 0
with errorcode 1.

NOTE: invoking MPI_ABORT causes Open MPI to kill all MPI processes.
You may or may not see output from other processes, depending on
exactly when Open MPI kills them.
--------------------------------------------------------------------------
--------------------------------------------------------------------------
MPI_ABORT was invoked on rank 55 in communicator MPI COMMUNICATOR 3 DUP FROM 0
with errorcode 1.

NOTE: invoking MPI_ABORT causes Open MPI to kill all MPI processes.
You may or may not see output from other processes, depending on
exactly when Open MPI kills them.
--------------------------------------------------------------------------
--------------------------------------------------------------------------
MPI_ABORT was invoked on rank 51 in communicator MPI COMMUNICATOR 3 DUP FROM 0
with errorcode 1.

NOTE: invoking MPI_ABORT causes Open MPI to kill all MPI processes.
You may or may not see output from other processes, depending on
exactly when Open MPI kills them.
--------------------------------------------------------------------------
--------------------------------------------------------------------------
MPI_ABORT was invoked on rank 56 in communicator MPI COMMUNICATOR 3 DUP FROM 0
with errorcode 1.

NOTE: invoking MPI_ABORT causes Open MPI to kill all MPI processes.
You may or may not see output from other processes, depending on
exactly when Open MPI kills them.
--------------------------------------------------------------------------
--------------------------------------------------------------------------
MPI_ABORT was invoked on rank 58 in communicator MPI COMMUNICATOR 3 DUP FROM 0
with errorcode 1.

NOTE: invoking MPI_ABORT causes Open MPI to kill all MPI processes.
You may or may not see output from other processes, depending on
exactly when Open MPI kills them.
--------------------------------------------------------------------------
--------------------------------------------------------------------------
MPI_ABORT was invoked on rank 48 in communicator MPI COMMUNICATOR 3 DUP FROM 0
with errorcode 1.

NOTE: invoking MPI_ABORT causes Open MPI to kill all MPI processes.
You may or may not see output from other processes, depending on
exactly when Open MPI kills them.
--------------------------------------------------------------------------
--------------------------------------------------------------------------
MPI_ABORT was invoked on rank 57 in communicator MPI COMMUNICATOR 3 DUP FROM 0
with errorcode 1.

NOTE: invoking MPI_ABORT causes Open MPI to kill all MPI processes.
You may or may not see output from other processes, depending on
exactly when Open MPI kills them.
--------------------------------------------------------------------------
--------------------------------------------------------------------------
MPI_ABORT was invoked on rank 50 in communicator MPI COMMUNICATOR 3 DUP FROM 0
with errorcode 1.

NOTE: invoking MPI_ABORT causes Open MPI to kill all MPI processes.
You may or may not see output from other processes, depending on
exactly when Open MPI kills them.
--------------------------------------------------------------------------
--------------------------------------------------------------------------
MPI_ABORT was invoked on rank 5 in communicator MPI COMMUNICATOR 3 DUP FROM 0
with errorcode 1.

NOTE: invoking MPI_ABORT causes Open MPI to kill all MPI processes.
You may or may not see output from other processes, depending on
exactly when Open MPI kills them.
--------------------------------------------------------------------------
--------------------------------------------------------------------------
MPI_ABORT was invoked on rank 26 in communicator MPI COMMUNICATOR 3 DUP FROM 0
with errorcode 1.

NOTE: invoking MPI_ABORT causes Open MPI to kill all MPI processes.
You may or may not see output from other processes, depending on
exactly when Open MPI kills them.
--------------------------------------------------------------------------
--------------------------------------------------------------------------
MPI_ABORT was invoked on rank 60 in communicator MPI COMMUNICATOR 3 DUP FROM 0
with errorcode 1.

NOTE: invoking MPI_ABORT causes Open MPI to kill all MPI processes.
You may or may not see output from other processes, depending on
exactly when Open MPI kills them.
--------------------------------------------------------------------------
--------------------------------------------------------------------------
MPI_ABORT was invoked on rank 59 in communicator MPI COMMUNICATOR 3 DUP FROM 0
with errorcode 1.

NOTE: invoking MPI_ABORT causes Open MPI to kill all MPI processes.
You may or may not see output from other processes, depending on
exactly when Open MPI kills them.
--------------------------------------------------------------------------
--------------------------------------------------------------------------
MPI_ABORT was invoked on rank 27 in communicator MPI COMMUNICATOR 3 DUP FROM 0
with errorcode 1.

NOTE: invoking MPI_ABORT causes Open MPI to kill all MPI processes.
You may or may not see output from other processes, depending on
exactly when Open MPI kills them.
--------------------------------------------------------------------------
--------------------------------------------------------------------------
MPI_ABORT was invoked on rank 61 in communicator MPI COMMUNICATOR 3 DUP FROM 0
with errorcode 1.

NOTE: invoking MPI_ABORT causes Open MPI to kill all MPI processes.
You may or may not see output from other processes, depending on
exactly when Open MPI kills them.
--------------------------------------------------------------------------
--------------------------------------------------------------------------
MPI_ABORT was invoked on rank 4 in communicator MPI COMMUNICATOR 3 DUP FROM 0
with errorcode 1.

NOTE: invoking MPI_ABORT causes Open MPI to kill all MPI processes.
You may or may not see output from other processes, depending on
exactly when Open MPI kills them.
--------------------------------------------------------------------------
--------------------------------------------------------------------------
MPI_ABORT was invoked on rank 25 in communicator MPI COMMUNICATOR 3 DUP FROM 0
with errorcode 1.

NOTE: invoking MPI_ABORT causes Open MPI to kill all MPI processes.
You may or may not see output from other processes, depending on
exactly when Open MPI kills them.
--------------------------------------------------------------------------
--------------------------------------------------------------------------
MPI_ABORT was invoked on rank 63 in communicator MPI COMMUNICATOR 3 DUP FROM 0
with errorcode 1.

NOTE: invoking MPI_ABORT causes Open MPI to kill all MPI processes.
You may or may not see output from other processes, depending on
exactly when Open MPI kills them.
--------------------------------------------------------------------------
--------------------------------------------------------------------------
MPI_ABORT was invoked on rank 7 in communicator MPI COMMUNICATOR 3 DUP FROM 0
with errorcode 1.

NOTE: invoking MPI_ABORT causes Open MPI to kill all MPI processes.
You may or may not see output from other processes, depending on
exactly when Open MPI kills them.
--------------------------------------------------------------------------
--------------------------------------------------------------------------
MPI_ABORT was invoked on rank 6 in communicator MPI COMMUNICATOR 3 DUP FROM 0
with errorcode 1.

NOTE: invoking MPI_ABORT causes Open MPI to kill all MPI processes.
You may or may not see output from other processes, depending on
exactly when Open MPI kills them.
--------------------------------------------------------------------------
--------------------------------------------------------------------------
MPI_ABORT was invoked on rank 49 in communicator MPI COMMUNICATOR 3 DUP FROM 0
with errorcode 1.

NOTE: invoking MPI_ABORT causes Open MPI to kill all MPI processes.
You may or may not see output from other processes, depending on
exactly when Open MPI kills them.
--------------------------------------------------------------------------
--------------------------------------------------------------------------
MPI_ABORT was invoked on rank 24 in communicator MPI COMMUNICATOR 3 DUP FROM 0
with errorcode 1.

NOTE: invoking MPI_ABORT causes Open MPI to kill all MPI processes.
You may or may not see output from other processes, depending on
exactly when Open MPI kills them.
--------------------------------------------------------------------------
--------------------------------------------------------------------------
MPI_ABORT was invoked on rank 62 in communicator MPI COMMUNICATOR 3 DUP FROM 0
with errorcode 1.

NOTE: invoking MPI_ABORT causes Open MPI to kill all MPI processes.
You may or may not see output from other processes, depending on
exactly when Open MPI kills them.
--------------------------------------------------------------------------
slurmstepd: error: *** STEP 18715840.0 ON lrdn0186 CANCELLED AT 2025-08-10T03:27:31 ***
slurmstepd: error: *** STEP 18715840.0 ON lrdn0186 CANCELLED AT 2025-08-10T03:27:31 ***
--------------------------------------------------------------------------
MPI_ABORT was invoked on rank 9 in communicator MPI COMMUNICATOR 3 DUP FROM 0
with errorcode 1.

NOTE: invoking MPI_ABORT causes Open MPI to kill all MPI processes.
You may or may not see output from other processes, depending on
exactly when Open MPI kills them.
--------------------------------------------------------------------------
--------------------------------------------------------------------------
MPI_ABORT was invoked on rank 46 in communicator MPI COMMUNICATOR 3 DUP FROM 0
with errorcode 1.

NOTE: invoking MPI_ABORT causes Open MPI to kill all MPI processes.
You may or may not see output from other processes, depending on
exactly when Open MPI kills them.
--------------------------------------------------------------------------
--------------------------------------------------------------------------
MPI_ABORT was invoked on rank 36 in communicator MPI COMMUNICATOR 3 DUP FROM 0
with errorcode 1.

NOTE: invoking MPI_ABORT causes Open MPI to kill all MPI processes.
You may or may not see output from other processes, depending on
exactly when Open MPI kills them.
--------------------------------------------------------------------------
--------------------------------------------------------------------------
MPI_ABORT was invoked on rank 10 in communicator MPI COMMUNICATOR 3 DUP FROM 0
with errorcode 1.

NOTE: invoking MPI_ABORT causes Open MPI to kill all MPI processes.
You may or may not see output from other processes, depending on
exactly when Open MPI kills them.
--------------------------------------------------------------------------
--------------------------------------------------------------------------
MPI_ABORT was invoked on rank 44 in communicator MPI COMMUNICATOR 3 DUP FROM 0
with errorcode 1.

NOTE: invoking MPI_ABORT causes Open MPI to kill all MPI processes.
You may or may not see output from other processes, depending on
exactly when Open MPI kills them.
--------------------------------------------------------------------------
--------------------------------------------------------------------------
MPI_ABORT was invoked on rank 37 in communicator MPI COMMUNICATOR 3 DUP FROM 0
with errorcode 1.

NOTE: invoking MPI_ABORT causes Open MPI to kill all MPI processes.
You may or may not see output from other processes, depending on
exactly when Open MPI kills them.
--------------------------------------------------------------------------
--------------------------------------------------------------------------
MPI_ABORT was invoked on rank 11 in communicator MPI COMMUNICATOR 3 DUP FROM 0
with errorcode 1.

NOTE: invoking MPI_ABORT causes Open MPI to kill all MPI processes.
You may or may not see output from other processes, depending on
exactly when Open MPI kills them.
--------------------------------------------------------------------------
--------------------------------------------------------------------------
MPI_ABORT was invoked on rank 45 in communicator MPI COMMUNICATOR 3 DUP FROM 0
with errorcode 1.

NOTE: invoking MPI_ABORT causes Open MPI to kill all MPI processes.
You may or may not see output from other processes, depending on
exactly when Open MPI kills them.
--------------------------------------------------------------------------
--------------------------------------------------------------------------
MPI_ABORT was invoked on rank 39 in communicator MPI COMMUNICATOR 3 DUP FROM 0
with errorcode 1.

NOTE: invoking MPI_ABORT causes Open MPI to kill all MPI processes.
You may or may not see output from other processes, depending on
exactly when Open MPI kills them.
--------------------------------------------------------------------------
--------------------------------------------------------------------------
MPI_ABORT was invoked on rank 47 in communicator MPI COMMUNICATOR 3 DUP FROM 0
with errorcode 1.

NOTE: invoking MPI_ABORT causes Open MPI to kill all MPI processes.
You may or may not see output from other processes, depending on
exactly when Open MPI kills them.
--------------------------------------------------------------------------
--------------------------------------------------------------------------
MPI_ABORT was invoked on rank 38 in communicator MPI COMMUNICATOR 3 DUP FROM 0
with errorcode 1.

NOTE: invoking MPI_ABORT causes Open MPI to kill all MPI processes.
You may or may not see output from other processes, depending on
exactly when Open MPI kills them.
--------------------------------------------------------------------------
srun: Job step aborted: Waiting up to 92 seconds for job step to finish.
srun: error: lrdn2154: tasks 45,47: Killed
srun: error: lrdn0437: tasks 12,14-15: Killed
srun: error: lrdn0523: tasks 20-21,23: Killed
srun: error: lrdn3201: tasks 60-61,63: Killed
srun: error: lrdn1567: task 41: Killed
srun: error: lrdn1567: task 43: Exited with exit code 1
srun: error: lrdn0613: tasks 24,27: Killed
srun: error: lrdn0393: tasks 8,10-11: Killed
srun: error: lrdn3144: tasks 52,55: Killed
srun: error: lrdn3144: task 53: Exited with exit code 1
srun: error: lrdn0437: task 13: Killed
srun: error: lrdn3201: task 62: Killed
srun: error: lrdn0186: tasks 1-3: Killed
srun: error: lrdn0951: tasks 28,30-31: Killed
srun: error: lrdn2286: tasks 49-50: Killed
srun: error: lrdn0523: task 22: Killed
srun: error: lrdn0497: task 16: Killed
srun: error: lrdn0497: task 19: Exited with exit code 1
srun: error: lrdn1497: tasks 37-39: Killed
srun: error: lrdn0349: tasks 4,6: Killed
srun: error: lrdn1447: tasks 33-34: Killed
srun: error: lrdn3190: tasks 56-57,59: Killed
srun: error: lrdn0393: task 9: Killed
srun: error: lrdn2154: tasks 44,46: Killed
srun: error: lrdn1497: task 36: Killed
srun: error: lrdn3144: task 54: Killed
srun: error: lrdn1567: tasks 40,42: Killed
srun: error: lrdn0951: task 29: Killed
srun: error: lrdn0186: task 0: Killed
srun: error: lrdn3190: task 58: Exited with exit code 1
srun: error: lrdn0497: tasks 17-18: Killed
srun: error: lrdn2286: task 48: Killed
srun: error: lrdn2286: task 51: Exited with exit code 1
srun: error: lrdn0349: tasks 5,7: Killed
srun: error: lrdn1447: tasks 32,35: Killed
srun: error: lrdn0613: tasks 25-26: Killed
