 -------------- FATAL CALLED ---------------
 -------------- FATAL CALLED ---------------
 -------------- FATAL CALLED ---------------
 -------------- FATAL CALLED ---------------
  Fatal in file: mod_params.F90 at line:     1495
 irceideal can run only if i_band has been set to 1
 -------------------------------------------
  Fatal in file: mod_params.F90 at line:     1495
 irceideal can run only if i_band has been set to 1
 -------------------------------------------
  Fatal in file: mod_params.F90 at line:     1495
 irceideal can run only if i_band has been set to 1
 -------------------------------------------
  Fatal in file: mod_params.F90 at line:     1495
 irceideal can run only if i_band has been set to 1
 -------------------------------------------
 Abort called by computing node             5 at 2025-09-04 22:08:38.958 +0200
 Execution terminated because of runtime error
 Abort called by computing node             7 at 2025-09-04 22:08:38.958 +0200
 Execution terminated because of runtime error
 Abort called by computing node             4 at 2025-09-04 22:08:38.958 +0200
 Execution terminated because of runtime error
 Abort called by computing node             6 at 2025-09-04 22:08:38.958 +0200
 Execution terminated because of runtime error
--------------------------------------------------------------------------
MPI_ABORT was invoked on rank 5 in communicator MPI COMMUNICATOR 3 DUP FROM 0
with errorcode 1.

NOTE: invoking MPI_ABORT causes Open MPI to kill all MPI processes.
You may or may not see output from other processes, depending on
exactly when Open MPI kills them.
--------------------------------------------------------------------------
--------------------------------------------------------------------------
MPI_ABORT was invoked on rank 4 in communicator MPI COMMUNICATOR 3 DUP FROM 0
with errorcode 1.

NOTE: invoking MPI_ABORT causes Open MPI to kill all MPI processes.
You may or may not see output from other processes, depending on
exactly when Open MPI kills them.
--------------------------------------------------------------------------
--------------------------------------------------------------------------
MPI_ABORT was invoked on rank 7 in communicator MPI COMMUNICATOR 3 DUP FROM 0
with errorcode 1.

NOTE: invoking MPI_ABORT causes Open MPI to kill all MPI processes.
You may or may not see output from other processes, depending on
exactly when Open MPI kills them.
--------------------------------------------------------------------------
--------------------------------------------------------------------------
MPI_ABORT was invoked on rank 6 in communicator MPI COMMUNICATOR 3 DUP FROM 0
with errorcode 1.

NOTE: invoking MPI_ABORT causes Open MPI to kill all MPI processes.
You may or may not see output from other processes, depending on
exactly when Open MPI kills them.
--------------------------------------------------------------------------
srun: Job step aborted: Waiting up to 182 seconds for job step to finish.
slurmstepd: error: *** STEP 19673477.0 ON lrdn1010 CANCELLED AT 2025-09-04T22:08:38 ***
srun: error: lrdn1010: task 0: Killed
srun: error: lrdn1027: task 5: Exited with exit code 1
srun: error: lrdn1027: tasks 6-7: Killed
srun: error: lrdn1027: task 4: Killed
slurmstepd: error:  mpi/pmix_v3: _errhandler: lrdn1010 [0]: pmixp_client_v2.c:212: Error handler invoked: status = -25, source = [slurm.pmix.19673477.0:3]
srun: error: lrdn1010: tasks 1-3: Killed
