[ perf record: Woken up 65844 times to write data ]
[ perf record: Woken up 65563 times to write data ]
[ perf record: Woken up 65719 times to write data ]
[ perf record: Woken up 65714 times to write data ]
[ perf record: Woken up 65628 times to write data ]
[ perf record: Woken up 65707 times to write data ]
[ perf record: Woken up 65741 times to write data ]
[ perf record: Woken up 65697 times to write data ]
[ perf record: Woken up 65652 times to write data ]
[ perf record: Woken up 65566 times to write data ]
[ perf record: Woken up 65664 times to write data ]
[ perf record: Woken up 65656 times to write data ]
[ perf record: Woken up 65474 times to write data ]
[ perf record: Woken up 65665 times to write data ]
[ perf record: Woken up 65451 times to write data ]
[ perf record: Woken up 66655 times to write data ]
Warning:
Processed 2116394 events and lost 1 chunks!

Check IO/CPU overload!

Warning:
Processed 2118294 events and lost 1 chunks!

Check IO/CPU overload!

[ perf record: Captured and wrote 16427.406 MB /leonardo_scratch/large/userexternal/ctica000/perf/with_IO/sequential_write/perf_25382268/perf.data.rank13 (2038762 samples) ]
[ perf record: Captured and wrote 16424.951 MB /leonardo_scratch/large/userexternal/ctica000/perf/with_IO/sequential_write/perf_25382268/perf.data.rank15 (2038429 samples) ]
Warning:
Processed 2119658 events and lost 3 chunks!

Check IO/CPU overload!

[ perf record: Captured and wrote 16429.918 MB /leonardo_scratch/large/userexternal/ctica000/perf/with_IO/sequential_write/perf_25382268/perf.data.rank5 (2039036 samples) ]
Warning:
Processed 2114825 events and lost 3 chunks!

Check IO/CPU overload!

[ perf record: Captured and wrote 16392.394 MB /leonardo_scratch/large/userexternal/ctica000/perf/with_IO/sequential_write/perf_25382268/perf.data.rank6 (2034379 samples) ]
Warning:
Processed 2784968 events and lost 4 chunks!

Check IO/CPU overload!

[ perf record: Captured and wrote 16665.980 MB /leonardo_scratch/large/userexternal/ctica000/perf/with_IO/sequential_write/perf_25382268/perf.data.rank0 (2060219 samples) ]
Warning:
Processed 2115118 events and lost 3 chunks!

Check IO/CPU overload!

[ perf record: Captured and wrote 16417.664 MB /leonardo_scratch/large/userexternal/ctica000/perf/with_IO/sequential_write/perf_25382268/perf.data.rank14 (2037553 samples) ]
Warning:
Processed 2117566 events and lost 2 chunks!

Check IO/CPU overload!

[ perf record: Captured and wrote 16414.486 MB /leonardo_scratch/large/userexternal/ctica000/perf/with_IO/sequential_write/perf_25382268/perf.data.rank11 (2037122 samples) ]
Warning:
Processed 2140289 events and lost 3 chunks!

Check IO/CPU overload!

[ perf record: Captured and wrote 16431.698 MB /leonardo_scratch/large/userexternal/ctica000/perf/with_IO/sequential_write/perf_25382268/perf.data.rank8 (2038996 samples) ]
Warning:
Processed 2114846 events and lost 2 chunks!

Check IO/CPU overload!

[ perf record: Captured and wrote 16392.602 MB /leonardo_scratch/large/userexternal/ctica000/perf/with_IO/sequential_write/perf_25382268/perf.data.rank4 (2034405 samples) ]
Warning:
Processed 2111946 events and lost 3 chunks!

Check IO/CPU overload!

[ perf record: Captured and wrote 16370.068 MB /leonardo_scratch/large/userexternal/ctica000/perf/with_IO/sequential_write/perf_25382268/perf.data.rank1 (2031609 samples) ]
Warning:
Processed 2114829 events and lost 2 chunks!

Check IO/CPU overload!

[ perf record: Captured and wrote 16415.462 MB /leonardo_scratch/large/userexternal/ctica000/perf/with_IO/sequential_write/perf_25382268/perf.data.rank12 (2037280 samples) ]
Warning:
Processed 2140980 events and lost 4 chunks!

Check IO/CPU overload!

[ perf record: Captured and wrote 16437.166 MB /leonardo_scratch/large/userexternal/ctica000/perf/with_IO/sequential_write/perf_25382268/perf.data.rank7 (2039675 samples) ]
Warning:
Processed 2138630 events and lost 5 chunks!

Check IO/CPU overload!

[ perf record: Captured and wrote 16408.749 MB /leonardo_scratch/large/userexternal/ctica000/perf/with_IO/sequential_write/perf_25382268/perf.data.rank9 (2036131 samples) ]
Warning:
Processed 2118088 events and lost 4 chunks!

Check IO/CPU overload!

[ perf record: Captured and wrote 16417.225 MB /leonardo_scratch/large/userexternal/ctica000/perf/with_IO/sequential_write/perf_25382268/perf.data.rank2 (2037461 samples) ]
Warning:
Processed 2111215 events and lost 2 chunks!

Check IO/CPU overload!

[ perf record: Captured and wrote 16364.142 MB /leonardo_scratch/large/userexternal/ctica000/perf/with_IO/sequential_write/perf_25382268/perf.data.rank3 (2030873 samples) ]
Warning:
Processed 2144312 events and lost 5 chunks!

Check IO/CPU overload!

[ perf record: Captured and wrote 16462.681 MB /leonardo_scratch/large/userexternal/ctica000/perf/with_IO/sequential_write/perf_25382268/perf.data.rank10 (2042841 samples) ]
