 Error creating NetCDF output output//EURR-3.clm.regcm.h1.20091001_03600.nc: 
 Permission denied                                                               
 File mod_clm_nchelper.F90 line      281
 mod_clm_nchelper.F90 : 
      281:Error creating NetCDF output output//EURR-3.clm.regcm.h1.20091001_03600.nc
 :            13
 Abort called by computing node             0 at 2026-05-17 00:53:08.050 +0200
 Execution terminated because of runtime error
--------------------------------------------------------------------------
MPI_ABORT was invoked on rank 0 in communicator MPI COMMUNICATOR 3 DUP FROM 0
with errorcode 1.

NOTE: invoking MPI_ABORT causes Open MPI to kill all MPI processes.
You may or may not see output from other processes, depending on
exactly when Open MPI kills them.
--------------------------------------------------------------------------
slurmstepd: error: *** STEP 41774217.0 ON lrdn3351 CANCELLED AT 2026-05-17T00:53:08 ***
srun: Job step aborted: Waiting up to 122 seconds for job step to finish.
srun: error: lrdn3352: tasks 6-7: Killed
srun: error: lrdn3351: tasks 1-3: Killed
srun: error: lrdn3352: tasks 4-5: Killed
srun: error: lrdn3351: task 0: Exited with exit code 1
