[ perf record: Woken up 340835 times to write data ]
[ perf record: Woken up 341359 times to write data ]
[ perf record: Woken up 340866 times to write data ]
[ perf record: Woken up 341094 times to write data ]
[ perf record: Woken up 341185 times to write data ]
[ perf record: Woken up 341126 times to write data ]
[ perf record: Woken up 341219 times to write data ]
[ perf record: Woken up 341256 times to write data ]
[ perf record: Woken up 341162 times to write data ]
[ perf record: Woken up 340921 times to write data ]
[ perf record: Woken up 341059 times to write data ]
[ perf record: Woken up 341174 times to write data ]
[ perf record: Woken up 340454 times to write data ]
[ perf record: Woken up 340751 times to write data ]
[ perf record: Woken up 340693 times to write data ]
[ perf record: Woken up 342016 times to write data ]
Warning:
Processed 10953262 events and lost 41 chunks!

Check IO/CPU overload!

[ perf record: Captured and wrote 85299.924 MB /leonardo_scratch/large/userexternal/ctica000/perf/with_IO/sequential_write/perf_23800053/perf.data.rank13 (10586882 samples) ]
Warning:
Processed 11007766 events and lost 76 chunks!

Check IO/CPU overload!

[ perf record: Captured and wrote 85277.126 MB /leonardo_scratch/large/userexternal/ctica000/perf/with_IO/sequential_write/perf_23800053/perf.data.rank9 (10583318 samples) ]
Warning:
Processed 10955546 events and lost 59 chunks!

Check IO/CPU overload!

[ perf record: Captured and wrote 85317.645 MB /leonardo_scratch/large/userexternal/ctica000/perf/with_IO/sequential_write/perf_23800053/perf.data.rank12 (10589082 samples) ]
Warning:
Processed 11008856 events and lost 76 chunks!

Check IO/CPU overload!

[ perf record: Captured and wrote 85307.546 MB /leonardo_scratch/large/userexternal/ctica000/perf/with_IO/sequential_write/perf_23800053/perf.data.rank8 (10587130 samples) ]
Warning:
Processed 11013465 events and lost 49 chunks!

Check IO/CPU overload!

[ perf record: Captured and wrote 85343.834 MB /leonardo_scratch/large/userexternal/ctica000/perf/with_IO/sequential_write/perf_23800053/perf.data.rank10 (10591634 samples) ]
Warning:
Processed 10955798 events and lost 55 chunks!

Check IO/CPU overload!

[ perf record: Captured and wrote 85267.977 MB /leonardo_scratch/large/userexternal/ctica000/perf/with_IO/sequential_write/perf_23800053/perf.data.rank11 (10582832 samples) ]
Warning:
Processed 10958235 events and lost 82 chunks!

Check IO/CPU overload!

[ perf record: Captured and wrote 85297.317 MB /leonardo_scratch/large/userexternal/ctica000/perf/with_IO/sequential_write/perf_23800053/perf.data.rank15 (10586491 samples) ]
Warning:
Processed 10952534 events and lost 65 chunks!

Check IO/CPU overload!

[ perf record: Captured and wrote 85293.512 MB /leonardo_scratch/large/userexternal/ctica000/perf/with_IO/sequential_write/perf_23800053/perf.data.rank14 (10586086 samples) ]
Warning:
Processed 10935861 events and lost 71 chunks!

Check IO/CPU overload!

[ perf record: Captured and wrote 85117.211 MB /leonardo_scratch/large/userexternal/ctica000/perf/with_IO/sequential_write/perf_23800053/perf.data.rank1 (10564120 samples) ]
Warning:
Processed 10947953 events and lost 52 chunks!

Check IO/CPU overload!

[ perf record: Captured and wrote 85211.587 MB /leonardo_scratch/large/userexternal/ctica000/perf/with_IO/sequential_write/perf_23800053/perf.data.rank5 (10575832 samples) ]
Warning:
Processed 10950623 events and lost 9 chunks!

Check IO/CPU overload!

[ perf record: Captured and wrote 85233.474 MB /leonardo_scratch/large/userexternal/ctica000/perf/with_IO/sequential_write/perf_23800053/perf.data.rank4 (10578550 samples) ]
Warning:
Processed 10943283 events and lost 12 chunks!

Check IO/CPU overload!

[ perf record: Captured and wrote 85175.974 MB /leonardo_scratch/large/userexternal/ctica000/perf/with_IO/sequential_write/perf_23800053/perf.data.rank3 (10571414 samples) ]
Warning:
Processed 11005020 events and lost 8 chunks!

Check IO/CPU overload!

[ perf record: Captured and wrote 85284.640 MB /leonardo_scratch/large/userexternal/ctica000/perf/with_IO/sequential_write/perf_23800053/perf.data.rank7 (10584289 samples) ]
Warning:
Processed 10948882 events and lost 14 chunks!

Check IO/CPU overload!

[ perf record: Captured and wrote 85219.749 MB /leonardo_scratch/large/userexternal/ctica000/perf/with_IO/sequential_write/perf_23800053/perf.data.rank6 (10576846 samples) ]
