 energy balance in canopy       8264391 , err=  -0.5673307391866234     
 BalanceCheck: surface flux energy balance error step =       186 point =****** imbalance =   -0.567331 W/m2
  sabv           =     0.000000000000000     
  column      =       2196285
  sabg           =     0.000000000000000         0.000000000000000      
    0.000000000000000     
  eflx_lwrad_net =     46.21470400828622     
  eflx_sh_tot    =    -31.94207104403366     
  eflx_lh_tot    =     6.081776943616387     
  eflx_soil_grnd =    -19.78707916868223     
 -------------- FATAL CALLED ---------------
  Fatal in file: mod_clm_balancecheck.F90 at line:      735
 clm model is stopping
 -------------------------------------------
 Abort called by computing node            14 at 2025-11-02 12:53:42.124 +0100
 Execution terminated because of runtime error
--------------------------------------------------------------------------
MPI_ABORT was invoked on rank 14 in communicator MPI COMMUNICATOR 3 DUP FROM 0
with errorcode 1.

NOTE: invoking MPI_ABORT causes Open MPI to kill all MPI processes.
You may or may not see output from other processes, depending on
exactly when Open MPI kills them.
--------------------------------------------------------------------------
srun: Job step aborted: Waiting up to 182 seconds for job step to finish.
slurmstepd: error: *** STEP 23777036.0 ON lrdn0303 CANCELLED AT 2025-11-02T12:53:42 ***
srun: error: lrdn0334: tasks 8-11: Killed
srun: error: lrdn0393: tasks 12-15: Killed
srun: error: lrdn0317: tasks 4-7: Killed
slurmstepd: error:  mpi/pmix_v3: _errhandler: lrdn0303 [0]: pmixp_client_v2.c:212: Error handler invoked: status = -25, source = [slurm.pmix.23777036.0:3]
srun: error: lrdn0303: tasks 0-3: Killed
