[ perf record: Woken up 23663 times to write data ]
[ perf record: Woken up 23712 times to write data ]
[ perf record: Woken up 23746 times to write data ]
[ perf record: Woken up 23686 times to write data ]
[ perf record: Woken up 23702 times to write data ]
[ perf record: Woken up 23693 times to write data ]
[ perf record: Woken up 23719 times to write data ]
[ perf record: Woken up 23712 times to write data ]
[ perf record: Woken up 25556 times to write data ]
[ perf record: Woken up 23691 times to write data ]
[ perf record: Woken up 25454 times to write data ]
[ perf record: Woken up 25173 times to write data ]
[ perf record: Captured and wrote 5930.172 MB /leonardo_scratch/large/userexternal/ctica000/perf/with_IO/sequential_write/perf_22713322/perf.data.rank7 (735852 samples) ]
Warning:
Processed 765274 events and lost 2 chunks!

Check IO/CPU overload!

Warning:
Processed 765193 events and lost 1 chunks!

Check IO/CPU overload!

[ perf record: Captured and wrote 5922.008 MB /leonardo_scratch/large/userexternal/ctica000/perf/with_IO/sequential_write/perf_22713322/perf.data.rank5 (734925 samples) ]
[ perf record: Captured and wrote 5915.983 MB /leonardo_scratch/large/userexternal/ctica000/perf/with_IO/sequential_write/perf_22713322/perf.data.rank6 (734177 samples) ]
[ perf record: Captured and wrote 5928.035 MB /leonardo_scratch/large/userexternal/ctica000/perf/with_IO/sequential_write/perf_22713322/perf.data.rank14 (735686 samples) ]
[ perf record: Captured and wrote 5925.810 MB /leonardo_scratch/large/userexternal/ctica000/perf/with_IO/sequential_write/perf_22713322/perf.data.rank12 (735410 samples) ]
[ perf record: Captured and wrote 5914.449 MB /leonardo_scratch/large/userexternal/ctica000/perf/with_IO/sequential_write/perf_22713322/perf.data.rank4 (733987 samples) ]
[ perf record: Captured and wrote 5929.070 MB /leonardo_scratch/large/userexternal/ctica000/perf/with_IO/sequential_write/perf_22713322/perf.data.rank13 (735814 samples) ]
[ perf record: Captured and wrote 5937.142 MB /leonardo_scratch/large/userexternal/ctica000/perf/with_IO/sequential_write/perf_22713322/perf.data.rank10 (736716 samples) ]
[ perf record: Captured and wrote 5928.530 MB /leonardo_scratch/large/userexternal/ctica000/perf/with_IO/sequential_write/perf_22713322/perf.data.rank8 (735648 samples) ]
[ perf record: Captured and wrote 5923.601 MB /leonardo_scratch/large/userexternal/ctica000/perf/with_IO/sequential_write/perf_22713322/perf.data.rank11 (735123 samples) ]
[ perf record: Captured and wrote 5923.177 MB /leonardo_scratch/large/userexternal/ctica000/perf/with_IO/sequential_write/perf_22713322/perf.data.rank15 (735074 samples) ]
[ perf record: Captured and wrote 5922.684 MB /leonardo_scratch/large/userexternal/ctica000/perf/with_IO/sequential_write/perf_22713322/perf.data.rank9 (734916 samples) ]
[ perf record: Woken up 23512 times to write data ]
[ perf record: Woken up 25943 times to write data ]
[ perf record: Woken up 23636 times to write data ]
[ perf record: Woken up 25833 times to write data ]
Warning:
Processed 757435 events and lost 1 chunks!

Check IO/CPU overload!

[ perf record: Captured and wrote 5878.467 MB /leonardo_scratch/large/userexternal/ctica000/perf/with_IO/sequential_write/perf_22713322/perf.data.rank2 (729521 samples) ]
[ perf record: Captured and wrote 5866.933 MB /leonardo_scratch/large/userexternal/ctica000/perf/with_IO/sequential_write/perf_22713322/perf.data.rank3 (728090 samples) ]
[ perf record: Captured and wrote 5860.424 MB /leonardo_scratch/large/userexternal/ctica000/perf/with_IO/sequential_write/perf_22713322/perf.data.rank1 (727282 samples) ]
[ perf record: Captured and wrote 6118.907 MB /leonardo_scratch/large/userexternal/ctica000/perf/with_IO/sequential_write/perf_22713322/perf.data.rank0 (756547 samples) ]
