[ perf record: Woken up 23524 times to write data ]
[ perf record: Woken up 23574 times to write data ]
[ perf record: Woken up 23613 times to write data ]
[ perf record: Woken up 23541 times to write data ]
[ perf record: Woken up 23560 times to write data ]
[ perf record: Woken up 23555 times to write data ]
[ perf record: Woken up 23565 times to write data ]
[ perf record: Woken up 23657 times to write data ]
[ perf record: Woken up 23573 times to write data ]
[ perf record: Woken up 23556 times to write data ]
[ perf record: Woken up 25152 times to write data ]
[ perf record: Woken up 24871 times to write data ]
Warning:
Processed 760983 events and lost 1 chunks!

Check IO/CPU overload!

Warning:
Processed 759929 events and lost 1 chunks!

Check IO/CPU overload!

Warning:
Processed 760182 events and lost 1 chunks!

Check IO/CPU overload!

[ perf record: Captured and wrote 5893.692 MB /leonardo_scratch/large/userexternal/ctica000/perf/with_IO/sequential_write/perf_22707085/perf.data.rank8 (731324 samples) ]
[ perf record: Captured and wrote 5889.014 MB /leonardo_scratch/large/userexternal/ctica000/perf/with_IO/sequential_write/perf_22707085/perf.data.rank9 (730737 samples) ]
[ perf record: Captured and wrote 5881.344 MB /leonardo_scratch/large/userexternal/ctica000/perf/with_IO/sequential_write/perf_22707085/perf.data.rank6 (729878 samples) ]
[ perf record: Captured and wrote 5895.985 MB /leonardo_scratch/large/userexternal/ctica000/perf/with_IO/sequential_write/perf_22707085/perf.data.rank7 (731609 samples) ]
[ perf record: Captured and wrote 5889.540 MB /leonardo_scratch/large/userexternal/ctica000/perf/with_IO/sequential_write/perf_22707085/perf.data.rank12 (730908 samples) ]
[ perf record: Captured and wrote 5890.536 MB /leonardo_scratch/large/userexternal/ctica000/perf/with_IO/sequential_write/perf_22707085/perf.data.rank15 (731023 samples) ]
[ perf record: Captured and wrote 5903.778 MB /leonardo_scratch/large/userexternal/ctica000/perf/with_IO/sequential_write/perf_22707085/perf.data.rank10 (732575 samples) ]
[ perf record: Captured and wrote 5886.325 MB /leonardo_scratch/large/userexternal/ctica000/perf/with_IO/sequential_write/perf_22707085/perf.data.rank11 (730497 samples) ]
[ perf record: Captured and wrote 5885.669 MB /leonardo_scratch/large/userexternal/ctica000/perf/with_IO/sequential_write/perf_22707085/perf.data.rank5 (730414 samples) ]
[ perf record: Captured and wrote 5879.606 MB /leonardo_scratch/large/userexternal/ctica000/perf/with_IO/sequential_write/perf_22707085/perf.data.rank4 (729662 samples) ]
[ perf record: Captured and wrote 5891.764 MB /leonardo_scratch/large/userexternal/ctica000/perf/with_IO/sequential_write/perf_22707085/perf.data.rank14 (731184 samples) ]
[ perf record: Captured and wrote 5893.857 MB /leonardo_scratch/large/userexternal/ctica000/perf/with_IO/sequential_write/perf_22707085/perf.data.rank13 (731444 samples) ]
[ perf record: Woken up 23310 times to write data ]
[ perf record: Woken up 24905 times to write data ]
[ perf record: Woken up 24342 times to write data ]
[ perf record: Woken up 24318 times to write data ]
Warning:
Processed 755659 events and lost 1 chunks!

Check IO/CPU overload!

[ perf record: Captured and wrote 5838.718 MB /leonardo_scratch/large/userexternal/ctica000/perf/with_IO/sequential_write/perf_22707085/perf.data.rank3 (724588 samples) ]
[ perf record: Captured and wrote 5846.335 MB /leonardo_scratch/large/userexternal/ctica000/perf/with_IO/sequential_write/perf_22707085/perf.data.rank2 (725533 samples) ]
[ perf record: Captured and wrote 5827.973 MB /leonardo_scratch/large/userexternal/ctica000/perf/with_IO/sequential_write/perf_22707085/perf.data.rank1 (723254 samples) ]
[ perf record: Captured and wrote 6079.999 MB /leonardo_scratch/large/userexternal/ctica000/perf/with_IO/sequential_write/perf_22707085/perf.data.rank0 (751717 samples) ]
