Failing in Thread:1
Accelerator Fatal Error: call to cuStreamSynchronize returned error 719 (CUDA_ERROR_LAUNCH_FAILED): Launch failed (often invalid pointer dereference)
 File: /leonardo/home/userexternal/ctica000/MS_thesis/RegCM/Main/mod_output.F90
 Function: output:60
 Line: 1053

Failing in Thread:1
Accelerator Fatal Error: call to cuStreamSynchronize returned error 719 (CUDA_ERROR_LAUNCH_FAILED): Launch failed (often invalid pointer dereference)
 File: /leonardo/home/userexternal/ctica000/MS_thesis/RegCM/Main/mod_output.F90
 Function: output:60
 Line: 1053

Failing in Thread:1
Accelerator Fatal Error: call to cuStreamSynchronize returned error 719 (CUDA_ERROR_LAUNCH_FAILED): Launch failed (often invalid pointer dereference)
 File: /leonardo/home/userexternal/ctica000/MS_thesis/RegCM/Main/mod_output.F90
 Function: output:60
 Line: 1053

Failing in Thread:1
Accelerator Fatal Error: call to cuStreamSynchronize returned error 719 (CUDA_ERROR_LAUNCH_FAILED): Launch failed (often invalid pointer dereference)
 File: /leonardo/home/userexternal/ctica000/MS_thesis/RegCM/Main/mod_output.F90
 Function: output:60
 Line: 1053

Failing in Thread:1
Accelerator Fatal Error: call to cuStreamSynchronize returned error 719 (CUDA_ERROR_LAUNCH_FAILED): Launch failed (often invalid pointer dereference)
 File: /leonardo/home/userexternal/ctica000/MS_thesis/RegCM/Main/mod_output.F90
 Function: output:60
 Line: 1053

Failing in Thread:1
Accelerator Fatal Error: call to cuStreamSynchronize returned error 719 (CUDA_ERROR_LAUNCH_FAILED): Launch failed (often invalid pointer dereference)
 File: /leonardo/home/userexternal/ctica000/MS_thesis/RegCM/Main/mod_output.F90
 Function: output:60
 Line: 1053

Failing in Thread:1
Accelerator Fatal Error: call to cuStreamSynchronize returned error 719 (CUDA_ERROR_LAUNCH_FAILED): Launch failed (often invalid pointer dereference)
 File: /leonardo/home/userexternal/ctica000/MS_thesis/RegCM/Main/mod_output.F90
 Function: output:60
 Line: 1053

Failing in Thread:1
Accelerator Fatal Error: call to cuStreamSynchronize returned error 719 (CUDA_ERROR_LAUNCH_FAILED): Launch failed (often invalid pointer dereference)
 File: /leonardo/home/userexternal/ctica000/MS_thesis/RegCM/Main/mod_output.F90
 Function: output:60
 Line: 1053

Failing in Thread:1
Accelerator Fatal Error: call to cuStreamSynchronize returned error 719 (CUDA_ERROR_LAUNCH_FAILED): Launch failed (often invalid pointer dereference)
 File: /leonardo/home/userexternal/ctica000/MS_thesis/RegCM/Main/mod_output.F90
 Function: output:60
 Line: 1053

Failing in Thread:1
Accelerator Fatal Error: call to cuStreamSynchronize returned error 719 (CUDA_ERROR_LAUNCH_FAILED): Launch failed (often invalid pointer dereference)
 File: /leonardo/home/userexternal/ctica000/MS_thesis/RegCM/Main/mod_output.F90
 Function: output:60
 Line: 1053

Failing in Thread:1
Accelerator Fatal Error: call to cuStreamSynchronize returned error 719 (CUDA_ERROR_LAUNCH_FAILED): Launch failed (often invalid pointer dereference)
 File: /leonardo/home/userexternal/ctica000/MS_thesis/RegCM/Main/mod_output.F90
 Function: output:60
 Line: 1053

Failing in Thread:1
Accelerator Fatal Error: call to cuStreamSynchronize returned error 719 (CUDA_ERROR_LAUNCH_FAILED): Launch failed (often invalid pointer dereference)
 File: /leonardo/home/userexternal/ctica000/MS_thesis/RegCM/Main/mod_output.F90
 Function: output:60
 Line: 1053

Failing in Thread:1
Accelerator Fatal Error: call to cuStreamSynchronize returned error 719 (CUDA_ERROR_LAUNCH_FAILED): Launch failed (often invalid pointer dereference)
 File: /leonardo/home/userexternal/ctica000/MS_thesis/RegCM/Main/mod_output.F90
 Function: output:60
 Line: 1053

Failing in Thread:1
Accelerator Fatal Error: call to cuStreamSynchronize returned error 719 (CUDA_ERROR_LAUNCH_FAILED): Launch failed (often invalid pointer dereference)
 File: /leonardo/home/userexternal/ctica000/MS_thesis/RegCM/Main/mod_output.F90
 Function: output:60
 Line: 1053

Failing in Thread:1
Accelerator Fatal Error: call to cuStreamSynchronize returned error 719 (CUDA_ERROR_LAUNCH_FAILED): Launch failed (often invalid pointer dereference)
 File: /leonardo/home/userexternal/ctica000/MS_thesis/RegCM/Main/mod_output.F90
 Function: output:60
 Line: 1053

Failing in Thread:1
Accelerator Fatal Error: call to cuStreamSynchronize returned error 719 (CUDA_ERROR_LAUNCH_FAILED): Launch failed (often invalid pointer dereference)
 File: /leonardo/home/userexternal/ctica000/MS_thesis/RegCM/Main/mod_output.F90
 Function: output:60
 Line: 1053

[ perf record: Woken up 3059 times to write data ]
[ perf record: Woken up 3060 times to write data ]
[ perf record: Woken up 3055 times to write data ]
[ perf record: Woken up 2870 times to write data ]
[ perf record: Woken up 3057 times to write data ]
[ perf record: Woken up 3056 times to write data ]
[ perf record: Woken up 3060 times to write data ]
[ perf record: Woken up 3061 times to write data ]
[ perf record: Woken up 2844 times to write data ]
[ perf record: Woken up 3056 times to write data ]
[ perf record: Woken up 3060 times to write data ]
Warning:
Processed 100669 events and lost 1 chunks!

Check IO/CPU overload!

[ perf record: Woken up 3059 times to write data ]
[ perf record: Woken up 4162 times to write data ]
[ perf record: Woken up 4384 times to write data ]
Warning:
Processed 101000 events and lost 1 chunks!

Check IO/CPU overload!

[ perf record: Woken up 3056 times to write data ]
[ perf record: Captured and wrote 764.392 MB /leonardo_scratch/large/userexternal/ctica000/perf/with_IO/sequential_write/perf_22719751/perf.data.rank4 (94825 samples) ]
[ perf record: Captured and wrote 765.194 MB /leonardo_scratch/large/userexternal/ctica000/perf/with_IO/sequential_write/perf_22719751/perf.data.rank7 (94922 samples) ]
[ perf record: Captured and wrote 765.055 MB /leonardo_scratch/large/userexternal/ctica000/perf/with_IO/sequential_write/perf_22719751/perf.data.rank6 (94907 samples) ]
[ perf record: Captured and wrote 764.387 MB /leonardo_scratch/large/userexternal/ctica000/perf/with_IO/sequential_write/perf_22719751/perf.data.rank9 (94820 samples) ]
[ perf record: Captured and wrote 765.421 MB /leonardo_scratch/large/userexternal/ctica000/perf/with_IO/sequential_write/perf_22719751/perf.data.rank8 (94950 samples) ]
[ perf record: Captured and wrote 765.732 MB /leonardo_scratch/large/userexternal/ctica000/perf/with_IO/sequential_write/perf_22719751/perf.data.rank10 (94988 samples) ]
[ perf record: Captured and wrote 711.179 MB /leonardo_scratch/large/userexternal/ctica000/perf/with_IO/sequential_write/perf_22719751/perf.data.rank3 (88221 samples) ]
[ perf record: Captured and wrote 717.936 MB /leonardo_scratch/large/userexternal/ctica000/perf/with_IO/sequential_write/perf_22719751/perf.data.rank2 (89059 samples) ]
[ perf record: Captured and wrote 764.951 MB /leonardo_scratch/large/userexternal/ctica000/perf/with_IO/sequential_write/perf_22719751/perf.data.rank5 (94894 samples) ]
[ perf record: Captured and wrote 764.766 MB /leonardo_scratch/large/userexternal/ctica000/perf/with_IO/sequential_write/perf_22719751/perf.data.rank12 (94872 samples) ]
[ perf record: Captured and wrote 764.492 MB /leonardo_scratch/large/userexternal/ctica000/perf/with_IO/sequential_write/perf_22719751/perf.data.rank15 (94839 samples) ]
[ perf record: Captured and wrote 720.822 MB /leonardo_scratch/large/userexternal/ctica000/perf/with_IO/sequential_write/perf_22719751/perf.data.rank1 (89418 samples) ]
[ perf record: Captured and wrote 765.056 MB /leonardo_scratch/large/userexternal/ctica000/perf/with_IO/sequential_write/perf_22719751/perf.data.rank11 (94908 samples) ]
[ perf record: Captured and wrote 765.278 MB /leonardo_scratch/large/userexternal/ctica000/perf/with_IO/sequential_write/perf_22719751/perf.data.rank13 (94936 samples) ]
[ perf record: Captured and wrote 764.068 MB /leonardo_scratch/large/userexternal/ctica000/perf/with_IO/sequential_write/perf_22719751/perf.data.rank14 (94786 samples) ]
[ perf record: Woken up 3602 times to write data ]
[ perf record: Captured and wrote 900.775 MB /leonardo_scratch/large/userexternal/ctica000/perf/with_IO/sequential_write/perf_22719751/perf.data.rank0 (111479 samples) ]
slurmstepd: error:  mpi/pmix_v3: _errhandler: lrdn1807 [1]: pmixp_client_v2.c:212: Error handler invoked: status = -25, source = [slurm.pmix.22719751.0:7]
srun: Job step aborted: Waiting up to 182 seconds for job step to finish.
slurmstepd: error: *** STEP 22719751.0 ON lrdn1801 CANCELLED AT 2025-10-26T23:02:51 ***
slurmstepd: error:  mpi/pmix_v3: _errhandler: lrdn1813 [2]: pmixp_client_v2.c:212: Error handler invoked: status = -25, source = [slurm.pmix.22719751.0:8]
slurmstepd: error:  mpi/pmix_v3: _errhandler: lrdn1814 [3]: pmixp_client_v2.c:212: Error handler invoked: status = -25, source = [slurm.pmix.22719751.0:12]
srun: error: lrdn1801: task 0: Killed
srun: error: lrdn1801: tasks 1-3: Exited with exit code 1
srun: error: lrdn1807: tasks 4-7: Killed
srun: error: lrdn1813: tasks 8-11: Killed
srun: error: lrdn1814: tasks 12-15: Killed
