[lrdn0302:1757977:0:1757977] Caught signal 11 (Segmentation fault: address not mapped to object at address 0x120000f04)
[lrdn0204:1980943:0:1980943] Caught signal 11 (Segmentation fault: address not mapped to object at address 0x120000f04)
[lrdn0302:1757974:0:1757974] Caught signal 11 (Segmentation fault: address not mapped to object at address 0x120000f04)
[lrdn0255:2458578:0:2458578] Caught signal 11 (Segmentation fault: address not mapped to object at address 0x120000f04)
[lrdn0302:1757975:0:1757975] Caught signal 11 (Segmentation fault: address not mapped to object at address 0x120000f04)
[lrdn0302:1757976:0:1757976] Caught signal 11 (Segmentation fault: address not mapped to object at address 0x120000f04)
[lrdn0273:2413296:0:2413296] Caught signal 11 (Segmentation fault: address not mapped to object at address 0x120000f04)
[lrdn0204:1980944:0:1980944] Caught signal 11 (Segmentation fault: address not mapped to object at address 0x120000f04)
[lrdn0204:1980942:0:1980942] Caught signal 11 (Segmentation fault: address not mapped to object at address 0x120000f04)
[lrdn0273:2413293:0:2413293] Caught signal 11 (Segmentation fault: address not mapped to object at address 0x120000f04)
[lrdn0204:1980941:0:1980941] Caught signal 11 (Segmentation fault: address not mapped to object at address 0x120000f04)
[lrdn0255:2458579:0:2458579] Caught signal 11 (Segmentation fault: address not mapped to object at address 0x120000f04)
[lrdn0255:2458577:0:2458577] Caught signal 11 (Segmentation fault: address not mapped to object at address 0x120000f04)
[lrdn0255:2458576:0:2458576] Caught signal 11 (Segmentation fault: address not mapped to object at address 0x120000f04)
[lrdn0273:2413294:0:2413294] Caught signal 11 (Segmentation fault: address not mapped to object at address 0x120000f04)
[lrdn0273:2413295:0:2413295] Caught signal 11 (Segmentation fault: address not mapped to object at address 0x120000f04)
==== backtrace (tid:1757977) ====
 0 0x0000000000012cf0 __funlockfile()  :0
 1 0x000000000000ba4f __pgi_uacc_cuda_dataup1()  /proj/build/24A/Linux_x86_64/rte/accel-uni/build/Linux_x86_64/../../src/cuda_dataup1.c:88
 2 0x00000000000370fc __pgi_uacc_dataup1()  /proj/build/24A/Linux_x86_64/rte/accel-uni/build/Linux_x86_64/../../src/dataup1.c:58
 3 0x0000000000037920 __pgi_uacc_dataupx()  /proj/build/24A/Linux_x86_64/rte/accel-uni/build/Linux_x86_64/../../src/dataupx.c:123
 4 0x0000000000034d5a __pgi_uacc_dataonb()  /proj/build/24A/Linux_x86_64/rte/accel-uni/build/Linux_x86_64/../../src/dataonb.c:613
 5 0x0000000000810ec5 mod_output_output_()  /leonardo/home/userexternal/ctica000/MS_thesis/RegCM/Share/pfwsat.inc:1052
 6 0x00000000004496be mod_regcm_interface_rcm_run_()  /leonardo/home/userexternal/ctica000/MS_thesis/RegCM/Main/mod_regcm_interface.F90:281
 7 0x0000000000a25d57 MAIN_()  /leonardo/home/userexternal/ctica000/MS_thesis/RegCM/Main/regcm.F90:83
 8 0x00000000004484b1 main()  ???:0
 9 0x000000000003ad85 __libc_start_main()  ???:0
10 0x000000000044839e _start()  ???:0
=================================
==== backtrace (tid:1757976) ====
[lrdn0302:1757977] *** Process received signal ***
[lrdn0302:1757977] Signal: Segmentation fault (11)
[lrdn0302:1757977] Signal code:  (-6)
[lrdn0302:1757977] Failing at address: 0x1f485001ad319
 0 0x0000000000012cf0 __funlockfile()  :0
 1 0x000000000000ba4f __pgi_uacc_cuda_dataup1()  /proj/build/24A/Linux_x86_64/rte/accel-uni/build/Linux_x86_64/../../src/cuda_dataup1.c:88
 2 0x00000000000370fc __pgi_uacc_dataup1()  /proj/build/24A/Linux_x86_64/rte/accel-uni/build/Linux_x86_64/../../src/dataup1.c:58
 3 0x0000000000037920 __pgi_uacc_dataupx()  /proj/build/24A/Linux_x86_64/rte/accel-uni/build/Linux_x86_64/../../src/dataupx.c:123
 4 0x0000000000034d5a __pgi_uacc_dataonb()  /proj/build/24A/Linux_x86_64/rte/accel-uni/build/Linux_x86_64/../../src/dataonb.c:613
 5 0x0000000000810ec5 mod_output_output_()  /leonardo/home/userexternal/ctica000/MS_thesis/RegCM/Share/pfwsat.inc:1052
 6 0x00000000004496be mod_regcm_interface_rcm_run_()  /leonardo/home/userexternal/ctica000/MS_thesis/RegCM/Main/mod_regcm_interface.F90:281
 7 0x0000000000a25d57 MAIN_()  /leonardo/home/userexternal/ctica000/MS_thesis/RegCM/Main/regcm.F90:83
 8 0x00000000004484b1 main()  ???:0
 9 0x000000000003ad85 __libc_start_main()  ???:0
10 0x000000000044839e _start()  ???:0
=================================
[lrdn0302:1757977] [ 0] /lib64/libpthread.so.0(+0x12cf0)[0x14b6e9801cf0]
[lrdn0302:1757976] *** Process received signal ***
[lrdn0302:1757976] Signal: Segmentation fault (11)
[lrdn0302:1757976] Signal code:  (-6)
[lrdn0302:1757976] Failing at address: 0x1f485001ad318
[lrdn0302:1757977] [ 1] /leonardo/prod/spack/06/install/0.22/linux-rhel8-icelake/gcc-8.5.0/nvhpc-24.5-torlmnyzcexnrs6pq4cccabv7ehkv3xy/Linux_x86_64/24.5/compilers/lib/libaccdevice.so(__pgi_uacc_cuda_dataup1+0xebf)[0x14b6ed77aa4f]
[lrdn0302:1757977] [ 2] /leonardo/prod/spack/06/install/0.22/linux-rhel8-icelake/gcc-8.5.0/nvhpc-24.5-torlmnyzcexnrs6pq4cccabv7ehkv3xy/Linux_x86_64/24.5/compilers/lib/libacchost.so(__pgi_uacc_dataup1+0x14c)[0x14b6edcef0fc]
[lrdn0302:1757977] [ 3] /leonardo/prod/spack/06/install/0.22/linux-rhel8-icelake/gcc-8.5.0/nvhpc-24.5-torlmnyzcexnrs6pq4cccabv7ehkv3xy/Linux_x86_64/24.5/compilers/lib/libacchost.so(__pgi_uacc_dataupx+0x3b0)[0x14b6edcef920]
[lrdn0302:1757977] [ 4] /leonardo/prod/spack/06/install/0.22/linux-rhel8-icelake/gcc-8.5.0/nvhpc-24.5-torlmnyzcexnrs6pq4cccabv7ehkv3xy/Linux_x86_64/24.5/compilers/lib/libacchost.so(__pgi_uacc_dataonb+0x85a)[0x14b6edcecd5a]
[lrdn0302:1757977] [ 5] /leonardo/home/userexternal/ctica000/MS_thesis/RegCM/bin/regcmMPICLM45_OPENACC_GPU_STDPAR(mod_output_output_+0x50bc5)[0x810ec5]
[lrdn0302:1757976] [ 0] /lib64/libpthread.so.0(+0x12cf0)[0x14aed0e7fcf0]
==== backtrace (tid:2413295) ====
[lrdn0302:1757976] [ 1] /leonardo/prod/spack/06/install/0.22/linux-rhel8-icelake/gcc-8.5.0/nvhpc-24.5-torlmnyzcexnrs6pq4cccabv7ehkv3xy/Linux_x86_64/24.5/compilers/lib/libaccdevice.so(__pgi_uacc_cuda_dataup1+0xebf)[0x14aed4df8a4f]
[lrdn0302:1757976] [ 2] /leonardo/prod/spack/06/install/0.22/linux-rhel8-icelake/gcc-8.5.0/nvhpc-24.5-torlmnyzcexnrs6pq4cccabv7ehkv3xy/Linux_x86_64/24.5/compilers/lib/libacchost.so(__pgi_uacc_dataup1+0x14c)[0x14aed536d0fc]
[lrdn0302:1757976] [ 3] /leonardo/prod/spack/06/install/0.22/linux-rhel8-icelake/gcc-8.5.0/nvhpc-24.5-torlmnyzcexnrs6pq4cccabv7ehkv3xy/Linux_x86_64/24.5/compilers/lib/libacchost.so(__pgi_uacc_dataupx+0x3b0)[0x14aed536d920]
[lrdn0302:1757976] [ 4] /leonardo/prod/spack/06/install/0.22/linux-rhel8-icelake/gcc-8.5.0/nvhpc-24.5-torlmnyzcexnrs6pq4cccabv7ehkv3xy/Linux_x86_64/24.5/compilers/lib/libacchost.so(__pgi_uacc_dataonb+0x85a)[0x14aed536ad5a]
[lrdn0302:1757976] [ 5] /leonardo/home/userexternal/ctica000/MS_thesis/RegCM/bin/regcmMPICLM45_OPENACC_GPU_STDPAR(mod_output_output_+0x50bc5)[0x810ec5]
 0 0x0000000000012cf0 __funlockfile()  :0
 1 0x000000000000ba4f __pgi_uacc_cuda_dataup1()  /proj/build/24A/Linux_x86_64/rte/accel-uni/build/Linux_x86_64/../../src/cuda_dataup1.c:88
 2 0x00000000000370fc __pgi_uacc_dataup1()  /proj/build/24A/Linux_x86_64/rte/accel-uni/build/Linux_x86_64/../../src/dataup1.c:58
 3 0x0000000000037920 __pgi_uacc_dataupx()  /proj/build/24A/Linux_x86_64/rte/accel-uni/build/Linux_x86_64/../../src/dataupx.c:123
 4 0x0000000000034d5a __pgi_uacc_dataonb()  /proj/build/24A/Linux_x86_64/rte/accel-uni/build/Linux_x86_64/../../src/dataonb.c:613
 5 0x0000000000810ec5 mod_output_output_()  /leonardo/home/userexternal/ctica000/MS_thesis/RegCM/Share/pfwsat.inc:1052
 6 0x00000000004496be mod_regcm_interface_rcm_run_()  /leonardo/home/userexternal/ctica000/MS_thesis/RegCM/Main/mod_regcm_interface.F90:281
 7 0x0000000000a25d57 MAIN_()  /leonardo/home/userexternal/ctica000/MS_thesis/RegCM/Main/regcm.F90:83
 8 0x00000000004484b1 main()  ???:0
 9 0x000000000003ad85 __libc_start_main()  ???:0
10 0x000000000044839e _start()  ???:0
=================================
[lrdn0273:2413295] *** Process received signal ***
[lrdn0273:2413295] Signal: Segmentation fault (11)
[lrdn0273:2413295] Signal code:  (-6)
[lrdn0273:2413295] Failing at address: 0x1f4850024d2ef
[lrdn0273:2413295] [ 0] /lib64/libpthread.so.0(+0x12cf0)[0x149b1c6b9cf0]
[lrdn0273:2413295] [ 1] /leonardo/prod/spack/06/install/0.22/linux-rhel8-icelake/gcc-8.5.0/nvhpc-24.5-torlmnyzcexnrs6pq4cccabv7ehkv3xy/Linux_x86_64/24.5/compilers/lib/libaccdevice.so(__pgi_uacc_cuda_dataup1+0xebf)[0x149b20632a4f]
[lrdn0273:2413295] [ 2] /leonardo/prod/spack/06/install/0.22/linux-rhel8-icelake/gcc-8.5.0/nvhpc-24.5-torlmnyzcexnrs6pq4cccabv7ehkv3xy/Linux_x86_64/24.5/compilers/lib/libacchost.so(__pgi_uacc_dataup1+0x14c)[0x149b20ba70fc]
[lrdn0273:2413295] [ 3] /leonardo/prod/spack/06/install/0.22/linux-rhel8-icelake/gcc-8.5.0/nvhpc-24.5-torlmnyzcexnrs6pq4cccabv7ehkv3xy/Linux_x86_64/24.5/compilers/lib/libacchost.so(__pgi_uacc_dataupx+0x3b0)[0x149b20ba7920]
[lrdn0273:2413295] [ 4] /leonardo/prod/spack/06/install/0.22/linux-rhel8-icelake/gcc-8.5.0/nvhpc-24.5-torlmnyzcexnrs6pq4cccabv7ehkv3xy/Linux_x86_64/24.5/compilers/lib/libacchost.so(__pgi_uacc_dataonb+0x85a)[0x149b20ba4d5a]
[lrdn0302:1757977] [ 6] /leonardo/home/userexternal/ctica000/MS_thesis/RegCM/bin/regcmMPICLM45_OPENACC_GPU_STDPAR(mod_regcm_interface_rcm_run_+0x7e)[0x4496be]
[lrdn0273:2413295] [ 5] /leonardo/home/userexternal/ctica000/MS_thesis/RegCM/bin/regcmMPICLM45_OPENACC_GPU_STDPAR(mod_output_output_+0x50bc5)[0x810ec5]
[lrdn0302:1757976] [ 6] /leonardo/home/userexternal/ctica000/MS_thesis/RegCM/bin/regcmMPICLM45_OPENACC_GPU_STDPAR(mod_regcm_interface_rcm_run_+0x7e)[0x4496be]
[lrdn0302:1757976] [ 7] /leonardo/home/userexternal/ctica000/MS_thesis/RegCM/bin/regcmMPICLM45_OPENACC_GPU_STDPAR(MAIN_+0xd7)[0xa25d57]
[lrdn0302:1757976] [ 8] /leonardo/home/userexternal/ctica000/MS_thesis/RegCM/bin/regcmMPICLM45_OPENACC_GPU_STDPAR(main+0x31)[0x4484b1]
[lrdn0302:1757977] [ 7] /leonardo/home/userexternal/ctica000/MS_thesis/RegCM/bin/regcmMPICLM45_OPENACC_GPU_STDPAR(MAIN_+0xd7)[0xa25d57]
[lrdn0302:1757977] [ 8] /leonardo/home/userexternal/ctica000/MS_thesis/RegCM/bin/regcmMPICLM45_OPENACC_GPU_STDPAR(main+0x31)[0x4484b1]
[lrdn0302:1757976] [ 9] /lib64/libc.so.6(__libc_start_main+0xe5)[0x14aed0209d85]
[lrdn0302:1757977] [ 9] /lib64/libc.so.6(__libc_start_main+0xe5)[0x14b6e8b8bd85]
[lrdn0302:1757976] [10] /leonardo/home/userexternal/ctica000/MS_thesis/RegCM/bin/regcmMPICLM45_OPENACC_GPU_STDPAR(_start+0x2e)[0x44839e]
[lrdn0302:1757976] *** End of error message ***
[lrdn0302:1757977] [10] /leonardo/home/userexternal/ctica000/MS_thesis/RegCM/bin/regcmMPICLM45_OPENACC_GPU_STDPAR(_start+0x2e)[0x44839e]
[lrdn0302:1757977] *** End of error message ***
[lrdn0273:2413295] [ 6] /leonardo/home/userexternal/ctica000/MS_thesis/RegCM/bin/regcmMPICLM45_OPENACC_GPU_STDPAR(mod_regcm_interface_rcm_run_+0x7e)[0x4496be]
[lrdn0273:2413295] [ 7] /leonardo/home/userexternal/ctica000/MS_thesis/RegCM/bin/regcmMPICLM45_OPENACC_GPU_STDPAR(MAIN_+0xd7)[0xa25d57]
[lrdn0273:2413295] [ 8] /leonardo/home/userexternal/ctica000/MS_thesis/RegCM/bin/regcmMPICLM45_OPENACC_GPU_STDPAR(main+0x31)[0x4484b1]
[lrdn0273:2413295] [ 9] /lib64/libc.so.6(__libc_start_main+0xe5)[0x149b1ba43d85]
[lrdn0273:2413295] [10] /leonardo/home/userexternal/ctica000/MS_thesis/RegCM/bin/regcmMPICLM45_OPENACC_GPU_STDPAR(_start+0x2e)[0x44839e]
[lrdn0273:2413295] *** End of error message ***
==== backtrace (tid:1757974) ====
 0 0x0000000000012cf0 __funlockfile()  :0
 1 0x000000000000ba4f __pgi_uacc_cuda_dataup1()  /proj/build/24A/Linux_x86_64/rte/accel-uni/build/Linux_x86_64/../../src/cuda_dataup1.c:88
 2 0x00000000000370fc __pgi_uacc_dataup1()  /proj/build/24A/Linux_x86_64/rte/accel-uni/build/Linux_x86_64/../../src/dataup1.c:58
 3 0x0000000000037920 __pgi_uacc_dataupx()  /proj/build/24A/Linux_x86_64/rte/accel-uni/build/Linux_x86_64/../../src/dataupx.c:123
 4 0x0000000000034d5a __pgi_uacc_dataonb()  /proj/build/24A/Linux_x86_64/rte/accel-uni/build/Linux_x86_64/../../src/dataonb.c:613
 5 0x0000000000810ec5 mod_output_output_()  /leonardo/home/userexternal/ctica000/MS_thesis/RegCM/Share/pfwsat.inc:1052
 6 0x00000000004496be mod_regcm_interface_rcm_run_()  /leonardo/home/userexternal/ctica000/MS_thesis/RegCM/Main/mod_regcm_interface.F90:281
 7 0x0000000000a25d57 MAIN_()  /leonardo/home/userexternal/ctica000/MS_thesis/RegCM/Main/regcm.F90:83
 8 0x00000000004484b1 main()  ???:0
 9 0x000000000003ad85 __libc_start_main()  ???:0
10 0x000000000044839e _start()  ???:0
=================================
[lrdn0302:1757974] *** Process received signal ***
[lrdn0302:1757974] Signal: Segmentation fault (11)
[lrdn0302:1757974] Signal code:  (-6)
[lrdn0302:1757974] Failing at address: 0x1f485001ad316
[lrdn0302:1757974] [ 0] /lib64/libpthread.so.0(+0x12cf0)[0x14a63c68ccf0]
[lrdn0302:1757974] [ 1] /leonardo/prod/spack/06/install/0.22/linux-rhel8-icelake/gcc-8.5.0/nvhpc-24.5-torlmnyzcexnrs6pq4cccabv7ehkv3xy/Linux_x86_64/24.5/compilers/lib/libaccdevice.so(__pgi_uacc_cuda_dataup1+0xebf)[0x14a640605a4f]
[lrdn0302:1757974] [ 2] /leonardo/prod/spack/06/install/0.22/linux-rhel8-icelake/gcc-8.5.0/nvhpc-24.5-torlmnyzcexnrs6pq4cccabv7ehkv3xy/Linux_x86_64/24.5/compilers/lib/libacchost.so(__pgi_uacc_dataup1+0x14c)[0x14a640b7a0fc]
[lrdn0302:1757974] [ 3] /leonardo/prod/spack/06/install/0.22/linux-rhel8-icelake/gcc-8.5.0/nvhpc-24.5-torlmnyzcexnrs6pq4cccabv7ehkv3xy/Linux_x86_64/24.5/compilers/lib/libacchost.so(__pgi_uacc_dataupx+0x3b0)[0x14a640b7a920]
[lrdn0302:1757974] [ 4] /leonardo/prod/spack/06/install/0.22/linux-rhel8-icelake/gcc-8.5.0/nvhpc-24.5-torlmnyzcexnrs6pq4cccabv7ehkv3xy/Linux_x86_64/24.5/compilers/lib/libacchost.so(__pgi_uacc_dataonb+0x85a)[0x14a640b77d5a]
[lrdn0302:1757974] [ 5] /leonardo/home/userexternal/ctica000/MS_thesis/RegCM/bin/regcmMPICLM45_OPENACC_GPU_STDPAR(mod_output_output_+0x50bc5)[0x810ec5]
[lrdn0302:1757974] [ 6] /leonardo/home/userexternal/ctica000/MS_thesis/RegCM/bin/regcmMPICLM45_OPENACC_GPU_STDPAR(mod_regcm_interface_rcm_run_+0x7e)[0x4496be]
[lrdn0302:1757974] [ 7] /leonardo/home/userexternal/ctica000/MS_thesis/RegCM/bin/regcmMPICLM45_OPENACC_GPU_STDPAR(MAIN_+0xd7)[0xa25d57]
[lrdn0302:1757974] [ 8] /leonardo/home/userexternal/ctica000/MS_thesis/RegCM/bin/regcmMPICLM45_OPENACC_GPU_STDPAR(main+0x31)[0x4484b1]
[lrdn0302:1757974] [ 9] /lib64/libc.so.6(__libc_start_main+0xe5)[0x14a63ba16d85]
[lrdn0302:1757974] [10] /leonardo/home/userexternal/ctica000/MS_thesis/RegCM/bin/regcmMPICLM45_OPENACC_GPU_STDPAR(_start+0x2e)[0x44839e]
[lrdn0302:1757974] *** End of error message ***
==== backtrace (tid:1980943) ====
 0 0x0000000000012cf0 __funlockfile()  :0
==== backtrace (tid:2413296) ====
 1 0x000000000000ba4f __pgi_uacc_cuda_dataup1()  /proj/build/24A/Linux_x86_64/rte/accel-uni/build/Linux_x86_64/../../src/cuda_dataup1.c:88
 0 0x0000000000012cf0 __funlockfile()  :0
 2 0x00000000000370fc __pgi_uacc_dataup1()  /proj/build/24A/Linux_x86_64/rte/accel-uni/build/Linux_x86_64/../../src/dataup1.c:58
 3 0x0000000000037920 __pgi_uacc_dataupx()  /proj/build/24A/Linux_x86_64/rte/accel-uni/build/Linux_x86_64/../../src/dataupx.c:123
 1 0x000000000000ba4f __pgi_uacc_cuda_dataup1()  /proj/build/24A/Linux_x86_64/rte/accel-uni/build/Linux_x86_64/../../src/cuda_dataup1.c:88
 2 0x00000000000370fc __pgi_uacc_dataup1()  /proj/build/24A/Linux_x86_64/rte/accel-uni/build/Linux_x86_64/../../src/dataup1.c:58
 3 0x0000000000037920 __pgi_uacc_dataupx()  /proj/build/24A/Linux_x86_64/rte/accel-uni/build/Linux_x86_64/../../src/dataupx.c:123
 4 0x0000000000034d5a __pgi_uacc_dataonb()  /proj/build/24A/Linux_x86_64/rte/accel-uni/build/Linux_x86_64/../../src/dataonb.c:613
 5 0x0000000000810ec5 mod_output_output_()  /leonardo/home/userexternal/ctica000/MS_thesis/RegCM/Share/pfwsat.inc:1052
 6 0x00000000004496be mod_regcm_interface_rcm_run_()  /leonardo/home/userexternal/ctica000/MS_thesis/RegCM/Main/mod_regcm_interface.F90:281
 7 0x0000000000a25d57 MAIN_()  /leonardo/home/userexternal/ctica000/MS_thesis/RegCM/Main/regcm.F90:83
 4 0x0000000000034d5a __pgi_uacc_dataonb()  /proj/build/24A/Linux_x86_64/rte/accel-uni/build/Linux_x86_64/../../src/dataonb.c:613
 8 0x00000000004484b1 main()  ???:0
 9 0x000000000003ad85 __libc_start_main()  ???:0
10 0x000000000044839e _start()  ???:0
=================================
==== backtrace (tid:1757975) ====
[lrdn0273:2413296] *** Process received signal ***
 5 0x0000000000810ec5 mod_output_output_()  /leonardo/home/userexternal/ctica000/MS_thesis/RegCM/Share/pfwsat.inc:1052
 6 0x00000000004496be mod_regcm_interface_rcm_run_()  /leonardo/home/userexternal/ctica000/MS_thesis/RegCM/Main/mod_regcm_interface.F90:281
[lrdn0273:2413296] Signal: Segmentation fault (11)
[lrdn0273:2413296] Signal code:  (-6)
[lrdn0273:2413296] Failing at address: 0x1f4850024d2f0
[lrdn0273:2413296] [ 0] /lib64/libpthread.so.0(+0x12cf0)[0x1478be843cf0]
 0 0x0000000000012cf0 __funlockfile()  :0
 1 0x000000000000ba4f __pgi_uacc_cuda_dataup1()  /proj/build/24A/Linux_x86_64/rte/accel-uni/build/Linux_x86_64/../../src/cuda_dataup1.c:88
 2 0x00000000000370fc __pgi_uacc_dataup1()  /proj/build/24A/Linux_x86_64/rte/accel-uni/build/Linux_x86_64/../../src/dataup1.c:58
 3 0x0000000000037920 __pgi_uacc_dataupx()  /proj/build/24A/Linux_x86_64/rte/accel-uni/build/Linux_x86_64/../../src/dataupx.c:123
 4 0x0000000000034d5a __pgi_uacc_dataonb()  /proj/build/24A/Linux_x86_64/rte/accel-uni/build/Linux_x86_64/../../src/dataonb.c:613
 5 0x0000000000810ec5 mod_output_output_()  /leonardo/home/userexternal/ctica000/MS_thesis/RegCM/Share/pfwsat.inc:1052
 6 0x00000000004496be mod_regcm_interface_rcm_run_()  /leonardo/home/userexternal/ctica000/MS_thesis/RegCM/Main/mod_regcm_interface.F90:281
 7 0x0000000000a25d57 MAIN_()  /leonardo/home/userexternal/ctica000/MS_thesis/RegCM/Main/regcm.F90:83
 7 0x0000000000a25d57 MAIN_()  /leonardo/home/userexternal/ctica000/MS_thesis/RegCM/Main/regcm.F90:83
[lrdn0273:2413296] [ 1] /leonardo/prod/spack/06/install/0.22/linux-rhel8-icelake/gcc-8.5.0/nvhpc-24.5-torlmnyzcexnrs6pq4cccabv7ehkv3xy/Linux_x86_64/24.5/compilers/lib/libaccdevice.so(__pgi_uacc_cuda_dataup1+0xebf)[0x1478c27bca4f]
 8 0x00000000004484b1 main()  ???:0
[lrdn0273:2413296] [ 2] /leonardo/prod/spack/06/install/0.22/linux-rhel8-icelake/gcc-8.5.0/nvhpc-24.5-torlmnyzcexnrs6pq4cccabv7ehkv3xy/Linux_x86_64/24.5/compilers/lib/libacchost.so(__pgi_uacc_dataup1+0x14c)[0x1478c2d310fc]
 9 0x000000000003ad85 __libc_start_main()  ???:0
[lrdn0273:2413296] [ 3] /leonardo/prod/spack/06/install/0.22/linux-rhel8-icelake/gcc-8.5.0/nvhpc-24.5-torlmnyzcexnrs6pq4cccabv7ehkv3xy/Linux_x86_64/24.5/compilers/lib/libacchost.so(__pgi_uacc_dataupx+0x3b0)[0x1478c2d31920]
10 0x000000000044839e _start()  ???:0
[lrdn0273:2413296] [ 4] /leonardo/prod/spack/06/install/0.22/linux-rhel8-icelake/gcc-8.5.0/nvhpc-24.5-torlmnyzcexnrs6pq4cccabv7ehkv3xy/Linux_x86_64/24.5/compilers/lib/libacchost.so(__pgi_uacc_dataonb+0x85a)[0x1478c2d2ed5a]
=================================
[lrdn0302:1757975] *** Process received signal ***
[lrdn0302:1757975] Signal: Segmentation fault (11)
[lrdn0302:1757975] Signal code:  (-6)
[lrdn0302:1757975] Failing at address: 0x1f485001ad317
 8 0x00000000004484b1 main()  ???:0
[lrdn0273:2413296] [ 5] /leonardo/home/userexternal/ctica000/MS_thesis/RegCM/bin/regcmMPICLM45_OPENACC_GPU_STDPAR(mod_output_output_+0x50bc5)[0x810ec5]
 9 0x000000000003ad85 __libc_start_main()  ???:0
[lrdn0302:1757975] [ 0] /lib64/libpthread.so.0(+0x12cf0)[0x14d053837cf0]
[lrdn0273:2413296] [ 6] /leonardo/home/userexternal/ctica000/MS_thesis/RegCM/bin/regcmMPICLM45_OPENACC_GPU_STDPAR(mod_regcm_interface_rcm_run_+0x7e)[0x4496be]
[lrdn0302:1757975] [ 1] /leonardo/prod/spack/06/install/0.22/linux-rhel8-icelake/gcc-8.5.0/nvhpc-24.5-torlmnyzcexnrs6pq4cccabv7ehkv3xy/Linux_x86_64/24.5/compilers/lib/libaccdevice.so(__pgi_uacc_cuda_dataup1+0xebf)[0x14d0577b0a4f]
10 0x000000000044839e _start()  ???:0
[lrdn0302:1757975] [ 2] /leonardo/prod/spack/06/install/0.22/linux-rhel8-icelake/gcc-8.5.0/nvhpc-24.5-torlmnyzcexnrs6pq4cccabv7ehkv3xy/Linux_x86_64/24.5/compilers/lib/libacchost.so(__pgi_uacc_dataup1+0x14c)[0x14d057d250fc]
[lrdn0302:1757975] [ 3] /leonardo/prod/spack/06/install/0.22/linux-rhel8-icelake/gcc-8.5.0/nvhpc-24.5-torlmnyzcexnrs6pq4cccabv7ehkv3xy/Linux_x86_64/24.5/compilers/lib/libacchost.so(__pgi_uacc_dataupx+0x3b0)[0x14d057d25920]
[lrdn0273:2413296] [ 7] /leonardo/home/userexternal/ctica000/MS_thesis/RegCM/bin/regcmMPICLM45_OPENACC_GPU_STDPAR(MAIN_+0xd7)[0xa25d57]
[lrdn0273:2413296] [ 8] /leonardo/home/userexternal/ctica000/MS_thesis/RegCM/bin/regcmMPICLM45_OPENACC_GPU_STDPAR(main+0x31)[0x4484b1]
=================================
[lrdn0302:1757975] [ 4] /leonardo/prod/spack/06/install/0.22/linux-rhel8-icelake/gcc-8.5.0/nvhpc-24.5-torlmnyzcexnrs6pq4cccabv7ehkv3xy/Linux_x86_64/24.5/compilers/lib/libacchost.so(__pgi_uacc_dataonb+0x85a)[0x14d057d22d5a]
[lrdn0302:1757975] [ 5] /leonardo/home/userexternal/ctica000/MS_thesis/RegCM/bin/regcmMPICLM45_OPENACC_GPU_STDPAR(mod_output_output_+0x50bc5)[0x810ec5]
[lrdn0273:2413296] [ 9] /lib64/libc.so.6(__libc_start_main+0xe5)[0x1478bdbcdd85]
[lrdn0273:2413296] [10] /leonardo/home/userexternal/ctica000/MS_thesis/RegCM/bin/regcmMPICLM45_OPENACC_GPU_STDPAR(_start+0x2e)[0x44839e]
[lrdn0302:1757975] [ 6] /leonardo/home/userexternal/ctica000/MS_thesis/RegCM/bin/regcmMPICLM45_OPENACC_GPU_STDPAR(mod_regcm_interface_rcm_run_+0x7e)[0x4496be]
[lrdn0204:1980943] *** Process received signal ***
[lrdn0302:1757975] [ 7] /leonardo/home/userexternal/ctica000/MS_thesis/RegCM/bin/regcmMPICLM45_OPENACC_GPU_STDPAR(MAIN_+0xd7)[0xa25d57]
[lrdn0273:2413296] *** End of error message ***
[lrdn0302:1757975] [ 8] /leonardo/home/userexternal/ctica000/MS_thesis/RegCM/bin/regcmMPICLM45_OPENACC_GPU_STDPAR(main+0x31)[0x4484b1]
[lrdn0204:1980943] Signal: Segmentation fault (11)
[lrdn0204:1980943] Signal code:  (-6)
[lrdn0204:1980943] Failing at address: 0x1f485001e3a0f
[lrdn0302:1757975] [ 9] /lib64/libc.so.6(__libc_start_main+0xe5)[0x14d052bc1d85]
[lrdn0302:1757975] [10] /leonardo/home/userexternal/ctica000/MS_thesis/RegCM/bin/regcmMPICLM45_OPENACC_GPU_STDPAR(_start+0x2e)[0x44839e]
[lrdn0302:1757975] *** End of error message ***
[lrdn0204:1980943] [ 0] /lib64/libpthread.so.0(+0x12cf0)[0x1524abb88cf0]
[lrdn0204:1980943] [ 1] /leonardo/prod/spack/06/install/0.22/linux-rhel8-icelake/gcc-8.5.0/nvhpc-24.5-torlmnyzcexnrs6pq4cccabv7ehkv3xy/Linux_x86_64/24.5/compilers/lib/libaccdevice.so(__pgi_uacc_cuda_dataup1+0xebf)[0x1524afb01a4f]
[lrdn0204:1980943] [ 2] /leonardo/prod/spack/06/install/0.22/linux-rhel8-icelake/gcc-8.5.0/nvhpc-24.5-torlmnyzcexnrs6pq4cccabv7ehkv3xy/Linux_x86_64/24.5/compilers/lib/libacchost.so(__pgi_uacc_dataup1+0x14c)[0x1524b00760fc]
[lrdn0204:1980943] [ 3] /leonardo/prod/spack/06/install/0.22/linux-rhel8-icelake/gcc-8.5.0/nvhpc-24.5-torlmnyzcexnrs6pq4cccabv7ehkv3xy/Linux_x86_64/24.5/compilers/lib/libacchost.so(__pgi_uacc_dataupx+0x3b0)[0x1524b0076920]
[lrdn0204:1980943] [ 4] /leonardo/prod/spack/06/install/0.22/linux-rhel8-icelake/gcc-8.5.0/nvhpc-24.5-torlmnyzcexnrs6pq4cccabv7ehkv3xy/Linux_x86_64/24.5/compilers/lib/libacchost.so(__pgi_uacc_dataonb+0x85a)[0x1524b0073d5a]
[lrdn0204:1980943] [ 5] /leonardo/home/userexternal/ctica000/MS_thesis/RegCM/bin/regcmMPICLM45_OPENACC_GPU_STDPAR(mod_output_output_+0x50bc5)[0x810ec5]
[lrdn0204:1980943] [ 6] /leonardo/home/userexternal/ctica000/MS_thesis/RegCM/bin/regcmMPICLM45_OPENACC_GPU_STDPAR(mod_regcm_interface_rcm_run_+0x7e)[0x4496be]
[lrdn0204:1980943] [ 7] /leonardo/home/userexternal/ctica000/MS_thesis/RegCM/bin/regcmMPICLM45_OPENACC_GPU_STDPAR(MAIN_+0xd7)[0xa25d57]
[lrdn0204:1980943] [ 8] /leonardo/home/userexternal/ctica000/MS_thesis/RegCM/bin/regcmMPICLM45_OPENACC_GPU_STDPAR(main+0x31)[0x4484b1]
[lrdn0204:1980943] [ 9] /lib64/libc.so.6(__libc_start_main+0xe5)[0x1524aaf12d85]
[lrdn0204:1980943] [10] /leonardo/home/userexternal/ctica000/MS_thesis/RegCM/bin/regcmMPICLM45_OPENACC_GPU_STDPAR(_start+0x2e)[0x44839e]
[lrdn0204:1980943] *** End of error message ***
==== backtrace (tid:2413294) ====
 0 0x0000000000012cf0 __funlockfile()  :0
 1 0x000000000000ba4f __pgi_uacc_cuda_dataup1()  /proj/build/24A/Linux_x86_64/rte/accel-uni/build/Linux_x86_64/../../src/cuda_dataup1.c:88
 2 0x00000000000370fc __pgi_uacc_dataup1()  /proj/build/24A/Linux_x86_64/rte/accel-uni/build/Linux_x86_64/../../src/dataup1.c:58
 3 0x0000000000037920 __pgi_uacc_dataupx()  /proj/build/24A/Linux_x86_64/rte/accel-uni/build/Linux_x86_64/../../src/dataupx.c:123
 4 0x0000000000034d5a __pgi_uacc_dataonb()  /proj/build/24A/Linux_x86_64/rte/accel-uni/build/Linux_x86_64/../../src/dataonb.c:613
 5 0x0000000000810ec5 mod_output_output_()  /leonardo/home/userexternal/ctica000/MS_thesis/RegCM/Share/pfwsat.inc:1052
 6 0x00000000004496be mod_regcm_interface_rcm_run_()  /leonardo/home/userexternal/ctica000/MS_thesis/RegCM/Main/mod_regcm_interface.F90:281
 7 0x0000000000a25d57 MAIN_()  /leonardo/home/userexternal/ctica000/MS_thesis/RegCM/Main/regcm.F90:83
==== backtrace (tid:2458578) ====
 8 0x00000000004484b1 main()  ???:0
 9 0x000000000003ad85 __libc_start_main()  ???:0
10 0x000000000044839e _start()  ???:0
=================================
[lrdn0273:2413294] *** Process received signal ***
 0 0x0000000000012cf0 __funlockfile()  :0
[lrdn0273:2413294] Signal: Segmentation fault (11)
[lrdn0273:2413294] Signal code:  (-6)
[lrdn0273:2413294] Failing at address: 0x1f4850024d2ee
 1 0x000000000000ba4f __pgi_uacc_cuda_dataup1()  /proj/build/24A/Linux_x86_64/rte/accel-uni/build/Linux_x86_64/../../src/cuda_dataup1.c:88
[lrdn0273:2413294] [ 0] /lib64/libpthread.so.0(+0x12cf0)[0x15266e574cf0]
 2 0x00000000000370fc __pgi_uacc_dataup1()  /proj/build/24A/Linux_x86_64/rte/accel-uni/build/Linux_x86_64/../../src/dataup1.c:58
 3 0x0000000000037920 __pgi_uacc_dataupx()  /proj/build/24A/Linux_x86_64/rte/accel-uni/build/Linux_x86_64/../../src/dataupx.c:123
[lrdn0273:2413294] [ 1] /leonardo/prod/spack/06/install/0.22/linux-rhel8-icelake/gcc-8.5.0/nvhpc-24.5-torlmnyzcexnrs6pq4cccabv7ehkv3xy/Linux_x86_64/24.5/compilers/lib/libaccdevice.so(__pgi_uacc_cuda_dataup1+0xebf)[0x1526724eda4f]
 4 0x0000000000034d5a __pgi_uacc_dataonb()  /proj/build/24A/Linux_x86_64/rte/accel-uni/build/Linux_x86_64/../../src/dataonb.c:613
[lrdn0273:2413294] [ 2] /leonardo/prod/spack/06/install/0.22/linux-rhel8-icelake/gcc-8.5.0/nvhpc-24.5-torlmnyzcexnrs6pq4cccabv7ehkv3xy/Linux_x86_64/24.5/compilers/lib/libacchost.so(__pgi_uacc_dataup1+0x14c)[0x152672a620fc]
 5 0x0000000000810ec5 mod_output_output_()  /leonardo/home/userexternal/ctica000/MS_thesis/RegCM/Share/pfwsat.inc:1052
 6 0x00000000004496be mod_regcm_interface_rcm_run_()  /leonardo/home/userexternal/ctica000/MS_thesis/RegCM/Main/mod_regcm_interface.F90:281
 7 0x0000000000a25d57 MAIN_()  /leonardo/home/userexternal/ctica000/MS_thesis/RegCM/Main/regcm.F90:83
 8 0x00000000004484b1 main()  ???:0
 9 0x000000000003ad85 __libc_start_main()  ???:0
10 0x000000000044839e _start()  ???:0
=================================
[lrdn0255:2458578] *** Process received signal ***
[lrdn0255:2458578] Signal: Segmentation fault (11)
[lrdn0255:2458578] Signal code:  (-6)
[lrdn0255:2458578] Failing at address: 0x1f485002583d2
[lrdn0273:2413294] [ 3] /leonardo/prod/spack/06/install/0.22/linux-rhel8-icelake/gcc-8.5.0/nvhpc-24.5-torlmnyzcexnrs6pq4cccabv7ehkv3xy/Linux_x86_64/24.5/compilers/lib/libacchost.so(__pgi_uacc_dataupx+0x3b0)[0x152672a62920]
[lrdn0255:2458578] [ 0] /lib64/libpthread.so.0(+0x12cf0)[0x14bc33a24cf0]
[lrdn0273:2413294] [ 4] /leonardo/prod/spack/06/install/0.22/linux-rhel8-icelake/gcc-8.5.0/nvhpc-24.5-torlmnyzcexnrs6pq4cccabv7ehkv3xy/Linux_x86_64/24.5/compilers/lib/libacchost.so(__pgi_uacc_dataonb+0x85a)[0x152672a5fd5a]
[lrdn0273:2413294] [ 5] /leonardo/home/userexternal/ctica000/MS_thesis/RegCM/bin/regcmMPICLM45_OPENACC_GPU_STDPAR(mod_output_output_+0x50bc5)[0x810ec5]
[lrdn0255:2458578] [ 1] /leonardo/prod/spack/06/install/0.22/linux-rhel8-icelake/gcc-8.5.0/nvhpc-24.5-torlmnyzcexnrs6pq4cccabv7ehkv3xy/Linux_x86_64/24.5/compilers/lib/libaccdevice.so(__pgi_uacc_cuda_dataup1+0xebf)[0x14bc3799da4f]
[lrdn0255:2458578] [ 2] /leonardo/prod/spack/06/install/0.22/linux-rhel8-icelake/gcc-8.5.0/nvhpc-24.5-torlmnyzcexnrs6pq4cccabv7ehkv3xy/Linux_x86_64/24.5/compilers/lib/libacchost.so(__pgi_uacc_dataup1+0x14c)[0x14bc37f120fc]
[lrdn0273:2413294] [ 6] /leonardo/home/userexternal/ctica000/MS_thesis/RegCM/bin/regcmMPICLM45_OPENACC_GPU_STDPAR(mod_regcm_interface_rcm_run_+0x7e)[0x4496be]
[lrdn0273:2413294] [ 7] /leonardo/home/userexternal/ctica000/MS_thesis/RegCM/bin/regcmMPICLM45_OPENACC_GPU_STDPAR(MAIN_+0xd7)[0xa25d57]
[lrdn0255:2458578] [ 3] /leonardo/prod/spack/06/install/0.22/linux-rhel8-icelake/gcc-8.5.0/nvhpc-24.5-torlmnyzcexnrs6pq4cccabv7ehkv3xy/Linux_x86_64/24.5/compilers/lib/libacchost.so(__pgi_uacc_dataupx+0x3b0)[0x14bc37f12920]
[lrdn0255:2458578] [ 4] /leonardo/prod/spack/06/install/0.22/linux-rhel8-icelake/gcc-8.5.0/nvhpc-24.5-torlmnyzcexnrs6pq4cccabv7ehkv3xy/Linux_x86_64/24.5/compilers/lib/libacchost.so(__pgi_uacc_dataonb+0x85a)[0x14bc37f0fd5a]
==== backtrace (tid:2458576) ====
 0 0x0000000000012cf0 __funlockfile()  :0
 1 0x000000000000ba4f __pgi_uacc_cuda_dataup1()  /proj/build/24A/Linux_x86_64/rte/accel-uni/build/Linux_x86_64/../../src/cuda_dataup1.c:88
 2 0x00000000000370fc __pgi_uacc_dataup1()  /proj/build/24A/Linux_x86_64/rte/accel-uni/build/Linux_x86_64/../../src/dataup1.c:58
 3 0x0000000000037920 __pgi_uacc_dataupx()  /proj/build/24A/Linux_x86_64/rte/accel-uni/build/Linux_x86_64/../../src/dataupx.c:123
 4 0x0000000000034d5a __pgi_uacc_dataonb()  /proj/build/24A/Linux_x86_64/rte/accel-uni/build/Linux_x86_64/../../src/dataonb.c:613
 5 0x0000000000810ec5 mod_output_output_()  /leonardo/home/userexternal/ctica000/MS_thesis/RegCM/Share/pfwsat.inc:1052
 6 0x00000000004496be mod_regcm_interface_rcm_run_()  /leonardo/home/userexternal/ctica000/MS_thesis/RegCM/Main/mod_regcm_interface.F90:281
 7 0x0000000000a25d57 MAIN_()  /leonardo/home/userexternal/ctica000/MS_thesis/RegCM/Main/regcm.F90:83
 8 0x00000000004484b1 main()  ???:0
 9 0x000000000003ad85 __libc_start_main()  ???:0
10 0x000000000044839e _start()  ???:0
=================================
[lrdn0273:2413294] [ 8] /leonardo/home/userexternal/ctica000/MS_thesis/RegCM/bin/regcmMPICLM45_OPENACC_GPU_STDPAR(main+0x31)[0x4484b1]
[lrdn0255:2458576] *** Process received signal ***
[lrdn0273:2413294] [ 9] /lib64/libc.so.6(__libc_start_main+0xe5)[0x15266d8fed85]
[lrdn0255:2458578] [ 5] /leonardo/home/userexternal/ctica000/MS_thesis/RegCM/bin/regcmMPICLM45_OPENACC_GPU_STDPAR(mod_output_output_+0x50bc5)[0x810ec5]
[lrdn0255:2458578] [ 6] /leonardo/home/userexternal/ctica000/MS_thesis/RegCM/bin/regcmMPICLM45_OPENACC_GPU_STDPAR(mod_regcm_interface_rcm_run_+0x7e)[0x4496be]
[lrdn0255:2458576] Signal: Segmentation fault (11)
[lrdn0255:2458576] Signal code:  (-6)
[lrdn0255:2458576] Failing at address: 0x1f485002583d0
[lrdn0255:2458578] [ 7] /leonardo/home/userexternal/ctica000/MS_thesis/RegCM/bin/regcmMPICLM45_OPENACC_GPU_STDPAR(MAIN_+0xd7)[0xa25d57]
[lrdn0273:2413294] [10] /leonardo/home/userexternal/ctica000/MS_thesis/RegCM/bin/regcmMPICLM45_OPENACC_GPU_STDPAR(_start+0x2e)[0x44839e]
[lrdn0273:2413294] *** End of error message ***
[lrdn0255:2458578] [ 8] /leonardo/home/userexternal/ctica000/MS_thesis/RegCM/bin/regcmMPICLM45_OPENACC_GPU_STDPAR(main+0x31)[0x4484b1]
[lrdn0255:2458576] [ 0] /lib64/libpthread.so.0(+0x12cf0)[0x1553104d1cf0]
[lrdn0255:2458578] [ 9] /lib64/libc.so.6(__libc_start_main+0xe5)[0x14bc32daed85]
[lrdn0255:2458576] [ 1] /leonardo/prod/spack/06/install/0.22/linux-rhel8-icelake/gcc-8.5.0/nvhpc-24.5-torlmnyzcexnrs6pq4cccabv7ehkv3xy/Linux_x86_64/24.5/compilers/lib/libaccdevice.so(__pgi_uacc_cuda_dataup1+0xebf)[0x15531444aa4f]
[lrdn0255:2458578] [10] /leonardo/home/userexternal/ctica000/MS_thesis/RegCM/bin/regcmMPICLM45_OPENACC_GPU_STDPAR(_start+0x2e)[0x44839e]
[lrdn0255:2458576] [ 2] /leonardo/prod/spack/06/install/0.22/linux-rhel8-icelake/gcc-8.5.0/nvhpc-24.5-torlmnyzcexnrs6pq4cccabv7ehkv3xy/Linux_x86_64/24.5/compilers/lib/libacchost.so(__pgi_uacc_dataup1+0x14c)[0x1553149bf0fc]
[lrdn0255:2458576] [ 3] /leonardo/prod/spack/06/install/0.22/linux-rhel8-icelake/gcc-8.5.0/nvhpc-24.5-torlmnyzcexnrs6pq4cccabv7ehkv3xy/Linux_x86_64/24.5/compilers/lib/libacchost.so(__pgi_uacc_dataupx+0x3b0)[0x1553149bf920]
[lrdn0255:2458576] [ 4] /leonardo/prod/spack/06/install/0.22/linux-rhel8-icelake/gcc-8.5.0/nvhpc-24.5-torlmnyzcexnrs6pq4cccabv7ehkv3xy/Linux_x86_64/24.5/compilers/lib/libacchost.so(__pgi_uacc_dataonb+0x85a)[0x1553149bcd5a]
[lrdn0255:2458578] *** End of error message ***
[lrdn0255:2458576] [ 5] /leonardo/home/userexternal/ctica000/MS_thesis/RegCM/bin/regcmMPICLM45_OPENACC_GPU_STDPAR(mod_output_output_+0x50bc5)[0x810ec5]
==== backtrace (tid:1980944) ====
 0 0x0000000000012cf0 __funlockfile()  :0
[lrdn0255:2458576] [ 6] /leonardo/home/userexternal/ctica000/MS_thesis/RegCM/bin/regcmMPICLM45_OPENACC_GPU_STDPAR(mod_regcm_interface_rcm_run_+0x7e)[0x4496be]
 1 0x000000000000ba4f __pgi_uacc_cuda_dataup1()  /proj/build/24A/Linux_x86_64/rte/accel-uni/build/Linux_x86_64/../../src/cuda_dataup1.c:88
 2 0x00000000000370fc __pgi_uacc_dataup1()  /proj/build/24A/Linux_x86_64/rte/accel-uni/build/Linux_x86_64/../../src/dataup1.c:58
 3 0x0000000000037920 __pgi_uacc_dataupx()  /proj/build/24A/Linux_x86_64/rte/accel-uni/build/Linux_x86_64/../../src/dataupx.c:123
 4 0x0000000000034d5a __pgi_uacc_dataonb()  /proj/build/24A/Linux_x86_64/rte/accel-uni/build/Linux_x86_64/../../src/dataonb.c:613
[lrdn0255:2458576] [ 7] /leonardo/home/userexternal/ctica000/MS_thesis/RegCM/bin/regcmMPICLM45_OPENACC_GPU_STDPAR(MAIN_+0xd7)[0xa25d57]
 5 0x0000000000810ec5 mod_output_output_()  /leonardo/home/userexternal/ctica000/MS_thesis/RegCM/Share/pfwsat.inc:1052
 6 0x00000000004496be mod_regcm_interface_rcm_run_()  /leonardo/home/userexternal/ctica000/MS_thesis/RegCM/Main/mod_regcm_interface.F90:281
 7 0x0000000000a25d57 MAIN_()  /leonardo/home/userexternal/ctica000/MS_thesis/RegCM/Main/regcm.F90:83
[lrdn0255:2458576] [ 8] /leonardo/home/userexternal/ctica000/MS_thesis/RegCM/bin/regcmMPICLM45_OPENACC_GPU_STDPAR(main+0x31)[0x4484b1]
 8 0x00000000004484b1 main()  ???:0
 9 0x000000000003ad85 __libc_start_main()  ???:0
10 0x000000000044839e _start()  ???:0
=================================
[lrdn0255:2458576] [ 9] /lib64/libc.so.6(__libc_start_main+0xe5)[0x15530f85bd85]
[lrdn0204:1980944] *** Process received signal ***
[lrdn0255:2458576] [10] /leonardo/home/userexternal/ctica000/MS_thesis/RegCM/bin/regcmMPICLM45_OPENACC_GPU_STDPAR(_start+0x2e)[0x44839e]
[lrdn0204:1980944] Signal: Segmentation fault (11)
[lrdn0204:1980944] Signal code:  (-6)
[lrdn0204:1980944] Failing at address: 0x1f485001e3a10
[lrdn0255:2458576] *** End of error message ***
[lrdn0204:1980944] [ 0] /lib64/libpthread.so.0(+0x12cf0)[0x14b918a54cf0]
[lrdn0204:1980944] [ 1] /leonardo/prod/spack/06/install/0.22/linux-rhel8-icelake/gcc-8.5.0/nvhpc-24.5-torlmnyzcexnrs6pq4cccabv7ehkv3xy/Linux_x86_64/24.5/compilers/lib/libaccdevice.so(__pgi_uacc_cuda_dataup1+0xebf)[0x14b91c9cda4f]
[lrdn0204:1980944] [ 2] /leonardo/prod/spack/06/install/0.22/linux-rhel8-icelake/gcc-8.5.0/nvhpc-24.5-torlmnyzcexnrs6pq4cccabv7ehkv3xy/Linux_x86_64/24.5/compilers/lib/libacchost.so(__pgi_uacc_dataup1+0x14c)[0x14b91cf420fc]
[lrdn0204:1980944] [ 3] /leonardo/prod/spack/06/install/0.22/linux-rhel8-icelake/gcc-8.5.0/nvhpc-24.5-torlmnyzcexnrs6pq4cccabv7ehkv3xy/Linux_x86_64/24.5/compilers/lib/libacchost.so(__pgi_uacc_dataupx+0x3b0)[0x14b91cf42920]
[lrdn0204:1980944] [ 4] /leonardo/prod/spack/06/install/0.22/linux-rhel8-icelake/gcc-8.5.0/nvhpc-24.5-torlmnyzcexnrs6pq4cccabv7ehkv3xy/Linux_x86_64/24.5/compilers/lib/libacchost.so(__pgi_uacc_dataonb+0x85a)[0x14b91cf3fd5a]
[lrdn0204:1980944] [ 5] /leonardo/home/userexternal/ctica000/MS_thesis/RegCM/bin/regcmMPICLM45_OPENACC_GPU_STDPAR(mod_output_output_+0x50bc5)[0x810ec5]
[lrdn0204:1980944] [ 6] /leonardo/home/userexternal/ctica000/MS_thesis/RegCM/bin/regcmMPICLM45_OPENACC_GPU_STDPAR(mod_regcm_interface_rcm_run_+0x7e)[0x4496be]
[lrdn0204:1980944] [ 7] /leonardo/home/userexternal/ctica000/MS_thesis/RegCM/bin/regcmMPICLM45_OPENACC_GPU_STDPAR(MAIN_+0xd7)[0xa25d57]
[lrdn0204:1980944] [ 8] /leonardo/home/userexternal/ctica000/MS_thesis/RegCM/bin/regcmMPICLM45_OPENACC_GPU_STDPAR(main+0x31)[0x4484b1]
[lrdn0204:1980944] [ 9] /lib64/libc.so.6(__libc_start_main+0xe5)[0x14b917dded85]
[lrdn0204:1980944] [10] /leonardo/home/userexternal/ctica000/MS_thesis/RegCM/bin/regcmMPICLM45_OPENACC_GPU_STDPAR(_start+0x2e)[0x44839e]
[lrdn0204:1980944] *** End of error message ***
==== backtrace (tid:2413293) ====
==== backtrace (tid:2458579) ====
 0 0x0000000000012cf0 __funlockfile()  :0
 0 0x0000000000012cf0 __funlockfile()  :0
 1 0x000000000000ba4f __pgi_uacc_cuda_dataup1()  /proj/build/24A/Linux_x86_64/rte/accel-uni/build/Linux_x86_64/../../src/cuda_dataup1.c:88
 1 0x000000000000ba4f __pgi_uacc_cuda_dataup1()  /proj/build/24A/Linux_x86_64/rte/accel-uni/build/Linux_x86_64/../../src/cuda_dataup1.c:88
 2 0x00000000000370fc __pgi_uacc_dataup1()  /proj/build/24A/Linux_x86_64/rte/accel-uni/build/Linux_x86_64/../../src/dataup1.c:58
 2 0x00000000000370fc __pgi_uacc_dataup1()  /proj/build/24A/Linux_x86_64/rte/accel-uni/build/Linux_x86_64/../../src/dataup1.c:58
 3 0x0000000000037920 __pgi_uacc_dataupx()  /proj/build/24A/Linux_x86_64/rte/accel-uni/build/Linux_x86_64/../../src/dataupx.c:123
 3 0x0000000000037920 __pgi_uacc_dataupx()  /proj/build/24A/Linux_x86_64/rte/accel-uni/build/Linux_x86_64/../../src/dataupx.c:123
 4 0x0000000000034d5a __pgi_uacc_dataonb()  /proj/build/24A/Linux_x86_64/rte/accel-uni/build/Linux_x86_64/../../src/dataonb.c:613
 5 0x0000000000810ec5 mod_output_output_()  /leonardo/home/userexternal/ctica000/MS_thesis/RegCM/Share/pfwsat.inc:1052
 6 0x00000000004496be mod_regcm_interface_rcm_run_()  /leonardo/home/userexternal/ctica000/MS_thesis/RegCM/Main/mod_regcm_interface.F90:281
 7 0x0000000000a25d57 MAIN_()  /leonardo/home/userexternal/ctica000/MS_thesis/RegCM/Main/regcm.F90:83
 8 0x00000000004484b1 main()  ???:0
 4 0x0000000000034d5a __pgi_uacc_dataonb()  /proj/build/24A/Linux_x86_64/rte/accel-uni/build/Linux_x86_64/../../src/dataonb.c:613
 9 0x000000000003ad85 __libc_start_main()  ???:0
 5 0x0000000000810ec5 mod_output_output_()  /leonardo/home/userexternal/ctica000/MS_thesis/RegCM/Share/pfwsat.inc:1052
10 0x000000000044839e _start()  ???:0
 6 0x00000000004496be mod_regcm_interface_rcm_run_()  /leonardo/home/userexternal/ctica000/MS_thesis/RegCM/Main/mod_regcm_interface.F90:281
=================================
 7 0x0000000000a25d57 MAIN_()  /leonardo/home/userexternal/ctica000/MS_thesis/RegCM/Main/regcm.F90:83
[lrdn0273:2413293] *** Process received signal ***
 8 0x00000000004484b1 main()  ???:0
[lrdn0273:2413293] Signal: Segmentation fault (11)
[lrdn0273:2413293] Signal code:  (-6)
[lrdn0273:2413293] Failing at address: 0x1f4850024d2ed
 9 0x000000000003ad85 __libc_start_main()  ???:0
[lrdn0273:2413293] [ 0] /lib64/libpthread.so.0(+0x12cf0)[0x15385f1a9cf0]
10 0x000000000044839e _start()  ???:0
[lrdn0273:2413293] [ 1] /leonardo/prod/spack/06/install/0.22/linux-rhel8-icelake/gcc-8.5.0/nvhpc-24.5-torlmnyzcexnrs6pq4cccabv7ehkv3xy/Linux_x86_64/24.5/compilers/lib/libaccdevice.so(__pgi_uacc_cuda_dataup1+0xebf)[0x153863122a4f]
=================================
[lrdn0273:2413293] [ 2] /leonardo/prod/spack/06/install/0.22/linux-rhel8-icelake/gcc-8.5.0/nvhpc-24.5-torlmnyzcexnrs6pq4cccabv7ehkv3xy/Linux_x86_64/24.5/compilers/lib/libacchost.so(__pgi_uacc_dataup1+0x14c)[0x1538636970fc]
[lrdn0273:2413293] [ 3] /leonardo/prod/spack/06/install/0.22/linux-rhel8-icelake/gcc-8.5.0/nvhpc-24.5-torlmnyzcexnrs6pq4cccabv7ehkv3xy/Linux_x86_64/24.5/compilers/lib/libacchost.so(__pgi_uacc_dataupx+0x3b0)[0x153863697920]
[lrdn0255:2458579] *** Process received signal ***
[lrdn0255:2458579] Signal: Segmentation fault (11)
[lrdn0255:2458579] Signal code:  (-6)
[lrdn0255:2458579] Failing at address: 0x1f485002583d3
[lrdn0273:2413293] [ 4] /leonardo/prod/spack/06/install/0.22/linux-rhel8-icelake/gcc-8.5.0/nvhpc-24.5-torlmnyzcexnrs6pq4cccabv7ehkv3xy/Linux_x86_64/24.5/compilers/lib/libacchost.so(__pgi_uacc_dataonb+0x85a)[0x153863694d5a]
[lrdn0273:2413293] [ 5] /leonardo/home/userexternal/ctica000/MS_thesis/RegCM/bin/regcmMPICLM45_OPENACC_GPU_STDPAR(mod_output_output_+0x50bc5)[0x810ec5]
[lrdn0273:2413293] [ 6] /leonardo/home/userexternal/ctica000/MS_thesis/RegCM/bin/regcmMPICLM45_OPENACC_GPU_STDPAR(mod_regcm_interface_rcm_run_+0x7e)[0x4496be]
[lrdn0273:2413293] [ 7] /leonardo/home/userexternal/ctica000/MS_thesis/RegCM/bin/regcmMPICLM45_OPENACC_GPU_STDPAR(MAIN_+0xd7)[0xa25d57]
[lrdn0255:2458579] [ 0] /lib64/libpthread.so.0(+0x12cf0)[0x14e3ad60bcf0]
[lrdn0273:2413293] [ 8] /leonardo/home/userexternal/ctica000/MS_thesis/RegCM/bin/regcmMPICLM45_OPENACC_GPU_STDPAR(main+0x31)[0x4484b1]
[lrdn0255:2458579] [ 1] /leonardo/prod/spack/06/install/0.22/linux-rhel8-icelake/gcc-8.5.0/nvhpc-24.5-torlmnyzcexnrs6pq4cccabv7ehkv3xy/Linux_x86_64/24.5/compilers/lib/libaccdevice.so(__pgi_uacc_cuda_dataup1+0xebf)[0x14e3b1584a4f]
[lrdn0273:2413293] [ 9] /lib64/libc.so.6(__libc_start_main+0xe5)[0x15385e533d85]
[lrdn0273:2413293] [10] /leonardo/home/userexternal/ctica000/MS_thesis/RegCM/bin/regcmMPICLM45_OPENACC_GPU_STDPAR(_start+0x2e)[0x44839e]
[lrdn0255:2458579] [ 2] /leonardo/prod/spack/06/install/0.22/linux-rhel8-icelake/gcc-8.5.0/nvhpc-24.5-torlmnyzcexnrs6pq4cccabv7ehkv3xy/Linux_x86_64/24.5/compilers/lib/libacchost.so(__pgi_uacc_dataup1+0x14c)[0x14e3b1af90fc]
[lrdn0273:2413293] *** End of error message ***
[lrdn0255:2458579] [ 3] /leonardo/prod/spack/06/install/0.22/linux-rhel8-icelake/gcc-8.5.0/nvhpc-24.5-torlmnyzcexnrs6pq4cccabv7ehkv3xy/Linux_x86_64/24.5/compilers/lib/libacchost.so(__pgi_uacc_dataupx+0x3b0)[0x14e3b1af9920]
[lrdn0255:2458579] [ 4] /leonardo/prod/spack/06/install/0.22/linux-rhel8-icelake/gcc-8.5.0/nvhpc-24.5-torlmnyzcexnrs6pq4cccabv7ehkv3xy/Linux_x86_64/24.5/compilers/lib/libacchost.so(__pgi_uacc_dataonb+0x85a)[0x14e3b1af6d5a]
[lrdn0255:2458579] [ 5] /leonardo/home/userexternal/ctica000/MS_thesis/RegCM/bin/regcmMPICLM45_OPENACC_GPU_STDPAR(mod_output_output_+0x50bc5)[0x810ec5]
[lrdn0255:2458579] [ 6] /leonardo/home/userexternal/ctica000/MS_thesis/RegCM/bin/regcmMPICLM45_OPENACC_GPU_STDPAR(mod_regcm_interface_rcm_run_+0x7e)[0x4496be]
[lrdn0255:2458579] [ 7] /leonardo/home/userexternal/ctica000/MS_thesis/RegCM/bin/regcmMPICLM45_OPENACC_GPU_STDPAR(MAIN_+0xd7)[0xa25d57]
[lrdn0255:2458579] [ 8] /leonardo/home/userexternal/ctica000/MS_thesis/RegCM/bin/regcmMPICLM45_OPENACC_GPU_STDPAR(main+0x31)[0x4484b1]
[lrdn0255:2458579] [ 9] /lib64/libc.so.6(__libc_start_main+0xe5)[0x14e3ac995d85]
[lrdn0255:2458579] [10] /leonardo/home/userexternal/ctica000/MS_thesis/RegCM/bin/regcmMPICLM45_OPENACC_GPU_STDPAR(_start+0x2e)[0x44839e]
[lrdn0255:2458579] *** End of error message ***
==== backtrace (tid:2458577) ====
 0 0x0000000000012cf0 __funlockfile()  :0
 1 0x000000000000ba4f __pgi_uacc_cuda_dataup1()  /proj/build/24A/Linux_x86_64/rte/accel-uni/build/Linux_x86_64/../../src/cuda_dataup1.c:88
 2 0x00000000000370fc __pgi_uacc_dataup1()  /proj/build/24A/Linux_x86_64/rte/accel-uni/build/Linux_x86_64/../../src/dataup1.c:58
 3 0x0000000000037920 __pgi_uacc_dataupx()  /proj/build/24A/Linux_x86_64/rte/accel-uni/build/Linux_x86_64/../../src/dataupx.c:123
 4 0x0000000000034d5a __pgi_uacc_dataonb()  /proj/build/24A/Linux_x86_64/rte/accel-uni/build/Linux_x86_64/../../src/dataonb.c:613
 5 0x0000000000810ec5 mod_output_output_()  /leonardo/home/userexternal/ctica000/MS_thesis/RegCM/Share/pfwsat.inc:1052
 6 0x00000000004496be mod_regcm_interface_rcm_run_()  /leonardo/home/userexternal/ctica000/MS_thesis/RegCM/Main/mod_regcm_interface.F90:281
 7 0x0000000000a25d57 MAIN_()  /leonardo/home/userexternal/ctica000/MS_thesis/RegCM/Main/regcm.F90:83
 8 0x00000000004484b1 main()  ???:0
 9 0x000000000003ad85 __libc_start_main()  ???:0
10 0x000000000044839e _start()  ???:0
=================================
[lrdn0255:2458577] *** Process received signal ***
[lrdn0255:2458577] Signal: Segmentation fault (11)
[lrdn0255:2458577] Signal code:  (-6)
[lrdn0255:2458577] Failing at address: 0x1f485002583d1
[lrdn0255:2458577] [ 0] /lib64/libpthread.so.0(+0x12cf0)[0x14fbaa19bcf0]
[lrdn0255:2458577] [ 1] /leonardo/prod/spack/06/install/0.22/linux-rhel8-icelake/gcc-8.5.0/nvhpc-24.5-torlmnyzcexnrs6pq4cccabv7ehkv3xy/Linux_x86_64/24.5/compilers/lib/libaccdevice.so(__pgi_uacc_cuda_dataup1+0xebf)[0x14fbae114a4f]
[lrdn0255:2458577] [ 2] /leonardo/prod/spack/06/install/0.22/linux-rhel8-icelake/gcc-8.5.0/nvhpc-24.5-torlmnyzcexnrs6pq4cccabv7ehkv3xy/Linux_x86_64/24.5/compilers/lib/libacchost.so(__pgi_uacc_dataup1+0x14c)[0x14fbae6890fc]
[lrdn0255:2458577] [ 3] /leonardo/prod/spack/06/install/0.22/linux-rhel8-icelake/gcc-8.5.0/nvhpc-24.5-torlmnyzcexnrs6pq4cccabv7ehkv3xy/Linux_x86_64/24.5/compilers/lib/libacchost.so(__pgi_uacc_dataupx+0x3b0)[0x14fbae689920]
[lrdn0255:2458577] [ 4] /leonardo/prod/spack/06/install/0.22/linux-rhel8-icelake/gcc-8.5.0/nvhpc-24.5-torlmnyzcexnrs6pq4cccabv7ehkv3xy/Linux_x86_64/24.5/compilers/lib/libacchost.so(__pgi_uacc_dataonb+0x85a)[0x14fbae686d5a]
[lrdn0255:2458577] [ 5] /leonardo/home/userexternal/ctica000/MS_thesis/RegCM/bin/regcmMPICLM45_OPENACC_GPU_STDPAR(mod_output_output_+0x50bc5)[0x810ec5]
[lrdn0255:2458577] [ 6] /leonardo/home/userexternal/ctica000/MS_thesis/RegCM/bin/regcmMPICLM45_OPENACC_GPU_STDPAR(mod_regcm_interface_rcm_run_+0x7e)[0x4496be]
[lrdn0255:2458577] [ 7] /leonardo/home/userexternal/ctica000/MS_thesis/RegCM/bin/regcmMPICLM45_OPENACC_GPU_STDPAR(MAIN_+0xd7)[0xa25d57]
[lrdn0255:2458577] [ 8] /leonardo/home/userexternal/ctica000/MS_thesis/RegCM/bin/regcmMPICLM45_OPENACC_GPU_STDPAR(main+0x31)[0x4484b1]
==== backtrace (tid:1980942) ====
[lrdn0255:2458577] [ 9] /lib64/libc.so.6(__libc_start_main+0xe5)[0x14fba9525d85]
 0 0x0000000000012cf0 __funlockfile()  :0
[lrdn0255:2458577] [10] /leonardo/home/userexternal/ctica000/MS_thesis/RegCM/bin/regcmMPICLM45_OPENACC_GPU_STDPAR(_start+0x2e)[0x44839e]
[lrdn0255:2458577] *** End of error message ***
 1 0x000000000000ba4f __pgi_uacc_cuda_dataup1()  /proj/build/24A/Linux_x86_64/rte/accel-uni/build/Linux_x86_64/../../src/cuda_dataup1.c:88
 2 0x00000000000370fc __pgi_uacc_dataup1()  /proj/build/24A/Linux_x86_64/rte/accel-uni/build/Linux_x86_64/../../src/dataup1.c:58
 3 0x0000000000037920 __pgi_uacc_dataupx()  /proj/build/24A/Linux_x86_64/rte/accel-uni/build/Linux_x86_64/../../src/dataupx.c:123
 4 0x0000000000034d5a __pgi_uacc_dataonb()  /proj/build/24A/Linux_x86_64/rte/accel-uni/build/Linux_x86_64/../../src/dataonb.c:613
 5 0x0000000000810ec5 mod_output_output_()  /leonardo/home/userexternal/ctica000/MS_thesis/RegCM/Share/pfwsat.inc:1052
 6 0x00000000004496be mod_regcm_interface_rcm_run_()  /leonardo/home/userexternal/ctica000/MS_thesis/RegCM/Main/mod_regcm_interface.F90:281
 7 0x0000000000a25d57 MAIN_()  /leonardo/home/userexternal/ctica000/MS_thesis/RegCM/Main/regcm.F90:83
 8 0x00000000004484b1 main()  ???:0
 9 0x000000000003ad85 __libc_start_main()  ???:0
10 0x000000000044839e _start()  ???:0
=================================
[lrdn0204:1980942] *** Process received signal ***
[lrdn0204:1980942] Signal: Segmentation fault (11)
[lrdn0204:1980942] Signal code:  (-6)
[lrdn0204:1980942] Failing at address: 0x1f485001e3a0e
[lrdn0204:1980942] [ 0] /lib64/libpthread.so.0(+0x12cf0)[0x14775bec0cf0]
[lrdn0204:1980942] [ 1] /leonardo/prod/spack/06/install/0.22/linux-rhel8-icelake/gcc-8.5.0/nvhpc-24.5-torlmnyzcexnrs6pq4cccabv7ehkv3xy/Linux_x86_64/24.5/compilers/lib/libaccdevice.so(__pgi_uacc_cuda_dataup1+0xebf)[0x14775fe39a4f]
[lrdn0204:1980942] [ 2] /leonardo/prod/spack/06/install/0.22/linux-rhel8-icelake/gcc-8.5.0/nvhpc-24.5-torlmnyzcexnrs6pq4cccabv7ehkv3xy/Linux_x86_64/24.5/compilers/lib/libacchost.so(__pgi_uacc_dataup1+0x14c)[0x1477603ae0fc]
[lrdn0204:1980942] [ 3] /leonardo/prod/spack/06/install/0.22/linux-rhel8-icelake/gcc-8.5.0/nvhpc-24.5-torlmnyzcexnrs6pq4cccabv7ehkv3xy/Linux_x86_64/24.5/compilers/lib/libacchost.so(__pgi_uacc_dataupx+0x3b0)[0x1477603ae920]
[lrdn0204:1980942] [ 4] /leonardo/prod/spack/06/install/0.22/linux-rhel8-icelake/gcc-8.5.0/nvhpc-24.5-torlmnyzcexnrs6pq4cccabv7ehkv3xy/Linux_x86_64/24.5/compilers/lib/libacchost.so(__pgi_uacc_dataonb+0x85a)[0x1477603abd5a]
[lrdn0204:1980942] [ 5] /leonardo/home/userexternal/ctica000/MS_thesis/RegCM/bin/regcmMPICLM45_OPENACC_GPU_STDPAR(mod_output_output_+0x50bc5)[0x810ec5]
[lrdn0204:1980942] [ 6] /leonardo/home/userexternal/ctica000/MS_thesis/RegCM/bin/regcmMPICLM45_OPENACC_GPU_STDPAR(mod_regcm_interface_rcm_run_+0x7e)[0x4496be]
[lrdn0204:1980942] [ 7] /leonardo/home/userexternal/ctica000/MS_thesis/RegCM/bin/regcmMPICLM45_OPENACC_GPU_STDPAR(MAIN_+0xd7)[0xa25d57]
[lrdn0204:1980942] [ 8] /leonardo/home/userexternal/ctica000/MS_thesis/RegCM/bin/regcmMPICLM45_OPENACC_GPU_STDPAR(main+0x31)[0x4484b1]
[lrdn0204:1980942] [ 9] /lib64/libc.so.6(__libc_start_main+0xe5)[0x14775b24ad85]
[lrdn0204:1980942] [10] /leonardo/home/userexternal/ctica000/MS_thesis/RegCM/bin/regcmMPICLM45_OPENACC_GPU_STDPAR(_start+0x2e)[0x44839e]
[lrdn0204:1980942] *** End of error message ***
==== backtrace (tid:1980941) ====
 0 0x0000000000012cf0 __funlockfile()  :0
 1 0x000000000000ba4f __pgi_uacc_cuda_dataup1()  /proj/build/24A/Linux_x86_64/rte/accel-uni/build/Linux_x86_64/../../src/cuda_dataup1.c:88
 2 0x00000000000370fc __pgi_uacc_dataup1()  /proj/build/24A/Linux_x86_64/rte/accel-uni/build/Linux_x86_64/../../src/dataup1.c:58
 3 0x0000000000037920 __pgi_uacc_dataupx()  /proj/build/24A/Linux_x86_64/rte/accel-uni/build/Linux_x86_64/../../src/dataupx.c:123
 4 0x0000000000034d5a __pgi_uacc_dataonb()  /proj/build/24A/Linux_x86_64/rte/accel-uni/build/Linux_x86_64/../../src/dataonb.c:613
 5 0x0000000000810ec5 mod_output_output_()  /leonardo/home/userexternal/ctica000/MS_thesis/RegCM/Share/pfwsat.inc:1052
 6 0x00000000004496be mod_regcm_interface_rcm_run_()  /leonardo/home/userexternal/ctica000/MS_thesis/RegCM/Main/mod_regcm_interface.F90:281
 7 0x0000000000a25d57 MAIN_()  /leonardo/home/userexternal/ctica000/MS_thesis/RegCM/Main/regcm.F90:83
 8 0x00000000004484b1 main()  ???:0
 9 0x000000000003ad85 __libc_start_main()  ???:0
10 0x000000000044839e _start()  ???:0
=================================
[lrdn0204:1980941] *** Process received signal ***
[lrdn0204:1980941] Signal: Segmentation fault (11)
[lrdn0204:1980941] Signal code:  (-6)
[lrdn0204:1980941] Failing at address: 0x1f485001e3a0d
[lrdn0204:1980941] [ 0] /lib64/libpthread.so.0(+0x12cf0)[0x14fb79848cf0]
[lrdn0204:1980941] [ 1] /leonardo/prod/spack/06/install/0.22/linux-rhel8-icelake/gcc-8.5.0/nvhpc-24.5-torlmnyzcexnrs6pq4cccabv7ehkv3xy/Linux_x86_64/24.5/compilers/lib/libaccdevice.so(__pgi_uacc_cuda_dataup1+0xebf)[0x14fb7d7c1a4f]
[lrdn0204:1980941] [ 2] /leonardo/prod/spack/06/install/0.22/linux-rhel8-icelake/gcc-8.5.0/nvhpc-24.5-torlmnyzcexnrs6pq4cccabv7ehkv3xy/Linux_x86_64/24.5/compilers/lib/libacchost.so(__pgi_uacc_dataup1+0x14c)[0x14fb7dd360fc]
[lrdn0204:1980941] [ 3] /leonardo/prod/spack/06/install/0.22/linux-rhel8-icelake/gcc-8.5.0/nvhpc-24.5-torlmnyzcexnrs6pq4cccabv7ehkv3xy/Linux_x86_64/24.5/compilers/lib/libacchost.so(__pgi_uacc_dataupx+0x3b0)[0x14fb7dd36920]
[lrdn0204:1980941] [ 4] /leonardo/prod/spack/06/install/0.22/linux-rhel8-icelake/gcc-8.5.0/nvhpc-24.5-torlmnyzcexnrs6pq4cccabv7ehkv3xy/Linux_x86_64/24.5/compilers/lib/libacchost.so(__pgi_uacc_dataonb+0x85a)[0x14fb7dd33d5a]
[lrdn0204:1980941] [ 5] /leonardo/home/userexternal/ctica000/MS_thesis/RegCM/bin/regcmMPICLM45_OPENACC_GPU_STDPAR(mod_output_output_+0x50bc5)[0x810ec5]
[lrdn0204:1980941] [ 6] /leonardo/home/userexternal/ctica000/MS_thesis/RegCM/bin/regcmMPICLM45_OPENACC_GPU_STDPAR(mod_regcm_interface_rcm_run_+0x7e)[0x4496be]
[lrdn0204:1980941] [ 7] /leonardo/home/userexternal/ctica000/MS_thesis/RegCM/bin/regcmMPICLM45_OPENACC_GPU_STDPAR(MAIN_+0xd7)[0xa25d57]
[lrdn0204:1980941] [ 8] /leonardo/home/userexternal/ctica000/MS_thesis/RegCM/bin/regcmMPICLM45_OPENACC_GPU_STDPAR(main+0x31)[0x4484b1]
[lrdn0204:1980941] [ 9] /lib64/libc.so.6(__libc_start_main+0xe5)[0x14fb78bd2d85]
[lrdn0204:1980941] [10] /leonardo/home/userexternal/ctica000/MS_thesis/RegCM/bin/regcmMPICLM45_OPENACC_GPU_STDPAR(_start+0x2e)[0x44839e]
[lrdn0204:1980941] *** End of error message ***
[ perf record: Woken up 3142 times to write data ]
[ perf record: Woken up 2892 times to write data ]
[ perf record: Woken up 3144 times to write data ]
[ perf record: Woken up 3146 times to write data ]
[ perf record: Woken up 3142 times to write data ]
[ perf record: Woken up 3144 times to write data ]
[ perf record: Woken up 3140 times to write data ]
[ perf record: Woken up 3142 times to write data ]
[ perf record: Woken up 5336 times to write data ]
[ perf record: Woken up 3144 times to write data ]
[ perf record: Woken up 3145 times to write data ]
[ perf record: Woken up 5459 times to write data ]
[ perf record: Woken up 4511 times to write data ]
[ perf record: Woken up 3141 times to write data ]
[ perf record: Woken up 4498 times to write data ]
[ perf record: Captured and wrote 786.787 MB /leonardo_scratch/large/userexternal/ctica000/perf/with_IO/sequential_write/perf_22671484/perf.data.rank10 (97601 samples) ]
[ perf record: Captured and wrote 785.763 MB /leonardo_scratch/large/userexternal/ctica000/perf/with_IO/sequential_write/perf_22671484/perf.data.rank9 (97473 samples) ]
[ perf record: Captured and wrote 785.451 MB /leonardo_scratch/large/userexternal/ctica000/perf/with_IO/sequential_write/perf_22671484/perf.data.rank11 (97439 samples) ]
[ perf record: Captured and wrote 734.142 MB /leonardo_scratch/large/userexternal/ctica000/perf/with_IO/sequential_write/perf_22671484/perf.data.rank3 (91071 samples) ]
[ perf record: Captured and wrote 723.454 MB /leonardo_scratch/large/userexternal/ctica000/perf/with_IO/sequential_write/perf_22671484/perf.data.rank2 (89744 samples) ]
[ perf record: Captured and wrote 786.271 MB /leonardo_scratch/large/userexternal/ctica000/perf/with_IO/sequential_write/perf_22671484/perf.data.rank7 (97538 samples) ]
[ perf record: Captured and wrote 786.297 MB /leonardo_scratch/large/userexternal/ctica000/perf/with_IO/sequential_write/perf_22671484/perf.data.rank4 (97544 samples) ]
[ perf record: Captured and wrote 727.893 MB /leonardo_scratch/large/userexternal/ctica000/perf/with_IO/sequential_write/perf_22671484/perf.data.rank1 (90295 samples) ]
[ perf record: Captured and wrote 786.687 MB /leonardo_scratch/large/userexternal/ctica000/perf/with_IO/sequential_write/perf_22671484/perf.data.rank8 (97589 samples) ]
[ perf record: Captured and wrote 785.897 MB /leonardo_scratch/large/userexternal/ctica000/perf/with_IO/sequential_write/perf_22671484/perf.data.rank13 (97495 samples) ]
[ perf record: Captured and wrote 785.810 MB /leonardo_scratch/large/userexternal/ctica000/perf/with_IO/sequential_write/perf_22671484/perf.data.rank14 (97484 samples) ]
[ perf record: Captured and wrote 786.533 MB /leonardo_scratch/large/userexternal/ctica000/perf/with_IO/sequential_write/perf_22671484/perf.data.rank6 (97573 samples) ]
[ perf record: Captured and wrote 785.996 MB /leonardo_scratch/large/userexternal/ctica000/perf/with_IO/sequential_write/perf_22671484/perf.data.rank15 (97508 samples) ]
[ perf record: Captured and wrote 785.549 MB /leonardo_scratch/large/userexternal/ctica000/perf/with_IO/sequential_write/perf_22671484/perf.data.rank12 (97452 samples) ]
[ perf record: Captured and wrote 787.210 MB /leonardo_scratch/large/userexternal/ctica000/perf/with_IO/sequential_write/perf_22671484/perf.data.rank5 (97657 samples) ]
srun: error: lrdn0273: tasks 9-11: Segmentation fault
[ perf record: Woken up 3732 times to write data ]
[ perf record: Captured and wrote 933.275 MB /leonardo_scratch/large/userexternal/ctica000/perf/with_IO/sequential_write/perf_22671484/perf.data.rank0 (115512 samples) ]
slurmstepd: error:  mpi/pmix_v3: _errhandler: lrdn0273 [2]: pmixp_client_v2.c:212: Error handler invoked: status = -25, source = [slurm.pmix.22671484.0:9]
slurmstepd: error: *** STEP 22671484.0 ON lrdn0204 CANCELLED AT 2025-10-25T19:47:06 ***
srun: Job step aborted: Waiting up to 182 seconds for job step to finish.
srun: error: lrdn0273: task 8: Killed
slurmstepd: error:  mpi/pmix_v3: _errhandler: lrdn0255 [1]: pmixp_client_v2.c:212: Error handler invoked: status = -25, source = [slurm.pmix.22671484.0:7]
slurmstepd: error:  mpi/pmix_v3: _errhandler: lrdn0302 [3]: pmixp_client_v2.c:212: Error handler invoked: status = -25, source = [slurm.pmix.22671484.0:13]
srun: error: lrdn0204: tasks 0-3: Killed
srun: error: lrdn0255: tasks 4-7: Killed
srun: error: lrdn0302: tasks 12-15: Killed
