[ perf record: Woken up 23475 times to write data ]
[ perf record: Woken up 23558 times to write data ]
[ perf record: Woken up 23463 times to write data ]
[ perf record: Woken up 23524 times to write data ]
[ perf record: Woken up 23504 times to write data ]
[ perf record: Woken up 23511 times to write data ]
[ perf record: Woken up 25293 times to write data ]
[ perf record: Woken up 23594 times to write data ]
[ perf record: Woken up 25316 times to write data ]
[ perf record: Woken up 25459 times to write data ]
[ perf record: Woken up 24846 times to write data ]
[ perf record: Woken up 25096 times to write data ]
Warning:
Processed 759112 events and lost 1 chunks!

Check IO/CPU overload!

Warning:
Processed 768061 events and lost 3 chunks!

Check IO/CPU overload!

[ perf record: Captured and wrote 5869.210 MB /leonardo_scratch/large/userexternal/ctica000/perf/with_IO/sequential_write/perf_22701710/perf.data.rank6 (728372 samples) ]
[ perf record: Captured and wrote 5884.029 MB /leonardo_scratch/large/userexternal/ctica000/perf/with_IO/sequential_write/perf_22701710/perf.data.rank7 (730125 samples) ]
[ perf record: Captured and wrote 5866.121 MB /leonardo_scratch/large/userexternal/ctica000/perf/with_IO/sequential_write/perf_22701710/perf.data.rank4 (727989 samples) ]
[ perf record: Captured and wrote 5875.110 MB /leonardo_scratch/large/userexternal/ctica000/perf/with_IO/sequential_write/perf_22701710/perf.data.rank5 (729104 samples) ]
[ perf record: Captured and wrote 5881.433 MB /leonardo_scratch/large/userexternal/ctica000/perf/with_IO/sequential_write/perf_22701710/perf.data.rank13 (729902 samples) ]
[ perf record: Captured and wrote 5878.193 MB /leonardo_scratch/large/userexternal/ctica000/perf/with_IO/sequential_write/perf_22701710/perf.data.rank15 (729491 samples) ]
[ perf record: Captured and wrote 5881.411 MB /leonardo_scratch/large/userexternal/ctica000/perf/with_IO/sequential_write/perf_22701710/perf.data.rank14 (729899 samples) ]
[ perf record: Captured and wrote 5881.574 MB /leonardo_scratch/large/userexternal/ctica000/perf/with_IO/sequential_write/perf_22701710/perf.data.rank8 (729820 samples) ]
[ perf record: Captured and wrote 5876.405 MB /leonardo_scratch/large/userexternal/ctica000/perf/with_IO/sequential_write/perf_22701710/perf.data.rank9 (729172 samples) ]
[ perf record: Captured and wrote 5889.952 MB /leonardo_scratch/large/userexternal/ctica000/perf/with_IO/sequential_write/perf_22701710/perf.data.rank10 (730859 samples) ]
[ perf record: Captured and wrote 5876.673 MB /leonardo_scratch/large/userexternal/ctica000/perf/with_IO/sequential_write/perf_22701710/perf.data.rank11 (729299 samples) ]
[ perf record: Captured and wrote 5878.115 MB /leonardo_scratch/large/userexternal/ctica000/perf/with_IO/sequential_write/perf_22701710/perf.data.rank12 (729490 samples) ]
[ perf record: Woken up 23259 times to write data ]
[ perf record: Woken up 23265 times to write data ]
[ perf record: Woken up 23342 times to write data ]
[ perf record: Woken up 24300 times to write data ]
Warning:
Processed 751659 events and lost 1 chunks!

Check IO/CPU overload!

[ perf record: Captured and wrote 5835.901 MB /leonardo_scratch/large/userexternal/ctica000/perf/with_IO/sequential_write/perf_22701710/perf.data.rank2 (724238 samples) ]
[ perf record: Captured and wrote 5816.673 MB /leonardo_scratch/large/userexternal/ctica000/perf/with_IO/sequential_write/perf_22701710/perf.data.rank3 (721852 samples) ]
[ perf record: Captured and wrote 5815.083 MB /leonardo_scratch/large/userexternal/ctica000/perf/with_IO/sequential_write/perf_22701710/perf.data.rank1 (721654 samples) ]
[ perf record: Captured and wrote 6075.605 MB /leonardo_scratch/large/userexternal/ctica000/perf/with_IO/sequential_write/perf_22701710/perf.data.rank0 (751172 samples) ]
