[ perf record: Woken up 23501 times to write data ]
[ perf record: Woken up 23505 times to write data ]
[ perf record: Woken up 23523 times to write data ]
[ perf record: Woken up 23478 times to write data ]
[ perf record: Woken up 23565 times to write data ]
[ perf record: Woken up 23513 times to write data ]
[ perf record: Woken up 23633 times to write data ]
[ perf record: Woken up 25158 times to write data ]
[ perf record: Woken up 23580 times to write data ]
[ perf record: Woken up 25768 times to write data ]
[ perf record: Woken up 25017 times to write data ]
[ perf record: Woken up 25133 times to write data ]
Warning:
Processed 759393 events and lost 1 chunks!

Check IO/CPU overload!

Warning:
Processed 766800 events and lost 2 chunks!

Check IO/CPU overload!

Warning:
Processed 758823 events and lost 1 chunks!

Check IO/CPU overload!

Warning:
Processed 759386 events and lost 3 chunks!

Check IO/CPU overload!

Warning:
Processed 758009 events and lost 1 chunks!

Check IO/CPU overload!

Warning:
Processed 759175 events and lost 1 chunks!

Check IO/CPU overload!

Warning:
Processed 767185 events and lost 1 chunks!

Check IO/CPU overload!

[ perf record: Captured and wrote 5875.520 MB /leonardo_scratch/large/userexternal/ctica000/perf/with_IO/sequential_write/perf_21765031/perf.data.rank5 (729155 samples) ]
[ perf record: Captured and wrote 5865.082 MB /leonardo_scratch/large/userexternal/ctica000/perf/with_IO/sequential_write/perf_21765031/perf.data.rank4 (727860 samples) ]
[ perf record: Captured and wrote 5869.696 MB /leonardo_scratch/large/userexternal/ctica000/perf/with_IO/sequential_write/perf_21765031/perf.data.rank6 (728432 samples) ]
Warning:
Processed 766987 events and lost 2 chunks!

Check IO/CPU overload!

[ perf record: Captured and wrote 5891.701 MB /leonardo_scratch/large/userexternal/ctica000/perf/with_IO/sequential_write/perf_21765031/perf.data.rank10 (731076 samples) ]
[ perf record: Captured and wrote 5876.655 MB /leonardo_scratch/large/userexternal/ctica000/perf/with_IO/sequential_write/perf_21765031/perf.data.rank9 (729203 samples) ]
[ perf record: Captured and wrote 5875.909 MB /leonardo_scratch/large/userexternal/ctica000/perf/with_IO/sequential_write/perf_21765031/perf.data.rank11 (729204 samples) ]
[ perf record: Captured and wrote 5883.604 MB /leonardo_scratch/large/userexternal/ctica000/perf/with_IO/sequential_write/perf_21765031/perf.data.rank7 (730072 samples) ]
[ perf record: Captured and wrote 5878.675 MB /leonardo_scratch/large/userexternal/ctica000/perf/with_IO/sequential_write/perf_21765031/perf.data.rank12 (729559 samples) ]
[ perf record: Captured and wrote 5877.267 MB /leonardo_scratch/large/userexternal/ctica000/perf/with_IO/sequential_write/perf_21765031/perf.data.rank15 (729376 samples) ]
[ perf record: Captured and wrote 5881.540 MB /leonardo_scratch/large/userexternal/ctica000/perf/with_IO/sequential_write/perf_21765031/perf.data.rank14 (729915 samples) ]
[ perf record: Captured and wrote 5881.826 MB /leonardo_scratch/large/userexternal/ctica000/perf/with_IO/sequential_write/perf_21765031/perf.data.rank8 (729851 samples) ]
Warning:
Processed 759264 events and lost 1 chunks!

Check IO/CPU overload!

[ perf record: Captured and wrote 5882.353 MB /leonardo_scratch/large/userexternal/ctica000/perf/with_IO/sequential_write/perf_21765031/perf.data.rank13 (730016 samples) ]
[ perf record: Woken up 23393 times to write data ]
[ perf record: Woken up 24795 times to write data ]
[ perf record: Woken up 23486 times to write data ]
[ perf record: Woken up 24089 times to write data ]
Warning:
Processed 756001 events and lost 2 chunks!

Check IO/CPU overload!

Warning:
Processed 754282 events and lost 1 chunks!

Check IO/CPU overload!

[ perf record: Captured and wrote 5848.763 MB /leonardo_scratch/large/userexternal/ctica000/perf/with_IO/sequential_write/perf_21765031/perf.data.rank2 (725834 samples) ]
[ perf record: Captured and wrote 5835.680 MB /leonardo_scratch/large/userexternal/ctica000/perf/with_IO/sequential_write/perf_21765031/perf.data.rank3 (724211 samples) ]
[ perf record: Captured and wrote 5829.160 MB /leonardo_scratch/large/userexternal/ctica000/perf/with_IO/sequential_write/perf_21765031/perf.data.rank1 (723401 samples) ]
Warning:
Processed 998895 events and lost 1 chunks!

Check IO/CPU overload!

[ perf record: Captured and wrote 6022.462 MB /leonardo_scratch/large/userexternal/ctica000/perf/with_IO/sequential_write/perf_21765031/perf.data.rank0 (744576 samples) ]
