[lrdn0878:1743912:0:1743912] Caught signal 11 (Segmentation fault: address not mapped to object at address 0x120000f04)
[lrdn0878:1743911:0:1743911] Caught signal 11 (Segmentation fault: address not mapped to object at address 0x120000f04)
[lrdn0878:1743913:0:1743913] Caught signal 11 (Segmentation fault: address not mapped to object at address 0x120000f04)
[lrdn0878:1743914:0:1743914] Caught signal 11 (Segmentation fault: address not mapped to object at address 0x120000f04)
[lrdn0871:3666417:0:3666417] Caught signal 11 (Segmentation fault: address not mapped to object at address 0x120000f04)
[lrdn0876:1464918:0:1464918] Caught signal 11 (Segmentation fault: address not mapped to object at address 0x120000f04)
[lrdn0874:2094150:0:2094150] Caught signal 11 (Segmentation fault: address not mapped to object at address 0x120000f04)
[lrdn0874:2094149:0:2094149] Caught signal 11 (Segmentation fault: address not mapped to object at address 0x120000f04)
[lrdn0874:2094151:0:2094151] Caught signal 11 (Segmentation fault: address not mapped to object at address 0x120000f04)
[lrdn0876:1464920:0:1464920] Caught signal 11 (Segmentation fault: address not mapped to object at address 0x120000f04)
[lrdn0874:2094148:0:2094148] Caught signal 11 (Segmentation fault: address not mapped to object at address 0x120000f04)
[lrdn0876:1464919:0:1464919] Caught signal 11 (Segmentation fault: address not mapped to object at address 0x120000f04)
[lrdn0871:3666416:0:3666416] Caught signal 11 (Segmentation fault: address not mapped to object at address 0x120000f04)
[lrdn0876:1464917:0:1464917] Caught signal 11 (Segmentation fault: address not mapped to object at address 0x120000f04)
[lrdn0871:3666418:0:3666418] Caught signal 11 (Segmentation fault: address not mapped to object at address 0x120000f04)
[lrdn0871:3666415:0:3666415] Caught signal 11 (Segmentation fault: address not mapped to object at address 0x120000f04)
==== backtrace (tid:1464918) ====
 0 0x0000000000012cf0 __funlockfile()  :0
 1 0x000000000000ba4f __pgi_uacc_cuda_dataup1()  /proj/build/24A/Linux_x86_64/rte/accel-uni/build/Linux_x86_64/../../src/cuda_dataup1.c:88
 2 0x00000000000370fc __pgi_uacc_dataup1()  /proj/build/24A/Linux_x86_64/rte/accel-uni/build/Linux_x86_64/../../src/dataup1.c:58
 3 0x0000000000037920 __pgi_uacc_dataupx()  /proj/build/24A/Linux_x86_64/rte/accel-uni/build/Linux_x86_64/../../src/dataupx.c:123
 4 0x0000000000034d5a __pgi_uacc_dataonb()  /proj/build/24A/Linux_x86_64/rte/accel-uni/build/Linux_x86_64/../../src/dataonb.c:613
 5 0x0000000000810ec5 mod_output_output_()  /leonardo/home/userexternal/ctica000/MS_thesis/RegCM/Share/pfwsat.inc:1052
 6 0x00000000004496be mod_regcm_interface_rcm_run_()  /leonardo/home/userexternal/ctica000/MS_thesis/RegCM/Main/mod_regcm_interface.F90:281
 7 0x0000000000a25397 MAIN_()  /leonardo/home/userexternal/ctica000/MS_thesis/RegCM/Main/regcm.F90:83
 8 0x00000000004484b1 main()  ???:0
 9 0x000000000003ad85 __libc_start_main()  ???:0
10 0x000000000044839e _start()  ???:0
=================================
[lrdn0876:1464918] *** Process received signal ***
[lrdn0876:1464918] Signal: Segmentation fault (11)
[lrdn0876:1464918] Signal code:  (-6)
[lrdn0876:1464918] Failing at address: 0x1f48500165a56
[lrdn0876:1464918] [ 0] /lib64/libpthread.so.0(+0x12cf0)[0x14b4eba13cf0]
[lrdn0876:1464918] [ 1] /leonardo/prod/spack/06/install/0.22/linux-rhel8-icelake/gcc-8.5.0/nvhpc-24.5-torlmnyzcexnrs6pq4cccabv7ehkv3xy/Linux_x86_64/24.5/compilers/lib/libaccdevice.so(__pgi_uacc_cuda_dataup1+0xebf)[0x14b4ef98ca4f]
[lrdn0876:1464918] [ 2] /leonardo/prod/spack/06/install/0.22/linux-rhel8-icelake/gcc-8.5.0/nvhpc-24.5-torlmnyzcexnrs6pq4cccabv7ehkv3xy/Linux_x86_64/24.5/compilers/lib/libacchost.so(__pgi_uacc_dataup1+0x14c)[0x14b4eff010fc]
[lrdn0876:1464918] [ 3] /leonardo/prod/spack/06/install/0.22/linux-rhel8-icelake/gcc-8.5.0/nvhpc-24.5-torlmnyzcexnrs6pq4cccabv7ehkv3xy/Linux_x86_64/24.5/compilers/lib/libacchost.so(__pgi_uacc_dataupx+0x3b0)[0x14b4eff01920]
[lrdn0876:1464918] [ 4] /leonardo/prod/spack/06/install/0.22/linux-rhel8-icelake/gcc-8.5.0/nvhpc-24.5-torlmnyzcexnrs6pq4cccabv7ehkv3xy/Linux_x86_64/24.5/compilers/lib/libacchost.so(__pgi_uacc_dataonb+0x85a)[0x14b4efefed5a]
[lrdn0876:1464918] [ 5] /leonardo/home/userexternal/ctica000/MS_thesis/RegCM/bin/regcmMPICLM45_OPENACC_GPU_STDPAR(mod_output_output_+0x50bc5)[0x810ec5]
[lrdn0876:1464918] [ 6] /leonardo/home/userexternal/ctica000/MS_thesis/RegCM/bin/regcmMPICLM45_OPENACC_GPU_STDPAR(mod_regcm_interface_rcm_run_+0x7e)[0x4496be]
[lrdn0876:1464918] [ 7] /leonardo/home/userexternal/ctica000/MS_thesis/RegCM/bin/regcmMPICLM45_OPENACC_GPU_STDPAR(MAIN_+0xd7)[0xa25397]
[lrdn0876:1464918] [ 8] /leonardo/home/userexternal/ctica000/MS_thesis/RegCM/bin/regcmMPICLM45_OPENACC_GPU_STDPAR(main+0x31)[0x4484b1]
[lrdn0876:1464918] [ 9] /lib64/libc.so.6(__libc_start_main+0xe5)[0x14b4ead9dd85]
[lrdn0876:1464918] [10] /leonardo/home/userexternal/ctica000/MS_thesis/RegCM/bin/regcmMPICLM45_OPENACC_GPU_STDPAR(_start+0x2e)[0x44839e]
[lrdn0876:1464918] *** End of error message ***
==== backtrace (tid:1743911) ====
==== backtrace (tid:3666415) ====
 0 0x0000000000012cf0 __funlockfile()  :0
 0 0x0000000000012cf0 __funlockfile()  :0
 1 0x000000000000ba4f __pgi_uacc_cuda_dataup1()  /proj/build/24A/Linux_x86_64/rte/accel-uni/build/Linux_x86_64/../../src/cuda_dataup1.c:88
 2 0x00000000000370fc __pgi_uacc_dataup1()  /proj/build/24A/Linux_x86_64/rte/accel-uni/build/Linux_x86_64/../../src/dataup1.c:58
 3 0x0000000000037920 __pgi_uacc_dataupx()  /proj/build/24A/Linux_x86_64/rte/accel-uni/build/Linux_x86_64/../../src/dataupx.c:123
 4 0x0000000000034d5a __pgi_uacc_dataonb()  /proj/build/24A/Linux_x86_64/rte/accel-uni/build/Linux_x86_64/../../src/dataonb.c:613
 5 0x0000000000810ec5 mod_output_output_()  /leonardo/home/userexternal/ctica000/MS_thesis/RegCM/Share/pfwsat.inc:1052
 6 0x00000000004496be mod_regcm_interface_rcm_run_()  /leonardo/home/userexternal/ctica000/MS_thesis/RegCM/Main/mod_regcm_interface.F90:281
 7 0x0000000000a25397 MAIN_()  /leonardo/home/userexternal/ctica000/MS_thesis/RegCM/Main/regcm.F90:83
 8 0x00000000004484b1 main()  ???:0
 9 0x000000000003ad85 __libc_start_main()  ???:0
10 0x000000000044839e _start()  ???:0
=================================
 1 0x000000000000ba4f __pgi_uacc_cuda_dataup1()  /proj/build/24A/Linux_x86_64/rte/accel-uni/build/Linux_x86_64/../../src/cuda_dataup1.c:88
[lrdn0878:1743911] *** Process received signal ***
 2 0x00000000000370fc __pgi_uacc_dataup1()  /proj/build/24A/Linux_x86_64/rte/accel-uni/build/Linux_x86_64/../../src/dataup1.c:58
[lrdn0878:1743911] Signal: Segmentation fault (11)
[lrdn0878:1743911] Signal code:  (-6)
[lrdn0878:1743911] Failing at address: 0x1f485001a9c27
 3 0x0000000000037920 __pgi_uacc_dataupx()  /proj/build/24A/Linux_x86_64/rte/accel-uni/build/Linux_x86_64/../../src/dataupx.c:123
[lrdn0878:1743911] [ 0] /lib64/libpthread.so.0(+0x12cf0)[0x152ccdb98cf0]
 4 0x0000000000034d5a __pgi_uacc_dataonb()  /proj/build/24A/Linux_x86_64/rte/accel-uni/build/Linux_x86_64/../../src/dataonb.c:613
[lrdn0878:1743911] [ 1] /leonardo/prod/spack/06/install/0.22/linux-rhel8-icelake/gcc-8.5.0/nvhpc-24.5-torlmnyzcexnrs6pq4cccabv7ehkv3xy/Linux_x86_64/24.5/compilers/lib/libaccdevice.so(__pgi_uacc_cuda_dataup1+0xebf)[0x152cd1b11a4f]
 5 0x0000000000810ec5 mod_output_output_()  /leonardo/home/userexternal/ctica000/MS_thesis/RegCM/Share/pfwsat.inc:1052
[lrdn0878:1743911] [ 2] /leonardo/prod/spack/06/install/0.22/linux-rhel8-icelake/gcc-8.5.0/nvhpc-24.5-torlmnyzcexnrs6pq4cccabv7ehkv3xy/Linux_x86_64/24.5/compilers/lib/libacchost.so(__pgi_uacc_dataup1+0x14c)[0x152cd20860fc]
 6 0x00000000004496be mod_regcm_interface_rcm_run_()  /leonardo/home/userexternal/ctica000/MS_thesis/RegCM/Main/mod_regcm_interface.F90:281
[lrdn0878:1743911] [ 3] /leonardo/prod/spack/06/install/0.22/linux-rhel8-icelake/gcc-8.5.0/nvhpc-24.5-torlmnyzcexnrs6pq4cccabv7ehkv3xy/Linux_x86_64/24.5/compilers/lib/libacchost.so(__pgi_uacc_dataupx+0x3b0)[0x152cd2086920]
[lrdn0878:1743911] [ 4] /leonardo/prod/spack/06/install/0.22/linux-rhel8-icelake/gcc-8.5.0/nvhpc-24.5-torlmnyzcexnrs6pq4cccabv7ehkv3xy/Linux_x86_64/24.5/compilers/lib/libacchost.so(__pgi_uacc_dataonb+0x85a)[0x152cd2083d5a]
 7 0x0000000000a25397 MAIN_()  /leonardo/home/userexternal/ctica000/MS_thesis/RegCM/Main/regcm.F90:83
 8 0x00000000004484b1 main()  ???:0
[lrdn0878:1743911] [ 5] /leonardo/home/userexternal/ctica000/MS_thesis/RegCM/bin/regcmMPICLM45_OPENACC_GPU_STDPAR(mod_output_output_+0x50bc5)[0x810ec5]
 9 0x000000000003ad85 __libc_start_main()  ???:0
10 0x000000000044839e _start()  ???:0
[lrdn0878:1743911] [ 6] /leonardo/home/userexternal/ctica000/MS_thesis/RegCM/bin/regcmMPICLM45_OPENACC_GPU_STDPAR(mod_regcm_interface_rcm_run_+0x7e)[0x4496be]
=================================
[lrdn0878:1743911] [ 7] /leonardo/home/userexternal/ctica000/MS_thesis/RegCM/bin/regcmMPICLM45_OPENACC_GPU_STDPAR(MAIN_+0xd7)[0xa25397]
[lrdn0878:1743911] [ 8] /leonardo/home/userexternal/ctica000/MS_thesis/RegCM/bin/regcmMPICLM45_OPENACC_GPU_STDPAR(main+0x31)[0x4484b1]
[lrdn0878:1743911] [ 9] /lib64/libc.so.6(__libc_start_main+0xe5)[0x152cccf22d85]
[lrdn0871:3666415] *** Process received signal ***
[lrdn0878:1743911] [10] /leonardo/home/userexternal/ctica000/MS_thesis/RegCM/bin/regcmMPICLM45_OPENACC_GPU_STDPAR(_start+0x2e)[0x44839e]
[lrdn0871:3666415] Signal: Segmentation fault (11)
[lrdn0871:3666415] Signal code:  (-6)
[lrdn0871:3666415] Failing at address: 0x1f4850037f1ef
[lrdn0878:1743911] *** End of error message ***
[lrdn0871:3666415] [ 0] /lib64/libpthread.so.0(+0x12cf0)[0x14a66d46acf0]
[lrdn0871:3666415] [ 1] /leonardo/prod/spack/06/install/0.22/linux-rhel8-icelake/gcc-8.5.0/nvhpc-24.5-torlmnyzcexnrs6pq4cccabv7ehkv3xy/Linux_x86_64/24.5/compilers/lib/libaccdevice.so(__pgi_uacc_cuda_dataup1+0xebf)[0x14a6713e3a4f]
[lrdn0871:3666415] [ 2] /leonardo/prod/spack/06/install/0.22/linux-rhel8-icelake/gcc-8.5.0/nvhpc-24.5-torlmnyzcexnrs6pq4cccabv7ehkv3xy/Linux_x86_64/24.5/compilers/lib/libacchost.so(__pgi_uacc_dataup1+0x14c)[0x14a6719580fc]
[lrdn0871:3666415] [ 3] /leonardo/prod/spack/06/install/0.22/linux-rhel8-icelake/gcc-8.5.0/nvhpc-24.5-torlmnyzcexnrs6pq4cccabv7ehkv3xy/Linux_x86_64/24.5/compilers/lib/libacchost.so(__pgi_uacc_dataupx+0x3b0)[0x14a671958920]
[lrdn0871:3666415] [ 4] /leonardo/prod/spack/06/install/0.22/linux-rhel8-icelake/gcc-8.5.0/nvhpc-24.5-torlmnyzcexnrs6pq4cccabv7ehkv3xy/Linux_x86_64/24.5/compilers/lib/libacchost.so(__pgi_uacc_dataonb+0x85a)[0x14a671955d5a]
[lrdn0871:3666415] [ 5] /leonardo/home/userexternal/ctica000/MS_thesis/RegCM/bin/regcmMPICLM45_OPENACC_GPU_STDPAR(mod_output_output_+0x50bc5)[0x810ec5]
[lrdn0871:3666415] [ 6] /leonardo/home/userexternal/ctica000/MS_thesis/RegCM/bin/regcmMPICLM45_OPENACC_GPU_STDPAR(mod_regcm_interface_rcm_run_+0x7e)[0x4496be]
==== backtrace (tid:1464919) ====
==== backtrace (tid:1464920) ====
 0 0x0000000000012cf0 __funlockfile()  :0
 1 0x000000000000ba4f __pgi_uacc_cuda_dataup1()  /proj/build/24A/Linux_x86_64/rte/accel-uni/build/Linux_x86_64/../../src/cuda_dataup1.c:88
 2 0x00000000000370fc __pgi_uacc_dataup1()  /proj/build/24A/Linux_x86_64/rte/accel-uni/build/Linux_x86_64/../../src/dataup1.c:58
 3 0x0000000000037920 __pgi_uacc_dataupx()  /proj/build/24A/Linux_x86_64/rte/accel-uni/build/Linux_x86_64/../../src/dataupx.c:123
 4 0x0000000000034d5a __pgi_uacc_dataonb()  /proj/build/24A/Linux_x86_64/rte/accel-uni/build/Linux_x86_64/../../src/dataonb.c:613
 5 0x0000000000810ec5 mod_output_output_()  /leonardo/home/userexternal/ctica000/MS_thesis/RegCM/Share/pfwsat.inc:1052
 6 0x00000000004496be mod_regcm_interface_rcm_run_()  /leonardo/home/userexternal/ctica000/MS_thesis/RegCM/Main/mod_regcm_interface.F90:281
 7 0x0000000000a25397 MAIN_()  /leonardo/home/userexternal/ctica000/MS_thesis/RegCM/Main/regcm.F90:83
 8 0x00000000004484b1 main()  ???:0
 9 0x000000000003ad85 __libc_start_main()  ???:0
10 0x000000000044839e _start()  ???:0
=================================
[lrdn0876:1464920] *** Process received signal ***
 0 0x0000000000012cf0 __funlockfile()  :0
 1 0x000000000000ba4f __pgi_uacc_cuda_dataup1()  /proj/build/24A/Linux_x86_64/rte/accel-uni/build/Linux_x86_64/../../src/cuda_dataup1.c:88
 2 0x00000000000370fc __pgi_uacc_dataup1()  /proj/build/24A/Linux_x86_64/rte/accel-uni/build/Linux_x86_64/../../src/dataup1.c:58
 3 0x0000000000037920 __pgi_uacc_dataupx()  /proj/build/24A/Linux_x86_64/rte/accel-uni/build/Linux_x86_64/../../src/dataupx.c:123
 4 0x0000000000034d5a __pgi_uacc_dataonb()  /proj/build/24A/Linux_x86_64/rte/accel-uni/build/Linux_x86_64/../../src/dataonb.c:613
 5 0x0000000000810ec5 mod_output_output_()  /leonardo/home/userexternal/ctica000/MS_thesis/RegCM/Share/pfwsat.inc:1052
 6 0x00000000004496be mod_regcm_interface_rcm_run_()  /leonardo/home/userexternal/ctica000/MS_thesis/RegCM/Main/mod_regcm_interface.F90:281
 7 0x0000000000a25397 MAIN_()  /leonardo/home/userexternal/ctica000/MS_thesis/RegCM/Main/regcm.F90:83
 8 0x00000000004484b1 main()  ???:0
 9 0x000000000003ad85 __libc_start_main()  ???:0
10 0x000000000044839e _start()  ???:0
=================================
[lrdn0876:1464919] *** Process received signal ***
[lrdn0876:1464920] Signal: Segmentation fault (11)
[lrdn0876:1464920] Signal code:  (-6)
[lrdn0876:1464920] Failing at address: 0x1f48500165a58
[lrdn0876:1464919] Signal: Segmentation fault (11)
[lrdn0876:1464919] Signal code:  (-6)
[lrdn0876:1464919] Failing at address: 0x1f48500165a57
[lrdn0876:1464920] [ 0] /lib64/libpthread.so.0(+0x12cf0)[0x14e86e743cf0]
[lrdn0876:1464919] [ 0] /lib64/libpthread.so.0(+0x12cf0)[0x14a321ba9cf0]
[lrdn0876:1464919] [ 1] /leonardo/prod/spack/06/install/0.22/linux-rhel8-icelake/gcc-8.5.0/nvhpc-24.5-torlmnyzcexnrs6pq4cccabv7ehkv3xy/Linux_x86_64/24.5/compilers/lib/libaccdevice.so(__pgi_uacc_cuda_dataup1+0xebf)[0x14a325b22a4f]
[lrdn0876:1464919] [ 2] /leonardo/prod/spack/06/install/0.22/linux-rhel8-icelake/gcc-8.5.0/nvhpc-24.5-torlmnyzcexnrs6pq4cccabv7ehkv3xy/Linux_x86_64/24.5/compilers/lib/libacchost.so(__pgi_uacc_dataup1+0x14c)[0x14a3260970fc]
[lrdn0876:1464919] [ 3] /leonardo/prod/spack/06/install/0.22/linux-rhel8-icelake/gcc-8.5.0/nvhpc-24.5-torlmnyzcexnrs6pq4cccabv7ehkv3xy/Linux_x86_64/24.5/compilers/lib/libacchost.so(__pgi_uacc_dataupx+0x3b0)[0x14a326097920]
[lrdn0876:1464919] [ 4] /leonardo/prod/spack/06/install/0.22/linux-rhel8-icelake/gcc-8.5.0/nvhpc-24.5-torlmnyzcexnrs6pq4cccabv7ehkv3xy/Linux_x86_64/24.5/compilers/lib/libacchost.so(__pgi_uacc_dataonb+0x85a)[0x14a326094d5a]
[lrdn0876:1464920] [ 1] /leonardo/prod/spack/06/install/0.22/linux-rhel8-icelake/gcc-8.5.0/nvhpc-24.5-torlmnyzcexnrs6pq4cccabv7ehkv3xy/Linux_x86_64/24.5/compilers/lib/libaccdevice.so(__pgi_uacc_cuda_dataup1+0xebf)[0x14e8726bca4f]
[lrdn0876:1464919] [ 5] /leonardo/home/userexternal/ctica000/MS_thesis/RegCM/bin/regcmMPICLM45_OPENACC_GPU_STDPAR(mod_output_output_+0x50bc5)[0x810ec5]
[lrdn0876:1464920] [ 2] /leonardo/prod/spack/06/install/0.22/linux-rhel8-icelake/gcc-8.5.0/nvhpc-24.5-torlmnyzcexnrs6pq4cccabv7ehkv3xy/Linux_x86_64/24.5/compilers/lib/libacchost.so(__pgi_uacc_dataup1+0x14c)[0x14e872c310fc]
[lrdn0876:1464919] [ 6] /leonardo/home/userexternal/ctica000/MS_thesis/RegCM/bin/regcmMPICLM45_OPENACC_GPU_STDPAR(mod_regcm_interface_rcm_run_+0x7e)[0x4496be]
[lrdn0876:1464920] [ 3] /leonardo/prod/spack/06/install/0.22/linux-rhel8-icelake/gcc-8.5.0/nvhpc-24.5-torlmnyzcexnrs6pq4cccabv7ehkv3xy/Linux_x86_64/24.5/compilers/lib/libacchost.so(__pgi_uacc_dataupx+0x3b0)[0x14e872c31920]
[lrdn0876:1464920] [ 4] /leonardo/prod/spack/06/install/0.22/linux-rhel8-icelake/gcc-8.5.0/nvhpc-24.5-torlmnyzcexnrs6pq4cccabv7ehkv3xy/Linux_x86_64/24.5/compilers/lib/libacchost.so(__pgi_uacc_dataonb+0x85a)[0x14e872c2ed5a]
[lrdn0876:1464920] [ 5] /leonardo/home/userexternal/ctica000/MS_thesis/RegCM/bin/regcmMPICLM45_OPENACC_GPU_STDPAR(mod_output_output_+0x50bc5)[0x810ec5]
[lrdn0876:1464919] [ 7] /leonardo/home/userexternal/ctica000/MS_thesis/RegCM/bin/regcmMPICLM45_OPENACC_GPU_STDPAR(MAIN_+0xd7)[0xa25397]
[lrdn0871:3666415] [ 7] /leonardo/home/userexternal/ctica000/MS_thesis/RegCM/bin/regcmMPICLM45_OPENACC_GPU_STDPAR(MAIN_+0xd7)[0xa25397]
[lrdn0876:1464919] [ 8] /leonardo/home/userexternal/ctica000/MS_thesis/RegCM/bin/regcmMPICLM45_OPENACC_GPU_STDPAR(main+0x31)[0x4484b1]
[lrdn0876:1464920] [ 6] /leonardo/home/userexternal/ctica000/MS_thesis/RegCM/bin/regcmMPICLM45_OPENACC_GPU_STDPAR(mod_regcm_interface_rcm_run_+0x7e)[0x4496be]
[lrdn0876:1464920] [ 7] /leonardo/home/userexternal/ctica000/MS_thesis/RegCM/bin/regcmMPICLM45_OPENACC_GPU_STDPAR(MAIN_+0xd7)[0xa25397]
[lrdn0876:1464919] [ 9] /lib64/libc.so.6(__libc_start_main+0xe5)[0x14a320f33d85]
[lrdn0876:1464919] [10] /leonardo/home/userexternal/ctica000/MS_thesis/RegCM/bin/regcmMPICLM45_OPENACC_GPU_STDPAR(_start+0x2e)[0x44839e]
[lrdn0876:1464919] *** End of error message ***
[lrdn0876:1464920] [ 8] /leonardo/home/userexternal/ctica000/MS_thesis/RegCM/bin/regcmMPICLM45_OPENACC_GPU_STDPAR(main+0x31)[0x4484b1]
[lrdn0876:1464920] [ 9] /lib64/libc.so.6(__libc_start_main+0xe5)[0x14e86dacdd85]
[lrdn0871:3666415] [ 8] /leonardo/home/userexternal/ctica000/MS_thesis/RegCM/bin/regcmMPICLM45_OPENACC_GPU_STDPAR(main+0x31)[0x4484b1]
[lrdn0871:3666415] [ 9] /lib64/libc.so.6(__libc_start_main+0xe5)[0x14a66c7f4d85]
[lrdn0871:3666415] [10] /leonardo/home/userexternal/ctica000/MS_thesis/RegCM/bin/regcmMPICLM45_OPENACC_GPU_STDPAR(_start+0x2e)[0x44839e]
[lrdn0876:1464920] [10] /leonardo/home/userexternal/ctica000/MS_thesis/RegCM/bin/regcmMPICLM45_OPENACC_GPU_STDPAR(_start+0x2e)[0x44839e]
[lrdn0876:1464920] *** End of error message ***
[lrdn0871:3666415] *** End of error message ***
==== backtrace (tid:1464917) ====
 0 0x0000000000012cf0 __funlockfile()  :0
 1 0x000000000000ba4f __pgi_uacc_cuda_dataup1()  /proj/build/24A/Linux_x86_64/rte/accel-uni/build/Linux_x86_64/../../src/cuda_dataup1.c:88
 2 0x00000000000370fc __pgi_uacc_dataup1()  /proj/build/24A/Linux_x86_64/rte/accel-uni/build/Linux_x86_64/../../src/dataup1.c:58
 3 0x0000000000037920 __pgi_uacc_dataupx()  /proj/build/24A/Linux_x86_64/rte/accel-uni/build/Linux_x86_64/../../src/dataupx.c:123
 4 0x0000000000034d5a __pgi_uacc_dataonb()  /proj/build/24A/Linux_x86_64/rte/accel-uni/build/Linux_x86_64/../../src/dataonb.c:613
 5 0x0000000000810ec5 mod_output_output_()  /leonardo/home/userexternal/ctica000/MS_thesis/RegCM/Share/pfwsat.inc:1052
 6 0x00000000004496be mod_regcm_interface_rcm_run_()  /leonardo/home/userexternal/ctica000/MS_thesis/RegCM/Main/mod_regcm_interface.F90:281
 7 0x0000000000a25397 MAIN_()  /leonardo/home/userexternal/ctica000/MS_thesis/RegCM/Main/regcm.F90:83
 8 0x00000000004484b1 main()  ???:0
 9 0x000000000003ad85 __libc_start_main()  ???:0
10 0x000000000044839e _start()  ???:0
=================================
[lrdn0876:1464917] *** Process received signal ***
[lrdn0876:1464917] Signal: Segmentation fault (11)
[lrdn0876:1464917] Signal code:  (-6)
[lrdn0876:1464917] Failing at address: 0x1f48500165a55
[lrdn0876:1464917] [ 0] /lib64/libpthread.so.0(+0x12cf0)[0x15397a909cf0]
[lrdn0876:1464917] [ 1] /leonardo/prod/spack/06/install/0.22/linux-rhel8-icelake/gcc-8.5.0/nvhpc-24.5-torlmnyzcexnrs6pq4cccabv7ehkv3xy/Linux_x86_64/24.5/compilers/lib/libaccdevice.so(__pgi_uacc_cuda_dataup1+0xebf)[0x15397e882a4f]
[lrdn0876:1464917] [ 2] /leonardo/prod/spack/06/install/0.22/linux-rhel8-icelake/gcc-8.5.0/nvhpc-24.5-torlmnyzcexnrs6pq4cccabv7ehkv3xy/Linux_x86_64/24.5/compilers/lib/libacchost.so(__pgi_uacc_dataup1+0x14c)[0x15397edf70fc]
[lrdn0876:1464917] [ 3] /leonardo/prod/spack/06/install/0.22/linux-rhel8-icelake/gcc-8.5.0/nvhpc-24.5-torlmnyzcexnrs6pq4cccabv7ehkv3xy/Linux_x86_64/24.5/compilers/lib/libacchost.so(__pgi_uacc_dataupx+0x3b0)[0x15397edf7920]
[lrdn0876:1464917] [ 4] /leonardo/prod/spack/06/install/0.22/linux-rhel8-icelake/gcc-8.5.0/nvhpc-24.5-torlmnyzcexnrs6pq4cccabv7ehkv3xy/Linux_x86_64/24.5/compilers/lib/libacchost.so(__pgi_uacc_dataonb+0x85a)[0x15397edf4d5a]
[lrdn0876:1464917] [ 5] /leonardo/home/userexternal/ctica000/MS_thesis/RegCM/bin/regcmMPICLM45_OPENACC_GPU_STDPAR(mod_output_output_+0x50bc5)[0x810ec5]
[lrdn0876:1464917] [ 6] /leonardo/home/userexternal/ctica000/MS_thesis/RegCM/bin/regcmMPICLM45_OPENACC_GPU_STDPAR(mod_regcm_interface_rcm_run_+0x7e)[0x4496be]
[lrdn0876:1464917] [ 7] /leonardo/home/userexternal/ctica000/MS_thesis/RegCM/bin/regcmMPICLM45_OPENACC_GPU_STDPAR(MAIN_+0xd7)[0xa25397]
[lrdn0876:1464917] [ 8] /leonardo/home/userexternal/ctica000/MS_thesis/RegCM/bin/regcmMPICLM45_OPENACC_GPU_STDPAR(main+0x31)[0x4484b1]
[lrdn0876:1464917] [ 9] /lib64/libc.so.6(__libc_start_main+0xe5)[0x153979c93d85]
[lrdn0876:1464917] [10] /leonardo/home/userexternal/ctica000/MS_thesis/RegCM/bin/regcmMPICLM45_OPENACC_GPU_STDPAR(_start+0x2e)[0x44839e]
[lrdn0876:1464917] *** End of error message ***
==== backtrace (tid:2094151) ====
 0 0x0000000000012cf0 __funlockfile()  :0
 1 0x000000000000ba4f __pgi_uacc_cuda_dataup1()  /proj/build/24A/Linux_x86_64/rte/accel-uni/build/Linux_x86_64/../../src/cuda_dataup1.c:88
 2 0x00000000000370fc __pgi_uacc_dataup1()  /proj/build/24A/Linux_x86_64/rte/accel-uni/build/Linux_x86_64/../../src/dataup1.c:58
 3 0x0000000000037920 __pgi_uacc_dataupx()  /proj/build/24A/Linux_x86_64/rte/accel-uni/build/Linux_x86_64/../../src/dataupx.c:123
 4 0x0000000000034d5a __pgi_uacc_dataonb()  /proj/build/24A/Linux_x86_64/rte/accel-uni/build/Linux_x86_64/../../src/dataonb.c:613
 5 0x0000000000810ec5 mod_output_output_()  /leonardo/home/userexternal/ctica000/MS_thesis/RegCM/Share/pfwsat.inc:1052
 6 0x00000000004496be mod_regcm_interface_rcm_run_()  /leonardo/home/userexternal/ctica000/MS_thesis/RegCM/Main/mod_regcm_interface.F90:281
 7 0x0000000000a25397 MAIN_()  /leonardo/home/userexternal/ctica000/MS_thesis/RegCM/Main/regcm.F90:83
 8 0x00000000004484b1 main()  ???:0
 9 0x000000000003ad85 __libc_start_main()  ???:0
10 0x000000000044839e _start()  ???:0
=================================
[lrdn0874:2094151] *** Process received signal ***
[lrdn0874:2094151] Signal: Segmentation fault (11)
[lrdn0874:2094151] Signal code:  (-6)
[lrdn0874:2094151] Failing at address: 0x1f485001ff447
[lrdn0874:2094151] [ 0] /lib64/libpthread.so.0(+0x12cf0)[0x15544b5f4cf0]
[lrdn0874:2094151] [ 1] /leonardo/prod/spack/06/install/0.22/linux-rhel8-icelake/gcc-8.5.0/nvhpc-24.5-torlmnyzcexnrs6pq4cccabv7ehkv3xy/Linux_x86_64/24.5/compilers/lib/libaccdevice.so(__pgi_uacc_cuda_dataup1+0xebf)[0x15544f56da4f]
[lrdn0874:2094151] [ 2] /leonardo/prod/spack/06/install/0.22/linux-rhel8-icelake/gcc-8.5.0/nvhpc-24.5-torlmnyzcexnrs6pq4cccabv7ehkv3xy/Linux_x86_64/24.5/compilers/lib/libacchost.so(__pgi_uacc_dataup1+0x14c)[0x15544fae20fc]
[lrdn0874:2094151] [ 3] /leonardo/prod/spack/06/install/0.22/linux-rhel8-icelake/gcc-8.5.0/nvhpc-24.5-torlmnyzcexnrs6pq4cccabv7ehkv3xy/Linux_x86_64/24.5/compilers/lib/libacchost.so(__pgi_uacc_dataupx+0x3b0)[0x15544fae2920]
[lrdn0874:2094151] [ 4] /leonardo/prod/spack/06/install/0.22/linux-rhel8-icelake/gcc-8.5.0/nvhpc-24.5-torlmnyzcexnrs6pq4cccabv7ehkv3xy/Linux_x86_64/24.5/compilers/lib/libacchost.so(__pgi_uacc_dataonb+0x85a)[0x15544fadfd5a]
[lrdn0874:2094151] [ 5] /leonardo/home/userexternal/ctica000/MS_thesis/RegCM/bin/regcmMPICLM45_OPENACC_GPU_STDPAR(mod_output_output_+0x50bc5)[0x810ec5]
[lrdn0874:2094151] [ 6] /leonardo/home/userexternal/ctica000/MS_thesis/RegCM/bin/regcmMPICLM45_OPENACC_GPU_STDPAR(mod_regcm_interface_rcm_run_+0x7e)[0x4496be]
[lrdn0874:2094151] [ 7] /leonardo/home/userexternal/ctica000/MS_thesis/RegCM/bin/regcmMPICLM45_OPENACC_GPU_STDPAR(MAIN_+0xd7)[0xa25397]
[lrdn0874:2094151] [ 8] /leonardo/home/userexternal/ctica000/MS_thesis/RegCM/bin/regcmMPICLM45_OPENACC_GPU_STDPAR(main+0x31)[0x4484b1]
[lrdn0874:2094151] [ 9] /lib64/libc.so.6(__libc_start_main+0xe5)[0x15544a97ed85]
[lrdn0874:2094151] [10] /leonardo/home/userexternal/ctica000/MS_thesis/RegCM/bin/regcmMPICLM45_OPENACC_GPU_STDPAR(_start+0x2e)[0x44839e]
[lrdn0874:2094151] *** End of error message ***
==== backtrace (tid:1743913) ====
 0 0x0000000000012cf0 __funlockfile()  :0
 1 0x000000000000ba4f __pgi_uacc_cuda_dataup1()  /proj/build/24A/Linux_x86_64/rte/accel-uni/build/Linux_x86_64/../../src/cuda_dataup1.c:88
 2 0x00000000000370fc __pgi_uacc_dataup1()  /proj/build/24A/Linux_x86_64/rte/accel-uni/build/Linux_x86_64/../../src/dataup1.c:58
 3 0x0000000000037920 __pgi_uacc_dataupx()  /proj/build/24A/Linux_x86_64/rte/accel-uni/build/Linux_x86_64/../../src/dataupx.c:123
 4 0x0000000000034d5a __pgi_uacc_dataonb()  /proj/build/24A/Linux_x86_64/rte/accel-uni/build/Linux_x86_64/../../src/dataonb.c:613
 5 0x0000000000810ec5 mod_output_output_()  /leonardo/home/userexternal/ctica000/MS_thesis/RegCM/Share/pfwsat.inc:1052
 6 0x00000000004496be mod_regcm_interface_rcm_run_()  /leonardo/home/userexternal/ctica000/MS_thesis/RegCM/Main/mod_regcm_interface.F90:281
 7 0x0000000000a25397 MAIN_()  /leonardo/home/userexternal/ctica000/MS_thesis/RegCM/Main/regcm.F90:83
 8 0x00000000004484b1 main()  ???:0
 9 0x000000000003ad85 __libc_start_main()  ???:0
10 0x000000000044839e _start()  ???:0
=================================
[lrdn0878:1743913] *** Process received signal ***
[lrdn0878:1743913] Signal: Segmentation fault (11)
[lrdn0878:1743913] Signal code:  (-6)
[lrdn0878:1743913] Failing at address: 0x1f485001a9c29
==== backtrace (tid:3666418) ====
[lrdn0878:1743913] [ 0] /lib64/libpthread.so.0(+0x12cf0)[0x153a2c719cf0]
 0 0x0000000000012cf0 __funlockfile()  :0
==== backtrace (tid:2094150) ====
==== backtrace (tid:1743914) ====
 1 0x000000000000ba4f __pgi_uacc_cuda_dataup1()  /proj/build/24A/Linux_x86_64/rte/accel-uni/build/Linux_x86_64/../../src/cuda_dataup1.c:88
[lrdn0878:1743913] [ 1] /leonardo/prod/spack/06/install/0.22/linux-rhel8-icelake/gcc-8.5.0/nvhpc-24.5-torlmnyzcexnrs6pq4cccabv7ehkv3xy/Linux_x86_64/24.5/compilers/lib/libaccdevice.so(__pgi_uacc_cuda_dataup1+0xebf)[0x153a30692a4f]
[lrdn0878:1743913] [ 2] /leonardo/prod/spack/06/install/0.22/linux-rhel8-icelake/gcc-8.5.0/nvhpc-24.5-torlmnyzcexnrs6pq4cccabv7ehkv3xy/Linux_x86_64/24.5/compilers/lib/libacchost.so(__pgi_uacc_dataup1+0x14c)[0x153a30c070fc]
 0 0x0000000000012cf0 __funlockfile()  :0
[lrdn0878:1743913] [ 3] /leonardo/prod/spack/06/install/0.22/linux-rhel8-icelake/gcc-8.5.0/nvhpc-24.5-torlmnyzcexnrs6pq4cccabv7ehkv3xy/Linux_x86_64/24.5/compilers/lib/libacchost.so(__pgi_uacc_dataupx+0x3b0)[0x153a30c07920]
[lrdn0878:1743913] [ 4] /leonardo/prod/spack/06/install/0.22/linux-rhel8-icelake/gcc-8.5.0/nvhpc-24.5-torlmnyzcexnrs6pq4cccabv7ehkv3xy/Linux_x86_64/24.5/compilers/lib/libacchost.so(__pgi_uacc_dataonb+0x85a)[0x153a30c04d5a]
 1 0x000000000000ba4f __pgi_uacc_cuda_dataup1()  /proj/build/24A/Linux_x86_64/rte/accel-uni/build/Linux_x86_64/../../src/cuda_dataup1.c:88
 2 0x00000000000370fc __pgi_uacc_dataup1()  /proj/build/24A/Linux_x86_64/rte/accel-uni/build/Linux_x86_64/../../src/dataup1.c:58
 0 0x0000000000012cf0 __funlockfile()  :0
 3 0x0000000000037920 __pgi_uacc_dataupx()  /proj/build/24A/Linux_x86_64/rte/accel-uni/build/Linux_x86_64/../../src/dataupx.c:123
[lrdn0878:1743913] [ 5] /leonardo/home/userexternal/ctica000/MS_thesis/RegCM/bin/regcmMPICLM45_OPENACC_GPU_STDPAR(mod_output_output_+0x50bc5)[0x810ec5]
 4 0x0000000000034d5a __pgi_uacc_dataonb()  /proj/build/24A/Linux_x86_64/rte/accel-uni/build/Linux_x86_64/../../src/dataonb.c:613
 1 0x000000000000ba4f __pgi_uacc_cuda_dataup1()  /proj/build/24A/Linux_x86_64/rte/accel-uni/build/Linux_x86_64/../../src/cuda_dataup1.c:88
 5 0x0000000000810ec5 mod_output_output_()  /leonardo/home/userexternal/ctica000/MS_thesis/RegCM/Share/pfwsat.inc:1052
 2 0x00000000000370fc __pgi_uacc_dataup1()  /proj/build/24A/Linux_x86_64/rte/accel-uni/build/Linux_x86_64/../../src/dataup1.c:58
 3 0x0000000000037920 __pgi_uacc_dataupx()  /proj/build/24A/Linux_x86_64/rte/accel-uni/build/Linux_x86_64/../../src/dataupx.c:123
 4 0x0000000000034d5a __pgi_uacc_dataonb()  /proj/build/24A/Linux_x86_64/rte/accel-uni/build/Linux_x86_64/../../src/dataonb.c:613
 5 0x0000000000810ec5 mod_output_output_()  /leonardo/home/userexternal/ctica000/MS_thesis/RegCM/Share/pfwsat.inc:1052
 6 0x00000000004496be mod_regcm_interface_rcm_run_()  /leonardo/home/userexternal/ctica000/MS_thesis/RegCM/Main/mod_regcm_interface.F90:281
[lrdn0878:1743913] [ 6] /leonardo/home/userexternal/ctica000/MS_thesis/RegCM/bin/regcmMPICLM45_OPENACC_GPU_STDPAR(mod_regcm_interface_rcm_run_+0x7e)[0x4496be]
==== backtrace (tid:3666417) ====
 6 0x00000000004496be mod_regcm_interface_rcm_run_()  /leonardo/home/userexternal/ctica000/MS_thesis/RegCM/Main/mod_regcm_interface.F90:281
 7 0x0000000000a25397 MAIN_()  /leonardo/home/userexternal/ctica000/MS_thesis/RegCM/Main/regcm.F90:83
 8 0x00000000004484b1 main()  ???:0
 9 0x000000000003ad85 __libc_start_main()  ???:0
10 0x000000000044839e _start()  ???:0
=================================
 7 0x0000000000a25397 MAIN_()  /leonardo/home/userexternal/ctica000/MS_thesis/RegCM/Main/regcm.F90:83
 8 0x00000000004484b1 main()  ???:0
[lrdn0878:1743914] *** Process received signal ***
[lrdn0878:1743914] Signal: Segmentation fault (11)
[lrdn0878:1743914] Signal code:  (-6)
[lrdn0878:1743914] Failing at address: 0x1f485001a9c2a
 9 0x000000000003ad85 __libc_start_main()  ???:0
[lrdn0878:1743913] [ 7] /leonardo/home/userexternal/ctica000/MS_thesis/RegCM/bin/regcmMPICLM45_OPENACC_GPU_STDPAR(MAIN_+0xd7)[0xa25397]
10 0x000000000044839e _start()  ???:0
=================================
 0 0x0000000000012cf0 __funlockfile()  :0
 1 0x000000000000ba4f __pgi_uacc_cuda_dataup1()  /proj/build/24A/Linux_x86_64/rte/accel-uni/build/Linux_x86_64/../../src/cuda_dataup1.c:88
 2 0x00000000000370fc __pgi_uacc_dataup1()  /proj/build/24A/Linux_x86_64/rte/accel-uni/build/Linux_x86_64/../../src/dataup1.c:58
 3 0x0000000000037920 __pgi_uacc_dataupx()  /proj/build/24A/Linux_x86_64/rte/accel-uni/build/Linux_x86_64/../../src/dataupx.c:123
 4 0x0000000000034d5a __pgi_uacc_dataonb()  /proj/build/24A/Linux_x86_64/rte/accel-uni/build/Linux_x86_64/../../src/dataonb.c:613
 5 0x0000000000810ec5 mod_output_output_()  /leonardo/home/userexternal/ctica000/MS_thesis/RegCM/Share/pfwsat.inc:1052
 6 0x00000000004496be mod_regcm_interface_rcm_run_()  /leonardo/home/userexternal/ctica000/MS_thesis/RegCM/Main/mod_regcm_interface.F90:281
 7 0x0000000000a25397 MAIN_()  /leonardo/home/userexternal/ctica000/MS_thesis/RegCM/Main/regcm.F90:83
 8 0x00000000004484b1 main()  ???:0
 9 0x000000000003ad85 __libc_start_main()  ???:0
[lrdn0878:1743913] [ 8] /leonardo/home/userexternal/ctica000/MS_thesis/RegCM/bin/regcmMPICLM45_OPENACC_GPU_STDPAR(main+0x31)[0x4484b1]
==== backtrace (tid:2094149) ====
10 0x000000000044839e _start()  ???:0
[lrdn0878:1743914] [ 0] /lib64/libpthread.so.0(+0x12cf0)[0x148a54eb4cf0]
=================================
[lrdn0878:1743914] [ 1] /leonardo/prod/spack/06/install/0.22/linux-rhel8-icelake/gcc-8.5.0/nvhpc-24.5-torlmnyzcexnrs6pq4cccabv7ehkv3xy/Linux_x86_64/24.5/compilers/lib/libaccdevice.so(__pgi_uacc_cuda_dataup1+0xebf)[0x148a58e2da4f]
 0 0x0000000000012cf0 __funlockfile()  :0
[lrdn0871:3666417] *** Process received signal ***
[lrdn0878:1743914] [ 2] /leonardo/prod/spack/06/install/0.22/linux-rhel8-icelake/gcc-8.5.0/nvhpc-24.5-torlmnyzcexnrs6pq4cccabv7ehkv3xy/Linux_x86_64/24.5/compilers/lib/libacchost.so(__pgi_uacc_dataup1+0x14c)[0x148a593a20fc]
[lrdn0874:2094150] *** Process received signal ***
[lrdn0871:3666417] Signal: Segmentation fault (11)
[lrdn0871:3666417] Signal code:  (-6)
[lrdn0871:3666417] Failing at address: 0x1f4850037f1f1
[lrdn0878:1743913] [ 9] /lib64/libc.so.6(__libc_start_main+0xe5)[0x153a2baa3d85]
[lrdn0874:2094150] Signal: Segmentation fault (11)
[lrdn0874:2094150] Signal code:  (-6)
[lrdn0874:2094150] Failing at address: 0x1f485001ff446
[lrdn0871:3666417] [ 0] /lib64/libpthread.so.0(+0x12cf0)[0x148741ad1cf0]
[lrdn0878:1743914] [ 3] /leonardo/prod/spack/06/install/0.22/linux-rhel8-icelake/gcc-8.5.0/nvhpc-24.5-torlmnyzcexnrs6pq4cccabv7ehkv3xy/Linux_x86_64/24.5/compilers/lib/libacchost.so(__pgi_uacc_dataupx+0x3b0)[0x148a593a2920]
[lrdn0878:1743914] [ 4] /leonardo/prod/spack/06/install/0.22/linux-rhel8-icelake/gcc-8.5.0/nvhpc-24.5-torlmnyzcexnrs6pq4cccabv7ehkv3xy/Linux_x86_64/24.5/compilers/lib/libacchost.so(__pgi_uacc_dataonb+0x85a)[0x148a5939fd5a]
 1 0x000000000000ba4f __pgi_uacc_cuda_dataup1()  /proj/build/24A/Linux_x86_64/rte/accel-uni/build/Linux_x86_64/../../src/cuda_dataup1.c:88
 2 0x00000000000370fc __pgi_uacc_dataup1()  /proj/build/24A/Linux_x86_64/rte/accel-uni/build/Linux_x86_64/../../src/dataup1.c:58
 3 0x0000000000037920 __pgi_uacc_dataupx()  /proj/build/24A/Linux_x86_64/rte/accel-uni/build/Linux_x86_64/../../src/dataupx.c:123
 4 0x0000000000034d5a __pgi_uacc_dataonb()  /proj/build/24A/Linux_x86_64/rte/accel-uni/build/Linux_x86_64/../../src/dataonb.c:613
 5 0x0000000000810ec5 mod_output_output_()  /leonardo/home/userexternal/ctica000/MS_thesis/RegCM/Share/pfwsat.inc:1052
 6 0x00000000004496be mod_regcm_interface_rcm_run_()  /leonardo/home/userexternal/ctica000/MS_thesis/RegCM/Main/mod_regcm_interface.F90:281
 7 0x0000000000a25397 MAIN_()  /leonardo/home/userexternal/ctica000/MS_thesis/RegCM/Main/regcm.F90:83
 8 0x00000000004484b1 main()  ???:0
 9 0x000000000003ad85 __libc_start_main()  ???:0
10 0x000000000044839e _start()  ???:0
[lrdn0871:3666417] [ 1] /leonardo/prod/spack/06/install/0.22/linux-rhel8-icelake/gcc-8.5.0/nvhpc-24.5-torlmnyzcexnrs6pq4cccabv7ehkv3xy/Linux_x86_64/24.5/compilers/lib/libaccdevice.so(__pgi_uacc_cuda_dataup1+0xebf)[0x148745a4aa4f]
[lrdn0878:1743913] [10] /leonardo/home/userexternal/ctica000/MS_thesis/RegCM/bin/regcmMPICLM45_OPENACC_GPU_STDPAR(_start+0x2e)[0x44839e]
[lrdn0878:1743913] *** End of error message ***
[lrdn0874:2094150] [ 0] /lib64/libpthread.so.0(+0x12cf0)[0x15148cf16cf0]
[lrdn0874:2094150] [ 1] /leonardo/prod/spack/06/install/0.22/linux-rhel8-icelake/gcc-8.5.0/nvhpc-24.5-torlmnyzcexnrs6pq4cccabv7ehkv3xy/Linux_x86_64/24.5/compilers/lib/libaccdevice.so(__pgi_uacc_cuda_dataup1+0xebf)[0x151490e8fa4f]
[lrdn0871:3666417] [ 2] /leonardo/prod/spack/06/install/0.22/linux-rhel8-icelake/gcc-8.5.0/nvhpc-24.5-torlmnyzcexnrs6pq4cccabv7ehkv3xy/Linux_x86_64/24.5/compilers/lib/libacchost.so(__pgi_uacc_dataup1+0x14c)[0x148745fbf0fc]
[lrdn0878:1743914] [ 5] /leonardo/home/userexternal/ctica000/MS_thesis/RegCM/bin/regcmMPICLM45_OPENACC_GPU_STDPAR(mod_output_output_+0x50bc5)[0x810ec5]
=================================
[lrdn0871:3666417] [ 3] /leonardo/prod/spack/06/install/0.22/linux-rhel8-icelake/gcc-8.5.0/nvhpc-24.5-torlmnyzcexnrs6pq4cccabv7ehkv3xy/Linux_x86_64/24.5/compilers/lib/libacchost.so(__pgi_uacc_dataupx+0x3b0)[0x148745fbf920]
[lrdn0878:1743914] [ 6] /leonardo/home/userexternal/ctica000/MS_thesis/RegCM/bin/regcmMPICLM45_OPENACC_GPU_STDPAR(mod_regcm_interface_rcm_run_+0x7e)[0x4496be]
[lrdn0874:2094150] [ 2] /leonardo/prod/spack/06/install/0.22/linux-rhel8-icelake/gcc-8.5.0/nvhpc-24.5-torlmnyzcexnrs6pq4cccabv7ehkv3xy/Linux_x86_64/24.5/compilers/lib/libacchost.so(__pgi_uacc_dataup1+0x14c)[0x1514914040fc]
[lrdn0874:2094150] [ 3] /leonardo/prod/spack/06/install/0.22/linux-rhel8-icelake/gcc-8.5.0/nvhpc-24.5-torlmnyzcexnrs6pq4cccabv7ehkv3xy/Linux_x86_64/24.5/compilers/lib/libacchost.so(__pgi_uacc_dataupx+0x3b0)[0x151491404920]
[lrdn0874:2094150] [ 4] /leonardo/prod/spack/06/install/0.22/linux-rhel8-icelake/gcc-8.5.0/nvhpc-24.5-torlmnyzcexnrs6pq4cccabv7ehkv3xy/Linux_x86_64/24.5/compilers/lib/libacchost.so(__pgi_uacc_dataonb+0x85a)[0x151491401d5a]
[lrdn0871:3666417] [ 4] /leonardo/prod/spack/06/install/0.22/linux-rhel8-icelake/gcc-8.5.0/nvhpc-24.5-torlmnyzcexnrs6pq4cccabv7ehkv3xy/Linux_x86_64/24.5/compilers/lib/libacchost.so(__pgi_uacc_dataonb+0x85a)[0x148745fbcd5a]
[lrdn0874:2094149] *** Process received signal ***
[lrdn0874:2094149] Signal: Segmentation fault (11)
[lrdn0874:2094149] Signal code:  (-6)
[lrdn0874:2094149] Failing at address: 0x1f485001ff445
[lrdn0871:3666417] [ 5] /leonardo/home/userexternal/ctica000/MS_thesis/RegCM/bin/regcmMPICLM45_OPENACC_GPU_STDPAR(mod_output_output_+0x50bc5)[0x810ec5]
[lrdn0878:1743914] [ 7] /leonardo/home/userexternal/ctica000/MS_thesis/RegCM/bin/regcmMPICLM45_OPENACC_GPU_STDPAR(MAIN_+0xd7)[0xa25397]
[lrdn0874:2094150] [ 5] /leonardo/home/userexternal/ctica000/MS_thesis/RegCM/bin/regcmMPICLM45_OPENACC_GPU_STDPAR(mod_output_output_+0x50bc5)[0x810ec5]
[lrdn0874:2094149] [ 0] /lib64/libpthread.so.0(+0x12cf0)[0x148fb461ccf0]
[lrdn0874:2094149] [ 1] /leonardo/prod/spack/06/install/0.22/linux-rhel8-icelake/gcc-8.5.0/nvhpc-24.5-torlmnyzcexnrs6pq4cccabv7ehkv3xy/Linux_x86_64/24.5/compilers/lib/libaccdevice.so(__pgi_uacc_cuda_dataup1+0xebf)[0x148fb8595a4f]
==== backtrace (tid:3666416) ====
[lrdn0874:2094149] [ 2] /leonardo/prod/spack/06/install/0.22/linux-rhel8-icelake/gcc-8.5.0/nvhpc-24.5-torlmnyzcexnrs6pq4cccabv7ehkv3xy/Linux_x86_64/24.5/compilers/lib/libacchost.so(__pgi_uacc_dataup1+0x14c)[0x148fb8b0a0fc]
[lrdn0871:3666417] [ 6] /leonardo/home/userexternal/ctica000/MS_thesis/RegCM/bin/regcmMPICLM45_OPENACC_GPU_STDPAR(mod_regcm_interface_rcm_run_+0x7e)[0x4496be]
[lrdn0874:2094149] [ 3] /leonardo/prod/spack/06/install/0.22/linux-rhel8-icelake/gcc-8.5.0/nvhpc-24.5-torlmnyzcexnrs6pq4cccabv7ehkv3xy/Linux_x86_64/24.5/compilers/lib/libacchost.so(__pgi_uacc_dataupx+0x3b0)[0x148fb8b0a920]
 0 0x0000000000012cf0 __funlockfile()  :0
[lrdn0878:1743914] [ 8] /leonardo/home/userexternal/ctica000/MS_thesis/RegCM/bin/regcmMPICLM45_OPENACC_GPU_STDPAR(main+0x31)[0x4484b1]
[lrdn0874:2094149] [ 4] /leonardo/prod/spack/06/install/0.22/linux-rhel8-icelake/gcc-8.5.0/nvhpc-24.5-torlmnyzcexnrs6pq4cccabv7ehkv3xy/Linux_x86_64/24.5/compilers/lib/libacchost.so(__pgi_uacc_dataonb+0x85a)[0x148fb8b07d5a]
[lrdn0871:3666417] [ 7] /leonardo/home/userexternal/ctica000/MS_thesis/RegCM/bin/regcmMPICLM45_OPENACC_GPU_STDPAR(MAIN_+0xd7)[0xa25397]
==== backtrace (tid:2094148) ====
 1 0x000000000000ba4f __pgi_uacc_cuda_dataup1()  /proj/build/24A/Linux_x86_64/rte/accel-uni/build/Linux_x86_64/../../src/cuda_dataup1.c:88
[lrdn0874:2094149] [ 5] /leonardo/home/userexternal/ctica000/MS_thesis/RegCM/bin/regcmMPICLM45_OPENACC_GPU_STDPAR(mod_output_output_+0x50bc5)[0x810ec5]
[lrdn0871:3666417] [ 8] /leonardo/home/userexternal/ctica000/MS_thesis/RegCM/bin/regcmMPICLM45_OPENACC_GPU_STDPAR(main+0x31)[0x4484b1]
[lrdn0874:2094150] [ 6] /leonardo/home/userexternal/ctica000/MS_thesis/RegCM/bin/regcmMPICLM45_OPENACC_GPU_STDPAR(mod_regcm_interface_rcm_run_+0x7e)[0x4496be]
[lrdn0874:2094149] [ 6] /leonardo/home/userexternal/ctica000/MS_thesis/RegCM/bin/regcmMPICLM45_OPENACC_GPU_STDPAR(mod_regcm_interface_rcm_run_+0x7e)[0x4496be]
[lrdn0878:1743914] [ 9] /lib64/libc.so.6(__libc_start_main+0xe5)[0x148a5423ed85]
 0 0x0000000000012cf0 __funlockfile()  :0
 1 0x000000000000ba4f __pgi_uacc_cuda_dataup1()  /proj/build/24A/Linux_x86_64/rte/accel-uni/build/Linux_x86_64/../../src/cuda_dataup1.c:88
 2 0x00000000000370fc __pgi_uacc_dataup1()  /proj/build/24A/Linux_x86_64/rte/accel-uni/build/Linux_x86_64/../../src/dataup1.c:58
 3 0x0000000000037920 __pgi_uacc_dataupx()  /proj/build/24A/Linux_x86_64/rte/accel-uni/build/Linux_x86_64/../../src/dataupx.c:123
 4 0x0000000000034d5a __pgi_uacc_dataonb()  /proj/build/24A/Linux_x86_64/rte/accel-uni/build/Linux_x86_64/../../src/dataonb.c:613
 5 0x0000000000810ec5 mod_output_output_()  /leonardo/home/userexternal/ctica000/MS_thesis/RegCM/Share/pfwsat.inc:1052
 6 0x00000000004496be mod_regcm_interface_rcm_run_()  /leonardo/home/userexternal/ctica000/MS_thesis/RegCM/Main/mod_regcm_interface.F90:281
 7 0x0000000000a25397 MAIN_()  /leonardo/home/userexternal/ctica000/MS_thesis/RegCM/Main/regcm.F90:83
 8 0x00000000004484b1 main()  ???:0
 2 0x00000000000370fc __pgi_uacc_dataup1()  /proj/build/24A/Linux_x86_64/rte/accel-uni/build/Linux_x86_64/../../src/dataup1.c:58
 3 0x0000000000037920 __pgi_uacc_dataupx()  /proj/build/24A/Linux_x86_64/rte/accel-uni/build/Linux_x86_64/../../src/dataupx.c:123
 4 0x0000000000034d5a __pgi_uacc_dataonb()  /proj/build/24A/Linux_x86_64/rte/accel-uni/build/Linux_x86_64/../../src/dataonb.c:613
 5 0x0000000000810ec5 mod_output_output_()  /leonardo/home/userexternal/ctica000/MS_thesis/RegCM/Share/pfwsat.inc:1052
 9 0x000000000003ad85 __libc_start_main()  ???:0
10 0x000000000044839e _start()  ???:0
=================================
[lrdn0871:3666417] [ 9] /lib64/libc.so.6(__libc_start_main+0xe5)[0x148740e5bd85]
[lrdn0874:2094150] [ 7] /leonardo/home/userexternal/ctica000/MS_thesis/RegCM/bin/regcmMPICLM45_OPENACC_GPU_STDPAR(MAIN_+0xd7)[0xa25397]
 6 0x00000000004496be mod_regcm_interface_rcm_run_()  /leonardo/home/userexternal/ctica000/MS_thesis/RegCM/Main/mod_regcm_interface.F90:281
 7 0x0000000000a25397 MAIN_()  /leonardo/home/userexternal/ctica000/MS_thesis/RegCM/Main/regcm.F90:83
 8 0x00000000004484b1 main()  ???:0
 9 0x000000000003ad85 __libc_start_main()  ???:0
10 0x000000000044839e _start()  ???:0
=================================
[lrdn0878:1743914] [10] /leonardo/home/userexternal/ctica000/MS_thesis/RegCM/bin/regcmMPICLM45_OPENACC_GPU_STDPAR(_start+0x2e)[0x44839e]
[lrdn0874:2094150] [ 8] /leonardo/home/userexternal/ctica000/MS_thesis/RegCM/bin/regcmMPICLM45_OPENACC_GPU_STDPAR(main+0x31)[0x4484b1]
[lrdn0871:3666416] *** Process received signal ***
[lrdn0874:2094148] *** Process received signal ***
[lrdn0871:3666416] Signal: Segmentation fault (11)
[lrdn0871:3666416] Signal code:  (-6)
[lrdn0871:3666416] Failing at address: 0x1f4850037f1f0
[lrdn0878:1743914] *** End of error message ***
[lrdn0874:2094150] [ 9] /lib64/libc.so.6(__libc_start_main+0xe5)[0x15148c2a0d85]
[lrdn0871:3666417] [10] /leonardo/home/userexternal/ctica000/MS_thesis/RegCM/bin/regcmMPICLM45_OPENACC_GPU_STDPAR(_start+0x2e)[0x44839e]
[lrdn0874:2094148] Signal: Segmentation fault (11)
[lrdn0874:2094148] Signal code:  (-6)
[lrdn0874:2094148] Failing at address: 0x1f485001ff444
[lrdn0871:3666417] *** End of error message ***
[lrdn0874:2094150] [10] /leonardo/home/userexternal/ctica000/MS_thesis/RegCM/bin/regcmMPICLM45_OPENACC_GPU_STDPAR(_start+0x2e)[0x44839e]
[lrdn0871:3666416] [ 0] /lib64/libpthread.so.0(+0x12cf0)[0x14d7a4b63cf0]
==== backtrace (tid:1743912) ====
[lrdn0874:2094148] [ 0] /lib64/libpthread.so.0(+0x12cf0)[0x148abf3c2cf0]
[lrdn0871:3666416] [ 1] /leonardo/prod/spack/06/install/0.22/linux-rhel8-icelake/gcc-8.5.0/nvhpc-24.5-torlmnyzcexnrs6pq4cccabv7ehkv3xy/Linux_x86_64/24.5/compilers/lib/libaccdevice.so(__pgi_uacc_cuda_dataup1+0xebf)[0x14d7a8adca4f]
[lrdn0874:2094150] *** End of error message ***
[lrdn0871:3666416] [ 2] /leonardo/prod/spack/06/install/0.22/linux-rhel8-icelake/gcc-8.5.0/nvhpc-24.5-torlmnyzcexnrs6pq4cccabv7ehkv3xy/Linux_x86_64/24.5/compilers/lib/libacchost.so(__pgi_uacc_dataup1+0x14c)[0x14d7a90510fc]
 0 0x0000000000012cf0 __funlockfile()  :0
[lrdn0874:2094148] [ 1] /leonardo/prod/spack/06/install/0.22/linux-rhel8-icelake/gcc-8.5.0/nvhpc-24.5-torlmnyzcexnrs6pq4cccabv7ehkv3xy/Linux_x86_64/24.5/compilers/lib/libaccdevice.so(__pgi_uacc_cuda_dataup1+0xebf)[0x148ac333ba4f]
[lrdn0871:3666416] [ 3] /leonardo/prod/spack/06/install/0.22/linux-rhel8-icelake/gcc-8.5.0/nvhpc-24.5-torlmnyzcexnrs6pq4cccabv7ehkv3xy/Linux_x86_64/24.5/compilers/lib/libacchost.so(__pgi_uacc_dataupx+0x3b0)[0x14d7a9051920]
[lrdn0874:2094149] [ 7] /leonardo/home/userexternal/ctica000/MS_thesis/RegCM/bin/regcmMPICLM45_OPENACC_GPU_STDPAR(MAIN_+0xd7)[0xa25397]
[lrdn0871:3666416] [ 4] /leonardo/prod/spack/06/install/0.22/linux-rhel8-icelake/gcc-8.5.0/nvhpc-24.5-torlmnyzcexnrs6pq4cccabv7ehkv3xy/Linux_x86_64/24.5/compilers/lib/libacchost.so(__pgi_uacc_dataonb+0x85a)[0x14d7a904ed5a]
[lrdn0874:2094148] [ 2] /leonardo/prod/spack/06/install/0.22/linux-rhel8-icelake/gcc-8.5.0/nvhpc-24.5-torlmnyzcexnrs6pq4cccabv7ehkv3xy/Linux_x86_64/24.5/compilers/lib/libacchost.so(__pgi_uacc_dataup1+0x14c)[0x148ac38b00fc]
 1 0x000000000000ba4f __pgi_uacc_cuda_dataup1()  /proj/build/24A/Linux_x86_64/rte/accel-uni/build/Linux_x86_64/../../src/cuda_dataup1.c:88
[lrdn0874:2094148] [ 3] /leonardo/prod/spack/06/install/0.22/linux-rhel8-icelake/gcc-8.5.0/nvhpc-24.5-torlmnyzcexnrs6pq4cccabv7ehkv3xy/Linux_x86_64/24.5/compilers/lib/libacchost.so(__pgi_uacc_dataupx+0x3b0)[0x148ac38b0920]
[lrdn0874:2094148] [ 4] /leonardo/prod/spack/06/install/0.22/linux-rhel8-icelake/gcc-8.5.0/nvhpc-24.5-torlmnyzcexnrs6pq4cccabv7ehkv3xy/Linux_x86_64/24.5/compilers/lib/libacchost.so(__pgi_uacc_dataonb+0x85a)[0x148ac38add5a]
[lrdn0871:3666416] [ 5] /leonardo/home/userexternal/ctica000/MS_thesis/RegCM/bin/regcmMPICLM45_OPENACC_GPU_STDPAR(mod_output_output_+0x50bc5)[0x810ec5]
[lrdn0874:2094149] [ 8] /leonardo/home/userexternal/ctica000/MS_thesis/RegCM/bin/regcmMPICLM45_OPENACC_GPU_STDPAR(main+0x31)[0x4484b1]
[lrdn0871:3666416] [ 6] /leonardo/home/userexternal/ctica000/MS_thesis/RegCM/bin/regcmMPICLM45_OPENACC_GPU_STDPAR(mod_regcm_interface_rcm_run_+0x7e)[0x4496be]
 2 0x00000000000370fc __pgi_uacc_dataup1()  /proj/build/24A/Linux_x86_64/rte/accel-uni/build/Linux_x86_64/../../src/dataup1.c:58
[lrdn0874:2094149] [ 9] /lib64/libc.so.6(__libc_start_main+0xe5)[0x148fb39a6d85]
 3 0x0000000000037920 __pgi_uacc_dataupx()  /proj/build/24A/Linux_x86_64/rte/accel-uni/build/Linux_x86_64/../../src/dataupx.c:123
[lrdn0874:2094148] [ 5] /leonardo/home/userexternal/ctica000/MS_thesis/RegCM/bin/regcmMPICLM45_OPENACC_GPU_STDPAR(mod_output_output_+0x50bc5)[0x810ec5]
 4 0x0000000000034d5a __pgi_uacc_dataonb()  /proj/build/24A/Linux_x86_64/rte/accel-uni/build/Linux_x86_64/../../src/dataonb.c:613
[lrdn0874:2094148] [ 6] /leonardo/home/userexternal/ctica000/MS_thesis/RegCM/bin/regcmMPICLM45_OPENACC_GPU_STDPAR(mod_regcm_interface_rcm_run_+0x7e)[0x4496be]
[lrdn0871:3666416] [ 7] /leonardo/home/userexternal/ctica000/MS_thesis/RegCM/bin/regcmMPICLM45_OPENACC_GPU_STDPAR(MAIN_+0xd7)[0xa25397]
[lrdn0874:2094149] [10] /leonardo/home/userexternal/ctica000/MS_thesis/RegCM/bin/regcmMPICLM45_OPENACC_GPU_STDPAR(_start+0x2e)[0x44839e]
[lrdn0874:2094149] *** End of error message ***
 5 0x0000000000810ec5 mod_output_output_()  /leonardo/home/userexternal/ctica000/MS_thesis/RegCM/Share/pfwsat.inc:1052
[lrdn0871:3666416] [ 8] /leonardo/home/userexternal/ctica000/MS_thesis/RegCM/bin/regcmMPICLM45_OPENACC_GPU_STDPAR(main+0x31)[0x4484b1]
 6 0x00000000004496be mod_regcm_interface_rcm_run_()  /leonardo/home/userexternal/ctica000/MS_thesis/RegCM/Main/mod_regcm_interface.F90:281
 7 0x0000000000a25397 MAIN_()  /leonardo/home/userexternal/ctica000/MS_thesis/RegCM/Main/regcm.F90:83
[lrdn0871:3666416] [ 9] /lib64/libc.so.6(__libc_start_main+0xe5)[0x14d7a3eedd85]
 8 0x00000000004484b1 main()  ???:0
[lrdn0871:3666416] [10] /leonardo/home/userexternal/ctica000/MS_thesis/RegCM/bin/regcmMPICLM45_OPENACC_GPU_STDPAR(_start+0x2e)[0x44839e]
[lrdn0871:3666416] *** End of error message ***
 9 0x000000000003ad85 __libc_start_main()  ???:0
10 0x000000000044839e _start()  ???:0
=================================
[lrdn0878:1743912] *** Process received signal ***
[lrdn0878:1743912] Signal: Segmentation fault (11)
[lrdn0878:1743912] Signal code:  (-6)
[lrdn0878:1743912] Failing at address: 0x1f485001a9c28
[lrdn0878:1743912] [ 0] /lib64/libpthread.so.0(+0x12cf0)[0x14cb90e48cf0]
[lrdn0874:2094148] [ 7] /leonardo/home/userexternal/ctica000/MS_thesis/RegCM/bin/regcmMPICLM45_OPENACC_GPU_STDPAR(MAIN_+0xd7)[0xa25397]
[lrdn0878:1743912] [ 1] /leonardo/prod/spack/06/install/0.22/linux-rhel8-icelake/gcc-8.5.0/nvhpc-24.5-torlmnyzcexnrs6pq4cccabv7ehkv3xy/Linux_x86_64/24.5/compilers/lib/libaccdevice.so(__pgi_uacc_cuda_dataup1+0xebf)[0x14cb94dc1a4f]
[lrdn0878:1743912] [ 2] /leonardo/prod/spack/06/install/0.22/linux-rhel8-icelake/gcc-8.5.0/nvhpc-24.5-torlmnyzcexnrs6pq4cccabv7ehkv3xy/Linux_x86_64/24.5/compilers/lib/libacchost.so(__pgi_uacc_dataup1+0x14c)[0x14cb953360fc]
[lrdn0874:2094148] [ 8] /leonardo/home/userexternal/ctica000/MS_thesis/RegCM/bin/regcmMPICLM45_OPENACC_GPU_STDPAR(main+0x31)[0x4484b1]
[lrdn0878:1743912] [ 3] /leonardo/prod/spack/06/install/0.22/linux-rhel8-icelake/gcc-8.5.0/nvhpc-24.5-torlmnyzcexnrs6pq4cccabv7ehkv3xy/Linux_x86_64/24.5/compilers/lib/libacchost.so(__pgi_uacc_dataupx+0x3b0)[0x14cb95336920]
[lrdn0874:2094148] [ 9] /lib64/libc.so.6(__libc_start_main+0xe5)[0x148abe74cd85]
[lrdn0878:1743912] [ 4] /leonardo/prod/spack/06/install/0.22/linux-rhel8-icelake/gcc-8.5.0/nvhpc-24.5-torlmnyzcexnrs6pq4cccabv7ehkv3xy/Linux_x86_64/24.5/compilers/lib/libacchost.so(__pgi_uacc_dataonb+0x85a)[0x14cb95333d5a]
[lrdn0878:1743912] [ 5] /leonardo/home/userexternal/ctica000/MS_thesis/RegCM/bin/regcmMPICLM45_OPENACC_GPU_STDPAR(mod_output_output_+0x50bc5)[0x810ec5]
[lrdn0874:2094148] [10] /leonardo/home/userexternal/ctica000/MS_thesis/RegCM/bin/regcmMPICLM45_OPENACC_GPU_STDPAR(_start+0x2e)[0x44839e]
[lrdn0874:2094148] *** End of error message ***
[lrdn0878:1743912] [ 6] /leonardo/home/userexternal/ctica000/MS_thesis/RegCM/bin/regcmMPICLM45_OPENACC_GPU_STDPAR(mod_regcm_interface_rcm_run_+0x7e)[0x4496be]
[lrdn0878:1743912] [ 7] /leonardo/home/userexternal/ctica000/MS_thesis/RegCM/bin/regcmMPICLM45_OPENACC_GPU_STDPAR(MAIN_+0xd7)[0xa25397]
[lrdn0878:1743912] [ 8] /leonardo/home/userexternal/ctica000/MS_thesis/RegCM/bin/regcmMPICLM45_OPENACC_GPU_STDPAR(main+0x31)[0x4484b1]
[lrdn0878:1743912] [ 9] /lib64/libc.so.6(__libc_start_main+0xe5)[0x14cb901d2d85]
[lrdn0878:1743912] [10] /leonardo/home/userexternal/ctica000/MS_thesis/RegCM/bin/regcmMPICLM45_OPENACC_GPU_STDPAR(_start+0x2e)[0x44839e]
[lrdn0878:1743912] *** End of error message ***
 2 0x00000000000370fc __pgi_uacc_dataup1()  /proj/build/24A/Linux_x86_64/rte/accel-uni/build/Linux_x86_64/../../src/dataup1.c:58
 3 0x0000000000037920 __pgi_uacc_dataupx()  /proj/build/24A/Linux_x86_64/rte/accel-uni/build/Linux_x86_64/../../src/dataupx.c:123
 4 0x0000000000034d5a __pgi_uacc_dataonb()  /proj/build/24A/Linux_x86_64/rte/accel-uni/build/Linux_x86_64/../../src/dataonb.c:613
 5 0x0000000000810ec5 mod_output_output_()  /leonardo/home/userexternal/ctica000/MS_thesis/RegCM/Share/pfwsat.inc:1052
 6 0x00000000004496be mod_regcm_interface_rcm_run_()  /leonardo/home/userexternal/ctica000/MS_thesis/RegCM/Main/mod_regcm_interface.F90:281
 7 0x0000000000a25397 MAIN_()  /leonardo/home/userexternal/ctica000/MS_thesis/RegCM/Main/regcm.F90:83
 8 0x00000000004484b1 main()  ???:0
 9 0x000000000003ad85 __libc_start_main()  ???:0
10 0x000000000044839e _start()  ???:0
=================================
[lrdn0871:3666418] *** Process received signal ***
[lrdn0871:3666418] Signal: Segmentation fault (11)
[lrdn0871:3666418] Signal code:  (-6)
[lrdn0871:3666418] Failing at address: 0x1f4850037f1f2
[lrdn0871:3666418] [ 0] /lib64/libpthread.so.0(+0x12cf0)[0x1539ee31dcf0]
[lrdn0871:3666418] [ 1] /leonardo/prod/spack/06/install/0.22/linux-rhel8-icelake/gcc-8.5.0/nvhpc-24.5-torlmnyzcexnrs6pq4cccabv7ehkv3xy/Linux_x86_64/24.5/compilers/lib/libaccdevice.so(__pgi_uacc_cuda_dataup1+0xebf)[0x1539f2296a4f]
[lrdn0871:3666418] [ 2] /leonardo/prod/spack/06/install/0.22/linux-rhel8-icelake/gcc-8.5.0/nvhpc-24.5-torlmnyzcexnrs6pq4cccabv7ehkv3xy/Linux_x86_64/24.5/compilers/lib/libacchost.so(__pgi_uacc_dataup1+0x14c)[0x1539f280b0fc]
[lrdn0871:3666418] [ 3] /leonardo/prod/spack/06/install/0.22/linux-rhel8-icelake/gcc-8.5.0/nvhpc-24.5-torlmnyzcexnrs6pq4cccabv7ehkv3xy/Linux_x86_64/24.5/compilers/lib/libacchost.so(__pgi_uacc_dataupx+0x3b0)[0x1539f280b920]
[lrdn0871:3666418] [ 4] /leonardo/prod/spack/06/install/0.22/linux-rhel8-icelake/gcc-8.5.0/nvhpc-24.5-torlmnyzcexnrs6pq4cccabv7ehkv3xy/Linux_x86_64/24.5/compilers/lib/libacchost.so(__pgi_uacc_dataonb+0x85a)[0x1539f2808d5a]
[lrdn0871:3666418] [ 5] /leonardo/home/userexternal/ctica000/MS_thesis/RegCM/bin/regcmMPICLM45_OPENACC_GPU_STDPAR(mod_output_output_+0x50bc5)[0x810ec5]
[lrdn0871:3666418] [ 6] /leonardo/home/userexternal/ctica000/MS_thesis/RegCM/bin/regcmMPICLM45_OPENACC_GPU_STDPAR(mod_regcm_interface_rcm_run_+0x7e)[0x4496be]
[lrdn0871:3666418] [ 7] /leonardo/home/userexternal/ctica000/MS_thesis/RegCM/bin/regcmMPICLM45_OPENACC_GPU_STDPAR(MAIN_+0xd7)[0xa25397]
[lrdn0871:3666418] [ 8] /leonardo/home/userexternal/ctica000/MS_thesis/RegCM/bin/regcmMPICLM45_OPENACC_GPU_STDPAR(main+0x31)[0x4484b1]
[lrdn0871:3666418] [ 9] /lib64/libc.so.6(__libc_start_main+0xe5)[0x1539ed6a7d85]
[lrdn0871:3666418] [10] /leonardo/home/userexternal/ctica000/MS_thesis/RegCM/bin/regcmMPICLM45_OPENACC_GPU_STDPAR(_start+0x2e)[0x44839e]
[lrdn0871:3666418] *** End of error message ***
[ perf record: Woken up 3228 times to write data ]
[ perf record: Woken up 2998 times to write data ]
[ perf record: Woken up 3225 times to write data ]
[ perf record: Woken up 3228 times to write data ]
[ perf record: Woken up 3030 times to write data ]
[ perf record: Woken up 3225 times to write data ]
[ perf record: Woken up 3222 times to write data ]
[ perf record: Woken up 3227 times to write data ]
[ perf record: Woken up 3213 times to write data ]
[ perf record: Woken up 2998 times to write data ]
[ perf record: Woken up 3226 times to write data ]
[ perf record: Woken up 3225 times to write data ]
Warning:
Processed 106106 events and lost 1 chunks!

Check IO/CPU overload!

[ perf record: Woken up 3224 times to write data ]
[ perf record: Woken up 3228 times to write data ]
[ perf record: Woken up 3227 times to write data ]
Warning:
Processed 105958 events and lost 4 chunks!

Check IO/CPU overload!

[ perf record: Captured and wrote 757.911 MB /leonardo_scratch/large/userexternal/ctica000/perf/with_IO/sequential_write/perf_22469155/perf.data.rank3 (94021 samples) ]
[ perf record: Captured and wrote 749.655 MB /leonardo_scratch/large/userexternal/ctica000/perf/with_IO/sequential_write/perf_22469155/perf.data.rank1 (92996 samples) ]
[ perf record: Captured and wrote 749.872 MB /leonardo_scratch/large/userexternal/ctica000/perf/with_IO/sequential_write/perf_22469155/perf.data.rank2 (93023 samples) ]
[ perf record: Captured and wrote 807.080 MB /leonardo_scratch/large/userexternal/ctica000/perf/with_IO/sequential_write/perf_22469155/perf.data.rank10 (100120 samples) ]
[ perf record: Captured and wrote 806.680 MB /leonardo_scratch/large/userexternal/ctica000/perf/with_IO/sequential_write/perf_22469155/perf.data.rank11 (100074 samples) ]
[ perf record: Captured and wrote 803.560 MB /leonardo_scratch/large/userexternal/ctica000/perf/with_IO/sequential_write/perf_22469155/perf.data.rank8 (99683 samples) ]
[ perf record: Captured and wrote 806.679 MB /leonardo_scratch/large/userexternal/ctica000/perf/with_IO/sequential_write/perf_22469155/perf.data.rank7 (100071 samples) ]
[ perf record: Captured and wrote 805.819 MB /leonardo_scratch/large/userexternal/ctica000/perf/with_IO/sequential_write/perf_22469155/perf.data.rank4 (99967 samples) ]
[ perf record: Captured and wrote 807.368 MB /leonardo_scratch/large/userexternal/ctica000/perf/with_IO/sequential_write/perf_22469155/perf.data.rank13 (100160 samples) ]
[ perf record: Captured and wrote 806.948 MB /leonardo_scratch/large/userexternal/ctica000/perf/with_IO/sequential_write/perf_22469155/perf.data.rank15 (100108 samples) ]
[ perf record: Captured and wrote 806.636 MB /leonardo_scratch/large/userexternal/ctica000/perf/with_IO/sequential_write/perf_22469155/perf.data.rank12 (100069 samples) ]
[ perf record: Captured and wrote 806.869 MB /leonardo_scratch/large/userexternal/ctica000/perf/with_IO/sequential_write/perf_22469155/perf.data.rank6 (100097 samples) ]
[ perf record: Captured and wrote 806.405 MB /leonardo_scratch/large/userexternal/ctica000/perf/with_IO/sequential_write/perf_22469155/perf.data.rank5 (100039 samples) ]
[ perf record: Captured and wrote 806.984 MB /leonardo_scratch/large/userexternal/ctica000/perf/with_IO/sequential_write/perf_22469155/perf.data.rank9 (100107 samples) ]
[ perf record: Captured and wrote 806.933 MB /leonardo_scratch/large/userexternal/ctica000/perf/with_IO/sequential_write/perf_22469155/perf.data.rank14 (100106 samples) ]
[ perf record: Woken up 3847 times to write data ]
[ perf record: Captured and wrote 962.131 MB /leonardo_scratch/large/userexternal/ctica000/perf/with_IO/sequential_write/perf_22469155/perf.data.rank0 (119093 samples) ]
srun: error: lrdn0871: tasks 1-3: Segmentation fault
srun: error: lrdn0871: task 0: Segmentation fault
srun: error: lrdn0874: tasks 4,6-7: Segmentation fault
srun: error: lrdn0876: tasks 8-11: Segmentation fault
srun: error: lrdn0878: tasks 12-15: Segmentation fault
srun: error: lrdn0874: task 5: Segmentation fault
