Failing in Thread:1
Accelerator Fatal Error: call to cuStreamSynchronize returned error 700 (CUDA_ERROR_ILLEGAL_ADDRESS): Illegal address during kernel execution
 File: /leonardo/home/userexternal/ctica000/MS_thesis/RegCM/Main/mod_output.F90
 Function: output:60
 Line: 1085

Failing in Thread:1
Accelerator Fatal Error: call to cuStreamSynchronize returned error 700 (CUDA_ERROR_ILLEGAL_ADDRESS): Illegal address during kernel execution
 File: /leonardo/home/userexternal/ctica000/MS_thesis/RegCM/Main/mod_output.F90
 Function: output:60
 Line: 1085

Failing in Thread:1
Accelerator Fatal Error: call to cuStreamSynchronize returned error 700 (CUDA_ERROR_ILLEGAL_ADDRESS): Illegal address during kernel execution
 File: /leonardo/home/userexternal/ctica000/MS_thesis/RegCM/Main/mod_output.F90
 Function: output:60
 Line: 1085

Failing in Thread:1
Accelerator Fatal Error: call to cuStreamSynchronize returned error 700 (CUDA_ERROR_ILLEGAL_ADDRESS): Illegal address during kernel execution
 File: /leonardo/home/userexternal/ctica000/MS_thesis/RegCM/Main/mod_output.F90
 Function: output:60
 Line: 1085

Failing in Thread:1
Accelerator Fatal Error: call to cuStreamSynchronize returned error 700 (CUDA_ERROR_ILLEGAL_ADDRESS): Illegal address during kernel execution
 File: /leonardo/home/userexternal/ctica000/MS_thesis/RegCM/Main/mod_output.F90
 Function: output:60
 Line: 1085

Failing in Thread:1
Accelerator Fatal Error: call to cuStreamSynchronize returned error 700 (CUDA_ERROR_ILLEGAL_ADDRESS): Illegal address during kernel execution
 File: /leonardo/home/userexternal/ctica000/MS_thesis/RegCM/Main/mod_output.F90
 Function: output:60
 Line: 1085

Failing in Thread:1
Accelerator Fatal Error: call to cuStreamSynchronize returned error 700 (CUDA_ERROR_ILLEGAL_ADDRESS): Illegal address during kernel execution
 File: /leonardo/home/userexternal/ctica000/MS_thesis/RegCM/Main/mod_output.F90
 Function: output:60
 Line: 1085

Failing in Thread:1
Accelerator Fatal Error: call to cuStreamSynchronize returned error 700 (CUDA_ERROR_ILLEGAL_ADDRESS): Illegal address during kernel execution
 File: /leonardo/home/userexternal/ctica000/MS_thesis/RegCM/Main/mod_output.F90
 Function: output:60
 Line: 1085

Failing in Thread:1
Accelerator Fatal Error: call to cuStreamSynchronize returned error 700 (CUDA_ERROR_ILLEGAL_ADDRESS): Illegal address during kernel execution
 File: /leonardo/home/userexternal/ctica000/MS_thesis/RegCM/Main/mod_output.F90
 Function: output:60
 Line: 1085

Failing in Thread:1
Accelerator Fatal Error: call to cuStreamSynchronize returned error 700 (CUDA_ERROR_ILLEGAL_ADDRESS): Illegal address during kernel execution
 File: /leonardo/home/userexternal/ctica000/MS_thesis/RegCM/Main/mod_output.F90
 Function: output:60
 Line: 1085

Failing in Thread:1
Accelerator Fatal Error: call to cuStreamSynchronize returned error 700 (CUDA_ERROR_ILLEGAL_ADDRESS): Illegal address during kernel execution
 File: /leonardo/home/userexternal/ctica000/MS_thesis/RegCM/Main/mod_output.F90
 Function: output:60
 Line: 1085

Failing in Thread:1
Accelerator Fatal Error: call to cuStreamSynchronize returned error 700 (CUDA_ERROR_ILLEGAL_ADDRESS): Illegal address during kernel execution
 File: /leonardo/home/userexternal/ctica000/MS_thesis/RegCM/Main/mod_output.F90
 Function: output:60
 Line: 1085

Failing in Thread:1
Failing in Thread:1
Accelerator Fatal Error: call to cuStreamSynchronize returned error 700 (CUDA_ERROR_ILLEGAL_ADDRESS): Illegal address during kernel execution
 File: /leonardo/home/userexternal/ctica000/MS_thesis/RegCM/Main/mod_output.F90
 Function: output:60
 Line: 1085

Accelerator Fatal Error: call to cuStreamSynchronize returned error 700 (CUDA_ERROR_ILLEGAL_ADDRESS): Illegal address during kernel execution
 File: /leonardo/home/userexternal/ctica000/MS_thesis/RegCM/Main/mod_output.F90
 Function: output:60
 Line: 1085

Failing in Thread:1
Accelerator Fatal Error: call to cuStreamSynchronize returned error 700 (CUDA_ERROR_ILLEGAL_ADDRESS): Illegal address during kernel execution
 File: /leonardo/home/userexternal/ctica000/MS_thesis/RegCM/Main/mod_output.F90
 Function: output:60
 Line: 1085

Failing in Thread:1
Accelerator Fatal Error: call to cuStreamSynchronize returned error 700 (CUDA_ERROR_ILLEGAL_ADDRESS): Illegal address during kernel execution
 File: /leonardo/home/userexternal/ctica000/MS_thesis/RegCM/Main/mod_output.F90
 Function: output:60
 Line: 1085

[ perf record: Woken up 2933 times to write data ]
[ perf record: Woken up 3095 times to write data ]
Warning:
Processed 96652 events and lost 1 chunks!

Check IO/CPU overload!

[ perf record: Woken up 3056 times to write data ]
[ perf record: Woken up 3091 times to write data ]
[ perf record: Woken up 2918 times to write data ]
[ perf record: Woken up 3515 times to write data ]
[ perf record: Captured and wrote 733.222 MB /leonardo_scratch/large/userexternal/ctica000/perf/with_IO/sequential_write/perf_22000500/perf.data.rank3 (90957 samples) ]
[ perf record: Woken up 3097 times to write data ]
[ perf record: Woken up 2934 times to write data ]
[ perf record: Woken up 3089 times to write data ]
[ perf record: Captured and wrote 774.262 MB /leonardo_scratch/large/userexternal/ctica000/perf/with_IO/sequential_write/perf_22000500/perf.data.rank15 (96051 samples) ]
Warning:
Processed 100664 events and lost 14 chunks!

Check IO/CPU overload!

Warning:
Processed 101726 events and lost 3 chunks!

Check IO/CPU overload!

Warning:
Processed 96048 events and lost 3 chunks!

Check IO/CPU overload!

[ perf record: Woken up 2926 times to write data ]
[ perf record: Captured and wrote 772.896 MB /leonardo_scratch/large/userexternal/ctica000/perf/with_IO/sequential_write/perf_22000500/perf.data.rank13 (95881 samples) ]
[ perf record: Woken up 3097 times to write data ]
[ perf record: Captured and wrote 729.861 MB /leonardo_scratch/large/userexternal/ctica000/perf/with_IO/sequential_write/perf_22000500/perf.data.rank1 (90542 samples) ]
[ perf record: Woken up 2974 times to write data ]
Warning:
Processed 101713 events and lost 3 chunks!

Check IO/CPU overload!

Warning:
Processed 102207 events and lost 2 chunks!

Check IO/CPU overload!

Warning:
Processed 101653 events and lost 3 chunks!

Check IO/CPU overload!

[ perf record: Captured and wrote 773.149 MB /leonardo_scratch/large/userexternal/ctica000/perf/with_IO/sequential_write/perf_22000500/perf.data.rank14 (95913 samples) ]
[ perf record: Captured and wrote 733.863 MB /leonardo_scratch/large/userexternal/ctica000/perf/with_IO/sequential_write/perf_22000500/perf.data.rank2 (91036 samples) ]
[ perf record: Woken up 3058 times to write data ]
[ perf record: Captured and wrote 772.530 MB /leonardo_scratch/large/userexternal/ctica000/perf/with_IO/sequential_write/perf_22000500/perf.data.rank12 (95836 samples) ]
Warning:
Processed 96789 events and lost 16 chunks!

Check IO/CPU overload!

[ perf record: Captured and wrote 774.448 MB /leonardo_scratch/large/userexternal/ctica000/perf/with_IO/sequential_write/perf_22000500/perf.data.rank8 (96070 samples) ]
[ perf record: Captured and wrote 764.239 MB /leonardo_scratch/large/userexternal/ctica000/perf/with_IO/sequential_write/perf_22000500/perf.data.rank11 (94806 samples) ]
Warning:
Processed 102200 events and lost 1 chunks!

Check IO/CPU overload!

[ perf record: Captured and wrote 731.935 MB /leonardo_scratch/large/userexternal/ctica000/perf/with_IO/sequential_write/perf_22000500/perf.data.rank9 (90793 samples) ]
Warning:
Processed 98313 events and lost 20 chunks!

Check IO/CPU overload!

[ perf record: Captured and wrote 743.826 MB /leonardo_scratch/large/userexternal/ctica000/perf/with_IO/sequential_write/perf_22000500/perf.data.rank10 (92269 samples) ]
Warning:
Processed 100725 events and lost 8 chunks!

Check IO/CPU overload!

[ perf record: Woken up 3094 times to write data ]
srun: error: lrdn1967: tasks 8,11: Exited with exit code 1
[ perf record: Woken up 3096 times to write data ]
[ perf record: Captured and wrote 774.869 MB /leonardo_scratch/large/userexternal/ctica000/perf/with_IO/sequential_write/perf_22000500/perf.data.rank7 (96123 samples) ]
[ perf record: Captured and wrote 764.771 MB /leonardo_scratch/large/userexternal/ctica000/perf/with_IO/sequential_write/perf_22000500/perf.data.rank6 (94872 samples) ]
Warning:
Processed 101943 events and lost 1 chunks!

Check IO/CPU overload!

srun: error: lrdn1977: tasks 12-13: Exited with exit code 1
[ perf record: Captured and wrote 774.024 MB /leonardo_scratch/large/userexternal/ctica000/perf/with_IO/sequential_write/perf_22000500/perf.data.rank5 (96020 samples) ]
Warning:
Processed 101918 events and lost 4 chunks!

Check IO/CPU overload!

[ perf record: Captured and wrote 774.116 MB /leonardo_scratch/large/userexternal/ctica000/perf/with_IO/sequential_write/perf_22000500/perf.data.rank4 (96032 samples) ]
srun: error: lrdn1977: task 15: Exited with exit code 1
srun: error: lrdn1940: task 1: Exited with exit code 1
[ perf record: Woken up 3586 times to write data ]
srun: error: lrdn1945: task 7: Exited with exit code 1
[ perf record: Captured and wrote 896.963 MB /leonardo_scratch/large/userexternal/ctica000/perf/with_IO/sequential_write/perf_22000500/perf.data.rank0 (111006 samples) ]
srun: error: lrdn1977: task 14: Exited with exit code 1
srun: error: lrdn1940: tasks 2-3: Exited with exit code 1
srun: error: lrdn1940: task 0: Exited with exit code 1
slurmstepd: error:  mpi/pmix_v3: _errhandler: lrdn1967 [2]: pmixp_client_v2.c:212: Error handler invoked: status = -25, source = [slurm.pmix.22000500.0:11]
srun: Job step aborted: Waiting up to 182 seconds for job step to finish.
srun: error: lrdn1967: tasks 9-10: Killed
srun: error: lrdn1945: tasks 4-6: Killed
