Failing in Thread:1
Accelerator Fatal Error: call to cuStreamSynchronize returned error 700 (CUDA_ERROR_ILLEGAL_ADDRESS): Illegal address during kernel execution
 File: /leonardo/home/userexternal/ctica000/MS_thesis/RegCM/Main/mod_output.F90
 Function: output:60
 Line: 1085

Failing in Thread:1
Accelerator Fatal Error: call to cuStreamSynchronize returned error 700 (CUDA_ERROR_ILLEGAL_ADDRESS): Illegal address during kernel execution
 File: /leonardo/home/userexternal/ctica000/MS_thesis/RegCM/Main/mod_output.F90
 Function: output:60
 Line: 1085

Failing in Thread:1
Accelerator Fatal Error: call to cuStreamSynchronize returned error 700 (CUDA_ERROR_ILLEGAL_ADDRESS): Illegal address during kernel execution
 File: /leonardo/home/userexternal/ctica000/MS_thesis/RegCM/Main/mod_output.F90
 Function: output:60
 Line: 1085

Failing in Thread:1
Failing in Thread:1
Accelerator Fatal Error: call to cuStreamSynchronize returned error 700 (CUDA_ERROR_ILLEGAL_ADDRESS): Illegal address during kernel execution
 File: /leonardo/home/userexternal/ctica000/MS_thesis/RegCM/Main/mod_output.F90
 Function: output:60
 Line: 1085

Accelerator Fatal Error: call to cuStreamSynchronize returned error 700 (CUDA_ERROR_ILLEGAL_ADDRESS): Illegal address during kernel execution
 File: /leonardo/home/userexternal/ctica000/MS_thesis/RegCM/Main/mod_output.F90
 Function: output:60
 Line: 1085

Failing in Thread:1
Accelerator Fatal Error: call to cuStreamSynchronize returned error 700 (CUDA_ERROR_ILLEGAL_ADDRESS): Illegal address during kernel execution
 File: /leonardo/home/userexternal/ctica000/MS_thesis/RegCM/Main/mod_output.F90
 Function: output:60
 Line: 1085

Failing in Thread:1
Accelerator Fatal Error: call to cuStreamSynchronize returned error 700 (CUDA_ERROR_ILLEGAL_ADDRESS): Illegal address during kernel execution
 File: /leonardo/home/userexternal/ctica000/MS_thesis/RegCM/Main/mod_output.F90
 Function: output:60
 Line: 1085

Failing in Thread:1
Accelerator Fatal Error: call to cuStreamSynchronize returned error 700 (CUDA_ERROR_ILLEGAL_ADDRESS): Illegal address during kernel execution
 File: /leonardo/home/userexternal/ctica000/MS_thesis/RegCM/Main/mod_output.F90
 Function: output:60
 Line: 1085

Failing in Thread:1
Failing in Thread:1
Accelerator Fatal Error: call to cuStreamSynchronize returned error 700 (CUDA_ERROR_ILLEGAL_ADDRESS): Illegal address during kernel execution
 File: /leonardo/home/userexternal/ctica000/MS_thesis/RegCM/Main/mod_output.F90
 Function: output:60
 Line: 1085

Accelerator Fatal Error: call to cuStreamSynchronize returned error 700 (CUDA_ERROR_ILLEGAL_ADDRESS): Illegal address during kernel execution
 File: /leonardo/home/userexternal/ctica000/MS_thesis/RegCM/Main/mod_output.F90
 Function: output:60
 Line: 1085

Failing in Thread:1
Accelerator Fatal Error: call to cuStreamSynchronize returned error 700 (CUDA_ERROR_ILLEGAL_ADDRESS): Illegal address during kernel execution
 File: /leonardo/home/userexternal/ctica000/MS_thesis/RegCM/Main/mod_output.F90
 Function: output:60
 Line: 1085

Failing in Thread:1
Failing in Thread:1
Accelerator Fatal Error: call to cuStreamSynchronize returned error 700 (CUDA_ERROR_ILLEGAL_ADDRESS): Illegal address during kernel execution
 File: /leonardo/home/userexternal/ctica000/MS_thesis/RegCM/Main/mod_output.F90
 Function: output:60
 Line: 1085

Accelerator Fatal Error: call to cuStreamSynchronize returned error 700 (CUDA_ERROR_ILLEGAL_ADDRESS): Illegal address during kernel execution
 File: /leonardo/home/userexternal/ctica000/MS_thesis/RegCM/Main/mod_output.F90
 Function: output:60
 Line: 1085

Failing in Thread:1
Accelerator Fatal Error: call to cuStreamSynchronize returned error 700 (CUDA_ERROR_ILLEGAL_ADDRESS): Illegal address during kernel execution
 File: /leonardo/home/userexternal/ctica000/MS_thesis/RegCM/Main/mod_output.F90
 Function: output:60
 Line: 1085

[ perf record: Woken up 3088 times to write data ]
[ perf record: Woken up 3097 times to write data ]
[ perf record: Woken up 3095 times to write data ]
Warning:
Processed 101845 events and lost 7 chunks!

Check IO/CPU overload!

Warning:
Processed 101879 events and lost 4 chunks!

Check IO/CPU overload!

[ perf record: Woken up 3070 times to write data ]
Failing in Thread:1
Accelerator Fatal Error: call to cuStreamSynchronize returned error 700 (CUDA_ERROR_ILLEGAL_ADDRESS): Illegal address during kernel execution
 File: /leonardo/home/userexternal/ctica000/MS_thesis/RegCM/Main/mod_output.F90
 Function: output:60
 Line: 1085

Failing in Thread:1
Accelerator Fatal Error: call to cuStreamSynchronize returned error 700 (CUDA_ERROR_ILLEGAL_ADDRESS): Illegal address during kernel execution
 File: /leonardo/home/userexternal/ctica000/MS_thesis/RegCM/Main/mod_output.F90
 Function: output:60
 Line: 1085

[ perf record: Woken up 3101 times to write data ]
Warning:
Processed 101804 events and lost 1 chunks!

Check IO/CPU overload!

[ perf record: Woken up 3096 times to write data ]
[ perf record: Woken up 3086 times to write data ]
[ perf record: Captured and wrote 772.105 MB /leonardo_scratch/large/userexternal/ctica000/perf/with_IO/sequential_write/perf_22012878/perf.data.rank7 (95780 samples) ]
[ perf record: Woken up 3074 times to write data ]
[ perf record: Woken up 2847 times to write data ]
Warning:
Processed 101110 events and lost 15 chunks!

Check IO/CPU overload!

[ perf record: Captured and wrote 774.724 MB /leonardo_scratch/large/userexternal/ctica000/perf/with_IO/sequential_write/perf_22012878/perf.data.rank15 (96109 samples) ]
[ perf record: Captured and wrote 774.018 MB /leonardo_scratch/large/userexternal/ctica000/perf/with_IO/sequential_write/perf_22012878/perf.data.rank12 (96021 samples) ]
Warning:
Processed 102013 events and lost 1 chunks!

Check IO/CPU overload!

Warning:
Processed 101604 events and lost 8 chunks!

Check IO/CPU overload!

Warning:
Processed 101926 events and lost 4 chunks!

Check IO/CPU overload!

[ perf record: Woken up 3096 times to write data ]
Warning:
Processed 93791 events and lost 21 chunks!

Check IO/CPU overload!

[ perf record: Captured and wrote 771.953 MB /leonardo_scratch/large/userexternal/ctica000/perf/with_IO/sequential_write/perf_22012878/perf.data.rank13 (95764 samples) ]
Warning:
Processed 101251 events and lost 13 chunks!

Check IO/CPU overload!

[ perf record: Captured and wrote 774.164 MB /leonardo_scratch/large/userexternal/ctica000/perf/with_IO/sequential_write/perf_22012878/perf.data.rank4 (96038 samples) ]
[ perf record: Captured and wrote 711.527 MB /leonardo_scratch/large/userexternal/ctica000/perf/with_IO/sequential_write/perf_22012878/perf.data.rank14 (88265 samples) ]
[ perf record: Woken up 3095 times to write data ]
[ perf record: Captured and wrote 768.864 MB /leonardo_scratch/large/userexternal/ctica000/perf/with_IO/sequential_write/perf_22012878/perf.data.rank6 (95380 samples) ]
[ perf record: Woken up 3098 times to write data ]
Warning:
Processed 102287 events and lost 1 chunks!

Check IO/CPU overload!

[ perf record: Captured and wrote 775.319 MB /leonardo_scratch/large/userexternal/ctica000/perf/with_IO/sequential_write/perf_22012878/perf.data.rank11 (96182 samples) ]
[ perf record: Captured and wrote 774.305 MB /leonardo_scratch/large/userexternal/ctica000/perf/with_IO/sequential_write/perf_22012878/perf.data.rank9 (96051 samples) ]
Warning:
Processed 102203 events and lost 5 chunks!

Check IO/CPU overload!

Warning:
Processed 102212 events and lost 2 chunks!

Check IO/CPU overload!

[ perf record: Captured and wrote 774.098 MB /leonardo_scratch/large/userexternal/ctica000/perf/with_IO/sequential_write/perf_22012878/perf.data.rank10 (96026 samples) ]
[ perf record: Captured and wrote 774.823 MB /leonardo_scratch/large/userexternal/ctica000/perf/with_IO/sequential_write/perf_22012878/perf.data.rank8 (96117 samples) ]
[ perf record: Woken up 2924 times to write data ]
[ perf record: Woken up 2893 times to write data ]
srun: error: lrdn1850: tasks 12-15: Exited with exit code 1
Warning:
Processed 96418 events and lost 4 chunks!

Check IO/CPU overload!

srun: error: lrdn1848: tasks 4,6-7: Exited with exit code 1
Warning:
Processed 95499 events and lost 3 chunks!

Check IO/CPU overload!

[ perf record: Woken up 2925 times to write data ]
srun: error: lrdn1849: tasks 8-11: Exited with exit code 1
[ perf record: Captured and wrote 724.150 MB /leonardo_scratch/large/userexternal/ctica000/perf/with_IO/sequential_write/perf_22012878/perf.data.rank3 (89831 samples) ]
[ perf record: Captured and wrote 731.243 MB /leonardo_scratch/large/userexternal/ctica000/perf/with_IO/sequential_write/perf_22012878/perf.data.rank1 (90711 samples) ]
Warning:
Processed 96483 events and lost 5 chunks!

Check IO/CPU overload!

[ perf record: Captured and wrote 731.545 MB /leonardo_scratch/large/userexternal/ctica000/perf/with_IO/sequential_write/perf_22012878/perf.data.rank2 (90748 samples) ]
slurmstepd: error:  mpi/pmix_v3: _errhandler: lrdn1848 [1]: pmixp_client_v2.c:212: Error handler invoked: status = -25, source = [slurm.pmix.22012878.0:7]
srun: Job step aborted: Waiting up to 182 seconds for job step to finish.
slurmstepd: error: *** STEP 22012878.0 ON lrdn1839 CANCELLED AT 2025-10-23T07:32:54 ***
srun: error: lrdn1848: task 5: Killed
srun: error: lrdn1839: tasks 0-3: Killed
