Failing in Thread:1
Accelerator Fatal Error: call to cuStreamSynchronize returned error 719 (CUDA_ERROR_LAUNCH_FAILED): Launch failed (often invalid pointer dereference)
 File: /leonardo/home/userexternal/ctica000/MS_thesis/RegCM/Main/mod_output.F90
 Function: output:60
 Line: 1065

Failing in Thread:1
Accelerator Fatal Error: call to cuStreamSynchronize returned error 719 (CUDA_ERROR_LAUNCH_FAILED): Launch failed (often invalid pointer dereference)
 File: /leonardo/home/userexternal/ctica000/MS_thesis/RegCM/Main/mod_output.F90
 Function: output:60
 Line: 1065

Failing in Thread:1
Accelerator Fatal Error: call to cuStreamSynchronize returned error 719 (CUDA_ERROR_LAUNCH_FAILED): Launch failed (often invalid pointer dereference)
 File: /leonardo/home/userexternal/ctica000/MS_thesis/RegCM/Main/mod_output.F90
 Function: output:60
 Line: 1065

Failing in Thread:1
Accelerator Fatal Error: call to cuStreamSynchronize returned error 719 (CUDA_ERROR_LAUNCH_FAILED): Launch failed (often invalid pointer dereference)
 File: /leonardo/home/userexternal/ctica000/MS_thesis/RegCM/Main/mod_output.F90
 Function: output:60
 Line: 1065

Failing in Thread:1
Accelerator Fatal Error: call to cuStreamSynchronize returned error 719 (CUDA_ERROR_LAUNCH_FAILED): Launch failed (often invalid pointer dereference)
 File: /leonardo/home/userexternal/ctica000/MS_thesis/RegCM/Main/mod_output.F90
 Function: output:60
 Line: 1065

Failing in Thread:1
Accelerator Fatal Error: call to cuStreamSynchronize returned error 719 (CUDA_ERROR_LAUNCH_FAILED): Launch failed (often invalid pointer dereference)
 File: /leonardo/home/userexternal/ctica000/MS_thesis/RegCM/Main/mod_output.F90
 Function: output:60
 Line: 1065

Failing in Thread:1
Accelerator Fatal Error: call to cuStreamSynchronize returned error 719 (CUDA_ERROR_LAUNCH_FAILED): Launch failed (often invalid pointer dereference)
 File: /leonardo/home/userexternal/ctica000/MS_thesis/RegCM/Main/mod_output.F90
 Function: output:60
 Line: 1065

Failing in Thread:1
Accelerator Fatal Error: call to cuStreamSynchronize returned error 719 (CUDA_ERROR_LAUNCH_FAILED): Launch failed (often invalid pointer dereference)
 File: /leonardo/home/userexternal/ctica000/MS_thesis/RegCM/Main/mod_output.F90
 Function: output:60
 Line: 1065

Failing in Thread:1
Accelerator Fatal Error: call to cuStreamSynchronize returned error 719 (CUDA_ERROR_LAUNCH_FAILED): Launch failed (often invalid pointer dereference)
 File: /leonardo/home/userexternal/ctica000/MS_thesis/RegCM/Main/mod_output.F90
 Function: output:60
 Line: 1065

Failing in Thread:1
Accelerator Fatal Error: call to cuStreamSynchronize returned error 719 (CUDA_ERROR_LAUNCH_FAILED): Launch failed (often invalid pointer dereference)
 File: /leonardo/home/userexternal/ctica000/MS_thesis/RegCM/Main/mod_output.F90
 Function: output:60
 Line: 1065

Failing in Thread:1
Accelerator Fatal Error: call to cuStreamSynchronize returned error 719 (CUDA_ERROR_LAUNCH_FAILED): Launch failed (often invalid pointer dereference)
 File: /leonardo/home/userexternal/ctica000/MS_thesis/RegCM/Main/mod_output.F90
 Function: output:60
 Line: 1065

Failing in Thread:1
Accelerator Fatal Error: call to cuStreamSynchronize returned error 719 (CUDA_ERROR_LAUNCH_FAILED): Launch failed (often invalid pointer dereference)
 File: /leonardo/home/userexternal/ctica000/MS_thesis/RegCM/Main/mod_output.F90
 Function: output:60
 Line: 1065

Failing in Thread:1
Accelerator Fatal Error: call to cuStreamSynchronize returned error 719 (CUDA_ERROR_LAUNCH_FAILED): Launch failed (often invalid pointer dereference)
 File: /leonardo/home/userexternal/ctica000/MS_thesis/RegCM/Main/mod_output.F90
 Function: output:60
 Line: 1065

Failing in Thread:1
Accelerator Fatal Error: call to cuStreamSynchronize returned error 719 (CUDA_ERROR_LAUNCH_FAILED): Launch failed (often invalid pointer dereference)
 File: /leonardo/home/userexternal/ctica000/MS_thesis/RegCM/Main/mod_output.F90
 Function: output:60
 Line: 1065

Failing in Thread:1
Accelerator Fatal Error: call to cuStreamSynchronize returned error 719 (CUDA_ERROR_LAUNCH_FAILED): Launch failed (often invalid pointer dereference)
 File: /leonardo/home/userexternal/ctica000/MS_thesis/RegCM/Main/mod_output.F90
 Function: output:60
 Line: 1065

Failing in Thread:1
Accelerator Fatal Error: call to cuStreamSynchronize returned error 719 (CUDA_ERROR_LAUNCH_FAILED): Launch failed (often invalid pointer dereference)
 File: /leonardo/home/userexternal/ctica000/MS_thesis/RegCM/Main/mod_output.F90
 Function: output:60
 Line: 1065

[ perf record: Woken up 3038 times to write data ]
[ perf record: Woken up 3040 times to write data ]
[ perf record: Woken up 2897 times to write data ]
[ perf record: Woken up 3040 times to write data ]
[ perf record: Woken up 3018 times to write data ]
[ perf record: Woken up 3032 times to write data ]
[ perf record: Woken up 4249 times to write data ]
[ perf record: Woken up 3033 times to write data ]
[ perf record: Woken up 3011 times to write data ]
Warning:
Processed 100285 events and lost 2 chunks!

Check IO/CPU overload!

[ perf record: Woken up 4270 times to write data ]
Warning:
Processed 95492 events and lost 1 chunks!

Check IO/CPU overload!

[ perf record: Woken up 4599 times to write data ]
[ perf record: Woken up 3036 times to write data ]
Warning:
Processed 100413 events and lost 1 chunks!

Check IO/CPU overload!

[ perf record: Woken up 3041 times to write data ]
[ perf record: Woken up 4581 times to write data ]
Warning:
Processed 99330 events and lost 5 chunks!

Check IO/CPU overload!

Warning:
Processed 99877 events and lost 2 chunks!

Check IO/CPU overload!

Warning:
Processed 96384 events and lost 1 chunks!

Check IO/CPU overload!

[ perf record: Woken up 3026 times to write data ]
Warning:
Processed 99855 events and lost 3 chunks!

Check IO/CPU overload!

Warning:
Processed 99122 events and lost 4 chunks!

Check IO/CPU overload!

[ perf record: Captured and wrote 758.512 MB /leonardo_scratch/large/userexternal/ctica000/perf/with_IO/sequential_write/perf_21555435/perf.data.rank11 (94096 samples) ]
[ perf record: Captured and wrote 760.438 MB /leonardo_scratch/large/userexternal/ctica000/perf/with_IO/sequential_write/perf_21555435/perf.data.rank10 (94331 samples) ]
[ perf record: Captured and wrote 759.685 MB /leonardo_scratch/large/userexternal/ctica000/perf/with_IO/sequential_write/perf_21555435/perf.data.rank8 (94238 samples) ]
[ perf record: Captured and wrote 733.447 MB /leonardo_scratch/large/userexternal/ctica000/perf/with_IO/sequential_write/perf_21555435/perf.data.rank1 (90985 samples) ]
[ perf record: Captured and wrote 730.578 MB /leonardo_scratch/large/userexternal/ctica000/perf/with_IO/sequential_write/perf_21555435/perf.data.rank2 (90628 samples) ]
[ perf record: Captured and wrote 724.279 MB /leonardo_scratch/large/userexternal/ctica000/perf/with_IO/sequential_write/perf_21555435/perf.data.rank3 (89847 samples) ]
Warning:
Processed 100355 events and lost 1 chunks!

Check IO/CPU overload!

[ perf record: Captured and wrote 758.300 MB /leonardo_scratch/large/userexternal/ctica000/perf/with_IO/sequential_write/perf_21555435/perf.data.rank4 (94069 samples) ]
[ perf record: Captured and wrote 760.293 MB /leonardo_scratch/large/userexternal/ctica000/perf/with_IO/sequential_write/perf_21555435/perf.data.rank7 (94314 samples) ]
Warning:
Processed 99972 events and lost 3 chunks!

Check IO/CPU overload!

[ perf record: Captured and wrote 760.033 MB /leonardo_scratch/large/userexternal/ctica000/perf/with_IO/sequential_write/perf_21555435/perf.data.rank6 (94284 samples) ]
[ perf record: Captured and wrote 759.502 MB /leonardo_scratch/large/userexternal/ctica000/perf/with_IO/sequential_write/perf_21555435/perf.data.rank9 (94214 samples) ]
Warning:
Processed 99644 events and lost 3 chunks!

Check IO/CPU overload!

[ perf record: Captured and wrote 760.619 MB /leonardo_scratch/large/userexternal/ctica000/perf/with_IO/sequential_write/perf_21555435/perf.data.rank5 (94356 samples) ]
[ perf record: Captured and wrote 753.030 MB /leonardo_scratch/large/userexternal/ctica000/perf/with_IO/sequential_write/perf_21555435/perf.data.rank12 (93416 samples) ]
[ perf record: Captured and wrote 754.944 MB /leonardo_scratch/large/userexternal/ctica000/perf/with_IO/sequential_write/perf_21555435/perf.data.rank15 (93654 samples) ]
[ perf record: Captured and wrote 759.479 MB /leonardo_scratch/large/userexternal/ctica000/perf/with_IO/sequential_write/perf_21555435/perf.data.rank13 (94216 samples) ]
[ perf record: Captured and wrote 756.964 MB /leonardo_scratch/large/userexternal/ctica000/perf/with_IO/sequential_write/perf_21555435/perf.data.rank14 (93904 samples) ]
[ perf record: Woken up 3368 times to write data ]
srun: error: lrdn1479: tasks 1-3: Exited with exit code 1
srun: error: lrdn1489: tasks 8-11: Exited with exit code 1
srun: error: lrdn1487: tasks 4-7: Exited with exit code 1
srun: error: lrdn1490: tasks 12-15: Exited with exit code 1
Warning:
Processed 132445 events and lost 2 chunks!

Check IO/CPU overload!

[ perf record: Captured and wrote 842.048 MB /leonardo_scratch/large/userexternal/ctica000/perf/with_IO/sequential_write/perf_21555435/perf.data.rank0 (104189 samples) ]
slurmstepd: error:  mpi/pmix_v3: _errhandler: lrdn1479 [0]: pmixp_client_v2.c:212: Error handler invoked: status = -25, source = [slurm.pmix.21555435.0:3]
slurmstepd: error: *** STEP 21555435.0 ON lrdn1479 CANCELLED AT 2025-10-13T17:45:34 ***
srun: Job step aborted: Waiting up to 182 seconds for job step to finish.
srun: error: lrdn1479: task 0: Killed
