Failing in Thread:1
Accelerator Fatal Error: call to cuStreamSynchronize returned error 700 (CUDA_ERROR_ILLEGAL_ADDRESS): Illegal address during kernel execution
 File: /leonardo/home/userexternal/ctica000/MS_thesis/RegCM/Main/mod_output.F90
 Function: output:60
 Line: 1067

Failing in Thread:1
Accelerator Fatal Error: call to cuStreamSynchronize returned error 700 (CUDA_ERROR_ILLEGAL_ADDRESS): Illegal address during kernel execution
 File: /leonardo/home/userexternal/ctica000/MS_thesis/RegCM/Main/mod_output.F90
 Function: output:60
 Line: 1067

Failing in Thread:1
Accelerator Fatal Error: call to cuStreamSynchronize returned error 700 (CUDA_ERROR_ILLEGAL_ADDRESS): Illegal address during kernel execution
 File: /leonardo/home/userexternal/ctica000/MS_thesis/RegCM/Main/mod_output.F90
 Function: output:60
 Line: 1067

Failing in Thread:1
Accelerator Fatal Error: call to cuStreamSynchronize returned error 700 (CUDA_ERROR_ILLEGAL_ADDRESS): Illegal address during kernel execution
 File: /leonardo/home/userexternal/ctica000/MS_thesis/RegCM/Main/mod_output.F90
 Function: output:60
 Line: 1067

Failing in Thread:1
Accelerator Fatal Error: call to cuStreamSynchronize returned error 700 (CUDA_ERROR_ILLEGAL_ADDRESS): Illegal address during kernel execution
 File: /leonardo/home/userexternal/ctica000/MS_thesis/RegCM/Main/mod_output.F90
 Function: output:60
 Line: 1067

Failing in Thread:1
Accelerator Fatal Error: call to cuStreamSynchronize returned error 700 (CUDA_ERROR_ILLEGAL_ADDRESS): Illegal address during kernel execution
 File: /leonardo/home/userexternal/ctica000/MS_thesis/RegCM/Main/mod_output.F90
 Function: output:60
 Line: 1067

Failing in Thread:1
Accelerator Fatal Error: call to cuStreamSynchronize returned error 700 (CUDA_ERROR_ILLEGAL_ADDRESS): Illegal address during kernel execution
 File: /leonardo/home/userexternal/ctica000/MS_thesis/RegCM/Main/mod_output.F90
 Function: output:60
 Line: 1067

Failing in Thread:1
Failing in Thread:1
Accelerator Fatal Error: call to cuStreamSynchronize returned error 700 (CUDA_ERROR_ILLEGAL_ADDRESS): Illegal address during kernel execution
 File: /leonardo/home/userexternal/ctica000/MS_thesis/RegCM/Main/mod_output.F90
 Function: output:60
 Line: 1067

Accelerator Fatal Error: call to cuStreamSynchronize returned error 700 (CUDA_ERROR_ILLEGAL_ADDRESS): Illegal address during kernel execution
 File: /leonardo/home/userexternal/ctica000/MS_thesis/RegCM/Main/mod_output.F90
 Function: output:60
 Line: 1067

Failing in Thread:1
Accelerator Fatal Error: call to cuStreamSynchronize returned error 700 (CUDA_ERROR_ILLEGAL_ADDRESS): Illegal address during kernel execution
 File: /leonardo/home/userexternal/ctica000/MS_thesis/RegCM/Main/mod_output.F90
 Function: output:60
 Line: 1067

Failing in Thread:1
Failing in Thread:1
Accelerator Fatal Error: call to cuStreamSynchronize returned error 700 (CUDA_ERROR_ILLEGAL_ADDRESS): Illegal address during kernel execution
 File: /leonardo/home/userexternal/ctica000/MS_thesis/RegCM/Main/mod_output.F90
 Function: output:60
 Line: 1067

Accelerator Fatal Error: call to cuStreamSynchronize returned error 700 (CUDA_ERROR_ILLEGAL_ADDRESS): Illegal address during kernel execution
 File: /leonardo/home/userexternal/ctica000/MS_thesis/RegCM/Main/mod_output.F90
 Function: output:60
 Line: 1067

Failing in Thread:1
Accelerator Fatal Error: call to cuStreamSynchronize returned error 700 (CUDA_ERROR_ILLEGAL_ADDRESS): Illegal address during kernel execution
 File: /leonardo/home/userexternal/ctica000/MS_thesis/RegCM/Main/mod_output.F90
 Function: output:60
 Line: 1067

Failing in Thread:1
Failing in Thread:1
Accelerator Fatal Error: call to cuStreamSynchronize returned error 700 (CUDA_ERROR_ILLEGAL_ADDRESS): Illegal address during kernel execution
 File: /leonardo/home/userexternal/ctica000/MS_thesis/RegCM/Main/mod_output.F90
 Function: output:60
 Line: 1067

Accelerator Fatal Error: call to cuStreamSynchronize returned error 700 (CUDA_ERROR_ILLEGAL_ADDRESS): Illegal address during kernel execution
 File: /leonardo/home/userexternal/ctica000/MS_thesis/RegCM/Main/mod_output.F90
 Function: output:60
 Line: 1067

[ perf record: Woken up 3158 times to write data ]
[ perf record: Woken up 3156 times to write data ]
[ perf record: Woken up 2988 times to write data ]
[ perf record: Woken up 3153 times to write data ]
[ perf record: Woken up 3162 times to write data ]
Failing in Thread:1
Accelerator Fatal Error: call to cuStreamSynchronize returned error 700 (CUDA_ERROR_ILLEGAL_ADDRESS): Illegal address during kernel execution
 File: /leonardo/home/userexternal/ctica000/MS_thesis/RegCM/Main/mod_output.F90
 Function: output:60
 Line: 1067

[ perf record: Woken up 3157 times to write data ]
[ perf record: Woken up 3158 times to write data ]
[ perf record: Woken up 3159 times to write data ]
[ perf record: Woken up 2977 times to write data ]
[ perf record: Woken up 3156 times to write data ]
[ perf record: Captured and wrote 789.309 MB /leonardo_scratch/large/userexternal/ctica000/perf/with_IO/sequential_write/perf_23240180/perf.data.rank11 (97918 samples) ]
[ perf record: Captured and wrote 788.534 MB /leonardo_scratch/large/userexternal/ctica000/perf/with_IO/sequential_write/perf_23240180/perf.data.rank9 (97817 samples) ]
[ perf record: Captured and wrote 790.823 MB /leonardo_scratch/large/userexternal/ctica000/perf/with_IO/sequential_write/perf_23240180/perf.data.rank10 (98102 samples) ]
[ perf record: Woken up 2975 times to write data ]
[ perf record: Captured and wrote 789.533 MB /leonardo_scratch/large/userexternal/ctica000/perf/with_IO/sequential_write/perf_23240180/perf.data.rank7 (97943 samples) ]
[ perf record: Captured and wrote 747.095 MB /leonardo_scratch/large/userexternal/ctica000/perf/with_IO/sequential_write/perf_23240180/perf.data.rank3 (92679 samples) ]
[ perf record: Captured and wrote 789.596 MB /leonardo_scratch/large/userexternal/ctica000/perf/with_IO/sequential_write/perf_23240180/perf.data.rank5 (97953 samples) ]
[ perf record: Captured and wrote 789.825 MB /leonardo_scratch/large/userexternal/ctica000/perf/with_IO/sequential_write/perf_23240180/perf.data.rank8 (97979 samples) ]
[ perf record: Captured and wrote 744.545 MB /leonardo_scratch/large/userexternal/ctica000/perf/with_IO/sequential_write/perf_23240180/perf.data.rank1 (92362 samples) ]
[ perf record: Captured and wrote 790.023 MB /leonardo_scratch/large/userexternal/ctica000/perf/with_IO/sequential_write/perf_23240180/perf.data.rank6 (98006 samples) ]
[ perf record: Captured and wrote 743.627 MB /leonardo_scratch/large/userexternal/ctica000/perf/with_IO/sequential_write/perf_23240180/perf.data.rank2 (92248 samples) ]
[ perf record: Captured and wrote 789.303 MB /leonardo_scratch/large/userexternal/ctica000/perf/with_IO/sequential_write/perf_23240180/perf.data.rank4 (97917 samples) ]
srun: error: lrdn2847: tasks 5,7: Exited with exit code 1
srun: error: lrdn2849: tasks 8-11: Exited with exit code 1
[ perf record: Woken up 3165 times to write data ]
[ perf record: Woken up 3160 times to write data ]
[ perf record: Woken up 3654 times to write data ]
[ perf record: Woken up 3168 times to write data ]
[ perf record: Woken up 3158 times to write data ]
[ perf record: Captured and wrote 913.751 MB /leonardo_scratch/large/userexternal/ctica000/perf/with_IO/sequential_write/perf_23240180/perf.data.rank0 (113089 samples) ]
[ perf record: Captured and wrote 790.330 MB /leonardo_scratch/large/userexternal/ctica000/perf/with_IO/sequential_write/perf_23240180/perf.data.rank15 (98046 samples) ]
[ perf record: Captured and wrote 792.381 MB /leonardo_scratch/large/userexternal/ctica000/perf/with_IO/sequential_write/perf_23240180/perf.data.rank12 (98300 samples) ]
[ perf record: Captured and wrote 791.761 MB /leonardo_scratch/large/userexternal/ctica000/perf/with_IO/sequential_write/perf_23240180/perf.data.rank13 (98223 samples) ]
[ perf record: Captured and wrote 790.035 MB /leonardo_scratch/large/userexternal/ctica000/perf/with_IO/sequential_write/perf_23240180/perf.data.rank14 (98009 samples) ]
slurmstepd: error:  mpi/pmix_v3: _errhandler: lrdn2847 [1]: pmixp_client_v2.c:212: Error handler invoked: status = -25, source = [slurm.pmix.23240180.0:7]
srun: error: lrdn2833: tasks 0-3: Exited with exit code 1
srun: Job step aborted: Waiting up to 182 seconds for job step to finish.
srun: error: lrdn2850: tasks 12-15: Exited with exit code 1
srun: error: lrdn2847: tasks 4,6: Exited with exit code 1
