Failing in Thread:1
Accelerator Fatal Error: call to cuStreamSynchronize returned error 719 (CUDA_ERROR_LAUNCH_FAILED): Launch failed (often invalid pointer dereference)
 File: /leonardo/home/userexternal/ctica000/MS_thesis/RegCM/Main/mod_output.F90
 Function: output:60
 Line: 1053

Failing in Thread:1
Accelerator Fatal Error: call to cuStreamSynchronize returned error 719 (CUDA_ERROR_LAUNCH_FAILED): Launch failed (often invalid pointer dereference)
 File: /leonardo/home/userexternal/ctica000/MS_thesis/RegCM/Main/mod_output.F90
 Function: output:60
 Line: 1053

Failing in Thread:1
Accelerator Fatal Error: call to cuStreamSynchronize returned error 719 (CUDA_ERROR_LAUNCH_FAILED): Launch failed (often invalid pointer dereference)
 File: /leonardo/home/userexternal/ctica000/MS_thesis/RegCM/Main/mod_output.F90
 Function: output:60
 Line: 1053

Failing in Thread:1
Accelerator Fatal Error: call to cuStreamSynchronize returned error 719 (CUDA_ERROR_LAUNCH_FAILED): Launch failed (often invalid pointer dereference)
 File: /leonardo/home/userexternal/ctica000/MS_thesis/RegCM/Main/mod_output.F90
 Function: output:60
 Line: 1053

Failing in Thread:1
Accelerator Fatal Error: call to cuStreamSynchronize returned error 719 (CUDA_ERROR_LAUNCH_FAILED): Launch failed (often invalid pointer dereference)
 File: /leonardo/home/userexternal/ctica000/MS_thesis/RegCM/Main/mod_output.F90
 Function: output:60
 Line: 1053

Failing in Thread:1
Accelerator Fatal Error: call to cuStreamSynchronize returned error 719 (CUDA_ERROR_LAUNCH_FAILED): Launch failed (often invalid pointer dereference)
 File: /leonardo/home/userexternal/ctica000/MS_thesis/RegCM/Main/mod_output.F90
 Function: output:60
 Line: 1053

Failing in Thread:1
Accelerator Fatal Error: call to cuStreamSynchronize returned error 719 (CUDA_ERROR_LAUNCH_FAILED): Launch failed (often invalid pointer dereference)
 File: /leonardo/home/userexternal/ctica000/MS_thesis/RegCM/Main/mod_output.F90
 Function: output:60
 Line: 1053

Failing in Thread:1
Accelerator Fatal Error: call to cuStreamSynchronize returned error 719 (CUDA_ERROR_LAUNCH_FAILED): Launch failed (often invalid pointer dereference)
 File: /leonardo/home/userexternal/ctica000/MS_thesis/RegCM/Main/mod_output.F90
 Function: output:60
 Line: 1053

Failing in Thread:1
Accelerator Fatal Error: call to cuStreamSynchronize returned error 719 (CUDA_ERROR_LAUNCH_FAILED): Launch failed (often invalid pointer dereference)
 File: /leonardo/home/userexternal/ctica000/MS_thesis/RegCM/Main/mod_output.F90
 Function: output:60
 Line: 1053

Failing in Thread:1
Accelerator Fatal Error: call to cuStreamSynchronize returned error 719 (CUDA_ERROR_LAUNCH_FAILED): Launch failed (often invalid pointer dereference)
 File: /leonardo/home/userexternal/ctica000/MS_thesis/RegCM/Main/mod_output.F90
 Function: output:60
 Line: 1053

Failing in Thread:1
Accelerator Fatal Error: call to cuStreamSynchronize returned error 719 (CUDA_ERROR_LAUNCH_FAILED): Launch failed (often invalid pointer dereference)
 File: /leonardo/home/userexternal/ctica000/MS_thesis/RegCM/Main/mod_output.F90
 Function: output:60
 Line: 1053

Failing in Thread:1
Accelerator Fatal Error: call to cuStreamSynchronize returned error 719 (CUDA_ERROR_LAUNCH_FAILED): Launch failed (often invalid pointer dereference)
 File: /leonardo/home/userexternal/ctica000/MS_thesis/RegCM/Main/mod_output.F90
 Function: output:60
 Line: 1053

Failing in Thread:1
Accelerator Fatal Error: call to cuStreamSynchronize returned error 719 (CUDA_ERROR_LAUNCH_FAILED): Launch failed (often invalid pointer dereference)
 File: /leonardo/home/userexternal/ctica000/MS_thesis/RegCM/Main/mod_output.F90
 Function: output:60
 Line: 1053

Failing in Thread:1
Accelerator Fatal Error: call to cuStreamSynchronize returned error 719 (CUDA_ERROR_LAUNCH_FAILED): Launch failed (often invalid pointer dereference)
 File: /leonardo/home/userexternal/ctica000/MS_thesis/RegCM/Main/mod_output.F90
 Function: output:60
 Line: 1053

Failing in Thread:1
Accelerator Fatal Error: call to cuStreamSynchronize returned error 719 (CUDA_ERROR_LAUNCH_FAILED): Launch failed (often invalid pointer dereference)
 File: /leonardo/home/userexternal/ctica000/MS_thesis/RegCM/Main/mod_output.F90
 Function: output:60
 Line: 1053

[ perf record: Woken up 3054 times to write data ]
[ perf record: Woken up 2860 times to write data ]
[ perf record: Woken up 3055 times to write data ]
[ perf record: Woken up 2848 times to write data ]
[ perf record: Woken up 3054 times to write data ]
[ perf record: Woken up 3114 times to write data ]
[ perf record: Woken up 3053 times to write data ]
[ perf record: Woken up 2860 times to write data ]
[ perf record: Woken up 3056 times to write data ]
[ perf record: Woken up 3054 times to write data ]
[ perf record: Woken up 3055 times to write data ]
[ perf record: Captured and wrote 715.302 MB /leonardo_scratch/large/userexternal/ctica000/perf/with_IO/sequential_write/perf_22733761/perf.data.rank2 (88732 samples) ]
[ perf record: Captured and wrote 712.131 MB /leonardo_scratch/large/userexternal/ctica000/perf/with_IO/sequential_write/perf_22733761/perf.data.rank3 (88339 samples) ]
[ perf record: Captured and wrote 763.706 MB /leonardo_scratch/large/userexternal/ctica000/perf/with_IO/sequential_write/perf_22733761/perf.data.rank6 (94740 samples) ]
[ perf record: Captured and wrote 763.553 MB /leonardo_scratch/large/userexternal/ctica000/perf/with_IO/sequential_write/perf_22733761/perf.data.rank4 (94721 samples) ]
[ perf record: Captured and wrote 764.034 MB /leonardo_scratch/large/userexternal/ctica000/perf/with_IO/sequential_write/perf_22733761/perf.data.rank7 (94778 samples) ]
[ perf record: Captured and wrote 715.070 MB /leonardo_scratch/large/userexternal/ctica000/perf/with_IO/sequential_write/perf_22733761/perf.data.rank1 (88704 samples) ]
[ perf record: Captured and wrote 764.025 MB /leonardo_scratch/large/userexternal/ctica000/perf/with_IO/sequential_write/perf_22733761/perf.data.rank5 (94779 samples) ]
[ perf record: Captured and wrote 764.133 MB /leonardo_scratch/large/userexternal/ctica000/perf/with_IO/sequential_write/perf_22733761/perf.data.rank12 (94794 samples) ]
[ perf record: Captured and wrote 763.984 MB /leonardo_scratch/large/userexternal/ctica000/perf/with_IO/sequential_write/perf_22733761/perf.data.rank15 (94776 samples) ]
[ perf record: Captured and wrote 763.504 MB /leonardo_scratch/large/userexternal/ctica000/perf/with_IO/sequential_write/perf_22733761/perf.data.rank14 (94716 samples) ]
[ perf record: Captured and wrote 763.987 MB /leonardo_scratch/large/userexternal/ctica000/perf/with_IO/sequential_write/perf_22733761/perf.data.rank13 (94776 samples) ]
srun: error: lrdn0376: tasks 1-3: Exited with exit code 1
srun: error: lrdn0468: tasks 4-7: Exited with exit code 1
srun: error: lrdn1117: tasks 12-15: Exited with exit code 1
[ perf record: Woken up 3633 times to write data ]
[ perf record: Captured and wrote 908.455 MB /leonardo_scratch/large/userexternal/ctica000/perf/with_IO/sequential_write/perf_22733761/perf.data.rank0 (112430 samples) ]
slurmstepd: error: *** STEP 22733761.0 ON lrdn0376 CANCELLED AT 2025-10-27T00:08:30 ***
srun: Job step aborted: Waiting up to 182 seconds for job step to finish.
srun: error: lrdn0376: task 0: Killed
slurmstepd: error:  mpi/pmix_v3: _errhandler: lrdn1056 [2]: pmixp_client_v2.c:212: Error handler invoked: status = -25, source = [slurm.pmix.22733761.0:8]
srun: error: lrdn1056: tasks 8-11: Killed
