Failing in Thread:1
Accelerator Fatal Error: call to cuStreamSynchronize returned error 719 (CUDA_ERROR_LAUNCH_FAILED): Launch failed (often invalid pointer dereference)
 File: /leonardo/home/userexternal/ctica000/MS_thesis/RegCM/Main/mod_output.F90
 Function: output:60
 Line: 1063

Failing in Thread:1
Accelerator Fatal Error: call to cuStreamSynchronize returned error 719 (CUDA_ERROR_LAUNCH_FAILED): Launch failed (often invalid pointer dereference)
 File: /leonardo/home/userexternal/ctica000/MS_thesis/RegCM/Main/mod_output.F90
 Function: output:60
 Line: 1063

Failing in Thread:1
Accelerator Fatal Error: call to cuStreamSynchronize returned error 719 (CUDA_ERROR_LAUNCH_FAILED): Launch failed (often invalid pointer dereference)
 File: /leonardo/home/userexternal/ctica000/MS_thesis/RegCM/Main/mod_output.F90
 Function: output:60
 Line: 1063

Failing in Thread:1
Accelerator Fatal Error: call to cuStreamSynchronize returned error 719 (CUDA_ERROR_LAUNCH_FAILED): Launch failed (often invalid pointer dereference)
 File: /leonardo/home/userexternal/ctica000/MS_thesis/RegCM/Main/mod_output.F90
 Function: output:60
 Line: 1063

Failing in Thread:1
Accelerator Fatal Error: call to cuStreamSynchronize returned error 719 (CUDA_ERROR_LAUNCH_FAILED): Launch failed (often invalid pointer dereference)
 File: /leonardo/home/userexternal/ctica000/MS_thesis/RegCM/Main/mod_output.F90
 Function: output:60
 Line: 1063

Failing in Thread:1
Accelerator Fatal Error: call to cuStreamSynchronize returned error 719 (CUDA_ERROR_LAUNCH_FAILED): Launch failed (often invalid pointer dereference)
 File: /leonardo/home/userexternal/ctica000/MS_thesis/RegCM/Main/mod_output.F90
 Function: output:60
 Line: 1063

Failing in Thread:1
Accelerator Fatal Error: call to cuStreamSynchronize returned error 719 (CUDA_ERROR_LAUNCH_FAILED): Launch failed (often invalid pointer dereference)
 File: /leonardo/home/userexternal/ctica000/MS_thesis/RegCM/Main/mod_output.F90
 Function: output:60
 Line: 1063

Failing in Thread:1
Accelerator Fatal Error: call to cuStreamSynchronize returned error 719 (CUDA_ERROR_LAUNCH_FAILED): Launch failed (often invalid pointer dereference)
 File: /leonardo/home/userexternal/ctica000/MS_thesis/RegCM/Main/mod_output.F90
 Function: output:60
 Line: 1063

Failing in Thread:1
Accelerator Fatal Error: call to cuStreamSynchronize returned error 719 (CUDA_ERROR_LAUNCH_FAILED): Launch failed (often invalid pointer dereference)
 File: /leonardo/home/userexternal/ctica000/MS_thesis/RegCM/Main/mod_output.F90
 Function: output:60
 Line: 1063

Failing in Thread:1
Accelerator Fatal Error: call to cuStreamSynchronize returned error 719 (CUDA_ERROR_LAUNCH_FAILED): Launch failed (often invalid pointer dereference)
 File: /leonardo/home/userexternal/ctica000/MS_thesis/RegCM/Main/mod_output.F90
 Function: output:60
 Line: 1063

Failing in Thread:1
Accelerator Fatal Error: call to cuStreamSynchronize returned error 719 (CUDA_ERROR_LAUNCH_FAILED): Launch failed (often invalid pointer dereference)
 File: /leonardo/home/userexternal/ctica000/MS_thesis/RegCM/Main/mod_output.F90
 Function: output:60
 Line: 1063

Failing in Thread:1
Accelerator Fatal Error: call to cuStreamSynchronize returned error 719 (CUDA_ERROR_LAUNCH_FAILED): Launch failed (often invalid pointer dereference)
 File: /leonardo/home/userexternal/ctica000/MS_thesis/RegCM/Main/mod_output.F90
 Function: output:60
 Line: 1063

Failing in Thread:1
Accelerator Fatal Error: call to cuStreamSynchronize returned error 719 (CUDA_ERROR_LAUNCH_FAILED): Launch failed (often invalid pointer dereference)
 File: /leonardo/home/userexternal/ctica000/MS_thesis/RegCM/Main/mod_output.F90
 Function: output:60
 Line: 1063

Failing in Thread:1
Accelerator Fatal Error: call to cuStreamSynchronize returned error 719 (CUDA_ERROR_LAUNCH_FAILED): Launch failed (often invalid pointer dereference)
 File: /leonardo/home/userexternal/ctica000/MS_thesis/RegCM/Main/mod_output.F90
 Function: output:60
 Line: 1063

Failing in Thread:1
Accelerator Fatal Error: call to cuStreamSynchronize returned error 719 (CUDA_ERROR_LAUNCH_FAILED): Launch failed (often invalid pointer dereference)
 File: /leonardo/home/userexternal/ctica000/MS_thesis/RegCM/Main/mod_output.F90
 Function: output:60
 Line: 1063

Failing in Thread:1
Accelerator Fatal Error: call to cuStreamSynchronize returned error 719 (CUDA_ERROR_LAUNCH_FAILED): Launch failed (often invalid pointer dereference)
 File: /leonardo/home/userexternal/ctica000/MS_thesis/RegCM/Main/mod_output.F90
 Function: output:60
 Line: 1063

[ perf record: Woken up 2980 times to write data ]
[ perf record: Woken up 2981 times to write data ]
[ perf record: Woken up 2756 times to write data ]
[ perf record: Woken up 2984 times to write data ]
[ perf record: Woken up 2982 times to write data ]
[ perf record: Woken up 2981 times to write data ]
[ perf record: Woken up 4743 times to write data ]
[ perf record: Woken up 2978 times to write data ]
[ perf record: Woken up 2979 times to write data ]
Warning:
Processed 98545 events and lost 1 chunks!

Check IO/CPU overload!

[ perf record: Woken up 2981 times to write data ]
[ perf record: Woken up 2983 times to write data ]
Warning:
Processed 98257 events and lost 1 chunks!

Check IO/CPU overload!

Warning:
Processed 98648 events and lost 1 chunks!

Check IO/CPU overload!

[ perf record: Woken up 4792 times to write data ]
[ perf record: Woken up 3275 times to write data ]
[ perf record: Woken up 2983 times to write data ]
[ perf record: Woken up 2979 times to write data ]
Warning:
Processed 91205 events and lost 1 chunks!

Check IO/CPU overload!

[ perf record: Captured and wrote 745.115 MB /leonardo_scratch/large/userexternal/ctica000/perf/with_IO/sequential_write/perf_22964242/perf.data.rank9 (92428 samples) ]
[ perf record: Captured and wrote 746.510 MB /leonardo_scratch/large/userexternal/ctica000/perf/with_IO/sequential_write/perf_22964242/perf.data.rank10 (92602 samples) ]
[ perf record: Captured and wrote 690.316 MB /leonardo_scratch/large/userexternal/ctica000/perf/with_IO/sequential_write/perf_22964242/perf.data.rank2 (85631 samples) ]
[ perf record: Captured and wrote 744.874 MB /leonardo_scratch/large/userexternal/ctica000/perf/with_IO/sequential_write/perf_22964242/perf.data.rank11 (92403 samples) ]
[ perf record: Captured and wrote 689.123 MB /leonardo_scratch/large/userexternal/ctica000/perf/with_IO/sequential_write/perf_22964242/perf.data.rank1 (85483 samples) ]
[ perf record: Captured and wrote 745.364 MB /leonardo_scratch/large/userexternal/ctica000/perf/with_IO/sequential_write/perf_22964242/perf.data.rank7 (92461 samples) ]
[ perf record: Captured and wrote 745.562 MB /leonardo_scratch/large/userexternal/ctica000/perf/with_IO/sequential_write/perf_22964242/perf.data.rank4 (92488 samples) ]
[ perf record: Captured and wrote 745.619 MB /leonardo_scratch/large/userexternal/ctica000/perf/with_IO/sequential_write/perf_22964242/perf.data.rank6 (92495 samples) ]
[ perf record: Captured and wrote 746.111 MB /leonardo_scratch/large/userexternal/ctica000/perf/with_IO/sequential_write/perf_22964242/perf.data.rank8 (92553 samples) ]
[ perf record: Captured and wrote 692.204 MB /leonardo_scratch/large/userexternal/ctica000/perf/with_IO/sequential_write/perf_22964242/perf.data.rank3 (85866 samples) ]
Warning:
Processed 98101 events and lost 1 chunks!

Check IO/CPU overload!

[ perf record: Captured and wrote 745.725 MB /leonardo_scratch/large/userexternal/ctica000/perf/with_IO/sequential_write/perf_22964242/perf.data.rank13 (92509 samples) ]
[ perf record: Captured and wrote 744.637 MB /leonardo_scratch/large/userexternal/ctica000/perf/with_IO/sequential_write/perf_22964242/perf.data.rank14 (92374 samples) ]
[ perf record: Captured and wrote 746.227 MB /leonardo_scratch/large/userexternal/ctica000/perf/with_IO/sequential_write/perf_22964242/perf.data.rank5 (92570 samples) ]
[ perf record: Captured and wrote 745.118 MB /leonardo_scratch/large/userexternal/ctica000/perf/with_IO/sequential_write/perf_22964242/perf.data.rank15 (92434 samples) ]
[ perf record: Captured and wrote 745.185 MB /leonardo_scratch/large/userexternal/ctica000/perf/with_IO/sequential_write/perf_22964242/perf.data.rank12 (92442 samples) ]
srun: error: lrdn2472: tasks 8-11: Exited with exit code 1
srun: error: lrdn2477: tasks 12-15: Exited with exit code 1
[ perf record: Woken up 3614 times to write data ]
srun: error: lrdn2471: tasks 4-7: Exited with exit code 1
[ perf record: Captured and wrote 903.730 MB /leonardo_scratch/large/userexternal/ctica000/perf/with_IO/sequential_write/perf_22964242/perf.data.rank0 (111844 samples) ]
srun: error: lrdn2470: tasks 0-3: Exited with exit code 1
