[ perf record: Woken up 23660 times to write data ]
[ perf record: Woken up 23597 times to write data ]
[ perf record: Woken up 23624 times to write data ]
[ perf record: Woken up 23600 times to write data ]
[ perf record: Woken up 23573 times to write data ]
[ perf record: Woken up 23630 times to write data ]
[ perf record: Woken up 23626 times to write data ]
[ perf record: Woken up 23708 times to write data ]
[ perf record: Woken up 23650 times to write data ]
[ perf record: Woken up 23615 times to write data ]
[ perf record: Woken up 24987 times to write data ]
[ perf record: Woken up 25269 times to write data ]
Warning:
Processed 771392 events and lost 5 chunks!

Check IO/CPU overload!

Warning:
Processed 769901 events and lost 5 chunks!

Check IO/CPU overload!

Warning:
Processed 762333 events and lost 3 chunks!

Check IO/CPU overload!

Warning:
Processed 761708 events and lost 1 chunks!

Check IO/CPU overload!

Warning:
Processed 770215 events and lost 3 chunks!

Check IO/CPU overload!

Warning:
Processed 770378 events and lost 1 chunks!

Check IO/CPU overload!

Warning:
Processed 762017 events and lost 2 chunks!

Check IO/CPU overload!

[ perf record: Captured and wrote 5900.690 MB /leonardo_scratch/large/userexternal/ctica000/perf/with_IO/sequential_write/perf_21774907/perf.data.rank9 (732186 samples) ]
Warning:
Processed 762849 events and lost 2 chunks!

Check IO/CPU overload!

[ perf record: Captured and wrote 5915.400 MB /leonardo_scratch/large/userexternal/ctica000/perf/with_IO/sequential_write/perf_21774907/perf.data.rank10 (734017 samples) ]
[ perf record: Captured and wrote 5906.749 MB /leonardo_scratch/large/userexternal/ctica000/perf/with_IO/sequential_write/perf_21774907/perf.data.rank8 (732944 samples) ]
Warning:
Processed 761423 events and lost 2 chunks!

Check IO/CPU overload!

[ perf record: Captured and wrote 5893.662 MB /leonardo_scratch/large/userexternal/ctica000/perf/with_IO/sequential_write/perf_21774907/perf.data.rank6 (731407 samples) ]
[ perf record: Captured and wrote 5908.659 MB /leonardo_scratch/large/userexternal/ctica000/perf/with_IO/sequential_write/perf_21774907/perf.data.rank7 (733182 samples) ]
[ perf record: Captured and wrote 5900.031 MB /leonardo_scratch/large/userexternal/ctica000/perf/with_IO/sequential_write/perf_21774907/perf.data.rank5 (732197 samples) ]
[ perf record: Captured and wrote 5907.929 MB /leonardo_scratch/large/userexternal/ctica000/perf/with_IO/sequential_write/perf_21774907/perf.data.rank13 (733190 samples) ]
[ perf record: Captured and wrote 5903.833 MB /leonardo_scratch/large/userexternal/ctica000/perf/with_IO/sequential_write/perf_21774907/perf.data.rank12 (732682 samples) ]
[ perf record: Captured and wrote 5906.393 MB /leonardo_scratch/large/userexternal/ctica000/perf/with_IO/sequential_write/perf_21774907/perf.data.rank14 (733000 samples) ]
[ perf record: Captured and wrote 5904.128 MB /leonardo_scratch/large/userexternal/ctica000/perf/with_IO/sequential_write/perf_21774907/perf.data.rank15 (732710 samples) ]
[ perf record: Captured and wrote 5902.772 MB /leonardo_scratch/large/userexternal/ctica000/perf/with_IO/sequential_write/perf_21774907/perf.data.rank11 (732538 samples) ]
[ perf record: Captured and wrote 5891.558 MB /leonardo_scratch/large/userexternal/ctica000/perf/with_IO/sequential_write/perf_21774907/perf.data.rank4 (731146 samples) ]
[ perf record: Woken up 23444 times to write data ]
[ perf record: Woken up 26017 times to write data ]
[ perf record: Woken up 23692 times to write data ]
[ perf record: Woken up 25520 times to write data ]
Warning:
Processed 757592 events and lost 3 chunks!

Check IO/CPU overload!

Warning:
Processed 757649 events and lost 3 chunks!

Check IO/CPU overload!

Warning:
Processed 760093 events and lost 1 chunks!

Check IO/CPU overload!

[ perf record: Captured and wrote 5880.948 MB /leonardo_scratch/large/userexternal/ctica000/perf/with_IO/sequential_write/perf_21774907/perf.data.rank2 (729829 samples) ]
[ perf record: Captured and wrote 5861.316 MB /leonardo_scratch/large/userexternal/ctica000/perf/with_IO/sequential_write/perf_21774907/perf.data.rank1 (727392 samples) ]
[ perf record: Captured and wrote 5862.116 MB /leonardo_scratch/large/userexternal/ctica000/perf/with_IO/sequential_write/perf_21774907/perf.data.rank3 (727492 samples) ]
Warning:
Processed 1000668 events and lost 1 chunks!

Check IO/CPU overload!

[ perf record: Captured and wrote 6036.853 MB /leonardo_scratch/large/userexternal/ctica000/perf/with_IO/sequential_write/perf_21774907/perf.data.rank0 (746363 samples) ]
