[lrdn2504:558601:0:558601] Caught signal 11 (Segmentation fault: address not mapped to object at address 0x120002704)
[lrdn2504:558602:0:558602] Caught signal 11 (Segmentation fault: address not mapped to object at address 0x120002704)
[lrdn2493:2141101:0:2141101] Caught signal 11 (Segmentation fault: address not mapped to object at address 0x120002704)
[lrdn2495:111644:0:111644] Caught signal 11 (Segmentation fault: address not mapped to object at address 0x120002704)
[lrdn2504:558604:0:558604] Caught signal 11 (Segmentation fault: address not mapped to object at address 0x120002704)
[lrdn2504:558603:0:558603] Caught signal 11 (Segmentation fault: address not mapped to object at address 0x120002704)
[lrdn2503:1291784:0:1291784] Caught signal 11 (Segmentation fault: address not mapped to object at address 0x120002704)
[lrdn2495:111646:0:111646] Caught signal 11 (Segmentation fault: address not mapped to object at address 0x120002704)
[lrdn2495:111645:0:111645] Caught signal 11 (Segmentation fault: address not mapped to object at address 0x120002704)
[lrdn2495:111647:0:111647] Caught signal 11 (Segmentation fault: address not mapped to object at address 0x120002704)
[lrdn2493:2141098:0:2141098] Caught signal 11 (Segmentation fault: address not mapped to object at address 0x120002704)
[lrdn2503:1291786:0:1291786] Caught signal 11 (Segmentation fault: address not mapped to object at address 0x120002704)
[lrdn2493:2141100:0:2141100] Caught signal 11 (Segmentation fault: address not mapped to object at address 0x120002704)
[lrdn2503:1291783:0:1291783] Caught signal 11 (Segmentation fault: address not mapped to object at address 0x120002704)
[lrdn2493:2141099:0:2141099] Caught signal 11 (Segmentation fault: address not mapped to object at address 0x120002704)
[lrdn2503:1291785:0:1291785] Caught signal 11 (Segmentation fault: address not mapped to object at address 0x120002704)
==== backtrace (tid:1291785) ====
 0 0x0000000000012cf0 __funlockfile()  :0
 1 0x000000000000ba4f __pgi_uacc_cuda_dataup1()  /proj/build/24A/Linux_x86_64/rte/accel-uni/build/Linux_x86_64/../../src/cuda_dataup1.c:88
 2 0x00000000000370fc __pgi_uacc_dataup1()  /proj/build/24A/Linux_x86_64/rte/accel-uni/build/Linux_x86_64/../../src/dataup1.c:58
==== backtrace (tid:1291786) ====
 3 0x0000000000037920 __pgi_uacc_dataupx()  /proj/build/24A/Linux_x86_64/rte/accel-uni/build/Linux_x86_64/../../src/dataupx.c:123
 4 0x0000000000034d5a __pgi_uacc_dataonb()  /proj/build/24A/Linux_x86_64/rte/accel-uni/build/Linux_x86_64/../../src/dataonb.c:613
 5 0x0000000000810ec0 mod_output_output_()  /leonardo/home/userexternal/ctica000/MS_thesis/RegCM/Share/pfwsat.inc:1052
 6 0x00000000004496be mod_regcm_interface_rcm_run_()  /leonardo/home/userexternal/ctica000/MS_thesis/RegCM/Main/mod_regcm_interface.F90:281
 7 0x0000000000a24e57 MAIN_()  /leonardo/home/userexternal/ctica000/MS_thesis/RegCM/Main/regcm.F90:83
 8 0x00000000004484b1 main()  ???:0
 9 0x000000000003ad85 __libc_start_main()  ???:0
10 0x000000000044839e _start()  ???:0
=================================
 0 0x0000000000012cf0 __funlockfile()  :0
[lrdn2503:1291785] *** Process received signal ***
[lrdn2503:1291785] Signal: Segmentation fault (11)
[lrdn2503:1291785] Signal code:  (-6)
[lrdn2503:1291785] Failing at address: 0x1f4850013b609
 1 0x000000000000ba4f __pgi_uacc_cuda_dataup1()  /proj/build/24A/Linux_x86_64/rte/accel-uni/build/Linux_x86_64/../../src/cuda_dataup1.c:88
 2 0x00000000000370fc __pgi_uacc_dataup1()  /proj/build/24A/Linux_x86_64/rte/accel-uni/build/Linux_x86_64/../../src/dataup1.c:58
 3 0x0000000000037920 __pgi_uacc_dataupx()  /proj/build/24A/Linux_x86_64/rte/accel-uni/build/Linux_x86_64/../../src/dataupx.c:123
[lrdn2503:1291785] [ 0] /lib64/libpthread.so.0(+0x12cf0)[0x14d0d1c9fcf0]
[lrdn2503:1291785] [ 1] /leonardo/prod/spack/06/install/0.22/linux-rhel8-icelake/gcc-8.5.0/nvhpc-24.5-torlmnyzcexnrs6pq4cccabv7ehkv3xy/Linux_x86_64/24.5/compilers/lib/libaccdevice.so(__pgi_uacc_cuda_dataup1+0xebf)[0x14d0d5c18a4f]
[lrdn2503:1291785] [ 2] /leonardo/prod/spack/06/install/0.22/linux-rhel8-icelake/gcc-8.5.0/nvhpc-24.5-torlmnyzcexnrs6pq4cccabv7ehkv3xy/Linux_x86_64/24.5/compilers/lib/libacchost.so(__pgi_uacc_dataup1+0x14c)[0x14d0d618d0fc]
[lrdn2503:1291785] [ 3] /leonardo/prod/spack/06/install/0.22/linux-rhel8-icelake/gcc-8.5.0/nvhpc-24.5-torlmnyzcexnrs6pq4cccabv7ehkv3xy/Linux_x86_64/24.5/compilers/lib/libacchost.so(__pgi_uacc_dataupx+0x3b0)[0x14d0d618d920]
[lrdn2503:1291785] [ 4] /leonardo/prod/spack/06/install/0.22/linux-rhel8-icelake/gcc-8.5.0/nvhpc-24.5-torlmnyzcexnrs6pq4cccabv7ehkv3xy/Linux_x86_64/24.5/compilers/lib/libacchost.so(__pgi_uacc_dataonb+0x85a)[0x14d0d618ad5a]
 4 0x0000000000034d5a __pgi_uacc_dataonb()  /proj/build/24A/Linux_x86_64/rte/accel-uni/build/Linux_x86_64/../../src/dataonb.c:613
 5 0x0000000000810ec0 mod_output_output_()  /leonardo/home/userexternal/ctica000/MS_thesis/RegCM/Share/pfwsat.inc:1052
 6 0x00000000004496be mod_regcm_interface_rcm_run_()  /leonardo/home/userexternal/ctica000/MS_thesis/RegCM/Main/mod_regcm_interface.F90:281
 7 0x0000000000a24e57 MAIN_()  /leonardo/home/userexternal/ctica000/MS_thesis/RegCM/Main/regcm.F90:83
 8 0x00000000004484b1 main()  ???:0
 9 0x000000000003ad85 __libc_start_main()  ???:0
10 0x000000000044839e _start()  ???:0
[lrdn2503:1291785] [ 5] /leonardo/home/userexternal/ctica000/MS_thesis/RegCM/bin/regcmMPICLM45_OPENACC_GPU_STDPAR(mod_output_output_+0x50bc0)[0x810ec0]
=================================
[lrdn2503:1291786] *** Process received signal ***
[lrdn2503:1291786] Signal: Segmentation fault (11)
[lrdn2503:1291786] Signal code:  (-6)
[lrdn2503:1291786] Failing at address: 0x1f4850013b60a
[lrdn2503:1291785] [ 6] /leonardo/home/userexternal/ctica000/MS_thesis/RegCM/bin/regcmMPICLM45_OPENACC_GPU_STDPAR(mod_regcm_interface_rcm_run_+0x7e)[0x4496be]
[lrdn2503:1291785] [ 7] /leonardo/home/userexternal/ctica000/MS_thesis/RegCM/bin/regcmMPICLM45_OPENACC_GPU_STDPAR(MAIN_+0xd7)[0xa24e57]
[lrdn2503:1291786] [ 0] /lib64/libpthread.so.0(+0x12cf0)[0x152c1551acf0]
[lrdn2503:1291786] [ 1] /leonardo/prod/spack/06/install/0.22/linux-rhel8-icelake/gcc-8.5.0/nvhpc-24.5-torlmnyzcexnrs6pq4cccabv7ehkv3xy/Linux_x86_64/24.5/compilers/lib/libaccdevice.so(__pgi_uacc_cuda_dataup1+0xebf)[0x152c19493a4f]
[lrdn2503:1291786] [ 2] /leonardo/prod/spack/06/install/0.22/linux-rhel8-icelake/gcc-8.5.0/nvhpc-24.5-torlmnyzcexnrs6pq4cccabv7ehkv3xy/Linux_x86_64/24.5/compilers/lib/libacchost.so(__pgi_uacc_dataup1+0x14c)[0x152c19a080fc]
[lrdn2503:1291785] [ 8] /leonardo/home/userexternal/ctica000/MS_thesis/RegCM/bin/regcmMPICLM45_OPENACC_GPU_STDPAR(main+0x31)[0x4484b1]
[lrdn2503:1291785] [ 9] /lib64/libc.so.6(__libc_start_main+0xe5)[0x14d0d1029d85]
[lrdn2503:1291786] [ 3] /leonardo/prod/spack/06/install/0.22/linux-rhel8-icelake/gcc-8.5.0/nvhpc-24.5-torlmnyzcexnrs6pq4cccabv7ehkv3xy/Linux_x86_64/24.5/compilers/lib/libacchost.so(__pgi_uacc_dataupx+0x3b0)[0x152c19a08920]
[lrdn2503:1291786] [ 4] /leonardo/prod/spack/06/install/0.22/linux-rhel8-icelake/gcc-8.5.0/nvhpc-24.5-torlmnyzcexnrs6pq4cccabv7ehkv3xy/Linux_x86_64/24.5/compilers/lib/libacchost.so(__pgi_uacc_dataonb+0x85a)[0x152c19a05d5a]
[lrdn2503:1291786] [ 5] /leonardo/home/userexternal/ctica000/MS_thesis/RegCM/bin/regcmMPICLM45_OPENACC_GPU_STDPAR(mod_output_output_+0x50bc0)[0x810ec0]
[lrdn2503:1291785] [10] /leonardo/home/userexternal/ctica000/MS_thesis/RegCM/bin/regcmMPICLM45_OPENACC_GPU_STDPAR(_start+0x2e)[0x44839e]
[lrdn2503:1291785] *** End of error message ***
[lrdn2503:1291786] [ 6] /leonardo/home/userexternal/ctica000/MS_thesis/RegCM/bin/regcmMPICLM45_OPENACC_GPU_STDPAR(mod_regcm_interface_rcm_run_+0x7e)[0x4496be]
[lrdn2503:1291786] [ 7] /leonardo/home/userexternal/ctica000/MS_thesis/RegCM/bin/regcmMPICLM45_OPENACC_GPU_STDPAR(MAIN_+0xd7)[0xa24e57]
[lrdn2503:1291786] [ 8] /leonardo/home/userexternal/ctica000/MS_thesis/RegCM/bin/regcmMPICLM45_OPENACC_GPU_STDPAR(main+0x31)[0x4484b1]
[lrdn2503:1291786] [ 9] /lib64/libc.so.6(__libc_start_main+0xe5)[0x152c148a4d85]
[lrdn2503:1291786] [10] /leonardo/home/userexternal/ctica000/MS_thesis/RegCM/bin/regcmMPICLM45_OPENACC_GPU_STDPAR(_start+0x2e)[0x44839e]
[lrdn2503:1291786] *** End of error message ***
==== backtrace (tid: 111645) ====
 0 0x0000000000012cf0 __funlockfile()  :0
 1 0x000000000000ba4f __pgi_uacc_cuda_dataup1()  /proj/build/24A/Linux_x86_64/rte/accel-uni/build/Linux_x86_64/../../src/cuda_dataup1.c:88
 2 0x00000000000370fc __pgi_uacc_dataup1()  /proj/build/24A/Linux_x86_64/rte/accel-uni/build/Linux_x86_64/../../src/dataup1.c:58
 3 0x0000000000037920 __pgi_uacc_dataupx()  /proj/build/24A/Linux_x86_64/rte/accel-uni/build/Linux_x86_64/../../src/dataupx.c:123
 4 0x0000000000034d5a __pgi_uacc_dataonb()  /proj/build/24A/Linux_x86_64/rte/accel-uni/build/Linux_x86_64/../../src/dataonb.c:613
 5 0x0000000000810ec0 mod_output_output_()  /leonardo/home/userexternal/ctica000/MS_thesis/RegCM/Share/pfwsat.inc:1052
 6 0x00000000004496be mod_regcm_interface_rcm_run_()  /leonardo/home/userexternal/ctica000/MS_thesis/RegCM/Main/mod_regcm_interface.F90:281
 7 0x0000000000a24e57 MAIN_()  /leonardo/home/userexternal/ctica000/MS_thesis/RegCM/Main/regcm.F90:83
 8 0x00000000004484b1 main()  ???:0
 9 0x000000000003ad85 __libc_start_main()  ???:0
10 0x000000000044839e _start()  ???:0
=================================
==== backtrace (tid: 111646) ====
 0 0x0000000000012cf0 __funlockfile()  :0
[lrdn2495:111645] *** Process received signal ***
[lrdn2495:111645] Signal: Segmentation fault (11)
[lrdn2495:111645] Signal code:  (-6)
[lrdn2495:111645] Failing at address: 0x1f4850001b41d
 1 0x000000000000ba4f __pgi_uacc_cuda_dataup1()  /proj/build/24A/Linux_x86_64/rte/accel-uni/build/Linux_x86_64/../../src/cuda_dataup1.c:88
 2 0x00000000000370fc __pgi_uacc_dataup1()  /proj/build/24A/Linux_x86_64/rte/accel-uni/build/Linux_x86_64/../../src/dataup1.c:58
 3 0x0000000000037920 __pgi_uacc_dataupx()  /proj/build/24A/Linux_x86_64/rte/accel-uni/build/Linux_x86_64/../../src/dataupx.c:123
[lrdn2495:111645] [ 0] /lib64/libpthread.so.0(+0x12cf0)[0x145aeed16cf0]
 4 0x0000000000034d5a __pgi_uacc_dataonb()  /proj/build/24A/Linux_x86_64/rte/accel-uni/build/Linux_x86_64/../../src/dataonb.c:613
[lrdn2495:111645] [ 1] /leonardo/prod/spack/06/install/0.22/linux-rhel8-icelake/gcc-8.5.0/nvhpc-24.5-torlmnyzcexnrs6pq4cccabv7ehkv3xy/Linux_x86_64/24.5/compilers/lib/libaccdevice.so(__pgi_uacc_cuda_dataup1+0xebf)[0x145af2c8fa4f]
[lrdn2495:111645] [ 2] /leonardo/prod/spack/06/install/0.22/linux-rhel8-icelake/gcc-8.5.0/nvhpc-24.5-torlmnyzcexnrs6pq4cccabv7ehkv3xy/Linux_x86_64/24.5/compilers/lib/libacchost.so(__pgi_uacc_dataup1+0x14c)[0x145af32040fc]
[lrdn2495:111645] [ 3] /leonardo/prod/spack/06/install/0.22/linux-rhel8-icelake/gcc-8.5.0/nvhpc-24.5-torlmnyzcexnrs6pq4cccabv7ehkv3xy/Linux_x86_64/24.5/compilers/lib/libacchost.so(__pgi_uacc_dataupx+0x3b0)[0x145af3204920]
[lrdn2495:111645] [ 4] /leonardo/prod/spack/06/install/0.22/linux-rhel8-icelake/gcc-8.5.0/nvhpc-24.5-torlmnyzcexnrs6pq4cccabv7ehkv3xy/Linux_x86_64/24.5/compilers/lib/libacchost.so(__pgi_uacc_dataonb+0x85a)[0x145af3201d5a]
 5 0x0000000000810ec0 mod_output_output_()  /leonardo/home/userexternal/ctica000/MS_thesis/RegCM/Share/pfwsat.inc:1052
 6 0x00000000004496be mod_regcm_interface_rcm_run_()  /leonardo/home/userexternal/ctica000/MS_thesis/RegCM/Main/mod_regcm_interface.F90:281
[lrdn2495:111645] [ 5] /leonardo/home/userexternal/ctica000/MS_thesis/RegCM/bin/regcmMPICLM45_OPENACC_GPU_STDPAR(mod_output_output_+0x50bc0)[0x810ec0]
 7 0x0000000000a24e57 MAIN_()  /leonardo/home/userexternal/ctica000/MS_thesis/RegCM/Main/regcm.F90:83
 8 0x00000000004484b1 main()  ???:0
 9 0x000000000003ad85 __libc_start_main()  ???:0
10 0x000000000044839e _start()  ???:0
=================================
[lrdn2495:111646] *** Process received signal ***
[lrdn2495:111646] Signal: Segmentation fault (11)
[lrdn2495:111646] Signal code:  (-6)
[lrdn2495:111646] Failing at address: 0x1f4850001b41e
[lrdn2495:111646] [ 0] /lib64/libpthread.so.0(+0x12cf0)[0x1494fbb98cf0]
[lrdn2495:111646] [ 1] /leonardo/prod/spack/06/install/0.22/linux-rhel8-icelake/gcc-8.5.0/nvhpc-24.5-torlmnyzcexnrs6pq4cccabv7ehkv3xy/Linux_x86_64/24.5/compilers/lib/libaccdevice.so(__pgi_uacc_cuda_dataup1+0xebf)[0x1494ffb11a4f]
[lrdn2495:111646] [ 2] /leonardo/prod/spack/06/install/0.22/linux-rhel8-icelake/gcc-8.5.0/nvhpc-24.5-torlmnyzcexnrs6pq4cccabv7ehkv3xy/Linux_x86_64/24.5/compilers/lib/libacchost.so(__pgi_uacc_dataup1+0x14c)[0x1495000860fc]
[lrdn2495:111646] [ 3] /leonardo/prod/spack/06/install/0.22/linux-rhel8-icelake/gcc-8.5.0/nvhpc-24.5-torlmnyzcexnrs6pq4cccabv7ehkv3xy/Linux_x86_64/24.5/compilers/lib/libacchost.so(__pgi_uacc_dataupx+0x3b0)[0x149500086920]
==== backtrace (tid:1291783) ====
[lrdn2495:111646] [ 4] /leonardo/prod/spack/06/install/0.22/linux-rhel8-icelake/gcc-8.5.0/nvhpc-24.5-torlmnyzcexnrs6pq4cccabv7ehkv3xy/Linux_x86_64/24.5/compilers/lib/libacchost.so(__pgi_uacc_dataonb+0x85a)[0x149500083d5a]
 0 0x0000000000012cf0 __funlockfile()  :0
[lrdn2495:111646] [ 5] /leonardo/home/userexternal/ctica000/MS_thesis/RegCM/bin/regcmMPICLM45_OPENACC_GPU_STDPAR(mod_output_output_+0x50bc0)[0x810ec0]
 1 0x000000000000ba4f __pgi_uacc_cuda_dataup1()  /proj/build/24A/Linux_x86_64/rte/accel-uni/build/Linux_x86_64/../../src/cuda_dataup1.c:88
 2 0x00000000000370fc __pgi_uacc_dataup1()  /proj/build/24A/Linux_x86_64/rte/accel-uni/build/Linux_x86_64/../../src/dataup1.c:58
 3 0x0000000000037920 __pgi_uacc_dataupx()  /proj/build/24A/Linux_x86_64/rte/accel-uni/build/Linux_x86_64/../../src/dataupx.c:123
 4 0x0000000000034d5a __pgi_uacc_dataonb()  /proj/build/24A/Linux_x86_64/rte/accel-uni/build/Linux_x86_64/../../src/dataonb.c:613
 5 0x0000000000810ec0 mod_output_output_()  /leonardo/home/userexternal/ctica000/MS_thesis/RegCM/Share/pfwsat.inc:1052
 6 0x00000000004496be mod_regcm_interface_rcm_run_()  /leonardo/home/userexternal/ctica000/MS_thesis/RegCM/Main/mod_regcm_interface.F90:281
 7 0x0000000000a24e57 MAIN_()  /leonardo/home/userexternal/ctica000/MS_thesis/RegCM/Main/regcm.F90:83
 8 0x00000000004484b1 main()  ???:0
 9 0x000000000003ad85 __libc_start_main()  ???:0
10 0x000000000044839e _start()  ???:0
=================================
[lrdn2503:1291783] *** Process received signal ***
[lrdn2503:1291783] Signal: Segmentation fault (11)
[lrdn2503:1291783] Signal code:  (-6)
[lrdn2503:1291783] Failing at address: 0x1f4850013b607
[lrdn2503:1291783] [ 0] /lib64/libpthread.so.0(+0x12cf0)[0x14a98f40fcf0]
[lrdn2503:1291783] [ 1] /leonardo/prod/spack/06/install/0.22/linux-rhel8-icelake/gcc-8.5.0/nvhpc-24.5-torlmnyzcexnrs6pq4cccabv7ehkv3xy/Linux_x86_64/24.5/compilers/lib/libaccdevice.so(__pgi_uacc_cuda_dataup1+0xebf)[0x14a993388a4f]
[lrdn2503:1291783] [ 2] /leonardo/prod/spack/06/install/0.22/linux-rhel8-icelake/gcc-8.5.0/nvhpc-24.5-torlmnyzcexnrs6pq4cccabv7ehkv3xy/Linux_x86_64/24.5/compilers/lib/libacchost.so(__pgi_uacc_dataup1+0x14c)[0x14a9938fd0fc]
[lrdn2503:1291783] [ 3] /leonardo/prod/spack/06/install/0.22/linux-rhel8-icelake/gcc-8.5.0/nvhpc-24.5-torlmnyzcexnrs6pq4cccabv7ehkv3xy/Linux_x86_64/24.5/compilers/lib/libacchost.so(__pgi_uacc_dataupx+0x3b0)[0x14a9938fd920]
[lrdn2503:1291783] [ 4] /leonardo/prod/spack/06/install/0.22/linux-rhel8-icelake/gcc-8.5.0/nvhpc-24.5-torlmnyzcexnrs6pq4cccabv7ehkv3xy/Linux_x86_64/24.5/compilers/lib/libacchost.so(__pgi_uacc_dataonb+0x85a)[0x14a9938fad5a]
[lrdn2503:1291783] [ 5] /leonardo/home/userexternal/ctica000/MS_thesis/RegCM/bin/regcmMPICLM45_OPENACC_GPU_STDPAR(mod_output_output_+0x50bc0)[0x810ec0]
[lrdn2503:1291783] [ 6] /leonardo/home/userexternal/ctica000/MS_thesis/RegCM/bin/regcmMPICLM45_OPENACC_GPU_STDPAR(mod_regcm_interface_rcm_run_+0x7e)[0x4496be]
[lrdn2503:1291783] [ 7] /leonardo/home/userexternal/ctica000/MS_thesis/RegCM/bin/regcmMPICLM45_OPENACC_GPU_STDPAR(MAIN_+0xd7)[0xa24e57]
[lrdn2503:1291783] [ 8] /leonardo/home/userexternal/ctica000/MS_thesis/RegCM/bin/regcmMPICLM45_OPENACC_GPU_STDPAR(main+0x31)[0x4484b1]
==== backtrace (tid:1291784) ====
 0 0x0000000000012cf0 __funlockfile()  :0
 1 0x000000000000ba4f __pgi_uacc_cuda_dataup1()  /proj/build/24A/Linux_x86_64/rte/accel-uni/build/Linux_x86_64/../../src/cuda_dataup1.c:88
 2 0x00000000000370fc __pgi_uacc_dataup1()  /proj/build/24A/Linux_x86_64/rte/accel-uni/build/Linux_x86_64/../../src/dataup1.c:58
 3 0x0000000000037920 __pgi_uacc_dataupx()  /proj/build/24A/Linux_x86_64/rte/accel-uni/build/Linux_x86_64/../../src/dataupx.c:123
 4 0x0000000000034d5a __pgi_uacc_dataonb()  /proj/build/24A/Linux_x86_64/rte/accel-uni/build/Linux_x86_64/../../src/dataonb.c:613
 5 0x0000000000810ec0 mod_output_output_()  /leonardo/home/userexternal/ctica000/MS_thesis/RegCM/Share/pfwsat.inc:1052
 6 0x00000000004496be mod_regcm_interface_rcm_run_()  /leonardo/home/userexternal/ctica000/MS_thesis/RegCM/Main/mod_regcm_interface.F90:281
 7 0x0000000000a24e57 MAIN_()  /leonardo/home/userexternal/ctica000/MS_thesis/RegCM/Main/regcm.F90:83
 8 0x00000000004484b1 main()  ???:0
 9 0x000000000003ad85 __libc_start_main()  ???:0
10 0x000000000044839e _start()  ???:0
=================================
[lrdn2503:1291783] [ 9] /lib64/libc.so.6(__libc_start_main+0xe5)[0x14a98e799d85]
[lrdn2503:1291784] *** Process received signal ***
[lrdn2503:1291783] [10] /leonardo/home/userexternal/ctica000/MS_thesis/RegCM/bin/regcmMPICLM45_OPENACC_GPU_STDPAR(_start+0x2e)[0x44839e]
[lrdn2503:1291784] Signal: Segmentation fault (11)
[lrdn2503:1291784] Signal code:  (-6)
[lrdn2503:1291784] Failing at address: 0x1f4850013b608
[lrdn2503:1291783] *** End of error message ***
[lrdn2503:1291784] [ 0] /lib64/libpthread.so.0(+0x12cf0)[0x14a8225c9cf0]
[lrdn2503:1291784] [ 1] /leonardo/prod/spack/06/install/0.22/linux-rhel8-icelake/gcc-8.5.0/nvhpc-24.5-torlmnyzcexnrs6pq4cccabv7ehkv3xy/Linux_x86_64/24.5/compilers/lib/libaccdevice.so(__pgi_uacc_cuda_dataup1+0xebf)[0x14a826542a4f]
[lrdn2495:111645] [ 6] /leonardo/home/userexternal/ctica000/MS_thesis/RegCM/bin/regcmMPICLM45_OPENACC_GPU_STDPAR(mod_regcm_interface_rcm_run_+0x7e)[0x4496be]
[lrdn2503:1291784] [ 2] /leonardo/prod/spack/06/install/0.22/linux-rhel8-icelake/gcc-8.5.0/nvhpc-24.5-torlmnyzcexnrs6pq4cccabv7ehkv3xy/Linux_x86_64/24.5/compilers/lib/libacchost.so(__pgi_uacc_dataup1+0x14c)[0x14a826ab70fc]
[lrdn2503:1291784] [ 3] /leonardo/prod/spack/06/install/0.22/linux-rhel8-icelake/gcc-8.5.0/nvhpc-24.5-torlmnyzcexnrs6pq4cccabv7ehkv3xy/Linux_x86_64/24.5/compilers/lib/libacchost.so(__pgi_uacc_dataupx+0x3b0)[0x14a826ab7920]
[lrdn2495:111646] [ 6] /leonardo/home/userexternal/ctica000/MS_thesis/RegCM/bin/regcmMPICLM45_OPENACC_GPU_STDPAR(mod_regcm_interface_rcm_run_+0x7e)[0x4496be]
[lrdn2495:111646] [ 7] /leonardo/home/userexternal/ctica000/MS_thesis/RegCM/bin/regcmMPICLM45_OPENACC_GPU_STDPAR(MAIN_+0xd7)[0xa24e57]
[lrdn2495:111645] [ 7] /leonardo/home/userexternal/ctica000/MS_thesis/RegCM/bin/regcmMPICLM45_OPENACC_GPU_STDPAR(MAIN_+0xd7)[0xa24e57]
[lrdn2495:111645] [ 8] /leonardo/home/userexternal/ctica000/MS_thesis/RegCM/bin/regcmMPICLM45_OPENACC_GPU_STDPAR(main+0x31)[0x4484b1]
[lrdn2495:111646] [ 8] /leonardo/home/userexternal/ctica000/MS_thesis/RegCM/bin/regcmMPICLM45_OPENACC_GPU_STDPAR(main+0x31)[0x4484b1]
[lrdn2495:111646] [ 9] /lib64/libc.so.6(__libc_start_main+0xe5)[0x1494faf22d85]
[lrdn2495:111646] [10] /leonardo/home/userexternal/ctica000/MS_thesis/RegCM/bin/regcmMPICLM45_OPENACC_GPU_STDPAR(_start+0x2e)[0x44839e]
[lrdn2495:111645] [ 9] /lib64/libc.so.6(__libc_start_main+0xe5)[0x145aee0a0d85]
==== backtrace (tid: 558603) ====
[lrdn2495:111646] *** End of error message ***
[lrdn2495:111645] [10] /leonardo/home/userexternal/ctica000/MS_thesis/RegCM/bin/regcmMPICLM45_OPENACC_GPU_STDPAR(_start+0x2e)[0x44839e]
[lrdn2495:111645] *** End of error message ***
 0 0x0000000000012cf0 __funlockfile()  :0
 1 0x000000000000ba4f __pgi_uacc_cuda_dataup1()  /proj/build/24A/Linux_x86_64/rte/accel-uni/build/Linux_x86_64/../../src/cuda_dataup1.c:88
 2 0x00000000000370fc __pgi_uacc_dataup1()  /proj/build/24A/Linux_x86_64/rte/accel-uni/build/Linux_x86_64/../../src/dataup1.c:58
 3 0x0000000000037920 __pgi_uacc_dataupx()  /proj/build/24A/Linux_x86_64/rte/accel-uni/build/Linux_x86_64/../../src/dataupx.c:123
 4 0x0000000000034d5a __pgi_uacc_dataonb()  /proj/build/24A/Linux_x86_64/rte/accel-uni/build/Linux_x86_64/../../src/dataonb.c:613
[lrdn2503:1291784] [ 4] /leonardo/prod/spack/06/install/0.22/linux-rhel8-icelake/gcc-8.5.0/nvhpc-24.5-torlmnyzcexnrs6pq4cccabv7ehkv3xy/Linux_x86_64/24.5/compilers/lib/libacchost.so(__pgi_uacc_dataonb+0x85a)[0x14a826ab4d5a]
 5 0x0000000000810ec0 mod_output_output_()  /leonardo/home/userexternal/ctica000/MS_thesis/RegCM/Share/pfwsat.inc:1052
 6 0x00000000004496be mod_regcm_interface_rcm_run_()  /leonardo/home/userexternal/ctica000/MS_thesis/RegCM/Main/mod_regcm_interface.F90:281
 7 0x0000000000a24e57 MAIN_()  /leonardo/home/userexternal/ctica000/MS_thesis/RegCM/Main/regcm.F90:83
 8 0x00000000004484b1 main()  ???:0
 9 0x000000000003ad85 __libc_start_main()  ???:0
10 0x000000000044839e _start()  ???:0
=================================
[lrdn2503:1291784] [ 5] /leonardo/home/userexternal/ctica000/MS_thesis/RegCM/bin/regcmMPICLM45_OPENACC_GPU_STDPAR(mod_output_output_+0x50bc0)[0x810ec0]
[lrdn2504:558603] *** Process received signal ***
[lrdn2504:558603] Signal: Segmentation fault (11)
[lrdn2504:558603] Signal code:  (-6)
[lrdn2504:558603] Failing at address: 0x1f4850008860b
[lrdn2503:1291784] [ 6] /leonardo/home/userexternal/ctica000/MS_thesis/RegCM/bin/regcmMPICLM45_OPENACC_GPU_STDPAR(mod_regcm_interface_rcm_run_+0x7e)[0x4496be]
[lrdn2503:1291784] [ 7] /leonardo/home/userexternal/ctica000/MS_thesis/RegCM/bin/regcmMPICLM45_OPENACC_GPU_STDPAR(MAIN_+0xd7)[0xa24e57]
[lrdn2504:558603] [ 0] /lib64/libpthread.so.0(+0x12cf0)[0x149a0a24fcf0]
[lrdn2503:1291784] [ 8] /leonardo/home/userexternal/ctica000/MS_thesis/RegCM/bin/regcmMPICLM45_OPENACC_GPU_STDPAR(main+0x31)[0x4484b1]
[lrdn2504:558603] [ 1] /leonardo/prod/spack/06/install/0.22/linux-rhel8-icelake/gcc-8.5.0/nvhpc-24.5-torlmnyzcexnrs6pq4cccabv7ehkv3xy/Linux_x86_64/24.5/compilers/lib/libaccdevice.so(__pgi_uacc_cuda_dataup1+0xebf)[0x149a0e1c8a4f]
==== backtrace (tid:2141098) ====
==== backtrace (tid: 558604) ====
 0 0x0000000000012cf0 __funlockfile()  :0
 1 0x000000000000ba4f __pgi_uacc_cuda_dataup1()  /proj/build/24A/Linux_x86_64/rte/accel-uni/build/Linux_x86_64/../../src/cuda_dataup1.c:88
 2 0x00000000000370fc __pgi_uacc_dataup1()  /proj/build/24A/Linux_x86_64/rte/accel-uni/build/Linux_x86_64/../../src/dataup1.c:58
 3 0x0000000000037920 __pgi_uacc_dataupx()  /proj/build/24A/Linux_x86_64/rte/accel-uni/build/Linux_x86_64/../../src/dataupx.c:123
 4 0x0000000000034d5a __pgi_uacc_dataonb()  /proj/build/24A/Linux_x86_64/rte/accel-uni/build/Linux_x86_64/../../src/dataonb.c:613
 5 0x0000000000810ec0 mod_output_output_()  /leonardo/home/userexternal/ctica000/MS_thesis/RegCM/Share/pfwsat.inc:1052
 6 0x00000000004496be mod_regcm_interface_rcm_run_()  /leonardo/home/userexternal/ctica000/MS_thesis/RegCM/Main/mod_regcm_interface.F90:281
 7 0x0000000000a24e57 MAIN_()  /leonardo/home/userexternal/ctica000/MS_thesis/RegCM/Main/regcm.F90:83
 8 0x00000000004484b1 main()  ???:0
 9 0x000000000003ad85 __libc_start_main()  ???:0
10 0x000000000044839e _start()  ???:0
=================================
[lrdn2504:558603] [ 2] /leonardo/prod/spack/06/install/0.22/linux-rhel8-icelake/gcc-8.5.0/nvhpc-24.5-torlmnyzcexnrs6pq4cccabv7ehkv3xy/Linux_x86_64/24.5/compilers/lib/libacchost.so(__pgi_uacc_dataup1+0x14c)[0x149a0e73d0fc]
 0 0x0000000000012cf0 __funlockfile()  :0
[lrdn2504:558604] *** Process received signal ***
 1 0x000000000000ba4f __pgi_uacc_cuda_dataup1()  /proj/build/24A/Linux_x86_64/rte/accel-uni/build/Linux_x86_64/../../src/cuda_dataup1.c:88
[lrdn2504:558604] Signal: Segmentation fault (11)
[lrdn2504:558604] Signal code:  (-6)
[lrdn2504:558604] Failing at address: 0x1f4850008860c
 2 0x00000000000370fc __pgi_uacc_dataup1()  /proj/build/24A/Linux_x86_64/rte/accel-uni/build/Linux_x86_64/../../src/dataup1.c:58
[lrdn2504:558603] [ 3] /leonardo/prod/spack/06/install/0.22/linux-rhel8-icelake/gcc-8.5.0/nvhpc-24.5-torlmnyzcexnrs6pq4cccabv7ehkv3xy/Linux_x86_64/24.5/compilers/lib/libacchost.so(__pgi_uacc_dataupx+0x3b0)[0x149a0e73d920]
 3 0x0000000000037920 __pgi_uacc_dataupx()  /proj/build/24A/Linux_x86_64/rte/accel-uni/build/Linux_x86_64/../../src/dataupx.c:123
[lrdn2504:558604] [ 0] /lib64/libpthread.so.0(+0x12cf0)[0x154454d46cf0]
 4 0x0000000000034d5a __pgi_uacc_dataonb()  /proj/build/24A/Linux_x86_64/rte/accel-uni/build/Linux_x86_64/../../src/dataonb.c:613
[lrdn2504:558604] [ 1] /leonardo/prod/spack/06/install/0.22/linux-rhel8-icelake/gcc-8.5.0/nvhpc-24.5-torlmnyzcexnrs6pq4cccabv7ehkv3xy/Linux_x86_64/24.5/compilers/lib/libaccdevice.so(__pgi_uacc_cuda_dataup1+0xebf)[0x154458cbfa4f]
 5 0x0000000000810ec0 mod_output_output_()  /leonardo/home/userexternal/ctica000/MS_thesis/RegCM/Share/pfwsat.inc:1052
[lrdn2504:558604] [ 2] /leonardo/prod/spack/06/install/0.22/linux-rhel8-icelake/gcc-8.5.0/nvhpc-24.5-torlmnyzcexnrs6pq4cccabv7ehkv3xy/Linux_x86_64/24.5/compilers/lib/libacchost.so(__pgi_uacc_dataup1+0x14c)[0x1544592340fc]
 6 0x00000000004496be mod_regcm_interface_rcm_run_()  /leonardo/home/userexternal/ctica000/MS_thesis/RegCM/Main/mod_regcm_interface.F90:281
[lrdn2504:558604] [ 3] /leonardo/prod/spack/06/install/0.22/linux-rhel8-icelake/gcc-8.5.0/nvhpc-24.5-torlmnyzcexnrs6pq4cccabv7ehkv3xy/Linux_x86_64/24.5/compilers/lib/libacchost.so(__pgi_uacc_dataupx+0x3b0)[0x154459234920]
 7 0x0000000000a24e57 MAIN_()  /leonardo/home/userexternal/ctica000/MS_thesis/RegCM/Main/regcm.F90:83
[lrdn2504:558604] [ 4] /leonardo/prod/spack/06/install/0.22/linux-rhel8-icelake/gcc-8.5.0/nvhpc-24.5-torlmnyzcexnrs6pq4cccabv7ehkv3xy/Linux_x86_64/24.5/compilers/lib/libacchost.so(__pgi_uacc_dataonb+0x85a)[0x154459231d5a]
[lrdn2503:1291784] [ 9] /lib64/libc.so.6(__libc_start_main+0xe5)[0x14a821953d85]
[lrdn2504:558603] [ 4] /leonardo/prod/spack/06/install/0.22/linux-rhel8-icelake/gcc-8.5.0/nvhpc-24.5-torlmnyzcexnrs6pq4cccabv7ehkv3xy/Linux_x86_64/24.5/compilers/lib/libacchost.so(__pgi_uacc_dataonb+0x85a)[0x149a0e73ad5a]
 8 0x00000000004484b1 main()  ???:0
 9 0x000000000003ad85 __libc_start_main()  ???:0
10 0x000000000044839e _start()  ???:0
[lrdn2503:1291784] [10] /leonardo/home/userexternal/ctica000/MS_thesis/RegCM/bin/regcmMPICLM45_OPENACC_GPU_STDPAR(_start+0x2e)[0x44839e]
=================================
[lrdn2504:558604] [ 5] /leonardo/home/userexternal/ctica000/MS_thesis/RegCM/bin/regcmMPICLM45_OPENACC_GPU_STDPAR(mod_output_output_+0x50bc0)[0x810ec0]
[lrdn2504:558603] [ 5] /leonardo/home/userexternal/ctica000/MS_thesis/RegCM/bin/regcmMPICLM45_OPENACC_GPU_STDPAR(mod_output_output_+0x50bc0)[0x810ec0]
[lrdn2503:1291784] *** End of error message ***
[lrdn2504:558603] [ 6] /leonardo/home/userexternal/ctica000/MS_thesis/RegCM/bin/regcmMPICLM45_OPENACC_GPU_STDPAR(mod_regcm_interface_rcm_run_+0x7e)[0x4496be]
[lrdn2493:2141098] *** Process received signal ***
[lrdn2504:558603] [ 7] /leonardo/home/userexternal/ctica000/MS_thesis/RegCM/bin/regcmMPICLM45_OPENACC_GPU_STDPAR(MAIN_+0xd7)[0xa24e57]
[lrdn2504:558604] [ 6] /leonardo/home/userexternal/ctica000/MS_thesis/RegCM/bin/regcmMPICLM45_OPENACC_GPU_STDPAR(mod_regcm_interface_rcm_run_+0x7e)[0x4496be]
[lrdn2493:2141098] Signal: Segmentation fault (11)
[lrdn2493:2141098] Signal code:  (-6)
[lrdn2493:2141098] Failing at address: 0x1f4850020abaa
[lrdn2504:558604] [ 7] /leonardo/home/userexternal/ctica000/MS_thesis/RegCM/bin/regcmMPICLM45_OPENACC_GPU_STDPAR(MAIN_+0xd7)[0xa24e57]
[lrdn2493:2141098] [ 0] /lib64/libpthread.so.0(+0x12cf0)[0x14af19b09cf0]
==== backtrace (tid: 558602) ====
[lrdn2504:558604] [ 8] /leonardo/home/userexternal/ctica000/MS_thesis/RegCM/bin/regcmMPICLM45_OPENACC_GPU_STDPAR(main+0x31)[0x4484b1]
[lrdn2504:558603] [ 8] /leonardo/home/userexternal/ctica000/MS_thesis/RegCM/bin/regcmMPICLM45_OPENACC_GPU_STDPAR(main+0x31)[0x4484b1]
[lrdn2504:558603] [ 9] /lib64/libc.so.6(__libc_start_main+0xe5)[0x149a095d9d85]
[lrdn2504:558604] [ 9] /lib64/libc.so.6(__libc_start_main+0xe5)[0x1544540d0d85]
[lrdn2493:2141098] [ 1] /leonardo/prod/spack/06/install/0.22/linux-rhel8-icelake/gcc-8.5.0/nvhpc-24.5-torlmnyzcexnrs6pq4cccabv7ehkv3xy/Linux_x86_64/24.5/compilers/lib/libaccdevice.so(__pgi_uacc_cuda_dataup1+0xebf)[0x14af1da82a4f]
[lrdn2504:558603] [10] /leonardo/home/userexternal/ctica000/MS_thesis/RegCM/bin/regcmMPICLM45_OPENACC_GPU_STDPAR(_start+0x2e)[0x44839e]
[lrdn2504:558603] *** End of error message ***
[lrdn2504:558604] [10] /leonardo/home/userexternal/ctica000/MS_thesis/RegCM/bin/regcmMPICLM45_OPENACC_GPU_STDPAR(_start+0x2e)[0x44839e]
[lrdn2504:558604] *** End of error message ***
==== backtrace (tid: 111647) ====
 0 0x0000000000012cf0 __funlockfile()  :0
 0 0x0000000000012cf0 __funlockfile()  :0
[lrdn2493:2141098] [ 2] /leonardo/prod/spack/06/install/0.22/linux-rhel8-icelake/gcc-8.5.0/nvhpc-24.5-torlmnyzcexnrs6pq4cccabv7ehkv3xy/Linux_x86_64/24.5/compilers/lib/libacchost.so(__pgi_uacc_dataup1+0x14c)[0x14af1dff70fc]
 1 0x000000000000ba4f __pgi_uacc_cuda_dataup1()  /proj/build/24A/Linux_x86_64/rte/accel-uni/build/Linux_x86_64/../../src/cuda_dataup1.c:88
 1 0x000000000000ba4f __pgi_uacc_cuda_dataup1()  /proj/build/24A/Linux_x86_64/rte/accel-uni/build/Linux_x86_64/../../src/cuda_dataup1.c:88
[lrdn2493:2141098] [ 3] /leonardo/prod/spack/06/install/0.22/linux-rhel8-icelake/gcc-8.5.0/nvhpc-24.5-torlmnyzcexnrs6pq4cccabv7ehkv3xy/Linux_x86_64/24.5/compilers/lib/libacchost.so(__pgi_uacc_dataupx+0x3b0)[0x14af1dff7920]
 2 0x00000000000370fc __pgi_uacc_dataup1()  /proj/build/24A/Linux_x86_64/rte/accel-uni/build/Linux_x86_64/../../src/dataup1.c:58
[lrdn2493:2141098] [ 4] /leonardo/prod/spack/06/install/0.22/linux-rhel8-icelake/gcc-8.5.0/nvhpc-24.5-torlmnyzcexnrs6pq4cccabv7ehkv3xy/Linux_x86_64/24.5/compilers/lib/libacchost.so(__pgi_uacc_dataonb+0x85a)[0x14af1dff4d5a]
 3 0x0000000000037920 __pgi_uacc_dataupx()  /proj/build/24A/Linux_x86_64/rte/accel-uni/build/Linux_x86_64/../../src/dataupx.c:123
 4 0x0000000000034d5a __pgi_uacc_dataonb()  /proj/build/24A/Linux_x86_64/rte/accel-uni/build/Linux_x86_64/../../src/dataonb.c:613
 5 0x0000000000810ec0 mod_output_output_()  /leonardo/home/userexternal/ctica000/MS_thesis/RegCM/Share/pfwsat.inc:1052
 6 0x00000000004496be mod_regcm_interface_rcm_run_()  /leonardo/home/userexternal/ctica000/MS_thesis/RegCM/Main/mod_regcm_interface.F90:281
 7 0x0000000000a24e57 MAIN_()  /leonardo/home/userexternal/ctica000/MS_thesis/RegCM/Main/regcm.F90:83
 2 0x00000000000370fc __pgi_uacc_dataup1()  /proj/build/24A/Linux_x86_64/rte/accel-uni/build/Linux_x86_64/../../src/dataup1.c:58
 3 0x0000000000037920 __pgi_uacc_dataupx()  /proj/build/24A/Linux_x86_64/rte/accel-uni/build/Linux_x86_64/../../src/dataupx.c:123
 8 0x00000000004484b1 main()  ???:0
 9 0x000000000003ad85 __libc_start_main()  ???:0
10 0x000000000044839e _start()  ???:0
[lrdn2493:2141098] [ 5] /leonardo/home/userexternal/ctica000/MS_thesis/RegCM/bin/regcmMPICLM45_OPENACC_GPU_STDPAR(mod_output_output_+0x50bc0)[0x810ec0]
 4 0x0000000000034d5a __pgi_uacc_dataonb()  /proj/build/24A/Linux_x86_64/rte/accel-uni/build/Linux_x86_64/../../src/dataonb.c:613
=================================
 5 0x0000000000810ec0 mod_output_output_()  /leonardo/home/userexternal/ctica000/MS_thesis/RegCM/Share/pfwsat.inc:1052
 6 0x00000000004496be mod_regcm_interface_rcm_run_()  /leonardo/home/userexternal/ctica000/MS_thesis/RegCM/Main/mod_regcm_interface.F90:281
 7 0x0000000000a24e57 MAIN_()  /leonardo/home/userexternal/ctica000/MS_thesis/RegCM/Main/regcm.F90:83
[lrdn2495:111647] *** Process received signal ***
[lrdn2493:2141098] [ 6] /leonardo/home/userexternal/ctica000/MS_thesis/RegCM/bin/regcmMPICLM45_OPENACC_GPU_STDPAR(mod_regcm_interface_rcm_run_+0x7e)[0x4496be]
 8 0x00000000004484b1 main()  ???:0
[lrdn2495:111647] Signal: Segmentation fault (11)
[lrdn2495:111647] Signal code:  (-6)
[lrdn2495:111647] Failing at address: 0x1f4850001b41f
 9 0x000000000003ad85 __libc_start_main()  ???:0
[lrdn2493:2141098] [ 7] /leonardo/home/userexternal/ctica000/MS_thesis/RegCM/bin/regcmMPICLM45_OPENACC_GPU_STDPAR(MAIN_+0xd7)[0xa24e57]
10 0x000000000044839e _start()  ???:0
==== backtrace (tid: 558601) ====
 0 0x0000000000012cf0 __funlockfile()  :0
 1 0x000000000000ba4f __pgi_uacc_cuda_dataup1()  /proj/build/24A/Linux_x86_64/rte/accel-uni/build/Linux_x86_64/../../src/cuda_dataup1.c:88
 2 0x00000000000370fc __pgi_uacc_dataup1()  /proj/build/24A/Linux_x86_64/rte/accel-uni/build/Linux_x86_64/../../src/dataup1.c:58
 3 0x0000000000037920 __pgi_uacc_dataupx()  /proj/build/24A/Linux_x86_64/rte/accel-uni/build/Linux_x86_64/../../src/dataupx.c:123
 4 0x0000000000034d5a __pgi_uacc_dataonb()  /proj/build/24A/Linux_x86_64/rte/accel-uni/build/Linux_x86_64/../../src/dataonb.c:613
 5 0x0000000000810ec0 mod_output_output_()  /leonardo/home/userexternal/ctica000/MS_thesis/RegCM/Share/pfwsat.inc:1052
 6 0x00000000004496be mod_regcm_interface_rcm_run_()  /leonardo/home/userexternal/ctica000/MS_thesis/RegCM/Main/mod_regcm_interface.F90:281
 7 0x0000000000a24e57 MAIN_()  /leonardo/home/userexternal/ctica000/MS_thesis/RegCM/Main/regcm.F90:83
 8 0x00000000004484b1 main()  ???:0
 9 0x000000000003ad85 __libc_start_main()  ???:0
10 0x000000000044839e _start()  ???:0
=================================
=================================
[lrdn2495:111647] [ 0] /lib64/libpthread.so.0(+0x12cf0)[0x1536868c4cf0]
[lrdn2493:2141098] [ 8] /leonardo/home/userexternal/ctica000/MS_thesis/RegCM/bin/regcmMPICLM45_OPENACC_GPU_STDPAR(main+0x31)[0x4484b1]
[lrdn2504:558601] *** Process received signal ***
[lrdn2493:2141098] [ 9] /lib64/libc.so.6(__libc_start_main+0xe5)[0x14af18e93d85]
[lrdn2504:558602] *** Process received signal ***
[lrdn2495:111647] [ 1] /leonardo/prod/spack/06/install/0.22/linux-rhel8-icelake/gcc-8.5.0/nvhpc-24.5-torlmnyzcexnrs6pq4cccabv7ehkv3xy/Linux_x86_64/24.5/compilers/lib/libaccdevice.so(__pgi_uacc_cuda_dataup1+0xebf)[0x15368a83da4f]
[lrdn2504:558601] Signal: Segmentation fault (11)
[lrdn2504:558601] Signal code:  (-6)
[lrdn2504:558601] Failing at address: 0x1f48500088609
[lrdn2495:111647] [ 2] /leonardo/prod/spack/06/install/0.22/linux-rhel8-icelake/gcc-8.5.0/nvhpc-24.5-torlmnyzcexnrs6pq4cccabv7ehkv3xy/Linux_x86_64/24.5/compilers/lib/libacchost.so(__pgi_uacc_dataup1+0x14c)[0x15368adb20fc]
[lrdn2504:558602] Signal: Segmentation fault (11)
[lrdn2504:558602] Signal code:  (-6)
[lrdn2504:558602] Failing at address: 0x1f4850008860a
[lrdn2495:111647] [ 3] /leonardo/prod/spack/06/install/0.22/linux-rhel8-icelake/gcc-8.5.0/nvhpc-24.5-torlmnyzcexnrs6pq4cccabv7ehkv3xy/Linux_x86_64/24.5/compilers/lib/libacchost.so(__pgi_uacc_dataupx+0x3b0)[0x15368adb2920]
[lrdn2493:2141098] [10] /leonardo/home/userexternal/ctica000/MS_thesis/RegCM/bin/regcmMPICLM45_OPENACC_GPU_STDPAR(_start+0x2e)[0x44839e]
[lrdn2504:558601] [ 0] /lib64/libpthread.so.0(+0x12cf0)[0x14693dd62cf0]
[lrdn2493:2141098] *** End of error message ***
[lrdn2495:111647] [ 4] /leonardo/prod/spack/06/install/0.22/linux-rhel8-icelake/gcc-8.5.0/nvhpc-24.5-torlmnyzcexnrs6pq4cccabv7ehkv3xy/Linux_x86_64/24.5/compilers/lib/libacchost.so(__pgi_uacc_dataonb+0x85a)[0x15368adafd5a]
[lrdn2504:558602] [ 0] /lib64/libpthread.so.0(+0x12cf0)[0x15367b0e0cf0]
[lrdn2504:558602] [ 1] /leonardo/prod/spack/06/install/0.22/linux-rhel8-icelake/gcc-8.5.0/nvhpc-24.5-torlmnyzcexnrs6pq4cccabv7ehkv3xy/Linux_x86_64/24.5/compilers/lib/libaccdevice.so(__pgi_uacc_cuda_dataup1+0xebf)[0x15367f059a4f]
[lrdn2504:558602] [ 2] /leonardo/prod/spack/06/install/0.22/linux-rhel8-icelake/gcc-8.5.0/nvhpc-24.5-torlmnyzcexnrs6pq4cccabv7ehkv3xy/Linux_x86_64/24.5/compilers/lib/libacchost.so(__pgi_uacc_dataup1+0x14c)[0x15367f5ce0fc]
[lrdn2504:558602] [ 3] /leonardo/prod/spack/06/install/0.22/linux-rhel8-icelake/gcc-8.5.0/nvhpc-24.5-torlmnyzcexnrs6pq4cccabv7ehkv3xy/Linux_x86_64/24.5/compilers/lib/libacchost.so(__pgi_uacc_dataupx+0x3b0)[0x15367f5ce920]
[lrdn2504:558602] [ 4] /leonardo/prod/spack/06/install/0.22/linux-rhel8-icelake/gcc-8.5.0/nvhpc-24.5-torlmnyzcexnrs6pq4cccabv7ehkv3xy/Linux_x86_64/24.5/compilers/lib/libacchost.so(__pgi_uacc_dataonb+0x85a)[0x15367f5cbd5a]
[lrdn2495:111647] [ 5] /leonardo/home/userexternal/ctica000/MS_thesis/RegCM/bin/regcmMPICLM45_OPENACC_GPU_STDPAR(mod_output_output_+0x50bc0)[0x810ec0]
[lrdn2504:558601] [ 1] /leonardo/prod/spack/06/install/0.22/linux-rhel8-icelake/gcc-8.5.0/nvhpc-24.5-torlmnyzcexnrs6pq4cccabv7ehkv3xy/Linux_x86_64/24.5/compilers/lib/libaccdevice.so(__pgi_uacc_cuda_dataup1+0xebf)[0x146941cdba4f]
[lrdn2504:558602] [ 5] /leonardo/home/userexternal/ctica000/MS_thesis/RegCM/bin/regcmMPICLM45_OPENACC_GPU_STDPAR(mod_output_output_+0x50bc0)[0x810ec0]
[lrdn2495:111647] [ 6] /leonardo/home/userexternal/ctica000/MS_thesis/RegCM/bin/regcmMPICLM45_OPENACC_GPU_STDPAR(mod_regcm_interface_rcm_run_+0x7e)[0x4496be]
[lrdn2504:558601] [ 2] /leonardo/prod/spack/06/install/0.22/linux-rhel8-icelake/gcc-8.5.0/nvhpc-24.5-torlmnyzcexnrs6pq4cccabv7ehkv3xy/Linux_x86_64/24.5/compilers/lib/libacchost.so(__pgi_uacc_dataup1+0x14c)[0x1469422500fc]
[lrdn2504:558601] [ 3] /leonardo/prod/spack/06/install/0.22/linux-rhel8-icelake/gcc-8.5.0/nvhpc-24.5-torlmnyzcexnrs6pq4cccabv7ehkv3xy/Linux_x86_64/24.5/compilers/lib/libacchost.so(__pgi_uacc_dataupx+0x3b0)[0x146942250920]
[lrdn2504:558601] [ 4] /leonardo/prod/spack/06/install/0.22/linux-rhel8-icelake/gcc-8.5.0/nvhpc-24.5-torlmnyzcexnrs6pq4cccabv7ehkv3xy/Linux_x86_64/24.5/compilers/lib/libacchost.so(__pgi_uacc_dataonb+0x85a)[0x14694224dd5a]
[lrdn2504:558602] [ 6] /leonardo/home/userexternal/ctica000/MS_thesis/RegCM/bin/regcmMPICLM45_OPENACC_GPU_STDPAR(mod_regcm_interface_rcm_run_+0x7e)[0x4496be]
[lrdn2504:558601] [ 5] /leonardo/home/userexternal/ctica000/MS_thesis/RegCM/bin/regcmMPICLM45_OPENACC_GPU_STDPAR(mod_output_output_+0x50bc0)[0x810ec0]
[lrdn2504:558602] [ 7] /leonardo/home/userexternal/ctica000/MS_thesis/RegCM/bin/regcmMPICLM45_OPENACC_GPU_STDPAR(MAIN_+0xd7)[0xa24e57]
[lrdn2495:111647] [ 7] /leonardo/home/userexternal/ctica000/MS_thesis/RegCM/bin/regcmMPICLM45_OPENACC_GPU_STDPAR(MAIN_+0xd7)[0xa24e57]
[lrdn2504:558602] [ 8] /leonardo/home/userexternal/ctica000/MS_thesis/RegCM/bin/regcmMPICLM45_OPENACC_GPU_STDPAR(main+0x31)[0x4484b1]
[lrdn2504:558601] [ 6] /leonardo/home/userexternal/ctica000/MS_thesis/RegCM/bin/regcmMPICLM45_OPENACC_GPU_STDPAR(mod_regcm_interface_rcm_run_+0x7e)[0x4496be]
[lrdn2504:558602] [ 9] /lib64/libc.so.6(__libc_start_main+0xe5)[0x15367a46ad85]
[lrdn2504:558601] [ 7] /leonardo/home/userexternal/ctica000/MS_thesis/RegCM/bin/regcmMPICLM45_OPENACC_GPU_STDPAR(MAIN_+0xd7)[0xa24e57]
[lrdn2495:111647] [ 8] /leonardo/home/userexternal/ctica000/MS_thesis/RegCM/bin/regcmMPICLM45_OPENACC_GPU_STDPAR(main+0x31)[0x4484b1]
[lrdn2504:558601] [ 8] /leonardo/home/userexternal/ctica000/MS_thesis/RegCM/bin/regcmMPICLM45_OPENACC_GPU_STDPAR(main+0x31)[0x4484b1]
[lrdn2504:558602] [10] /leonardo/home/userexternal/ctica000/MS_thesis/RegCM/bin/regcmMPICLM45_OPENACC_GPU_STDPAR(_start+0x2e)[0x44839e]
[lrdn2504:558602] *** End of error message ***
[lrdn2504:558601] [ 9] /lib64/libc.so.6(__libc_start_main+0xe5)[0x14693d0ecd85]
[lrdn2495:111647] [ 9] /lib64/libc.so.6(__libc_start_main+0xe5)[0x153685c4ed85]
[lrdn2504:558601] [10] /leonardo/home/userexternal/ctica000/MS_thesis/RegCM/bin/regcmMPICLM45_OPENACC_GPU_STDPAR(_start+0x2e)[0x44839e]
[lrdn2504:558601] *** End of error message ***
[lrdn2495:111647] [10] /leonardo/home/userexternal/ctica000/MS_thesis/RegCM/bin/regcmMPICLM45_OPENACC_GPU_STDPAR(_start+0x2e)[0x44839e]
[lrdn2495:111647] *** End of error message ***
==== backtrace (tid:2141101) ====
 0 0x0000000000012cf0 __funlockfile()  :0
 1 0x000000000000ba4f __pgi_uacc_cuda_dataup1()  /proj/build/24A/Linux_x86_64/rte/accel-uni/build/Linux_x86_64/../../src/cuda_dataup1.c:88
 2 0x00000000000370fc __pgi_uacc_dataup1()  /proj/build/24A/Linux_x86_64/rte/accel-uni/build/Linux_x86_64/../../src/dataup1.c:58
 3 0x0000000000037920 __pgi_uacc_dataupx()  /proj/build/24A/Linux_x86_64/rte/accel-uni/build/Linux_x86_64/../../src/dataupx.c:123
 4 0x0000000000034d5a __pgi_uacc_dataonb()  /proj/build/24A/Linux_x86_64/rte/accel-uni/build/Linux_x86_64/../../src/dataonb.c:613
 5 0x0000000000810ec0 mod_output_output_()  /leonardo/home/userexternal/ctica000/MS_thesis/RegCM/Share/pfwsat.inc:1052
 6 0x00000000004496be mod_regcm_interface_rcm_run_()  /leonardo/home/userexternal/ctica000/MS_thesis/RegCM/Main/mod_regcm_interface.F90:281
 7 0x0000000000a24e57 MAIN_()  /leonardo/home/userexternal/ctica000/MS_thesis/RegCM/Main/regcm.F90:83
 8 0x00000000004484b1 main()  ???:0
 9 0x000000000003ad85 __libc_start_main()  ???:0
10 0x000000000044839e _start()  ???:0
=================================
==== backtrace (tid:2141100) ====
[lrdn2493:2141101] *** Process received signal ***
[lrdn2493:2141101] Signal: Segmentation fault (11)
[lrdn2493:2141101] Signal code:  (-6)
[lrdn2493:2141101] Failing at address: 0x1f4850020abad
[lrdn2493:2141101] [ 0] /lib64/libpthread.so.0(+0x12cf0)[0x14987304acf0]
[lrdn2493:2141101] [ 1] /leonardo/prod/spack/06/install/0.22/linux-rhel8-icelake/gcc-8.5.0/nvhpc-24.5-torlmnyzcexnrs6pq4cccabv7ehkv3xy/Linux_x86_64/24.5/compilers/lib/libaccdevice.so(__pgi_uacc_cuda_dataup1+0xebf)[0x149876fc3a4f]
[lrdn2493:2141101] [ 2] /leonardo/prod/spack/06/install/0.22/linux-rhel8-icelake/gcc-8.5.0/nvhpc-24.5-torlmnyzcexnrs6pq4cccabv7ehkv3xy/Linux_x86_64/24.5/compilers/lib/libacchost.so(__pgi_uacc_dataup1+0x14c)[0x1498775380fc]
 0 0x0000000000012cf0 __funlockfile()  :0
[lrdn2493:2141101] [ 3] /leonardo/prod/spack/06/install/0.22/linux-rhel8-icelake/gcc-8.5.0/nvhpc-24.5-torlmnyzcexnrs6pq4cccabv7ehkv3xy/Linux_x86_64/24.5/compilers/lib/libacchost.so(__pgi_uacc_dataupx+0x3b0)[0x149877538920]
 1 0x000000000000ba4f __pgi_uacc_cuda_dataup1()  /proj/build/24A/Linux_x86_64/rte/accel-uni/build/Linux_x86_64/../../src/cuda_dataup1.c:88
 2 0x00000000000370fc __pgi_uacc_dataup1()  /proj/build/24A/Linux_x86_64/rte/accel-uni/build/Linux_x86_64/../../src/dataup1.c:58
 3 0x0000000000037920 __pgi_uacc_dataupx()  /proj/build/24A/Linux_x86_64/rte/accel-uni/build/Linux_x86_64/../../src/dataupx.c:123
 4 0x0000000000034d5a __pgi_uacc_dataonb()  /proj/build/24A/Linux_x86_64/rte/accel-uni/build/Linux_x86_64/../../src/dataonb.c:613
 5 0x0000000000810ec0 mod_output_output_()  /leonardo/home/userexternal/ctica000/MS_thesis/RegCM/Share/pfwsat.inc:1052
 6 0x00000000004496be mod_regcm_interface_rcm_run_()  /leonardo/home/userexternal/ctica000/MS_thesis/RegCM/Main/mod_regcm_interface.F90:281
 7 0x0000000000a24e57 MAIN_()  /leonardo/home/userexternal/ctica000/MS_thesis/RegCM/Main/regcm.F90:83
 8 0x00000000004484b1 main()  ???:0
 9 0x000000000003ad85 __libc_start_main()  ???:0
10 0x000000000044839e _start()  ???:0
=================================
[lrdn2493:2141101] [ 4] /leonardo/prod/spack/06/install/0.22/linux-rhel8-icelake/gcc-8.5.0/nvhpc-24.5-torlmnyzcexnrs6pq4cccabv7ehkv3xy/Linux_x86_64/24.5/compilers/lib/libacchost.so(__pgi_uacc_dataonb+0x85a)[0x149877535d5a]
[lrdn2493:2141101] [ 5] /leonardo/home/userexternal/ctica000/MS_thesis/RegCM/bin/regcmMPICLM45_OPENACC_GPU_STDPAR(mod_output_output_+0x50bc0)[0x810ec0]
[lrdn2493:2141100] *** Process received signal ***
[lrdn2493:2141101] [ 6] /leonardo/home/userexternal/ctica000/MS_thesis/RegCM/bin/regcmMPICLM45_OPENACC_GPU_STDPAR(mod_regcm_interface_rcm_run_+0x7e)[0x4496be]
[lrdn2493:2141100] Signal: Segmentation fault (11)
[lrdn2493:2141100] Signal code:  (-6)
[lrdn2493:2141100] Failing at address: 0x1f4850020abac
==== backtrace (tid: 111644) ====
[lrdn2493:2141101] [ 7] /leonardo/home/userexternal/ctica000/MS_thesis/RegCM/bin/regcmMPICLM45_OPENACC_GPU_STDPAR(MAIN_+0xd7)[0xa24e57]
 0 0x0000000000012cf0 __funlockfile()  :0
 1 0x000000000000ba4f __pgi_uacc_cuda_dataup1()  /proj/build/24A/Linux_x86_64/rte/accel-uni/build/Linux_x86_64/../../src/cuda_dataup1.c:88
[lrdn2493:2141101] [ 8] /leonardo/home/userexternal/ctica000/MS_thesis/RegCM/bin/regcmMPICLM45_OPENACC_GPU_STDPAR(main+0x31)[0x4484b1]
 2 0x00000000000370fc __pgi_uacc_dataup1()  /proj/build/24A/Linux_x86_64/rte/accel-uni/build/Linux_x86_64/../../src/dataup1.c:58
 3 0x0000000000037920 __pgi_uacc_dataupx()  /proj/build/24A/Linux_x86_64/rte/accel-uni/build/Linux_x86_64/../../src/dataupx.c:123
[lrdn2493:2141101] [ 9] /lib64/libc.so.6(__libc_start_main+0xe5)[0x1498723d4d85]
 4 0x0000000000034d5a __pgi_uacc_dataonb()  /proj/build/24A/Linux_x86_64/rte/accel-uni/build/Linux_x86_64/../../src/dataonb.c:613
 5 0x0000000000810ec0 mod_output_output_()  /leonardo/home/userexternal/ctica000/MS_thesis/RegCM/Share/pfwsat.inc:1052
[lrdn2493:2141101] [10] /leonardo/home/userexternal/ctica000/MS_thesis/RegCM/bin/regcmMPICLM45_OPENACC_GPU_STDPAR(_start+0x2e)[0x44839e]
 6 0x00000000004496be mod_regcm_interface_rcm_run_()  /leonardo/home/userexternal/ctica000/MS_thesis/RegCM/Main/mod_regcm_interface.F90:281
[lrdn2493:2141101] *** End of error message ***
 7 0x0000000000a24e57 MAIN_()  /leonardo/home/userexternal/ctica000/MS_thesis/RegCM/Main/regcm.F90:83
 8 0x00000000004484b1 main()  ???:0
 9 0x000000000003ad85 __libc_start_main()  ???:0
10 0x000000000044839e _start()  ???:0
=================================
[lrdn2495:111644] *** Process received signal ***
[lrdn2495:111644] Signal: Segmentation fault (11)
[lrdn2495:111644] Signal code:  (-6)
[lrdn2495:111644] Failing at address: 0x1f4850001b41c
[lrdn2495:111644] [ 0] /lib64/libpthread.so.0(+0x12cf0)[0x1546e009ccf0]
[lrdn2493:2141100] [ 0] /lib64/libpthread.so.0(+0x12cf0)[0x14a753f89cf0]
[lrdn2495:111644] [ 1] /leonardo/prod/spack/06/install/0.22/linux-rhel8-icelake/gcc-8.5.0/nvhpc-24.5-torlmnyzcexnrs6pq4cccabv7ehkv3xy/Linux_x86_64/24.5/compilers/lib/libaccdevice.so(__pgi_uacc_cuda_dataup1+0xebf)[0x1546e4015a4f]
[lrdn2495:111644] [ 2] /leonardo/prod/spack/06/install/0.22/linux-rhel8-icelake/gcc-8.5.0/nvhpc-24.5-torlmnyzcexnrs6pq4cccabv7ehkv3xy/Linux_x86_64/24.5/compilers/lib/libacchost.so(__pgi_uacc_dataup1+0x14c)[0x1546e458a0fc]
[lrdn2495:111644] [ 3] /leonardo/prod/spack/06/install/0.22/linux-rhel8-icelake/gcc-8.5.0/nvhpc-24.5-torlmnyzcexnrs6pq4cccabv7ehkv3xy/Linux_x86_64/24.5/compilers/lib/libacchost.so(__pgi_uacc_dataupx+0x3b0)[0x1546e458a920]
[lrdn2493:2141100] [ 1] /leonardo/prod/spack/06/install/0.22/linux-rhel8-icelake/gcc-8.5.0/nvhpc-24.5-torlmnyzcexnrs6pq4cccabv7ehkv3xy/Linux_x86_64/24.5/compilers/lib/libaccdevice.so(__pgi_uacc_cuda_dataup1+0xebf)[0x14a757f02a4f]
[lrdn2495:111644] [ 4] /leonardo/prod/spack/06/install/0.22/linux-rhel8-icelake/gcc-8.5.0/nvhpc-24.5-torlmnyzcexnrs6pq4cccabv7ehkv3xy/Linux_x86_64/24.5/compilers/lib/libacchost.so(__pgi_uacc_dataonb+0x85a)[0x1546e4587d5a]
[lrdn2493:2141100] [ 2] /leonardo/prod/spack/06/install/0.22/linux-rhel8-icelake/gcc-8.5.0/nvhpc-24.5-torlmnyzcexnrs6pq4cccabv7ehkv3xy/Linux_x86_64/24.5/compilers/lib/libacchost.so(__pgi_uacc_dataup1+0x14c)[0x14a7584770fc]
[lrdn2495:111644] [ 5] /leonardo/home/userexternal/ctica000/MS_thesis/RegCM/bin/regcmMPICLM45_OPENACC_GPU_STDPAR(mod_output_output_+0x50bc0)[0x810ec0]
[lrdn2493:2141100] [ 3] /leonardo/prod/spack/06/install/0.22/linux-rhel8-icelake/gcc-8.5.0/nvhpc-24.5-torlmnyzcexnrs6pq4cccabv7ehkv3xy/Linux_x86_64/24.5/compilers/lib/libacchost.so(__pgi_uacc_dataupx+0x3b0)[0x14a758477920]
[lrdn2495:111644] [ 6] /leonardo/home/userexternal/ctica000/MS_thesis/RegCM/bin/regcmMPICLM45_OPENACC_GPU_STDPAR(mod_regcm_interface_rcm_run_+0x7e)[0x4496be]
[lrdn2493:2141100] [ 4] /leonardo/prod/spack/06/install/0.22/linux-rhel8-icelake/gcc-8.5.0/nvhpc-24.5-torlmnyzcexnrs6pq4cccabv7ehkv3xy/Linux_x86_64/24.5/compilers/lib/libacchost.so(__pgi_uacc_dataonb+0x85a)[0x14a758474d5a]
[lrdn2495:111644] [ 7] /leonardo/home/userexternal/ctica000/MS_thesis/RegCM/bin/regcmMPICLM45_OPENACC_GPU_STDPAR(MAIN_+0xd7)[0xa24e57]
[lrdn2495:111644] [ 8] /leonardo/home/userexternal/ctica000/MS_thesis/RegCM/bin/regcmMPICLM45_OPENACC_GPU_STDPAR(main+0x31)[0x4484b1]
[lrdn2495:111644] [ 9] /lib64/libc.so.6(__libc_start_main+0xe5)[0x1546df426d85]
[lrdn2495:111644] [10] /leonardo/home/userexternal/ctica000/MS_thesis/RegCM/bin/regcmMPICLM45_OPENACC_GPU_STDPAR(_start+0x2e)[0x44839e]
[lrdn2493:2141100] [ 5] /leonardo/home/userexternal/ctica000/MS_thesis/RegCM/bin/regcmMPICLM45_OPENACC_GPU_STDPAR(mod_output_output_+0x50bc0)[0x810ec0]
[lrdn2495:111644] *** End of error message ***
[lrdn2493:2141100] [ 6] /leonardo/home/userexternal/ctica000/MS_thesis/RegCM/bin/regcmMPICLM45_OPENACC_GPU_STDPAR(mod_regcm_interface_rcm_run_+0x7e)[0x4496be]
[lrdn2493:2141100] [ 7] /leonardo/home/userexternal/ctica000/MS_thesis/RegCM/bin/regcmMPICLM45_OPENACC_GPU_STDPAR(MAIN_+0xd7)[0xa24e57]
[lrdn2493:2141100] [ 8] /leonardo/home/userexternal/ctica000/MS_thesis/RegCM/bin/regcmMPICLM45_OPENACC_GPU_STDPAR(main+0x31)[0x4484b1]
[lrdn2493:2141100] [ 9] /lib64/libc.so.6(__libc_start_main+0xe5)[0x14a753313d85]
[lrdn2493:2141100] [10] /leonardo/home/userexternal/ctica000/MS_thesis/RegCM/bin/regcmMPICLM45_OPENACC_GPU_STDPAR(_start+0x2e)[0x44839e]
[lrdn2493:2141100] *** End of error message ***
==== backtrace (tid:2141099) ====
 0 0x0000000000012cf0 __funlockfile()  :0
 1 0x000000000000ba4f __pgi_uacc_cuda_dataup1()  /proj/build/24A/Linux_x86_64/rte/accel-uni/build/Linux_x86_64/../../src/cuda_dataup1.c:88
 2 0x00000000000370fc __pgi_uacc_dataup1()  /proj/build/24A/Linux_x86_64/rte/accel-uni/build/Linux_x86_64/../../src/dataup1.c:58
 3 0x0000000000037920 __pgi_uacc_dataupx()  /proj/build/24A/Linux_x86_64/rte/accel-uni/build/Linux_x86_64/../../src/dataupx.c:123
 4 0x0000000000034d5a __pgi_uacc_dataonb()  /proj/build/24A/Linux_x86_64/rte/accel-uni/build/Linux_x86_64/../../src/dataonb.c:613
 5 0x0000000000810ec0 mod_output_output_()  /leonardo/home/userexternal/ctica000/MS_thesis/RegCM/Share/pfwsat.inc:1052
 6 0x00000000004496be mod_regcm_interface_rcm_run_()  /leonardo/home/userexternal/ctica000/MS_thesis/RegCM/Main/mod_regcm_interface.F90:281
 7 0x0000000000a24e57 MAIN_()  /leonardo/home/userexternal/ctica000/MS_thesis/RegCM/Main/regcm.F90:83
 8 0x00000000004484b1 main()  ???:0
 9 0x000000000003ad85 __libc_start_main()  ???:0
10 0x000000000044839e _start()  ???:0
=================================
[lrdn2493:2141099] *** Process received signal ***
[lrdn2493:2141099] Signal: Segmentation fault (11)
[lrdn2493:2141099] Signal code:  (-6)
[lrdn2493:2141099] Failing at address: 0x1f4850020abab
[lrdn2493:2141099] [ 0] /lib64/libpthread.so.0(+0x12cf0)[0x14ed543facf0]
[lrdn2493:2141099] [ 1] /leonardo/prod/spack/06/install/0.22/linux-rhel8-icelake/gcc-8.5.0/nvhpc-24.5-torlmnyzcexnrs6pq4cccabv7ehkv3xy/Linux_x86_64/24.5/compilers/lib/libaccdevice.so(__pgi_uacc_cuda_dataup1+0xebf)[0x14ed58373a4f]
[lrdn2493:2141099] [ 2] /leonardo/prod/spack/06/install/0.22/linux-rhel8-icelake/gcc-8.5.0/nvhpc-24.5-torlmnyzcexnrs6pq4cccabv7ehkv3xy/Linux_x86_64/24.5/compilers/lib/libacchost.so(__pgi_uacc_dataup1+0x14c)[0x14ed588e80fc]
[lrdn2493:2141099] [ 3] /leonardo/prod/spack/06/install/0.22/linux-rhel8-icelake/gcc-8.5.0/nvhpc-24.5-torlmnyzcexnrs6pq4cccabv7ehkv3xy/Linux_x86_64/24.5/compilers/lib/libacchost.so(__pgi_uacc_dataupx+0x3b0)[0x14ed588e8920]
[lrdn2493:2141099] [ 4] /leonardo/prod/spack/06/install/0.22/linux-rhel8-icelake/gcc-8.5.0/nvhpc-24.5-torlmnyzcexnrs6pq4cccabv7ehkv3xy/Linux_x86_64/24.5/compilers/lib/libacchost.so(__pgi_uacc_dataonb+0x85a)[0x14ed588e5d5a]
[lrdn2493:2141099] [ 5] /leonardo/home/userexternal/ctica000/MS_thesis/RegCM/bin/regcmMPICLM45_OPENACC_GPU_STDPAR(mod_output_output_+0x50bc0)[0x810ec0]
[lrdn2493:2141099] [ 6] /leonardo/home/userexternal/ctica000/MS_thesis/RegCM/bin/regcmMPICLM45_OPENACC_GPU_STDPAR(mod_regcm_interface_rcm_run_+0x7e)[0x4496be]
[lrdn2493:2141099] [ 7] /leonardo/home/userexternal/ctica000/MS_thesis/RegCM/bin/regcmMPICLM45_OPENACC_GPU_STDPAR(MAIN_+0xd7)[0xa24e57]
[lrdn2493:2141099] [ 8] /leonardo/home/userexternal/ctica000/MS_thesis/RegCM/bin/regcmMPICLM45_OPENACC_GPU_STDPAR(main+0x31)[0x4484b1]
[lrdn2493:2141099] [ 9] /lib64/libc.so.6(__libc_start_main+0xe5)[0x14ed53784d85]
[lrdn2493:2141099] [10] /leonardo/home/userexternal/ctica000/MS_thesis/RegCM/bin/regcmMPICLM45_OPENACC_GPU_STDPAR(_start+0x2e)[0x44839e]
[lrdn2493:2141099] *** End of error message ***
[ perf record: Woken up 3152 times to write data ]
[ perf record: Woken up 2956 times to write data ]
[ perf record: Woken up 3138 times to write data ]
[ perf record: Woken up 3150 times to write data ]
[ perf record: Woken up 3150 times to write data ]
[ perf record: Woken up 2947 times to write data ]
[ perf record: Woken up 3150 times to write data ]
[ perf record: Woken up 3149 times to write data ]
[ perf record: Woken up 5199 times to write data ]
[ perf record: Woken up 4323 times to write data ]
[ perf record: Woken up 4717 times to write data ]
Warning:
Processed 103146 events and lost 3 chunks!

Check IO/CPU overload!

[ perf record: Woken up 3151 times to write data ]
[ perf record: Woken up 3153 times to write data ]
[ perf record: Woken up 3150 times to write data ]
[ perf record: Woken up 3152 times to write data ]
[ perf record: Captured and wrote 787.417 MB /leonardo_scratch/large/userexternal/ctica000/perf/with_IO/sequential_write/perf_22665692/perf.data.rank11 (97683 samples) ]
[ perf record: Captured and wrote 788.384 MB /leonardo_scratch/large/userexternal/ctica000/perf/with_IO/sequential_write/perf_22665692/perf.data.rank8 (97800 samples) ]
[ perf record: Captured and wrote 736.897 MB /leonardo_scratch/large/userexternal/ctica000/perf/with_IO/sequential_write/perf_22665692/perf.data.rank1 (91413 samples) ]
[ perf record: Captured and wrote 738.971 MB /leonardo_scratch/large/userexternal/ctica000/perf/with_IO/sequential_write/perf_22665692/perf.data.rank3 (91670 samples) ]
[ perf record: Captured and wrote 784.555 MB /leonardo_scratch/large/userexternal/ctica000/perf/with_IO/sequential_write/perf_22665692/perf.data.rank15 (97329 samples) ]
[ perf record: Captured and wrote 787.946 MB /leonardo_scratch/large/userexternal/ctica000/perf/with_IO/sequential_write/perf_22665692/perf.data.rank12 (97749 samples) ]
Warning:
Processed 104033 events and lost 1 chunks!

Check IO/CPU overload!

Warning:
Processed 103562 events and lost 2 chunks!

Check IO/CPU overload!

[ perf record: Captured and wrote 751.238 MB /leonardo_scratch/large/userexternal/ctica000/perf/with_IO/sequential_write/perf_22665692/perf.data.rank2 (93192 samples) ]
[ perf record: Captured and wrote 788.103 MB /leonardo_scratch/large/userexternal/ctica000/perf/with_IO/sequential_write/perf_22665692/perf.data.rank9 (97763 samples) ]
[ perf record: Captured and wrote 787.617 MB /leonardo_scratch/large/userexternal/ctica000/perf/with_IO/sequential_write/perf_22665692/perf.data.rank7 (97705 samples) ]
[ perf record: Captured and wrote 788.411 MB /leonardo_scratch/large/userexternal/ctica000/perf/with_IO/sequential_write/perf_22665692/perf.data.rank13 (97807 samples) ]
[ perf record: Captured and wrote 787.811 MB /leonardo_scratch/large/userexternal/ctica000/perf/with_IO/sequential_write/perf_22665692/perf.data.rank4 (97732 samples) ]
[ perf record: Captured and wrote 787.667 MB /leonardo_scratch/large/userexternal/ctica000/perf/with_IO/sequential_write/perf_22665692/perf.data.rank14 (97715 samples) ]
[ perf record: Captured and wrote 788.439 MB /leonardo_scratch/large/userexternal/ctica000/perf/with_IO/sequential_write/perf_22665692/perf.data.rank10 (97806 samples) ]
[ perf record: Captured and wrote 788.205 MB /leonardo_scratch/large/userexternal/ctica000/perf/with_IO/sequential_write/perf_22665692/perf.data.rank5 (97780 samples) ]
[ perf record: Captured and wrote 788.136 MB /leonardo_scratch/large/userexternal/ctica000/perf/with_IO/sequential_write/perf_22665692/perf.data.rank6 (97772 samples) ]
srun: error: lrdn2503: tasks 8,11: Segmentation fault
[ perf record: Woken up 3672 times to write data ]
[ perf record: Captured and wrote 918.057 MB /leonardo_scratch/large/userexternal/ctica000/perf/with_IO/sequential_write/perf_22665692/perf.data.rank0 (113624 samples) ]
slurmstepd: error:  mpi/pmix_v3: _errhandler: lrdn2503 [2]: pmixp_client_v2.c:212: Error handler invoked: status = -25, source = [slurm.pmix.22665692.0:8]
slurmstepd: error:  mpi/pmix_v3: _errhandler: lrdn2504 [3]: pmixp_client_v2.c:212: Error handler invoked: status = -25, source = [slurm.pmix.22665692.0:15]
slurmstepd: error:  mpi/pmix_v3: _errhandler: lrdn2495 [1]: pmixp_client_v2.c:212: Error handler invoked: status = -25, source = [slurm.pmix.22665692.0:7]
srun: error: lrdn2493: tasks 1-3: Segmentation fault
srun: error: lrdn2493: task 0: Segmentation fault
srun: error: lrdn2495: tasks 4-7: Segmentation fault
srun: error: lrdn2504: tasks 12-15: Segmentation fault
srun: error: lrdn2503: tasks 9-10: Segmentation fault
