hostptr=0x9cd3828,eltsize=6888,name=mo_atm,flags=0x200=present,async=-1,threadid=1
Present table dump for device[1]: NVIDIA Tesla GPU 0, compute capability 8.0, threadid=1
Hint: specify 0x800 bit in NV_ACC_DEBUG for verbose info.
host:0x85e5a00 device:0x1481c2801a00 size:80 presentcount:0+1 line:-1 name:_mod_bdycod_21
host:0x86776c0 device:0x1481c2801b00 size:96 presentcount:0+1 line:-1 name:_mod_slice_21
host:0x8722900 device:0x1481c2801c00 size:184 presentcount:0+1 line:-1 name:_mod_che_carbonaer_21
host:0x8726c00 device:0x1481c280aa00 size:500 presentcount:0+1 line:-1 name:_mod_cbmz_integrator_21
host:0x8727280 device:0x1481c2801d00 size:10076 presentcount:0+1 line:-1 name:_mod_cbmz_jacobiansp_21
host:0x8773800 device:0x1481c280ac00 size:1016 presentcount:0+1 line:-1 name:_mod_rad_o3blk_21
host:0x8781ac0 device:0x1481c280b000 size:544 presentcount:0+1 line:-1 name:_mod_rad_common_21
host:0x8781f80 device:0x1481c280b300 size:5136 presentcount:0+1 line:-1 name:_mod_rad_radiation_21
host:0x8799d80 device:0x1481c280c800 size:52176 presentcount:0+1 line:-1 name:_mod_rad_aerosol_21
host:0x87f4000 device:0x1481c2819400 size:60 presentcount:0+1 line:-1 name:_rrlw_ncpar_21
host:0x87f4540 device:0x1481c2819500 size:468 presentcount:0+1 line:-1 name:_rrsw_ncpar_21
hostptr=0x9cd3828,eltsize=6888,name=mo_atm,flags=0x200=present,async=-1,threadid=1
Present table dump for device[1]: NVIDIA Tesla GPU 0, compute capability 8.0, threadid=1
host:0x87f7a40 device:0x1481c2819700 size:4920 presentcount:0+1 line:-1 name:_mod_clm_drydep_21
Hint: specify 0x800 bit in NV_ACC_DEBUG for verbose info.
host:0x85e5a00 device:0x1481bc801a00 size:80 presentcount:0+1 line:-1 name:_mod_bdycod_21
host:0x86776c0 device:0x1481bc801b00 size:96 presentcount:0+1 line:-1 name:_mod_slice_21
host:0x8722900 device:0x1481bc801c00 size:184 presentcount:0+1 line:-1 name:_mod_che_carbonaer_21
host:0x8726c00 device:0x1481bc80aa00 size:500 presentcount:0+1 line:-1 name:_mod_cbmz_integrator_21
host:0x8727280 device:0x1481bc801d00 size:10076 presentcount:0+1 line:-1 name:_mod_cbmz_jacobiansp_21
host:0x8773800 device:0x1481bc80ac00 size:1016 presentcount:0+1 line:-1 name:_mod_rad_o3blk_21
host:0x8942e80 device:0x1481c281ab00 size:16 presentcount:0+1 line:-1 name:_mod_clm_slakecon_21
host:0x8781ac0 device:0x1481bc80b000 size:544 presentcount:0+1 line:-1 name:_mod_rad_common_21
host:0x8781f80 device:0x1481bc80b300 size:5136 presentcount:0+1 line:-1 name:_mod_rad_radiation_21
host:0x896c140 device:0x1481c281ac00 size:176 presentcount:0+1 line:-1 name:_mod_clm_mkarbinit_21
host:0x8799d80 device:0x1481bc80c800 size:52176 presentcount:0+1 line:-1 name:_mod_rad_aerosol_21
host:0x87f4000 device:0x1481bc819400 size:60 presentcount:0+1 line:-1 name:_rrlw_ncpar_21
host:0x9c825a0 device:0x1481c24fa000 size:128 presentcount:0+1 line:561 name:descriptor
host:0x87f4540 device:0x1481bc819500 size:468 presentcount:0+1 line:-1 name:_rrsw_ncpar_21
host:0x87f7a40 device:0x1481bc819700 size:4920 presentcount:0+1 line:-1 name:_mod_clm_drydep_21
host:0x8942e80 device:0x1481bc81ab00 size:16 presentcount:0+1 line:-1 name:_mod_clm_slakecon_21
host:0x896c140 device:0x1481bc81ac00 size:176 presentcount:0+1 line:-1 name:_mod_clm_mkarbinit_21
host:0x9c867c0 device:0x1481c281ad00 size:192 presentcount:0+1 line:-1 name:_mod_ipcc_scenario_21
host:0x9c825a0 device:0x1481bc4fa000 size:128 presentcount:0+1 line:561 name:descriptor
host:0x9c867c0 device:0x1481bc81ad00 size:192 presentcount:0+1 line:-1 name:_mod_ipcc_scenario_21
host:0x9c88500 device:0x1481c281ae00 size:11 presentcount:0+1 line:-1 name:_mod_message_21
host:0x9c88500 device:0x1481bc81ae00 size:11 presentcount:0+1 line:-1 name:_mod_message_21
host:0x9cb4780 device:0x1481bc81af00 size:15888 presentcount:0+1 line:-1 name:_mod_stdatm_21
host:0x9cb4780 device:0x1481c281af00 size:15888 presentcount:0+1 line:-1 name:_mod_stdatm_21
host:0x9daac90 device:0x1481bc4fa200 size:176 presentcount:0+1 line:64 name:descriptor
allocated block device:0x1481bc4fa000 size:512 thread:1
allocated block device:0x1481bc4fa200 size:512 thread:1
deleted block   device:0x1481bc591800 size:512 threadid=1 
deleted block   device:0x1481bc591c00 size:512 threadid=1 
deleted block   device:0x1481bc4fd400 size:512 threadid=1 
deleted block   device:0x1481bc4fd000 size:512 threadid=1 
deleted block   device:0x1481bc507600 size:512 threadid=1 
deleted block   device:0x1481bc4fd200 size:512 threadid=1 
deleted block   device:0x1481bc591a00 size:512 threadid=1 
deleted block   device:0x1481bc4ffe00 size:1024 threadid=1 
host:0x9daac90 device:0x1481c24fa200 size:176 presentcount:0+1 line:64 name:descriptor
deleted block   device:0x1481bc4ff600 size:1024 threadid=1 
deleted block   device:0x1481bc4ffa00 size:1024 threadid=1 
deleted block   device:0x1481bc500200 size:1024 threadid=1 
deleted block   device:0x1481bc596400 size:1536 threadid=1 
deleted block   device:0x1481bc506200 size:1536 threadid=1 
deleted block   device:0x1481bc4fa400 size:3072 threadid=1 
deleted block   device:0x1481bc506800 size:3584 threadid=1 
deleted block   device:0x1481bc4fb000 size:8192 threadid=1 
deleted block   device:0x1481bc4fd600 size:8192 threadid=1 
deleted block   device:0x1481bc500600 size:16896 threadid=1 
deleted block   device:0x1481bc591e00 size:17920 threadid=1 
deleted block   device:0x1481bc5aaa00 size:81920 threadid=1 
allocated block device:0x1481c24fa000 size:512 thread:1
deleted block   device:0x1481bc596a00 size:81920 threadid=1 
deleted block   device:0x1481bc507800 size:564736 threadid=1 
deleted block   device:0x148184800000 size:24934400 threadid=1 
deleted block   device:0x14817e000000 size:25433088 threadid=1 
deleted block   device:0x14817fa00000 size:25433088 threadid=1 
deleted block   device:0x148181400000 size:25433088 threadid=1 
deleted block   device:0x148182e00000 size:25433088 threadid=1 
FATAL ERROR: data in PRESENT clause was not found on device 1: name=mo_atm host:0x9cd3828
 file:/leonardo/home/userexternal/ctica000/MS_thesis/RegCM/Main/mod_output.F90 output line:1049

allocated block device:0x1481c24fa200 size:512 thread:1
deleted block   device:0x1481c2591400 size:512 threadid=1 
deleted block   device:0x1481c2591800 size:512 threadid=1 
deleted block   device:0x1481c24fd400 size:512 threadid=1 
deleted block   device:0x1481c24fd000 size:512 threadid=1 
deleted block   device:0x1481c2507200 size:512 threadid=1 
deleted block   device:0x1481c24fd200 size:512 threadid=1 
deleted block   device:0x1481c2591600 size:512 threadid=1 
deleted block   device:0x1481c24ffe00 size:1024 threadid=1 
hostptr=0x9cd3828,eltsize=6888,name=mo_atm,flags=0x200=present,async=-1,threadid=1
deleted block   device:0x1481c24ff600 size:1024 threadid=1 
hostptr=0x9cd3828,eltsize=6888,name=mo_atm,flags=0x200=present,async=-1,threadid=1
hostptr=0x9cd3828,eltsize=6888,name=mo_atm,flags=0x200=present,async=-1,threadid=1
Present table dump for device[1]: NVIDIA Tesla GPU 0, compute capability 8.0, threadid=1
Hint: specify 0x800 bit in NV_ACC_DEBUG for verbose info.
host:0x85e5a00 device:0x146cb4801a00 size:80 presentcount:0+1 line:-1 name:_mod_bdycod_21
host:0x86776c0 device:0x146cb4801b00 size:96 presentcount:0+1 line:-1 name:_mod_slice_21
host:0x8722900 device:0x146cb4801c00 size:184 presentcount:0+1 line:-1 name:_mod_che_carbonaer_21
host:0x8726c00 device:0x146cb480aa00 size:500 presentcount:0+1 line:-1 name:_mod_cbmz_integrator_21
host:0x8727280 device:0x146cb4801d00 size:10076 presentcount:0+1 line:-1 name:_mod_cbmz_jacobiansp_21
host:0x8773800 device:0x146cb480ac00 size:1016 presentcount:0+1 line:-1 name:_mod_rad_o3blk_21
host:0x8781ac0 device:0x146cb480b000 size:544 presentcount:0+1 line:-1 name:_mod_rad_common_21
host:0x8781f80 device:0x146cb480b300 size:5136 presentcount:0+1 line:-1 name:_mod_rad_radiation_21
host:0x8799d80 device:0x146cb480c800 size:52176 presentcount:0+1 line:-1 name:_mod_rad_aerosol_21
host:0x87f4000 device:0x146cb4819400 size:60 presentcount:0+1 line:-1 name:_rrlw_ncpar_21
host:0x87f4540 device:0x146cb4819500 size:468 presentcount:0+1 line:-1 name:_rrsw_ncpar_21
hostptr=0x9cd3828,eltsize=6888,name=mo_atm,flags=0x200=present,async=-1,threadid=1
Present table dump for device[1]: NVIDIA Tesla GPU 0, compute capability 8.0, threadid=1
Hint: specify 0x800 bit in NV_ACC_DEBUG for verbose info.
host:0x85e5a00 device:0x152b94801a00 size:80 presentcount:0+1 line:-1 name:_mod_bdycod_21
host:0x86776c0 device:0x152b94801b00 size:96 presentcount:0+1 line:-1 name:_mod_slice_21
host:0x8722900 device:0x152b94801c00 size:184 presentcount:0+1 line:-1 name:_mod_che_carbonaer_21
host:0x8726c00 device:0x152b9480aa00 size:500 presentcount:0+1 line:-1 name:_mod_cbmz_integrator_21
host:0x8727280 device:0x152b94801d00 size:10076 presentcount:0+1 line:-1 name:_mod_cbmz_jacobiansp_21
host:0x8773800 device:0x152b9480ac00 size:1016 presentcount:0+1 line:-1 name:_mod_rad_o3blk_21
host:0x8781ac0 device:0x152b9480b000 size:544 presentcount:0+1 line:-1 name:_mod_rad_common_21
host:0x8781f80 device:0x152b9480b300 size:5136 presentcount:0+1 line:-1 name:_mod_rad_radiation_21
host:0x8799d80 device:0x152b9480c800 size:52176 presentcount:0+1 line:-1 name:_mod_rad_aerosol_21
host:0x87f4000 device:0x152b94819400 size:60 presentcount:0+1 line:-1 name:_rrlw_ncpar_21
host:0x87f4540 device:0x152b94819500 size:468 presentcount:0+1 line:-1 name:_rrsw_ncpar_21
host:0x87f7a40 device:0x152b94819700 size:4920 presentcount:0+1 line:-1 name:_mod_clm_drydep_21
host:0x8942e80 device:0x152b9481ab00 size:16 presentcount:0+1 line:-1 name:_mod_clm_slakecon_21
host:0x896c140 device:0x152b9481ac00 size:176 presentcount:0+1 line:-1 name:_mod_clm_mkarbinit_21
host:0x9c825a0 device:0x152b944fa000 size:128 presentcount:0+1 line:561 name:descriptor
host:0x9c867c0 device:0x152b9481ad00 size:192 presentcount:0+1 line:-1 name:_mod_ipcc_scenario_21
host:0x9c88500 device:0x152b9481ae00 size:11 presentcount:0+1 line:-1 name:_mod_message_21
host:0x9cb4780 device:0x152b9481af00 size:15888 presentcount:0+1 line:-1 name:_mod_stdatm_21
host:0x9daac90 device:0x152b944fa200 size:176 presentcount:0+1 line:64 name:descriptor
allocated block device:0x152b944fa000 size:512 thread:1
allocated block device:0x152b944fa200 size:512 thread:1
deleted block   device:0x152b94591000 size:512 threadid=1 
deleted block   device:0x152b94591400 size:512 threadid=1 
deleted block   device:0x152b944fd400 size:512 threadid=1 
deleted block   device:0x152b944fd000 size:512 threadid=1 
deleted block   device:0x152b94506e00 size:512 threadid=1 
deleted block   device:0x152b944fd200 size:512 threadid=1 
deleted block   device:0x152b94591200 size:512 threadid=1 
deleted block   device:0x152b944ffe00 size:1024 threadid=1 
deleted block   device:0x152b944ff600 size:1024 threadid=1 
deleted block   device:0x152b944ffa00 size:1024 threadid=1 
deleted block   device:0x152b94500200 size:1024 threadid=1 
deleted block   device:0x152b94595c00 size:1536 threadid=1 
deleted block   device:0x152b94505a00 size:1536 threadid=1 
Present table dump for device[1]: NVIDIA Tesla GPU 0, compute capability 8.0, threadid=1
deleted block   device:0x152b944fa400 size:3072 threadid=1 
deleted block   device:0x152b94506000 size:3584 threadid=1 
deleted block   device:0x152b944fb000 size:8192 threadid=1 
deleted block   device:0x152b944fd600 size:8192 threadid=1 
deleted block   device:0x152b94500600 size:16896 threadid=1 
Hint: specify 0x800 bit in NV_ACC_DEBUG for verbose info.
hostptr=0x9cd3828,eltsize=6888,name=mo_atm,flags=0x200=present,async=-1,threadid=1
Present table dump for device[1]: NVIDIA Tesla GPU 0, compute capability 8.0, threadid=1
Hint: specify 0x800 bit in NV_ACC_DEBUG for verbose info.
host:0x85e5a00 device:0x152026801a00 size:80 presentcount:0+1 line:-1 name:_mod_bdycod_21
host:0x86776c0 device:0x152026801b00 size:96 presentcount:0+1 line:-1 name:_mod_slice_21
host:0x8722900 device:0x152026801c00 size:184 presentcount:0+1 line:-1 name:_mod_che_carbonaer_21
host:0x8726c00 device:0x15202680aa00 size:500 presentcount:0+1 line:-1 name:_mod_cbmz_integrator_21
host:0x8727280 device:0x152026801d00 size:10076 presentcount:0+1 line:-1 name:_mod_cbmz_jacobiansp_21
host:0x8773800 device:0x15202680ac00 size:1016 presentcount:0+1 line:-1 name:_mod_rad_o3blk_21
host:0x8781ac0 device:0x15202680b000 size:544 presentcount:0+1 line:-1 name:_mod_rad_common_21
host:0x8781f80 device:0x15202680b300 size:5136 presentcount:0+1 line:-1 name:_mod_rad_radiation_21
host:0x85e5a00 device:0x150984801a00 size:80 presentcount:0+1 line:-1 name:_mod_bdycod_21
host:0x8799d80 device:0x15202680c800 size:52176 presentcount:0+1 line:-1 name:_mod_rad_aerosol_21
host:0x87f4000 device:0x152026819400 size:60 presentcount:0+1 line:-1 name:_rrlw_ncpar_21
host:0x87f4540 device:0x152026819500 size:468 presentcount:0+1 line:-1 name:_rrsw_ncpar_21
host:0x87f7a40 device:0x152026819700 size:4920 presentcount:0+1 line:-1 name:_mod_clm_drydep_21
host:0x8942e80 device:0x15202681ab00 size:16 presentcount:0+1 line:-1 name:_mod_clm_slakecon_21
host:0x896c140 device:0x15202681ac00 size:176 presentcount:0+1 line:-1 name:_mod_clm_mkarbinit_21
host:0x9c825a0 device:0x1520264fa000 size:128 presentcount:0+1 line:561 name:descriptor
host:0x9c867c0 device:0x15202681ad00 size:192 presentcount:0+1 line:-1 name:_mod_ipcc_scenario_21
host:0x9c88500 device:0x15202681ae00 size:11 presentcount:0+1 line:-1 name:_mod_message_21
host:0x9cb4780 device:0x15202681af00 size:15888 presentcount:0+1 line:-1 name:_mod_stdatm_21
host:0x86776c0 device:0x150984801b00 size:96 presentcount:0+1 line:-1 name:_mod_slice_21
host:0x9daac90 device:0x1520264fa200 size:176 presentcount:0+1 line:64 name:descriptor
allocated block device:0x1520264fa000 size:512 thread:1
allocated block device:0x1520264fa200 size:512 thread:1
deleted block   device:0x152026590e00 size:512 threadid=1 
deleted block   device:0x152026591200 size:512 threadid=1 
deleted block   device:0x1520264fd400 size:512 threadid=1 
deleted block   device:0x1520264fd000 size:512 threadid=1 
deleted block   device:0x152026506c00 size:512 threadid=1 
deleted block   device:0x1520264fd200 size:512 threadid=1 
deleted block   device:0x152026591000 size:512 threadid=1 
deleted block   device:0x1520264ffe00 size:1024 threadid=1 
deleted block   device:0x1520264ff600 size:1024 threadid=1 
deleted block   device:0x1520264ffa00 size:1024 threadid=1 
deleted block   device:0x152026500200 size:1024 threadid=1 
deleted block   device:0x152026595a00 size:1536 threadid=1 
deleted block   device:0x152026505800 size:1536 threadid=1 
host:0x8722900 device:0x150984801c00 size:184 presentcount:0+1 line:-1 name:_mod_che_carbonaer_21
deleted block   device:0x1520264fa400 size:3072 threadid=1 
deleted block   device:0x152026505e00 size:3584 threadid=1 
deleted block   device:0x1520264fb000 size:8192 threadid=1 
deleted block   device:0x1520264fd600 size:8192 threadid=1 
deleted block   device:0x152026500600 size:16896 threadid=1 
deleted block   device:0x152026591400 size:17920 threadid=1 
deleted block   device:0x1520265aa000 size:81920 threadid=1 
deleted block   device:0x152026596000 size:81920 threadid=1 
deleted block   device:0x152026506e00 size:564736 threadid=1 
deleted block   device:0x151fec000000 size:24627200 threadid=1 
deleted block   device:0x151fe6000000 size:25119744 threadid=1 
deleted block   device:0x151fe7800000 size:25119744 threadid=1 
deleted block   device:0x151fe9000000 size:25119744 threadid=1 
deleted block   device:0x151fea800000 size:25119744 threadid=1 
FATAL ERROR: data in PRESENT clause was not found on device 1: name=mo_atm host:0x9cd3828
host:0x8726c00 device:0x15098480aa00 size:500 presentcount:0+1 line:-1 name:_mod_cbmz_integrator_21
 file:/leonardo/home/userexternal/ctica000/MS_thesis/RegCM/Main/mod_output.F90 output line:1049

host:0x8727280 device:0x150984801d00 size:10076 presentcount:0+1 line:-1 name:_mod_cbmz_jacobiansp_21
host:0x87f7a40 device:0x146cb4819700 size:4920 presentcount:0+1 line:-1 name:_mod_clm_drydep_21
host:0x8942e80 device:0x146cb481ab00 size:16 presentcount:0+1 line:-1 name:_mod_clm_slakecon_21
host:0x896c140 device:0x146cb481ac00 size:176 presentcount:0+1 line:-1 name:_mod_clm_mkarbinit_21
host:0x9c825a0 device:0x146cb44fa000 size:128 presentcount:0+1 line:561 name:descriptor
host:0x9c867c0 device:0x146cb481ad00 size:192 presentcount:0+1 line:-1 name:_mod_ipcc_scenario_21
host:0x9c88500 device:0x146cb481ae00 size:11 presentcount:0+1 line:-1 name:_mod_message_21
host:0x9cb4780 device:0x146cb481af00 size:15888 presentcount:0+1 line:-1 name:_mod_stdatm_21
host:0x9daac90 device:0x146cb44fa200 size:176 presentcount:0+1 line:64 name:descriptor
allocated block device:0x146cb44fa000 size:512 thread:1
allocated block device:0x146cb44fa200 size:512 thread:1
deleted block   device:0x146cb4591000 size:512 threadid=1 
deleted block   device:0x146cb4591400 size:512 threadid=1 
host:0x8773800 device:0x15098480ac00 size:1016 presentcount:0+1 line:-1 name:_mod_rad_o3blk_21
deleted block   device:0x146cb44fd400 size:512 threadid=1 
deleted block   device:0x146cb44fd000 size:512 threadid=1 
deleted block   device:0x146cb4506e00 size:512 threadid=1 
deleted block   device:0x146cb44fd200 size:512 threadid=1 
deleted block   device:0x146cb4591200 size:512 threadid=1 
deleted block   device:0x146cb44ffe00 size:1024 threadid=1 
deleted block   device:0x146cb44ff600 size:1024 threadid=1 
deleted block   device:0x146cb44ffa00 size:1024 threadid=1 
deleted block   device:0x146cb4500200 size:1024 threadid=1 
deleted block   device:0x146cb4595c00 size:1536 threadid=1 
deleted block   device:0x146cb4505a00 size:1536 threadid=1 
deleted block   device:0x146cb44fa400 size:3072 threadid=1 
deleted block   device:0x146cb4506000 size:3584 threadid=1 
deleted block   device:0x146cb44fb000 size:8192 threadid=1 
deleted block   device:0x146cb44fd600 size:8192 threadid=1 
deleted block   device:0x146cb4500600 size:16896 threadid=1 
deleted block   device:0x146cb4591600 size:17920 threadid=1 
host:0x8781ac0 device:0x15098480b000 size:544 presentcount:0+1 line:-1 name:_mod_rad_common_21
deleted block   device:0x146cb45aa200 size:81920 threadid=1 
deleted block   device:0x146cb4596200 size:81920 threadid=1 
deleted block   device:0x146cb4507000 size:564736 threadid=1 
deleted block   device:0x146c7a800000 size:24934400 threadid=1 
deleted block   device:0x146c74000000 size:25433088 threadid=1 
deleted block   device:0x146c75a00000 size:25433088 threadid=1 
deleted block   device:0x146c77400000 size:25433088 threadid=1 
deleted block   device:0x146c78e00000 size:25433088 threadid=1 
FATAL ERROR: data in PRESENT clause was not found on device 1: name=mo_atm host:0x9cd3828
 file:/leonardo/home/userexternal/ctica000/MS_thesis/RegCM/Main/mod_output.F90 output line:1049

host:0x8781f80 device:0x15098480b300 size:5136 presentcount:0+1 line:-1 name:_mod_rad_radiation_21
deleted block   device:0x152b94591600 size:17920 threadid=1 
deleted block   device:0x152b945aa200 size:81920 threadid=1 
deleted block   device:0x152b94596200 size:81920 threadid=1 
deleted block   device:0x152b94507000 size:564736 threadid=1 
deleted block   device:0x152b5a800000 size:24934400 threadid=1 
deleted block   device:0x152b54000000 size:25433088 threadid=1 
deleted block   device:0x152b55a00000 size:25433088 threadid=1 
deleted block   device:0x152b57400000 size:25433088 threadid=1 
deleted block   device:0x152b58e00000 size:25433088 threadid=1 
FATAL ERROR: data in PRESENT clause was not found on device 1: name=mo_atm host:0x9cd3828
 file:/leonardo/home/userexternal/ctica000/MS_thesis/RegCM/Main/mod_output.F90 output line:1049

host:0x8799d80 device:0x15098480c800 size:52176 presentcount:0+1 line:-1 name:_mod_rad_aerosol_21
Present table dump for device[1]: NVIDIA Tesla GPU 0, compute capability 8.0, threadid=1
host:0x87f4000 device:0x150984819400 size:60 presentcount:0+1 line:-1 name:_rrlw_ncpar_21
Hint: specify 0x800 bit in NV_ACC_DEBUG for verbose info.
host:0x87f4540 device:0x150984819500 size:468 presentcount:0+1 line:-1 name:_rrsw_ncpar_21
host:0x85e5a00 device:0x14d094801a00 size:80 presentcount:0+1 line:-1 name:_mod_bdycod_21
host:0x87f7a40 device:0x150984819700 size:4920 presentcount:0+1 line:-1 name:_mod_clm_drydep_21
host:0x86776c0 device:0x14d094801b00 size:96 presentcount:0+1 line:-1 name:_mod_slice_21
host:0x8942e80 device:0x15098481ab00 size:16 presentcount:0+1 line:-1 name:_mod_clm_slakecon_21
host:0x8722900 device:0x14d094801c00 size:184 presentcount:0+1 line:-1 name:_mod_che_carbonaer_21
host:0x896c140 device:0x15098481ac00 size:176 presentcount:0+1 line:-1 name:_mod_clm_mkarbinit_21
host:0x8726c00 device:0x14d09480aa00 size:500 presentcount:0+1 line:-1 name:_mod_cbmz_integrator_21
host:0x8727280 device:0x14d094801d00 size:10076 presentcount:0+1 line:-1 name:_mod_cbmz_jacobiansp_21
host:0x8773800 device:0x14d09480ac00 size:1016 presentcount:0+1 line:-1 name:_mod_rad_o3blk_21
host:0x9c825a0 device:0x1509844fa000 size:128 presentcount:0+1 line:561 name:descriptor
host:0x8781ac0 device:0x14d09480b000 size:544 presentcount:0+1 line:-1 name:_mod_rad_common_21
host:0x9c867c0 device:0x15098481ad00 size:192 presentcount:0+1 line:-1 name:_mod_ipcc_scenario_21
host:0x8781f80 device:0x14d09480b300 size:5136 presentcount:0+1 line:-1 name:_mod_rad_radiation_21
host:0x9c88500 device:0x15098481ae00 size:11 presentcount:0+1 line:-1 name:_mod_message_21
host:0x8799d80 device:0x14d09480c800 size:52176 presentcount:0+1 line:-1 name:_mod_rad_aerosol_21
host:0x9cb4780 device:0x15098481af00 size:15888 presentcount:0+1 line:-1 name:_mod_stdatm_21
host:0x87f4000 device:0x14d094819400 size:60 presentcount:0+1 line:-1 name:_rrlw_ncpar_21
host:0x9daac90 device:0x1509844fa200 size:176 presentcount:0+1 line:64 name:descriptor
host:0x87f4540 device:0x14d094819500 size:468 presentcount:0+1 line:-1 name:_rrsw_ncpar_21
allocated block device:0x1509844fa000 size:512 thread:1
host:0x87f7a40 device:0x14d094819700 size:4920 presentcount:0+1 line:-1 name:_mod_clm_drydep_21
allocated block device:0x1509844fa200 size:512 thread:1
host:0x8942e80 device:0x14d09481ab00 size:16 presentcount:0+1 line:-1 name:_mod_clm_slakecon_21
deleted block   device:0x150984591600 size:512 threadid=1 
host:0x896c140 device:0x14d09481ac00 size:176 presentcount:0+1 line:-1 name:_mod_clm_mkarbinit_21
deleted block   device:0x150984591a00 size:512 threadid=1 
host:0x9c825a0 device:0x14d0944fa000 size:128 presentcount:0+1 line:561 name:descriptor
deleted block   device:0x1509844fd400 size:512 threadid=1 
host:0x9c867c0 device:0x14d09481ad00 size:192 presentcount:0+1 line:-1 name:_mod_ipcc_scenario_21
deleted block   device:0x1509844fd000 size:512 threadid=1 
host:0x9c88500 device:0x14d09481ae00 size:11 presentcount:0+1 line:-1 name:_mod_message_21
deleted block   device:0x150984507400 size:512 threadid=1 
host:0x9cb4780 device:0x14d09481af00 size:15888 presentcount:0+1 line:-1 name:_mod_stdatm_21
deleted block   device:0x1509844fd200 size:512 threadid=1 
host:0x9daac90 device:0x14d0944fa200 size:176 presentcount:0+1 line:64 name:descriptor
deleted block   device:0x150984591800 size:512 threadid=1 
allocated block device:0x14d0944fa000 size:512 thread:1
deleted block   device:0x1509844ffe00 size:1024 threadid=1 
allocated block device:0x14d0944fa200 size:512 thread:1
deleted block   device:0x1509844ff600 size:1024 threadid=1 
deleted block   device:0x14d094591200 size:512 threadid=1 
deleted block   device:0x1509844ffa00 size:1024 threadid=1 
deleted block   device:0x14d094591600 size:512 threadid=1 
deleted block   device:0x150984500200 size:1024 threadid=1 
deleted block   device:0x14d0944fd400 size:512 threadid=1 
deleted block   device:0x150984596200 size:1536 threadid=1 
deleted block   device:0x14d0944fd000 size:512 threadid=1 
deleted block   device:0x150984506000 size:1536 threadid=1 
deleted block   device:0x14d094507000 size:512 threadid=1 
deleted block   device:0x1509844fa400 size:3072 threadid=1 
deleted block   device:0x14d0944fd200 size:512 threadid=1 
deleted block   device:0x150984506600 size:3584 threadid=1 
deleted block   device:0x14d094591400 size:512 threadid=1 
deleted block   device:0x14d0944ffe00 size:1024 threadid=1 
deleted block   device:0x14d0944ff600 size:1024 threadid=1 
deleted block   device:0x1509844fb000 size:8192 threadid=1 
deleted block   device:0x14d0944ffa00 size:1024 threadid=1 
deleted block   device:0x1509844fd600 size:8192 threadid=1 
deleted block   device:0x150984500600 size:16896 threadid=1 
deleted block   device:0x150984591c00 size:17920 threadid=1 
deleted block   device:0x14d094500200 size:1024 threadid=1 
deleted block   device:0x1509845aa800 size:81920 threadid=1 
deleted block   device:0x14d094595e00 size:1536 threadid=1 
deleted block   device:0x150984596800 size:81920 threadid=1 
deleted block   device:0x14d094505c00 size:1536 threadid=1 
deleted block   device:0x150984507600 size:564736 threadid=1 
deleted block   device:0x14d0944fa400 size:3072 threadid=1 
deleted block   device:0x15094c800000 size:24934400 threadid=1 
deleted block   device:0x14d094506200 size:3584 threadid=1 
deleted block   device:0x150946000000 size:25433088 threadid=1 
deleted block   device:0x14d0944fb000 size:8192 threadid=1 
deleted block   device:0x150947a00000 size:25433088 threadid=1 
deleted block   device:0x14d0944fd600 size:8192 threadid=1 
deleted block   device:0x150949400000 size:25433088 threadid=1 
deleted block   device:0x14d094500600 size:16896 threadid=1 
deleted block   device:0x15094ae00000 size:25433088 threadid=1 
deleted block   device:0x14d094591800 size:17920 threadid=1 
FATAL ERROR: data in PRESENT clause was not found on device 1: name=mo_atm host:0x9cd3828
 file:/leonardo/home/userexternal/ctica000/MS_thesis/RegCM/Main/mod_output.F90 output line:1049

deleted block   device:0x14d0945aa400 size:81920 threadid=1 
deleted block   device:0x14d094596400 size:81920 threadid=1 
deleted block   device:0x14d094507200 size:564736 threadid=1 
deleted block   device:0x14d05a800000 size:24832000 threadid=1 
deleted block   device:0x14d054000000 size:25328640 threadid=1 
deleted block   device:0x14d055a00000 size:25328640 threadid=1 
deleted block   device:0x14d057400000 size:25328640 threadid=1 
deleted block   device:0x14d058e00000 size:25328640 threadid=1 
FATAL ERROR: data in PRESENT clause was not found on device 1: name=mo_atm host:0x9cd3828
 file:/leonardo/home/userexternal/ctica000/MS_thesis/RegCM/Main/mod_output.F90 output line:1049

deleted block   device:0x1481c24ffa00 size:1024 threadid=1 
deleted block   device:0x1481c2500200 size:1024 threadid=1 
deleted block   device:0x1481c2596000 size:1536 threadid=1 
deleted block   device:0x1481c2505e00 size:1536 threadid=1 
deleted block   device:0x1481c24fa400 size:3072 threadid=1 
deleted block   device:0x1481c2506400 size:3584 threadid=1 
deleted block   device:0x1481c24fb000 size:8192 threadid=1 
deleted block   device:0x1481c24fd600 size:8192 threadid=1 
deleted block   device:0x1481c2500600 size:16896 threadid=1 
deleted block   device:0x1481c2591a00 size:17920 threadid=1 
deleted block   device:0x1481c25aa600 size:81920 threadid=1 
deleted block   device:0x1481c2596600 size:81920 threadid=1 
deleted block   device:0x1481c2507400 size:564736 threadid=1 
deleted block   device:0x148188800000 size:24832000 threadid=1 
deleted block   device:0x148182000000 size:25328640 threadid=1 
deleted block   device:0x148183a00000 size:25328640 threadid=1 
deleted block   device:0x148185400000 size:25328640 threadid=1 
deleted block   device:0x148186e00000 size:25328640 threadid=1 
FATAL ERROR: data in PRESENT clause was not found on device 1: name=mo_atm host:0x9cd3828
 file:/leonardo/home/userexternal/ctica000/MS_thesis/RegCM/Main/mod_output.F90 output line:1049

hostptr=0x9cd3828,eltsize=6888,name=mo_atm,flags=0x200=present,async=-1,threadid=1
Present table dump for device[1]: NVIDIA Tesla GPU 0, compute capability 8.0, threadid=1
Hint: specify 0x800 bit in NV_ACC_DEBUG for verbose info.
host:0x85e5a00 device:0x1509cc801a00 size:80 presentcount:0+1 line:-1 name:_mod_bdycod_21
host:0x86776c0 device:0x1509cc801b00 size:96 presentcount:0+1 line:-1 name:_mod_slice_21
host:0x8722900 device:0x1509cc801c00 size:184 presentcount:0+1 line:-1 name:_mod_che_carbonaer_21
host:0x8726c00 device:0x1509cc80aa00 size:500 presentcount:0+1 line:-1 name:_mod_cbmz_integrator_21
host:0x8727280 device:0x1509cc801d00 size:10076 presentcount:0+1 line:-1 name:_mod_cbmz_jacobiansp_21
host:0x8773800 device:0x1509cc80ac00 size:1016 presentcount:0+1 line:-1 name:_mod_rad_o3blk_21
host:0x8781ac0 device:0x1509cc80b000 size:544 presentcount:0+1 line:-1 name:_mod_rad_common_21
hostptr=0x9cd3828,eltsize=6888,name=mo_atm,flags=0x200=present,async=-1,threadid=1
host:0x8781f80 device:0x1509cc80b300 size:5136 presentcount:0+1 line:-1 name:_mod_rad_radiation_21
Present table dump for device[1]: NVIDIA Tesla GPU 0, compute capability 8.0, threadid=1
host:0x8799d80 device:0x1509cc80c800 size:52176 presentcount:0+1 line:-1 name:_mod_rad_aerosol_21
Hint: specify 0x800 bit in NV_ACC_DEBUG for verbose info.
host:0x85e5a00 device:0x150800801a00 size:80 presentcount:0+1 line:-1 name:_mod_bdycod_21
host:0x87f4000 device:0x1509cc819400 size:60 presentcount:0+1 line:-1 name:_rrlw_ncpar_21
host:0x86776c0 device:0x150800801b00 size:96 presentcount:0+1 line:-1 name:_mod_slice_21
host:0x87f4540 device:0x1509cc819500 size:468 presentcount:0+1 line:-1 name:_rrsw_ncpar_21
host:0x87f7a40 device:0x1509cc819700 size:4920 presentcount:0+1 line:-1 name:_mod_clm_drydep_21
host:0x8942e80 device:0x1509cc81ab00 size:16 presentcount:0+1 line:-1 name:_mod_clm_slakecon_21
host:0x8722900 device:0x150800801c00 size:184 presentcount:0+1 line:-1 name:_mod_che_carbonaer_21
host:0x896c140 device:0x1509cc81ac00 size:176 presentcount:0+1 line:-1 name:_mod_clm_mkarbinit_21
host:0x8726c00 device:0x15080080aa00 size:500 presentcount:0+1 line:-1 name:_mod_cbmz_integrator_21
host:0x8727280 device:0x150800801d00 size:10076 presentcount:0+1 line:-1 name:_mod_cbmz_jacobiansp_21
host:0x9c825a0 device:0x1509cc4fa000 size:128 presentcount:0+1 line:561 name:descriptor
hostptr=0x9cd3828,eltsize=6888,name=mo_atm,flags=0x200=present,async=-1,threadid=1
Present table dump for device[1]: NVIDIA Tesla GPU 0, compute capability 8.0, threadid=1
Hint: specify 0x800 bit in NV_ACC_DEBUG for verbose info.
host:0x8773800 device:0x15080080ac00 size:1016 presentcount:0+1 line:-1 name:_mod_rad_o3blk_21
host:0x85e5a00 device:0x154088801a00 size:80 presentcount:0+1 line:-1 name:_mod_bdycod_21
host:0x86776c0 device:0x154088801b00 size:96 presentcount:0+1 line:-1 name:_mod_slice_21
host:0x8722900 device:0x154088801c00 size:184 presentcount:0+1 line:-1 name:_mod_che_carbonaer_21
host:0x8726c00 device:0x15408880aa00 size:500 presentcount:0+1 line:-1 name:_mod_cbmz_integrator_21
host:0x8727280 device:0x154088801d00 size:10076 presentcount:0+1 line:-1 name:_mod_cbmz_jacobiansp_21
host:0x8781ac0 device:0x15080080b000 size:544 presentcount:0+1 line:-1 name:_mod_rad_common_21
host:0x8773800 device:0x15408880ac00 size:1016 presentcount:0+1 line:-1 name:_mod_rad_o3blk_21
host:0x8781ac0 device:0x15408880b000 size:544 presentcount:0+1 line:-1 name:_mod_rad_common_21
host:0x8781f80 device:0x15408880b300 size:5136 presentcount:0+1 line:-1 name:_mod_rad_radiation_21
host:0x8799d80 device:0x15408880c800 size:52176 presentcount:0+1 line:-1 name:_mod_rad_aerosol_21
host:0x87f4000 device:0x154088819400 size:60 presentcount:0+1 line:-1 name:_rrlw_ncpar_21
host:0x87f4540 device:0x154088819500 size:468 presentcount:0+1 line:-1 name:_rrsw_ncpar_21
host:0x87f7a40 device:0x154088819700 size:4920 presentcount:0+1 line:-1 name:_mod_clm_drydep_21
host:0x8942e80 device:0x15408881ab00 size:16 presentcount:0+1 line:-1 name:_mod_clm_slakecon_21
host:0x896c140 device:0x15408881ac00 size:176 presentcount:0+1 line:-1 name:_mod_clm_mkarbinit_21
host:0x9c825a0 device:0x1540884fa000 size:128 presentcount:0+1 line:561 name:descriptor
host:0x8781f80 device:0x15080080b300 size:5136 presentcount:0+1 line:-1 name:_mod_rad_radiation_21
host:0x9c867c0 device:0x15408881ad00 size:192 presentcount:0+1 line:-1 name:_mod_ipcc_scenario_21
host:0x9c88500 device:0x15408881ae00 size:11 presentcount:0+1 line:-1 name:_mod_message_21
host:0x9cb4780 device:0x15408881af00 size:15888 presentcount:0+1 line:-1 name:_mod_stdatm_21
host:0x9daac90 device:0x1540884fa200 size:176 presentcount:0+1 line:64 name:descriptor
allocated block device:0x1540884fa000 size:512 thread:1
allocated block device:0x1540884fa200 size:512 thread:1
deleted block   device:0x154088591200 size:512 threadid=1 
deleted block   device:0x154088591600 size:512 threadid=1 
deleted block   device:0x1540884fd400 size:512 threadid=1 
deleted block   device:0x1540884fd000 size:512 threadid=1 
deleted block   device:0x154088507000 size:512 threadid=1 
deleted block   device:0x1540884fd200 size:512 threadid=1 
deleted block   device:0x154088591400 size:512 threadid=1 
deleted block   device:0x1540884ffe00 size:1024 threadid=1 
deleted block   device:0x1540884ff600 size:1024 threadid=1 
deleted block   device:0x1540884ffa00 size:1024 threadid=1 
deleted block   device:0x154088500200 size:1024 threadid=1 
deleted block   device:0x154088596400 size:1536 threadid=1 
deleted block   device:0x154088595e00 size:1536 threadid=1 
deleted block   device:0x1540884fa400 size:3072 threadid=1 
deleted block   device:0x154088506200 size:3584 threadid=1 
deleted block   device:0x1540884fb000 size:8192 threadid=1 
deleted block   device:0x1540884fd600 size:8192 threadid=1 
deleted block   device:0x154088500600 size:16896 threadid=1 
deleted block   device:0x154088591800 size:17920 threadid=1 
host:0x8799d80 device:0x15080080c800 size:52176 presentcount:0+1 line:-1 name:_mod_rad_aerosol_21
deleted block   device:0x1540885aaa00 size:81920 threadid=1 
deleted block   device:0x154088596a00 size:81920 threadid=1 
deleted block   device:0x154088507200 size:564736 threadid=1 
deleted block   device:0x154050800000 size:25241600 threadid=1 
deleted block   device:0x15404a000000 size:25746432 threadid=1 
deleted block   device:0x15404ba00000 size:25746432 threadid=1 
deleted block   device:0x15404d400000 size:25746432 threadid=1 
deleted block   device:0x15404ee00000 size:25746432 threadid=1 
FATAL ERROR: data in PRESENT clause was not found on device 1: name=mo_atm host:0x9cd3828
 file:/leonardo/home/userexternal/ctica000/MS_thesis/RegCM/Main/mod_output.F90 output line:1049

host:0x87f4000 device:0x150800819400 size:60 presentcount:0+1 line:-1 name:_rrlw_ncpar_21
host:0x9c867c0 device:0x1509cc81ad00 size:192 presentcount:0+1 line:-1 name:_mod_ipcc_scenario_21
host:0x9c88500 device:0x1509cc81ae00 size:11 presentcount:0+1 line:-1 name:_mod_message_21
host:0x87f4540 device:0x150800819500 size:468 presentcount:0+1 line:-1 name:_rrsw_ncpar_21
host:0x87f7a40 device:0x150800819700 size:4920 presentcount:0+1 line:-1 name:_mod_clm_drydep_21
host:0x9cb4780 device:0x1509cc81af00 size:15888 presentcount:0+1 line:-1 name:_mod_stdatm_21
host:0x8942e80 device:0x15080081ab00 size:16 presentcount:0+1 line:-1 name:_mod_clm_slakecon_21
host:0x9daac90 device:0x1509cc4fa200 size:176 presentcount:0+1 line:64 name:descriptor
host:0x896c140 device:0x15080081ac00 size:176 presentcount:0+1 line:-1 name:_mod_clm_mkarbinit_21
allocated block device:0x1509cc4fa000 size:512 thread:1
host:0x9c825a0 device:0x1508004fa000 size:128 presentcount:0+1 line:561 name:descriptor
allocated block device:0x1509cc4fa200 size:512 thread:1
host:0x9c867c0 device:0x15080081ad00 size:192 presentcount:0+1 line:-1 name:_mod_ipcc_scenario_21
deleted block   device:0x1509cc591400 size:512 threadid=1 
host:0x9c88500 device:0x15080081ae00 size:11 presentcount:0+1 line:-1 name:_mod_message_21
deleted block   device:0x1509cc591800 size:512 threadid=1 
host:0x9cb4780 device:0x15080081af00 size:15888 presentcount:0+1 line:-1 name:_mod_stdatm_21
deleted block   device:0x1509cc4fd400 size:512 threadid=1 
host:0x9daac90 device:0x1508004fa200 size:176 presentcount:0+1 line:64 name:descriptor
deleted block   device:0x1509cc4fd000 size:512 threadid=1 
allocated block device:0x1508004fa000 size:512 thread:1
deleted block   device:0x1509cc507200 size:512 threadid=1 
allocated block device:0x1508004fa200 size:512 thread:1
deleted block   device:0x1509cc4fd200 size:512 threadid=1 
deleted block   device:0x1508004fd000 size:512 threadid=1 
deleted block   device:0x1509cc591600 size:512 threadid=1 
deleted block   device:0x150800591200 size:512 threadid=1 
deleted block   device:0x1509cc4ffe00 size:1024 threadid=1 
deleted block   device:0x150800591400 size:512 threadid=1 
deleted block   device:0x1509cc4ff600 size:1024 threadid=1 
deleted block   device:0x150800507000 size:512 threadid=1 
deleted block   device:0x1509cc4ffa00 size:1024 threadid=1 
deleted block   device:0x1508004fd400 size:512 threadid=1 
deleted block   device:0x1509cc500200 size:1024 threadid=1 
deleted block   device:0x1508004fd200 size:512 threadid=1 
hostptr=0x9cd3828,eltsize=6888,name=mo_atm,flags=0x200=present,async=-1,threadid=1
deleted block   device:0x1509cc596000 size:1536 threadid=1 
deleted block   device:0x150800591600 size:512 threadid=1 
deleted block   device:0x1509cc505e00 size:1536 threadid=1 
deleted block   device:0x1508004ffe00 size:1024 threadid=1 
deleted block   device:0x1509cc4fa400 size:3072 threadid=1 
deleted block   device:0x1509cc506400 size:3584 threadid=1 
deleted block   device:0x1509cc4fb000 size:8192 threadid=1 
deleted block   device:0x1509cc4fd600 size:8192 threadid=1 
deleted block   device:0x1509cc500600 size:16896 threadid=1 
deleted block   device:0x1509cc591a00 size:17920 threadid=1 
deleted block   device:0x1509cc5aa600 size:81920 threadid=1 
deleted block   device:0x1509cc596600 size:81920 threadid=1 
deleted block   device:0x1509cc507400 size:564736 threadid=1 
deleted block   device:0x150992800000 size:25139200 threadid=1 
deleted block   device:0x15098c000000 size:25641984 threadid=1 
deleted block   device:0x15098da00000 size:25641984 threadid=1 
deleted block   device:0x15098f400000 size:25641984 threadid=1 
deleted block   device:0x150990e00000 size:25641984 threadid=1 
FATAL ERROR: data in PRESENT clause was not found on device 1: name=mo_atm host:0x9cd3828
deleted block   device:0x1508004ff600 size:1024 threadid=1 
Present table dump for device[1]: NVIDIA Tesla GPU 0, compute capability 8.0, threadid=1
 file:/leonardo/home/userexternal/ctica000/MS_thesis/RegCM/Main/mod_output.F90 output line:1049

deleted block   device:0x1508004ffa00 size:1024 threadid=1 
deleted block   device:0x150800500200 size:1024 threadid=1 
Hint: specify 0x800 bit in NV_ACC_DEBUG for verbose info.
deleted block   device:0x150800595e00 size:1536 threadid=1 
deleted block   device:0x150800505c00 size:1536 threadid=1 
deleted block   device:0x1508004fa400 size:3072 threadid=1 
deleted block   device:0x150800506200 size:3584 threadid=1 
deleted block   device:0x1508004fb000 size:8192 threadid=1 
deleted block   device:0x1508004fd600 size:8192 threadid=1 
host:0x85e5a00 device:0x152f72801a00 size:80 presentcount:0+1 line:-1 name:_mod_bdycod_21
deleted block   device:0x150800500600 size:16896 threadid=1 
host:0x86776c0 device:0x152f72801b00 size:96 presentcount:0+1 line:-1 name:_mod_slice_21
deleted block   device:0x150800591800 size:17920 threadid=1 
host:0x8722900 device:0x152f72801c00 size:184 presentcount:0+1 line:-1 name:_mod_che_carbonaer_21
deleted block   device:0x1508005aa400 size:81920 threadid=1 
deleted block   device:0x150800596400 size:81920 threadid=1 
deleted block   device:0x150800507200 size:564736 threadid=1 
host:0x8726c00 device:0x152f7280aa00 size:500 presentcount:0+1 line:-1 name:_mod_cbmz_integrator_21
deleted block   device:0x1507c6800000 size:25139200 threadid=1 
deleted block   device:0x1507c0000000 size:25641984 threadid=1 
deleted block   device:0x1507c1a00000 size:25641984 threadid=1 
deleted block   device:0x1507c3400000 size:25641984 threadid=1 
deleted block   device:0x1507c4e00000 size:25641984 threadid=1 
host:0x8727280 device:0x152f72801d00 size:10076 presentcount:0+1 line:-1 name:_mod_cbmz_jacobiansp_21
host:0x8773800 device:0x152f7280ac00 size:1016 presentcount:0+1 line:-1 name:_mod_rad_o3blk_21
FATAL ERROR: data in PRESENT clause was not found on device 1: name=mo_atm host:0x9cd3828
 file:/leonardo/home/userexternal/ctica000/MS_thesis/RegCM/Main/mod_output.F90 output line:1049

host:0x8781ac0 device:0x152f7280b000 size:544 presentcount:0+1 line:-1 name:_mod_rad_common_21
host:0x8781f80 device:0x152f7280b300 size:5136 presentcount:0+1 line:-1 name:_mod_rad_radiation_21
hostptr=0x9cd3828,eltsize=6888,name=mo_atm,flags=0x200=present,async=-1,threadid=1
Present table dump for device[1]: NVIDIA Tesla GPU 0, compute capability 8.0, threadid=1
Hint: specify 0x800 bit in NV_ACC_DEBUG for verbose info.
host:0x8799d80 device:0x152f7280c800 size:52176 presentcount:0+1 line:-1 name:_mod_rad_aerosol_21
host:0x85e5a00 device:0x14e31c801a00 size:80 presentcount:0+1 line:-1 name:_mod_bdycod_21
host:0x86776c0 device:0x14e31c801b00 size:96 presentcount:0+1 line:-1 name:_mod_slice_21
host:0x8722900 device:0x14e31c801c00 size:184 presentcount:0+1 line:-1 name:_mod_che_carbonaer_21
host:0x8726c00 device:0x14e31c80aa00 size:500 presentcount:0+1 line:-1 name:_mod_cbmz_integrator_21
host:0x8727280 device:0x14e31c801d00 size:10076 presentcount:0+1 line:-1 name:_mod_cbmz_jacobiansp_21
host:0x8773800 device:0x14e31c80ac00 size:1016 presentcount:0+1 line:-1 name:_mod_rad_o3blk_21
host:0x8781ac0 device:0x14e31c80b000 size:544 presentcount:0+1 line:-1 name:_mod_rad_common_21
host:0x8781f80 device:0x14e31c80b300 size:5136 presentcount:0+1 line:-1 name:_mod_rad_radiation_21
host:0x8799d80 device:0x14e31c80c800 size:52176 presentcount:0+1 line:-1 name:_mod_rad_aerosol_21
host:0x87f4000 device:0x152f72819400 size:60 presentcount:0+1 line:-1 name:_rrlw_ncpar_21
host:0x87f4540 device:0x152f72819500 size:468 presentcount:0+1 line:-1 name:_rrsw_ncpar_21
host:0x87f7a40 device:0x152f72819700 size:4920 presentcount:0+1 line:-1 name:_mod_clm_drydep_21
host:0x87f4000 device:0x14e31c819400 size:60 presentcount:0+1 line:-1 name:_rrlw_ncpar_21
host:0x87f4540 device:0x14e31c819500 size:468 presentcount:0+1 line:-1 name:_rrsw_ncpar_21
host:0x87f7a40 device:0x14e31c819700 size:4920 presentcount:0+1 line:-1 name:_mod_clm_drydep_21
host:0x8942e80 device:0x14e31c81ab00 size:16 presentcount:0+1 line:-1 name:_mod_clm_slakecon_21
host:0x896c140 device:0x14e31c81ac00 size:176 presentcount:0+1 line:-1 name:_mod_clm_mkarbinit_21
host:0x9c825a0 device:0x14e31c4fa000 size:128 presentcount:0+1 line:561 name:descriptor
host:0x9c867c0 device:0x14e31c81ad00 size:192 presentcount:0+1 line:-1 name:_mod_ipcc_scenario_21
host:0x9c88500 device:0x14e31c81ae00 size:11 presentcount:0+1 line:-1 name:_mod_message_21
host:0x9cb4780 device:0x14e31c81af00 size:15888 presentcount:0+1 line:-1 name:_mod_stdatm_21
host:0x9daac90 device:0x14e31c4fa200 size:176 presentcount:0+1 line:64 name:descriptor
allocated block device:0x14e31c4fa000 size:512 thread:1
allocated block device:0x14e31c4fa200 size:512 thread:1
host:0x8942e80 device:0x152f7281ab00 size:16 presentcount:0+1 line:-1 name:_mod_clm_slakecon_21
deleted block   device:0x14e31c591000 size:512 threadid=1 
deleted block   device:0x14e31c591400 size:512 threadid=1 
deleted block   device:0x14e31c4fd400 size:512 threadid=1 
deleted block   device:0x14e31c4fd000 size:512 threadid=1 
deleted block   device:0x14e31c506e00 size:512 threadid=1 
deleted block   device:0x14e31c4fd200 size:512 threadid=1 
deleted block   device:0x14e31c591200 size:512 threadid=1 
deleted block   device:0x14e31c4ffe00 size:1024 threadid=1 
deleted block   device:0x14e31c4ff600 size:1024 threadid=1 
deleted block   device:0x14e31c4ffa00 size:1024 threadid=1 
deleted block   device:0x14e31c500200 size:1024 threadid=1 
deleted block   device:0x14e31c596200 size:1536 threadid=1 
deleted block   device:0x14e31c595c00 size:1536 threadid=1 
deleted block   device:0x14e31c4fa400 size:3072 threadid=1 
deleted block   device:0x14e31c506000 size:3584 threadid=1 
deleted block   device:0x14e31c4fb000 size:8192 threadid=1 
deleted block   device:0x14e31c4fd600 size:8192 threadid=1 
host:0x896c140 device:0x152f7281ac00 size:176 presentcount:0+1 line:-1 name:_mod_clm_mkarbinit_21
deleted block   device:0x14e31c500600 size:16896 threadid=1 
deleted block   device:0x14e31c591600 size:17920 threadid=1 
deleted block   device:0x14e31c5aa800 size:81920 threadid=1 
deleted block   device:0x14e31c596800 size:81920 threadid=1 
deleted block   device:0x14e31c507000 size:564736 threadid=1 
deleted block   device:0x14e2e4800000 size:25241600 threadid=1 
deleted block   device:0x14e2de000000 size:25746432 threadid=1 
deleted block   device:0x14e2dfa00000 size:25746432 threadid=1 
deleted block   device:0x14e2e1400000 size:25746432 threadid=1 
deleted block   device:0x14e2e2e00000 size:25746432 threadid=1 
FATAL ERROR: data in PRESENT clause was not found on device 1: name=mo_atm host:0x9cd3828
 file:/leonardo/home/userexternal/ctica000/MS_thesis/RegCM/Main/mod_output.F90 output line:1049

host:0x9c825a0 device:0x152f724fa000 size:128 presentcount:0+1 line:561 name:descriptor
host:0x9c867c0 device:0x152f7281ad00 size:192 presentcount:0+1 line:-1 name:_mod_ipcc_scenario_21
host:0x9c88500 device:0x152f7281ae00 size:11 presentcount:0+1 line:-1 name:_mod_message_21
host:0x9cb4780 device:0x152f7281af00 size:15888 presentcount:0+1 line:-1 name:_mod_stdatm_21
host:0x9daac90 device:0x152f724fa200 size:176 presentcount:0+1 line:64 name:descriptor
allocated block device:0x152f724fa000 size:512 thread:1
allocated block device:0x152f724fa200 size:512 thread:1
deleted block   device:0x152f724fd000 size:512 threadid=1 
deleted block   device:0x152f72591a00 size:512 threadid=1 
deleted block   device:0x152f72591c00 size:512 threadid=1 
deleted block   device:0x152f72507800 size:512 threadid=1 
hostptr=0x9cd3828,eltsize=6888,name=mo_atm,flags=0x200=present,async=-1,threadid=1
deleted block   device:0x152f724fd400 size:512 threadid=1 
Present table dump for device[1]: NVIDIA Tesla GPU 0, compute capability 8.0, threadid=1
deleted block   device:0x152f724fd200 size:512 threadid=1 
Hint: specify 0x800 bit in NV_ACC_DEBUG for verbose info.
deleted block   device:0x152f72591e00 size:512 threadid=1 
host:0x85e5a00 device:0x153002801a00 size:80 presentcount:0+1 line:-1 name:_mod_bdycod_21
deleted block   device:0x152f724ffe00 size:1024 threadid=1 
host:0x86776c0 device:0x153002801b00 size:96 presentcount:0+1 line:-1 name:_mod_slice_21
deleted block   device:0x152f724ff600 size:1024 threadid=1 
deleted block   device:0x152f724ffa00 size:1024 threadid=1 
deleted block   device:0x152f72500200 size:1024 threadid=1 
deleted block   device:0x152f72596600 size:1536 threadid=1 
host:0x8722900 device:0x153002801c00 size:184 presentcount:0+1 line:-1 name:_mod_che_carbonaer_21
deleted block   device:0x152f72506400 size:1536 threadid=1 
deleted block   device:0x152f724fa400 size:3072 threadid=1 
deleted block   device:0x152f72506a00 size:3584 threadid=1 
deleted block   device:0x152f724fb000 size:8192 threadid=1 
host:0x8726c00 device:0x15300280aa00 size:500 presentcount:0+1 line:-1 name:_mod_cbmz_integrator_21
deleted block   device:0x152f724fd600 size:8192 threadid=1 
deleted block   device:0x152f72500600 size:16896 threadid=1 
deleted block   device:0x152f72592000 size:17920 threadid=1 
deleted block   device:0x152f725aac00 size:81920 threadid=1 
host:0x8727280 device:0x153002801d00 size:10076 presentcount:0+1 line:-1 name:_mod_cbmz_jacobiansp_21
deleted block   device:0x152f72596c00 size:81920 threadid=1 
deleted block   device:0x152f72507a00 size:564736 threadid=1 
deleted block   device:0x152f3a800000 size:25139200 threadid=1 
deleted block   device:0x152f34000000 size:25641984 threadid=1 
host:0x8773800 device:0x15300280ac00 size:1016 presentcount:0+1 line:-1 name:_mod_rad_o3blk_21
deleted block   device:0x152f35a00000 size:25641984 threadid=1 
deleted block   device:0x152f37400000 size:25641984 threadid=1 
deleted block   device:0x152f38e00000 size:25641984 threadid=1 
host:0x8781ac0 device:0x15300280b000 size:544 presentcount:0+1 line:-1 name:_mod_rad_common_21
FATAL ERROR: data in PRESENT clause was not found on device 1: name=mo_atm host:0x9cd3828
 file:/leonardo/home/userexternal/ctica000/MS_thesis/RegCM/Main/mod_output.F90 output line:1049

host:0x8781f80 device:0x15300280b300 size:5136 presentcount:0+1 line:-1 name:_mod_rad_radiation_21
host:0x8799d80 device:0x15300280c800 size:52176 presentcount:0+1 line:-1 name:_mod_rad_aerosol_21
host:0x87f4000 device:0x153002819400 size:60 presentcount:0+1 line:-1 name:_rrlw_ncpar_21
host:0x87f4540 device:0x153002819500 size:468 presentcount:0+1 line:-1 name:_rrsw_ncpar_21
host:0x87f7a40 device:0x153002819700 size:4920 presentcount:0+1 line:-1 name:_mod_clm_drydep_21
host:0x8942e80 device:0x15300281ab00 size:16 presentcount:0+1 line:-1 name:_mod_clm_slakecon_21
host:0x896c140 device:0x15300281ac00 size:176 presentcount:0+1 line:-1 name:_mod_clm_mkarbinit_21
host:0x9c825a0 device:0x1530024fa000 size:128 presentcount:0+1 line:561 name:descriptor
host:0x9c867c0 device:0x15300281ad00 size:192 presentcount:0+1 line:-1 name:_mod_ipcc_scenario_21
hostptr=0x9cd3828,eltsize=6888,name=mo_atm,flags=0x200=present,async=-1,threadid=1
host:0x9c88500 device:0x15300281ae00 size:11 presentcount:0+1 line:-1 name:_mod_message_21
host:0x9cb4780 device:0x15300281af00 size:15888 presentcount:0+1 line:-1 name:_mod_stdatm_21
Present table dump for device[1]: NVIDIA Tesla GPU 0, compute capability 8.0, threadid=1
host:0x9daac90 device:0x1530024fa200 size:176 presentcount:0+1 line:64 name:descriptor
allocated block device:0x1530024fa000 size:512 thread:1
Hint: specify 0x800 bit in NV_ACC_DEBUG for verbose info.
allocated block device:0x1530024fa200 size:512 thread:1
deleted block   device:0x1530024fd000 size:512 threadid=1 
deleted block   device:0x153002591800 size:512 threadid=1 
deleted block   device:0x153002591a00 size:512 threadid=1 
deleted block   device:0x153002507600 size:512 threadid=1 
deleted block   device:0x1530024fd400 size:512 threadid=1 
host:0x85e5a00 device:0x14d790801a00 size:80 presentcount:0+1 line:-1 name:_mod_bdycod_21
deleted block   device:0x1530024fd200 size:512 threadid=1 
host:0x86776c0 device:0x14d790801b00 size:96 presentcount:0+1 line:-1 name:_mod_slice_21
deleted block   device:0x153002591c00 size:512 threadid=1 
host:0x8722900 device:0x14d790801c00 size:184 presentcount:0+1 line:-1 name:_mod_che_carbonaer_21
deleted block   device:0x1530024ffe00 size:1024 threadid=1 
host:0x8726c00 device:0x14d79080aa00 size:500 presentcount:0+1 line:-1 name:_mod_cbmz_integrator_21
deleted block   device:0x1530024ff600 size:1024 threadid=1 
deleted block   device:0x1530024ffa00 size:1024 threadid=1 
host:0x8727280 device:0x14d790801d00 size:10076 presentcount:0+1 line:-1 name:_mod_cbmz_jacobiansp_21
deleted block   device:0x153002500200 size:1024 threadid=1 
host:0x8773800 device:0x14d79080ac00 size:1016 presentcount:0+1 line:-1 name:_mod_rad_o3blk_21
deleted block   device:0x153002596400 size:1536 threadid=1 
deleted block   device:0x153002506200 size:1536 threadid=1 
deleted block   device:0x1530024fa400 size:3072 threadid=1 
host:0x8781ac0 device:0x14d79080b000 size:544 presentcount:0+1 line:-1 name:_mod_rad_common_21
deleted block   device:0x153002506800 size:3584 threadid=1 
deleted block   device:0x1530024fb000 size:8192 threadid=1 
host:0x8781f80 device:0x14d79080b300 size:5136 presentcount:0+1 line:-1 name:_mod_rad_radiation_21
deleted block   device:0x1530024fd600 size:8192 threadid=1 
deleted block   device:0x153002500600 size:16896 threadid=1 
deleted block   device:0x153002591e00 size:17920 threadid=1 
deleted block   device:0x1530025aaa00 size:81920 threadid=1 
deleted block   device:0x153002596a00 size:81920 threadid=1 
deleted block   device:0x153002507800 size:564736 threadid=1 
host:0x8799d80 device:0x14d79080c800 size:52176 presentcount:0+1 line:-1 name:_mod_rad_aerosol_21
deleted block   device:0x152fc8800000 size:25036800 threadid=1 
host:0x87f4000 device:0x14d790819400 size:60 presentcount:0+1 line:-1 name:_rrlw_ncpar_21
deleted block   device:0x152fc2000000 size:25537536 threadid=1 
host:0x87f4540 device:0x14d790819500 size:468 presentcount:0+1 line:-1 name:_rrsw_ncpar_21
deleted block   device:0x152fc3a00000 size:25537536 threadid=1 
host:0x87f7a40 device:0x14d790819700 size:4920 presentcount:0+1 line:-1 name:_mod_clm_drydep_21
deleted block   device:0x152fc5400000 size:25537536 threadid=1 
deleted block   device:0x152fc6e00000 size:25537536 threadid=1 
host:0x8942e80 device:0x14d79081ab00 size:16 presentcount:0+1 line:-1 name:_mod_clm_slakecon_21
FATAL ERROR: data in PRESENT clause was not found on device 1: name=mo_atm host:0x9cd3828
 file:/leonardo/home/userexternal/ctica000/MS_thesis/RegCM/Main/mod_output.F90 output line:1049

host:0x896c140 device:0x14d79081ac00 size:176 presentcount:0+1 line:-1 name:_mod_clm_mkarbinit_21
host:0x9c825a0 device:0x14d7904fa000 size:128 presentcount:0+1 line:561 name:descriptor
host:0x9c867c0 device:0x14d79081ad00 size:192 presentcount:0+1 line:-1 name:_mod_ipcc_scenario_21
host:0x9c88500 device:0x14d79081ae00 size:11 presentcount:0+1 line:-1 name:_mod_message_21
host:0x9cb4780 device:0x14d79081af00 size:15888 presentcount:0+1 line:-1 name:_mod_stdatm_21
host:0x9daac90 device:0x14d7904fa200 size:176 presentcount:0+1 line:64 name:descriptor
allocated block device:0x14d7904fa000 size:512 thread:1
allocated block device:0x14d7904fa200 size:512 thread:1
deleted block   device:0x14d790591200 size:512 threadid=1 
deleted block   device:0x14d790591600 size:512 threadid=1 
deleted block   device:0x14d7904fd400 size:512 threadid=1 
deleted block   device:0x14d7904fd000 size:512 threadid=1 
deleted block   device:0x14d790507000 size:512 threadid=1 
deleted block   device:0x14d7904fd200 size:512 threadid=1 
deleted block   device:0x14d790591400 size:512 threadid=1 
deleted block   device:0x14d7904ffe00 size:1024 threadid=1 
deleted block   device:0x14d7904ff600 size:1024 threadid=1 
deleted block   device:0x14d7904ffa00 size:1024 threadid=1 
deleted block   device:0x14d790500200 size:1024 threadid=1 
deleted block   device:0x14d790596400 size:1536 threadid=1 
deleted block   device:0x14d790595e00 size:1536 threadid=1 
deleted block   device:0x14d7904fa400 size:3072 threadid=1 
deleted block   device:0x14d790506200 size:3584 threadid=1 
deleted block   device:0x14d7904fb000 size:8192 threadid=1 
deleted block   device:0x14d7904fd600 size:8192 threadid=1 
deleted block   device:0x14d790500600 size:16896 threadid=1 
deleted block   device:0x14d790591800 size:17920 threadid=1 
deleted block   device:0x14d7905aaa00 size:81920 threadid=1 
deleted block   device:0x14d790596a00 size:81920 threadid=1 
deleted block   device:0x14d790507200 size:564736 threadid=1 
deleted block   device:0x14d756800000 size:25241600 threadid=1 
deleted block   device:0x14d750000000 size:25746432 threadid=1 
deleted block   device:0x14d751a00000 size:25746432 threadid=1 
deleted block   device:0x14d753400000 size:25746432 threadid=1 
deleted block   device:0x14d754e00000 size:25746432 threadid=1 
FATAL ERROR: data in PRESENT clause was not found on device 1: name=mo_atm host:0x9cd3828
 file:/leonardo/home/userexternal/ctica000/MS_thesis/RegCM/Main/mod_output.F90 output line:1049

hostptr=0x9cd3828,eltsize=6888,name=mo_atm,flags=0x200=present,async=-1,threadid=1
Present table dump for device[1]: NVIDIA Tesla GPU 0, compute capability 8.0, threadid=1
hostptr=0x9cd3828,eltsize=6888,name=mo_atm,flags=0x200=present,async=-1,threadid=1
Present table dump for device[1]: NVIDIA Tesla GPU 0, compute capability 8.0, threadid=1
Hint: specify 0x800 bit in NV_ACC_DEBUG for verbose info.
host:0x85e5a00 device:0x14ba18801a00 size:80 presentcount:0+1 line:-1 name:_mod_bdycod_21
host:0x86776c0 device:0x14ba18801b00 size:96 presentcount:0+1 line:-1 name:_mod_slice_21
host:0x8722900 device:0x14ba18801c00 size:184 presentcount:0+1 line:-1 name:_mod_che_carbonaer_21
host:0x8726c00 device:0x14ba1880aa00 size:500 presentcount:0+1 line:-1 name:_mod_cbmz_integrator_21
host:0x8727280 device:0x14ba18801d00 size:10076 presentcount:0+1 line:-1 name:_mod_cbmz_jacobiansp_21
host:0x8773800 device:0x14ba1880ac00 size:1016 presentcount:0+1 line:-1 name:_mod_rad_o3blk_21
host:0x8781ac0 device:0x14ba1880b000 size:544 presentcount:0+1 line:-1 name:_mod_rad_common_21
host:0x8781f80 device:0x14ba1880b300 size:5136 presentcount:0+1 line:-1 name:_mod_rad_radiation_21
host:0x8799d80 device:0x14ba1880c800 size:52176 presentcount:0+1 line:-1 name:_mod_rad_aerosol_21
host:0x87f4000 device:0x14ba18819400 size:60 presentcount:0+1 line:-1 name:_rrlw_ncpar_21
host:0x87f4540 device:0x14ba18819500 size:468 presentcount:0+1 line:-1 name:_rrsw_ncpar_21
host:0x87f7a40 device:0x14ba18819700 size:4920 presentcount:0+1 line:-1 name:_mod_clm_drydep_21
host:0x8942e80 device:0x14ba1881ab00 size:16 presentcount:0+1 line:-1 name:_mod_clm_slakecon_21
host:0x896c140 device:0x14ba1881ac00 size:176 presentcount:0+1 line:-1 name:_mod_clm_mkarbinit_21
host:0x9c825a0 device:0x14ba184fa000 size:128 presentcount:0+1 line:561 name:descriptor
host:0x9c867c0 device:0x14ba1881ad00 size:192 presentcount:0+1 line:-1 name:_mod_ipcc_scenario_21
host:0x9c88500 device:0x14ba1881ae00 size:11 presentcount:0+1 line:-1 name:_mod_message_21
host:0x9cb4780 device:0x14ba1881af00 size:15888 presentcount:0+1 line:-1 name:_mod_stdatm_21
host:0x9daac90 device:0x14ba184fa200 size:176 presentcount:0+1 line:64 name:descriptor
allocated block device:0x14ba184fa000 size:512 thread:1
allocated block device:0x14ba184fa200 size:512 thread:1
deleted block   device:0x14ba184fd000 size:512 threadid=1 
deleted block   device:0x14ba18591600 size:512 threadid=1 
deleted block   device:0x14ba18591800 size:512 threadid=1 
deleted block   device:0x14ba18507400 size:512 threadid=1 
deleted block   device:0x14ba184fd400 size:512 threadid=1 
deleted block   device:0x14ba184fd200 size:512 threadid=1 
deleted block   device:0x14ba18591a00 size:512 threadid=1 
deleted block   device:0x14ba184ffe00 size:1024 threadid=1 
deleted block   device:0x14ba184ff600 size:1024 threadid=1 
deleted block   device:0x14ba184ffa00 size:1024 threadid=1 
deleted block   device:0x14ba18500200 size:1024 threadid=1 
deleted block   device:0x14ba18596800 size:1536 threadid=1 
deleted block   device:0x14ba18596200 size:1536 threadid=1 
deleted block   device:0x14ba184fa400 size:3072 threadid=1 
deleted block   device:0x14ba18506600 size:3584 threadid=1 
deleted block   device:0x14ba184fb000 size:8192 threadid=1 
deleted block   device:0x14ba184fd600 size:8192 threadid=1 
deleted block   device:0x14ba18500600 size:16896 threadid=1 
deleted block   device:0x14ba18591c00 size:17920 threadid=1 
deleted block   device:0x14ba185aae00 size:81920 threadid=1 
deleted block   device:0x14ba18596e00 size:81920 threadid=1 
deleted block   device:0x14ba18507600 size:564736 threadid=1 
deleted block   device:0x14b9e0800000 size:25241600 threadid=1 
deleted block   device:0x14b9da000000 size:25746432 threadid=1 
deleted block   device:0x14b9dba00000 size:25746432 threadid=1 
deleted block   device:0x14b9dd400000 size:25746432 threadid=1 
deleted block   device:0x14b9dee00000 size:25746432 threadid=1 
FATAL ERROR: data in PRESENT clause was not found on device 1: name=mo_atm host:0x9cd3828
 file:/leonardo/home/userexternal/ctica000/MS_thesis/RegCM/Main/mod_output.F90 output line:1049

Hint: specify 0x800 bit in NV_ACC_DEBUG for verbose info.
host:0x85e5a00 device:0x1490cc801a00 size:80 presentcount:0+1 line:-1 name:_mod_bdycod_21
host:0x86776c0 device:0x1490cc801b00 size:96 presentcount:0+1 line:-1 name:_mod_slice_21
host:0x8722900 device:0x1490cc801c00 size:184 presentcount:0+1 line:-1 name:_mod_che_carbonaer_21
host:0x8726c00 device:0x1490cc80aa00 size:500 presentcount:0+1 line:-1 name:_mod_cbmz_integrator_21
host:0x8727280 device:0x1490cc801d00 size:10076 presentcount:0+1 line:-1 name:_mod_cbmz_jacobiansp_21
host:0x8773800 device:0x1490cc80ac00 size:1016 presentcount:0+1 line:-1 name:_mod_rad_o3blk_21
host:0x8781ac0 device:0x1490cc80b000 size:544 presentcount:0+1 line:-1 name:_mod_rad_common_21
host:0x8781f80 device:0x1490cc80b300 size:5136 presentcount:0+1 line:-1 name:_mod_rad_radiation_21
host:0x8799d80 device:0x1490cc80c800 size:52176 presentcount:0+1 line:-1 name:_mod_rad_aerosol_21
host:0x87f4000 device:0x1490cc819400 size:60 presentcount:0+1 line:-1 name:_rrlw_ncpar_21
host:0x87f4540 device:0x1490cc819500 size:468 presentcount:0+1 line:-1 name:_rrsw_ncpar_21
host:0x87f7a40 device:0x1490cc819700 size:4920 presentcount:0+1 line:-1 name:_mod_clm_drydep_21
host:0x8942e80 device:0x1490cc81ab00 size:16 presentcount:0+1 line:-1 name:_mod_clm_slakecon_21
host:0x896c140 device:0x1490cc81ac00 size:176 presentcount:0+1 line:-1 name:_mod_clm_mkarbinit_21
host:0x9c825a0 device:0x1490cc4fa000 size:128 presentcount:0+1 line:561 name:descriptor
host:0x9c867c0 device:0x1490cc81ad00 size:192 presentcount:0+1 line:-1 name:_mod_ipcc_scenario_21
host:0x9c88500 device:0x1490cc81ae00 size:11 presentcount:0+1 line:-1 name:_mod_message_21
host:0x9cb4780 device:0x1490cc81af00 size:15888 presentcount:0+1 line:-1 name:_mod_stdatm_21
host:0x9daac90 device:0x1490cc4fa200 size:176 presentcount:0+1 line:64 name:descriptor
allocated block device:0x1490cc4fa000 size:512 thread:1
allocated block device:0x1490cc4fa200 size:512 thread:1
deleted block   device:0x1490cc591400 size:512 threadid=1 
deleted block   device:0x1490cc591800 size:512 threadid=1 
deleted block   device:0x1490cc4fd400 size:512 threadid=1 
deleted block   device:0x1490cc4fd000 size:512 threadid=1 
deleted block   device:0x1490cc507200 size:512 threadid=1 
deleted block   device:0x1490cc4fd200 size:512 threadid=1 
deleted block   device:0x1490cc591600 size:512 threadid=1 
deleted block   device:0x1490cc4ffe00 size:1024 threadid=1 
deleted block   device:0x1490cc4ff600 size:1024 threadid=1 
deleted block   device:0x1490cc4ffa00 size:1024 threadid=1 
deleted block   device:0x1490cc500200 size:1024 threadid=1 
deleted block   device:0x1490cc596000 size:1536 threadid=1 
deleted block   device:0x1490cc505e00 size:1536 threadid=1 
deleted block   device:0x1490cc4fa400 size:3072 threadid=1 
deleted block   device:0x1490cc506400 size:3584 threadid=1 
deleted block   device:0x1490cc4fb000 size:8192 threadid=1 
deleted block   device:0x1490cc4fd600 size:8192 threadid=1 
deleted block   device:0x1490cc500600 size:16896 threadid=1 
deleted block   device:0x1490cc591a00 size:17920 threadid=1 
deleted block   device:0x1490cc5aa600 size:81920 threadid=1 
deleted block   device:0x1490cc596600 size:81920 threadid=1 
deleted block   device:0x1490cc507400 size:564736 threadid=1 
deleted block   device:0x149094800000 size:25139200 threadid=1 
deleted block   device:0x14908e000000 size:25641984 threadid=1 
deleted block   device:0x14908fa00000 size:25641984 threadid=1 
deleted block   device:0x149091400000 size:25641984 threadid=1 
deleted block   device:0x149092e00000 size:25641984 threadid=1 
FATAL ERROR: data in PRESENT clause was not found on device 1: name=mo_atm host:0x9cd3828
 file:/leonardo/home/userexternal/ctica000/MS_thesis/RegCM/Main/mod_output.F90 output line:1049

[ perf record: Woken up 2872 times to write data ]
[ perf record: Woken up 3136 times to write data ]
[ perf record: Woken up 3137 times to write data ]
[ perf record: Woken up 4237 times to write data ]
[ perf record: Woken up 3139 times to write data ]
[ perf record: Woken up 3133 times to write data ]
[ perf record: Woken up 3135 times to write data ]
[ perf record: Woken up 2921 times to write data ]
[ perf record: Woken up 3135 times to write data ]
[ perf record: Woken up 3134 times to write data ]
[ perf record: Woken up 3139 times to write data ]
[ perf record: Woken up 3135 times to write data ]
[ perf record: Woken up 3136 times to write data ]
[ perf record: Woken up 4641 times to write data ]
[ perf record: Woken up 3135 times to write data ]
[ perf record: Captured and wrote 718.351 MB /leonardo_scratch/large/userexternal/ctica000/perf/with_IO/sequential_write/perf_22959547/perf.data.rank3 (89111 samples) ]
[ perf record: Captured and wrote 716.206 MB /leonardo_scratch/large/userexternal/ctica000/perf/with_IO/sequential_write/perf_22959547/perf.data.rank1 (88845 samples) ]
[ perf record: Captured and wrote 730.648 MB /leonardo_scratch/large/userexternal/ctica000/perf/with_IO/sequential_write/perf_22959547/perf.data.rank2 (90637 samples) ]
[ perf record: Captured and wrote 784.370 MB /leonardo_scratch/large/userexternal/ctica000/perf/with_IO/sequential_write/perf_22959547/perf.data.rank8 (97302 samples) ]
[ perf record: Captured and wrote 783.727 MB /leonardo_scratch/large/userexternal/ctica000/perf/with_IO/sequential_write/perf_22959547/perf.data.rank4 (97225 samples) ]
[ perf record: Captured and wrote 784.302 MB /leonardo_scratch/large/userexternal/ctica000/perf/with_IO/sequential_write/perf_22959547/perf.data.rank7 (97294 samples) ]
[ perf record: Captured and wrote 784.898 MB /leonardo_scratch/large/userexternal/ctica000/perf/with_IO/sequential_write/perf_22959547/perf.data.rank10 (97367 samples) ]
[ perf record: Captured and wrote 783.620 MB /leonardo_scratch/large/userexternal/ctica000/perf/with_IO/sequential_write/perf_22959547/perf.data.rank11 (97212 samples) ]
[ perf record: Captured and wrote 784.440 MB /leonardo_scratch/large/userexternal/ctica000/perf/with_IO/sequential_write/perf_22959547/perf.data.rank5 (97313 samples) ]
[ perf record: Captured and wrote 784.043 MB /leonardo_scratch/large/userexternal/ctica000/perf/with_IO/sequential_write/perf_22959547/perf.data.rank9 (97260 samples) ]
[ perf record: Captured and wrote 784.113 MB /leonardo_scratch/large/userexternal/ctica000/perf/with_IO/sequential_write/perf_22959547/perf.data.rank12 (97274 samples) ]
[ perf record: Captured and wrote 784.149 MB /leonardo_scratch/large/userexternal/ctica000/perf/with_IO/sequential_write/perf_22959547/perf.data.rank14 (97278 samples) ]
[ perf record: Captured and wrote 784.316 MB /leonardo_scratch/large/userexternal/ctica000/perf/with_IO/sequential_write/perf_22959547/perf.data.rank6 (97298 samples) ]
[ perf record: Captured and wrote 783.823 MB /leonardo_scratch/large/userexternal/ctica000/perf/with_IO/sequential_write/perf_22959547/perf.data.rank15 (97238 samples) ]
[ perf record: Captured and wrote 784.019 MB /leonardo_scratch/large/userexternal/ctica000/perf/with_IO/sequential_write/perf_22959547/perf.data.rank13 (97262 samples) ]
srun: error: lrdn2827: tasks 8-11: Exited with exit code 1
[ perf record: Woken up 3856 times to write data ]
[ perf record: Captured and wrote 964.321 MB /leonardo_scratch/large/userexternal/ctica000/perf/with_IO/sequential_write/perf_22959547/perf.data.rank0 (119365 samples) ]
srun: error: lrdn2826: tasks 4-7: Exited with exit code 1
slurmstepd: error:  mpi/pmix_v3: _errhandler: lrdn2828 [3]: pmixp_client_v2.c:212: Error handler invoked: status = -25, source = [slurm.pmix.22959547.0:12]
slurmstepd: error: *** STEP 22959547.0 ON lrdn2825 CANCELLED AT 2025-10-27T09:06:18 ***
srun: Job step aborted: Waiting up to 182 seconds for job step to finish.
srun: error: lrdn2825: task 0: Killed
srun: error: lrdn2825: tasks 1-3: Exited with exit code 1
srun: error: lrdn2828: tasks 12-15: Killed
