[ perf record: Woken up 24626 times to write data ]
[ perf record: Woken up 24571 times to write data ]
[ perf record: Woken up 24656 times to write data ]
[ perf record: Woken up 24622 times to write data ]
[ perf record: Woken up 24587 times to write data ]
[ perf record: Woken up 24608 times to write data ]
[ perf record: Woken up 24628 times to write data ]
[ perf record: Woken up 26329 times to write data ]
[ perf record: Woken up 26315 times to write data ]
[ perf record: Woken up 26282 times to write data ]
[ perf record: Woken up 26644 times to write data ]
[ perf record: Woken up 26977 times to write data ]
Warning:
Processed 794292 events and lost 1 chunks!

Check IO/CPU overload!

Warning:
Processed 794188 events and lost 3 chunks!

Check IO/CPU overload!

[ perf record: Captured and wrote 6152.303 MB /leonardo_scratch/large/userexternal/ctica000/perf/with_IO/sequential_write/perf_21785955/perf.data.rank9 (763416 samples) ]
[ perf record: Captured and wrote 6164.378 MB /leonardo_scratch/large/userexternal/ctica000/perf/with_IO/sequential_write/perf_21785955/perf.data.rank10 (764920 samples) ]
[ perf record: Captured and wrote 6151.543 MB /leonardo_scratch/large/userexternal/ctica000/perf/with_IO/sequential_write/perf_21785955/perf.data.rank11 (763415 samples) ]
[ perf record: Captured and wrote 6147.079 MB /leonardo_scratch/large/userexternal/ctica000/perf/with_IO/sequential_write/perf_21785955/perf.data.rank5 (762860 samples) ]
[ perf record: Captured and wrote 6142.919 MB /leonardo_scratch/large/userexternal/ctica000/perf/with_IO/sequential_write/perf_21785955/perf.data.rank6 (762344 samples) ]
[ perf record: Captured and wrote 6157.353 MB /leonardo_scratch/large/userexternal/ctica000/perf/with_IO/sequential_write/perf_21785955/perf.data.rank7 (764049 samples) ]
[ perf record: Captured and wrote 6156.624 MB /leonardo_scratch/large/userexternal/ctica000/perf/with_IO/sequential_write/perf_21785955/perf.data.rank12 (764058 samples) ]
[ perf record: Captured and wrote 6158.638 MB /leonardo_scratch/large/userexternal/ctica000/perf/with_IO/sequential_write/perf_21785955/perf.data.rank13 (764308 samples) ]
[ perf record: Captured and wrote 6156.084 MB /leonardo_scratch/large/userexternal/ctica000/perf/with_IO/sequential_write/perf_21785955/perf.data.rank14 (763991 samples) ]
[ perf record: Captured and wrote 6155.576 MB /leonardo_scratch/large/userexternal/ctica000/perf/with_IO/sequential_write/perf_21785955/perf.data.rank15 (763919 samples) ]
[ perf record: Captured and wrote 6156.646 MB /leonardo_scratch/large/userexternal/ctica000/perf/with_IO/sequential_write/perf_21785955/perf.data.rank8 (763961 samples) ]
[ perf record: Captured and wrote 6143.788 MB /leonardo_scratch/large/userexternal/ctica000/perf/with_IO/sequential_write/perf_21785955/perf.data.rank4 (762452 samples) ]
[ perf record: Woken up 24366 times to write data ]
[ perf record: Woken up 25783 times to write data ]
[ perf record: Woken up 24501 times to write data ]
[ perf record: Woken up 27077 times to write data ]
[ perf record: Captured and wrote 6091.495 MB /leonardo_scratch/large/userexternal/ctica000/perf/with_IO/sequential_write/perf_21785955/perf.data.rank3 (755962 samples) ]
[ perf record: Captured and wrote 6092.116 MB /leonardo_scratch/large/userexternal/ctica000/perf/with_IO/sequential_write/perf_21785955/perf.data.rank1 (756039 samples) ]
[ perf record: Captured and wrote 6103.672 MB /leonardo_scratch/large/userexternal/ctica000/perf/with_IO/sequential_write/perf_21785955/perf.data.rank2 (757473 samples) ]
[ perf record: Captured and wrote 6346.686 MB /leonardo_scratch/large/userexternal/ctica000/perf/with_IO/sequential_write/perf_21785955/perf.data.rank0 (784817 samples) ]
