[ perf record: Woken up 23643 times to write data ]
[ perf record: Woken up 23675 times to write data ]
[ perf record: Woken up 23623 times to write data ]
[ perf record: Woken up 23639 times to write data ]
[ perf record: Woken up 23615 times to write data ]
[ perf record: Woken up 23660 times to write data ]
[ perf record: Woken up 23557 times to write data ]
[ perf record: Woken up 23721 times to write data ]
[ perf record: Woken up 25419 times to write data ]
[ perf record: Woken up 24882 times to write data ]
[ perf record: Woken up 25241 times to write data ]
[ perf record: Woken up 25252 times to write data ]
Warning:
Processed 763370 events and lost 10 chunks!

Check IO/CPU overload!

Warning:
Processed 763973 events and lost 2 chunks!

Check IO/CPU overload!

Warning:
Processed 770764 events and lost 6 chunks!

Check IO/CPU overload!

Warning:
Processed 763469 events and lost 1 chunks!

Check IO/CPU overload!

Warning:
Processed 771074 events and lost 2 chunks!

Check IO/CPU overload!

Warning:
Processed 763054 events and lost 3 chunks!

Check IO/CPU overload!

Warning:
Processed 761148 events and lost 6 chunks!

Check IO/CPU overload!

Warning:
Processed 763488 events and lost 3 chunks!

Check IO/CPU overload!

Warning:
Processed 770230 events and lost 13 chunks!

Check IO/CPU overload!

Warning:
Processed 762310 events and lost 2 chunks!

Check IO/CPU overload!

Warning:
Processed 763781 events and lost 2 chunks!

Check IO/CPU overload!

Warning:
Processed 771706 events and lost 2 chunks!

Check IO/CPU overload!

[ perf record: Captured and wrote 5915.314 MB /leonardo_scratch/large/userexternal/ctica000/perf/with_IO/sequential_write/perf_21768801/perf.data.rank14 (734107 samples) ]
[ perf record: Captured and wrote 5915.320 MB /leonardo_scratch/large/userexternal/ctica000/perf/with_IO/sequential_write/perf_21768801/perf.data.rank12 (734108 samples) ]
[ perf record: Captured and wrote 5919.252 MB /leonardo_scratch/large/userexternal/ctica000/perf/with_IO/sequential_write/perf_21768801/perf.data.rank13 (734596 samples) ]
[ perf record: Captured and wrote 5889.653 MB /leonardo_scratch/large/userexternal/ctica000/perf/with_IO/sequential_write/perf_21768801/perf.data.rank11 (730910 samples) ]
[ perf record: Captured and wrote 5910.073 MB /leonardo_scratch/large/userexternal/ctica000/perf/with_IO/sequential_write/perf_21768801/perf.data.rank9 (733351 samples) ]
[ perf record: Captured and wrote 5911.329 MB /leonardo_scratch/large/userexternal/ctica000/perf/with_IO/sequential_write/perf_21768801/perf.data.rank10 (733513 samples) ]
[ perf record: Captured and wrote 5912.395 MB /leonardo_scratch/large/userexternal/ctica000/perf/with_IO/sequential_write/perf_21768801/perf.data.rank15 (733736 samples) ]
[ perf record: Captured and wrote 5918.805 MB /leonardo_scratch/large/userexternal/ctica000/perf/with_IO/sequential_write/perf_21768801/perf.data.rank8 (734441 samples) ]
[ perf record: Captured and wrote 5904.177 MB /leonardo_scratch/large/userexternal/ctica000/perf/with_IO/sequential_write/perf_21768801/perf.data.rank6 (732712 samples) ]
[ perf record: Captured and wrote 5907.457 MB /leonardo_scratch/large/userexternal/ctica000/perf/with_IO/sequential_write/perf_21768801/perf.data.rank7 (733033 samples) ]
[ perf record: Captured and wrote 5898.383 MB /leonardo_scratch/large/userexternal/ctica000/perf/with_IO/sequential_write/perf_21768801/perf.data.rank4 (731993 samples) ]
[ perf record: Captured and wrote 5906.204 MB /leonardo_scratch/large/userexternal/ctica000/perf/with_IO/sequential_write/perf_21768801/perf.data.rank5 (732963 samples) ]
[ perf record: Woken up 23402 times to write data ]
[ perf record: Woken up 24728 times to write data ]
[ perf record: Woken up 25788 times to write data ]
[ perf record: Woken up 25959 times to write data ]
Warning:
Processed 756182 events and lost 6 chunks!

Check IO/CPU overload!

Warning:
Processed 757234 events and lost 7 chunks!

Check IO/CPU overload!

Warning:
Processed 756080 events and lost 12 chunks!

Check IO/CPU overload!

[ perf record: Captured and wrote 5850.642 MB /leonardo_scratch/large/userexternal/ctica000/perf/with_IO/sequential_write/perf_21768801/perf.data.rank1 (726068 samples) ]
[ perf record: Captured and wrote 5849.875 MB /leonardo_scratch/large/userexternal/ctica000/perf/with_IO/sequential_write/perf_21768801/perf.data.rank3 (725973 samples) ]
[ perf record: Captured and wrote 5858.526 MB /leonardo_scratch/large/userexternal/ctica000/perf/with_IO/sequential_write/perf_21768801/perf.data.rank2 (727046 samples) ]
Warning:
Processed 1005807 events and lost 24 chunks!

Check IO/CPU overload!

[ perf record: Captured and wrote 6081.124 MB /leonardo_scratch/large/userexternal/ctica000/perf/with_IO/sequential_write/perf_21768801/perf.data.rank0 (751865 samples) ]
