[ perf record: Woken up 23509 times to write data ]
[ perf record: Woken up 23503 times to write data ]
[ perf record: Woken up 23477 times to write data ]
[ perf record: Woken up 23528 times to write data ]
[ perf record: Woken up 23568 times to write data ]
[ perf record: Woken up 23469 times to write data ]
[ perf record: Woken up 23538 times to write data ]
[ perf record: Woken up 23510 times to write data ]
[ perf record: Woken up 23521 times to write data ]
[ perf record: Woken up 26050 times to write data ]
[ perf record: Woken up 23520 times to write data ]
[ perf record: Woken up 24810 times to write data ]
Warning:
Processed 759659 events and lost 1 chunks!

Check IO/CPU overload!

Warning:
Processed 759247 events and lost 1 chunks!

Check IO/CPU overload!

Warning:
Processed 758374 events and lost 1 chunks!

Check IO/CPU overload!

Warning:
Processed 759607 events and lost 4 chunks!

Check IO/CPU overload!

Warning:
Processed 768373 events and lost 1 chunks!

Check IO/CPU overload!

Warning:
Processed 767273 events and lost 5 chunks!

Check IO/CPU overload!

[ perf record: Captured and wrote 5867.893 MB /leonardo_scratch/large/userexternal/ctica000/perf/with_IO/sequential_write/perf_21767583/perf.data.rank4 (728209 samples) ]
[ perf record: Captured and wrote 5869.575 MB /leonardo_scratch/large/userexternal/ctica000/perf/with_IO/sequential_write/perf_21767583/perf.data.rank6 (728417 samples) ]
[ perf record: Captured and wrote 5877.542 MB /leonardo_scratch/large/userexternal/ctica000/perf/with_IO/sequential_write/perf_21767583/perf.data.rank5 (729406 samples) ]
Warning:
Processed 766782 events and lost 1 chunks!

Check IO/CPU overload!

[ perf record: Captured and wrote 5876.216 MB /leonardo_scratch/large/userexternal/ctica000/perf/with_IO/sequential_write/perf_21767583/perf.data.rank9 (729148 samples) ]
[ perf record: Captured and wrote 5892.306 MB /leonardo_scratch/large/userexternal/ctica000/perf/with_IO/sequential_write/perf_21767583/perf.data.rank10 (731151 samples) ]
[ perf record: Captured and wrote 5884.432 MB /leonardo_scratch/large/userexternal/ctica000/perf/with_IO/sequential_write/perf_21767583/perf.data.rank7 (730175 samples) ]
[ perf record: Captured and wrote 5877.779 MB /leonardo_scratch/large/userexternal/ctica000/perf/with_IO/sequential_write/perf_21767583/perf.data.rank11 (729436 samples) ]
[ perf record: Captured and wrote 5880.384 MB /leonardo_scratch/large/userexternal/ctica000/perf/with_IO/sequential_write/perf_21767583/perf.data.rank8 (729672 samples) ]
[ perf record: Captured and wrote 5880.688 MB /leonardo_scratch/large/userexternal/ctica000/perf/with_IO/sequential_write/perf_21767583/perf.data.rank12 (729809 samples) ]
[ perf record: Captured and wrote 5882.472 MB /leonardo_scratch/large/userexternal/ctica000/perf/with_IO/sequential_write/perf_21767583/perf.data.rank14 (730031 samples) ]
[ perf record: Captured and wrote 5884.940 MB /leonardo_scratch/large/userexternal/ctica000/perf/with_IO/sequential_write/perf_21767583/perf.data.rank13 (730337 samples) ]
[ perf record: Captured and wrote 5880.159 MB /leonardo_scratch/large/userexternal/ctica000/perf/with_IO/sequential_write/perf_21767583/perf.data.rank15 (729735 samples) ]
[ perf record: Woken up 23413 times to write data ]
[ perf record: Woken up 24684 times to write data ]
[ perf record: Woken up 23553 times to write data ]
[ perf record: Woken up 24066 times to write data ]
Warning:
Processed 754309 events and lost 2 chunks!

Check IO/CPU overload!

Warning:
Processed 754641 events and lost 3 chunks!

Check IO/CPU overload!

[ perf record: Captured and wrote 5836.107 MB /leonardo_scratch/large/userexternal/ctica000/perf/with_IO/sequential_write/perf_21767583/perf.data.rank1 (724264 samples) ]
[ perf record: Captured and wrote 5853.458 MB /leonardo_scratch/large/userexternal/ctica000/perf/with_IO/sequential_write/perf_21767583/perf.data.rank2 (726417 samples) ]
[ perf record: Captured and wrote 5838.662 MB /leonardo_scratch/large/userexternal/ctica000/perf/with_IO/sequential_write/perf_21767583/perf.data.rank3 (724581 samples) ]
Warning:
Processed 998279 events and lost 1 chunks!

Check IO/CPU overload!

[ perf record: Captured and wrote 6017.064 MB /leonardo_scratch/large/userexternal/ctica000/perf/with_IO/sequential_write/perf_21767583/perf.data.rank0 (743905 samples) ]
