Failing in Thread:1
Accelerator Fatal Error: call to cuStreamSynchronize returned error 700 (CUDA_ERROR_ILLEGAL_ADDRESS): Illegal address during kernel execution
 File: /leonardo/home/userexternal/ctica000/MS_thesis/RegCM/Main/mod_output.F90
 Function: output:60
 Line: 1067

Failing in Thread:1
Accelerator Fatal Error: call to cuStreamSynchronize returned error 700 (CUDA_ERROR_ILLEGAL_ADDRESS): Illegal address during kernel execution
 File: /leonardo/home/userexternal/ctica000/MS_thesis/RegCM/Main/mod_output.F90
 Function: output:60
 Line: 1067

Failing in Thread:1
Accelerator Fatal Error: call to cuStreamSynchronize returned error 700 (CUDA_ERROR_ILLEGAL_ADDRESS): Illegal address during kernel execution
 File: /leonardo/home/userexternal/ctica000/MS_thesis/RegCM/Main/mod_output.F90
 Function: output:60
 Line: 1067

Failing in Thread:1
Accelerator Fatal Error: call to cuStreamSynchronize returned error 700 (CUDA_ERROR_ILLEGAL_ADDRESS): Illegal address during kernel execution
 File: /leonardo/home/userexternal/ctica000/MS_thesis/RegCM/Main/mod_output.F90
 Function: output:60
 Line: 1067

Failing in Thread:1
Accelerator Fatal Error: call to cuStreamSynchronize returned error 700 (CUDA_ERROR_ILLEGAL_ADDRESS): Illegal address during kernel execution
 File: /leonardo/home/userexternal/ctica000/MS_thesis/RegCM/Main/mod_output.F90
 Function: output:60
 Line: 1067

Failing in Thread:1
Accelerator Fatal Error: call to cuStreamSynchronize returned error 700 (CUDA_ERROR_ILLEGAL_ADDRESS): Illegal address during kernel execution
 File: /leonardo/home/userexternal/ctica000/MS_thesis/RegCM/Main/mod_output.F90
 Function: output:60
 Line: 1067

Failing in Thread:1
Accelerator Fatal Error: call to cuStreamSynchronize returned error 700 (CUDA_ERROR_ILLEGAL_ADDRESS): Illegal address during kernel execution
 File: /leonardo/home/userexternal/ctica000/MS_thesis/RegCM/Main/mod_output.F90
 Function: output:60
 Line: 1067

Failing in Thread:1
Accelerator Fatal Error: call to cuStreamSynchronize returned error 700 (CUDA_ERROR_ILLEGAL_ADDRESS): Illegal address during kernel execution
 File: /leonardo/home/userexternal/ctica000/MS_thesis/RegCM/Main/mod_output.F90
 Function: output:60
 Line: 1067

Failing in Thread:1
Accelerator Fatal Error: call to cuStreamSynchronize returned error 700 (CUDA_ERROR_ILLEGAL_ADDRESS): Illegal address during kernel execution
 File: /leonardo/home/userexternal/ctica000/MS_thesis/RegCM/Main/mod_output.F90
 Function: output:60
 Line: 1067

Failing in Thread:1
Accelerator Fatal Error: call to cuStreamSynchronize returned error 700 (CUDA_ERROR_ILLEGAL_ADDRESS): Illegal address during kernel execution
 File: /leonardo/home/userexternal/ctica000/MS_thesis/RegCM/Main/mod_output.F90
 Function: output:60
 Line: 1067

Failing in Thread:1
Accelerator Fatal Error: call to cuStreamSynchronize returned error 700 (CUDA_ERROR_ILLEGAL_ADDRESS): Illegal address during kernel execution
 File: /leonardo/home/userexternal/ctica000/MS_thesis/RegCM/Main/mod_output.F90
 Function: output:60
 Line: 1067

Failing in Thread:1
Accelerator Fatal Error: call to cuStreamSynchronize returned error 700 (CUDA_ERROR_ILLEGAL_ADDRESS): Illegal address during kernel execution
 File: /leonardo/home/userexternal/ctica000/MS_thesis/RegCM/Main/mod_output.F90
 Function: output:60
 Line: 1067

Failing in Thread:1
Accelerator Fatal Error: call to cuStreamSynchronize returned error 700 (CUDA_ERROR_ILLEGAL_ADDRESS): Illegal address during kernel execution
 File: /leonardo/home/userexternal/ctica000/MS_thesis/RegCM/Main/mod_output.F90
 Function: output:60
 Line: 1067

Failing in Thread:1
Accelerator Fatal Error: call to cuStreamSynchronize returned error 700 (CUDA_ERROR_ILLEGAL_ADDRESS): Illegal address during kernel execution
 File: /leonardo/home/userexternal/ctica000/MS_thesis/RegCM/Main/mod_output.F90
 Function: output:60
 Line: 1067

[ perf record: Woken up 2974 times to write data ]
Failing in Thread:1
Accelerator Fatal Error: call to cuStreamSynchronize returned error 700 (CUDA_ERROR_ILLEGAL_ADDRESS): Illegal address during kernel execution
 File: /leonardo/home/userexternal/ctica000/MS_thesis/RegCM/Main/mod_output.F90
 Function: output:60
 Line: 1067

Failing in Thread:1
Accelerator Fatal Error: call to cuStreamSynchronize returned error 700 (CUDA_ERROR_ILLEGAL_ADDRESS): Illegal address during kernel execution
 File: /leonardo/home/userexternal/ctica000/MS_thesis/RegCM/Main/mod_output.F90
 Function: output:60
 Line: 1067

[ perf record: Woken up 3153 times to write data ]
[ perf record: Woken up 2971 times to write data ]
[ perf record: Woken up 2939 times to write data ]
[ perf record: Captured and wrote 743.663 MB /leonardo_scratch/large/userexternal/ctica000/perf/with_IO/sequential_write/perf_23240618/perf.data.rank3 (92253 samples) ]
[ perf record: Captured and wrote 743.055 MB /leonardo_scratch/large/userexternal/ctica000/perf/with_IO/sequential_write/perf_23240618/perf.data.rank1 (92177 samples) ]
[ perf record: Woken up 3160 times to write data ]
[ perf record: Captured and wrote 735.111 MB /leonardo_scratch/large/userexternal/ctica000/perf/with_IO/sequential_write/perf_23240618/perf.data.rank2 (91191 samples) ]
[ perf record: Woken up 3160 times to write data ]
[ perf record: Woken up 3157 times to write data ]
[ perf record: Captured and wrote 788.703 MB /leonardo_scratch/large/userexternal/ctica000/perf/with_IO/sequential_write/perf_23240618/perf.data.rank11 (97843 samples) ]
[ perf record: Woken up 3158 times to write data ]
[ perf record: Captured and wrote 790.330 MB /leonardo_scratch/large/userexternal/ctica000/perf/with_IO/sequential_write/perf_23240618/perf.data.rank9 (98040 samples) ]
[ perf record: Captured and wrote 790.237 MB /leonardo_scratch/large/userexternal/ctica000/perf/with_IO/sequential_write/perf_23240618/perf.data.rank10 (98029 samples) ]
[ perf record: Captured and wrote 789.835 MB /leonardo_scratch/large/userexternal/ctica000/perf/with_IO/sequential_write/perf_23240618/perf.data.rank8 (97980 samples) ]
[ perf record: Woken up 3155 times to write data ]
[ perf record: Woken up 3154 times to write data ]
[ perf record: Captured and wrote 789.660 MB /leonardo_scratch/large/userexternal/ctica000/perf/with_IO/sequential_write/perf_23240618/perf.data.rank7 (97959 samples) ]
[ perf record: Woken up 3156 times to write data ]
[ perf record: Captured and wrote 788.957 MB /leonardo_scratch/large/userexternal/ctica000/perf/with_IO/sequential_write/perf_23240618/perf.data.rank6 (97874 samples) ]
srun: error: lrdn0253: tasks 1-3: Exited with exit code 1
[ perf record: Captured and wrote 788.613 MB /leonardo_scratch/large/userexternal/ctica000/perf/with_IO/sequential_write/perf_23240618/perf.data.rank5 (97831 samples) ]
[ perf record: Woken up 3159 times to write data ]
[ perf record: Woken up 3157 times to write data ]
srun: error: lrdn0853: task 7: Exited with exit code 1
[ perf record: Woken up 3706 times to write data ]
srun: error: lrdn2442: tasks 8-11: Exited with exit code 1
[ perf record: Captured and wrote 789.059 MB /leonardo_scratch/large/userexternal/ctica000/perf/with_IO/sequential_write/perf_23240618/perf.data.rank4 (97887 samples) ]
[ perf record: Woken up 3153 times to write data ]
[ perf record: Woken up 3163 times to write data ]
[ perf record: Captured and wrote 789.868 MB /leonardo_scratch/large/userexternal/ctica000/perf/with_IO/sequential_write/perf_23240618/perf.data.rank12 (97988 samples) ]
[ perf record: Captured and wrote 927.031 MB /leonardo_scratch/large/userexternal/ctica000/perf/with_IO/sequential_write/perf_23240618/perf.data.rank0 (114737 samples) ]
[ perf record: Captured and wrote 789.299 MB /leonardo_scratch/large/userexternal/ctica000/perf/with_IO/sequential_write/perf_23240618/perf.data.rank15 (97918 samples) ]
[ perf record: Captured and wrote 788.585 MB /leonardo_scratch/large/userexternal/ctica000/perf/with_IO/sequential_write/perf_23240618/perf.data.rank14 (97829 samples) ]
[ perf record: Captured and wrote 790.991 MB /leonardo_scratch/large/userexternal/ctica000/perf/with_IO/sequential_write/perf_23240618/perf.data.rank13 (98127 samples) ]
slurmstepd: error: *** STEP 23240618.0 ON lrdn0253 CANCELLED AT 2025-10-30T08:29:40 ***
srun: Job step aborted: Waiting up to 182 seconds for job step to finish.
srun: error: lrdn0253: task 0: Killed
srun: error: lrdn0853: tasks 4-6: Killed
srun: error: lrdn2676: tasks 12-15: Killed
