Failing in Thread:1
Accelerator Fatal Error: call to cuStreamSynchronize returned error 700 (CUDA_ERROR_ILLEGAL_ADDRESS): Illegal address during kernel execution
 File: /leonardo/home/userexternal/ctica000/MS_thesis/RegCM/Main/mod_output.F90
 Function: output:60
 Line: 1067

Failing in Thread:1
Accelerator Fatal Error: call to cuStreamSynchronize returned error 700 (CUDA_ERROR_ILLEGAL_ADDRESS): Illegal address during kernel execution
 File: /leonardo/home/userexternal/ctica000/MS_thesis/RegCM/Main/mod_output.F90
 Function: output:60
 Line: 1067

Failing in Thread:1
Accelerator Fatal Error: call to cuStreamSynchronize returned error 700 (CUDA_ERROR_ILLEGAL_ADDRESS): Illegal address during kernel execution
 File: /leonardo/home/userexternal/ctica000/MS_thesis/RegCM/Main/mod_output.F90
 Function: output:60
 Line: 1067

Failing in Thread:1
Accelerator Fatal Error: call to cuStreamSynchronize returned error 700 (CUDA_ERROR_ILLEGAL_ADDRESS): Illegal address during kernel execution
 File: /leonardo/home/userexternal/ctica000/MS_thesis/RegCM/Main/mod_output.F90
 Function: output:60
 Line: 1067

Failing in Thread:1
Accelerator Fatal Error: call to cuStreamSynchronize returned error 700 (CUDA_ERROR_ILLEGAL_ADDRESS): Illegal address during kernel execution
 File: /leonardo/home/userexternal/ctica000/MS_thesis/RegCM/Main/mod_output.F90
 Function: output:60
 Line: 1067

Failing in Thread:1
Accelerator Fatal Error: call to cuStreamSynchronize returned error 700 (CUDA_ERROR_ILLEGAL_ADDRESS): Illegal address during kernel execution
 File: /leonardo/home/userexternal/ctica000/MS_thesis/RegCM/Main/mod_output.F90
 Function: output:60
 Line: 1067

Failing in Thread:1
Accelerator Fatal Error: call to cuStreamSynchronize returned error 700 (CUDA_ERROR_ILLEGAL_ADDRESS): Illegal address during kernel execution
 File: /leonardo/home/userexternal/ctica000/MS_thesis/RegCM/Main/mod_output.F90
 Function: output:60
 Line: 1067

Failing in Thread:1
Failing in Thread:1
Failing in Thread:1
Accelerator Fatal Error: call to cuStreamSynchronize returned error 700 (CUDA_ERROR_ILLEGAL_ADDRESS): Illegal address during kernel execution
 File: /leonardo/home/userexternal/ctica000/MS_thesis/RegCM/Main/mod_output.F90
 Function: output:60
 Line: 1067

Accelerator Fatal Error: call to cuStreamSynchronize returned error 700 (CUDA_ERROR_ILLEGAL_ADDRESS): Illegal address during kernel execution
 File: /leonardo/home/userexternal/ctica000/MS_thesis/RegCM/Main/mod_output.F90
 Function: output:60
 Line: 1067

Accelerator Fatal Error: call to cuStreamSynchronize returned error 700 (CUDA_ERROR_ILLEGAL_ADDRESS): Illegal address during kernel execution
 File: /leonardo/home/userexternal/ctica000/MS_thesis/RegCM/Main/mod_output.F90
 Function: output:60
 Line: 1067

Failing in Thread:1
Accelerator Fatal Error: call to cuStreamSynchronize returned error 700 (CUDA_ERROR_ILLEGAL_ADDRESS): Illegal address during kernel execution
 File: /leonardo/home/userexternal/ctica000/MS_thesis/RegCM/Main/mod_output.F90
 Function: output:60
 Line: 1067

Failing in Thread:1
Accelerator Fatal Error: call to cuStreamSynchronize returned error 700 (CUDA_ERROR_ILLEGAL_ADDRESS): Illegal address during kernel execution
 File: /leonardo/home/userexternal/ctica000/MS_thesis/RegCM/Main/mod_output.F90
 Function: output:60
 Line: 1067

Failing in Thread:1
Accelerator Fatal Error: call to cuStreamSynchronize returned error 700 (CUDA_ERROR_ILLEGAL_ADDRESS): Illegal address during kernel execution
 File: /leonardo/home/userexternal/ctica000/MS_thesis/RegCM/Main/mod_output.F90
 Function: output:60
 Line: 1067

Failing in Thread:1
Accelerator Fatal Error: call to cuStreamSynchronize returned error 700 (CUDA_ERROR_ILLEGAL_ADDRESS): Illegal address during kernel execution
 File: /leonardo/home/userexternal/ctica000/MS_thesis/RegCM/Main/mod_output.F90
 Function: output:60
 Line: 1067

Failing in Thread:1
Failing in Thread:1
Accelerator Fatal Error: call to cuStreamSynchronize returned error 700 (CUDA_ERROR_ILLEGAL_ADDRESS): Illegal address during kernel execution
 File: /leonardo/home/userexternal/ctica000/MS_thesis/RegCM/Main/mod_output.F90
 Function: output:60
 Line: 1067

Accelerator Fatal Error: call to cuStreamSynchronize returned error 700 (CUDA_ERROR_ILLEGAL_ADDRESS): Illegal address during kernel execution
 File: /leonardo/home/userexternal/ctica000/MS_thesis/RegCM/Main/mod_output.F90
 Function: output:60
 Line: 1067

[ perf record: Woken up 3026 times to write data ]
[ perf record: Woken up 3224 times to write data ]
[ perf record: Woken up 3002 times to write data ]
[ perf record: Woken up 3220 times to write data ]
[ perf record: Captured and wrote 756.901 MB /leonardo_scratch/large/userexternal/ctica000/perf/with_IO/sequential_write/perf_23242027/perf.data.rank3 (93896 samples) ]
[ perf record: Woken up 3030 times to write data ]
[ perf record: Captured and wrote 806.569 MB /leonardo_scratch/large/userexternal/ctica000/perf/with_IO/sequential_write/perf_23242027/perf.data.rank12 (100061 samples) ]
[ perf record: Woken up 3223 times to write data ]
[ perf record: Woken up 3224 times to write data ]
[ perf record: Captured and wrote 750.953 MB /leonardo_scratch/large/userexternal/ctica000/perf/with_IO/sequential_write/perf_23242027/perf.data.rank2 (93157 samples) ]
[ perf record: Captured and wrote 805.286 MB /leonardo_scratch/large/userexternal/ctica000/perf/with_IO/sequential_write/perf_23242027/perf.data.rank14 (99902 samples) ]
[ perf record: Captured and wrote 757.521 MB /leonardo_scratch/large/userexternal/ctica000/perf/with_IO/sequential_write/perf_23242027/perf.data.rank1 (93973 samples) ]
[ perf record: Woken up 3227 times to write data ]
[ perf record: Captured and wrote 805.944 MB /leonardo_scratch/large/userexternal/ctica000/perf/with_IO/sequential_write/perf_23242027/perf.data.rank13 (99983 samples) ]
srun: error: lrdn0575: task 12: Exited with exit code 1
[ perf record: Captured and wrote 806.258 MB /leonardo_scratch/large/userexternal/ctica000/perf/with_IO/sequential_write/perf_23242027/perf.data.rank15 (100023 samples) ]
[ perf record: Woken up 3225 times to write data ]
[ perf record: Woken up 3226 times to write data ]
[ perf record: Woken up 3226 times to write data ]
[ perf record: Captured and wrote 806.857 MB /leonardo_scratch/large/userexternal/ctica000/perf/with_IO/sequential_write/perf_23242027/perf.data.rank7 (100093 samples) ]
[ perf record: Woken up 3230 times to write data ]
[ perf record: Woken up 3227 times to write data ]
[ perf record: Woken up 3226 times to write data ]
[ perf record: Captured and wrote 806.709 MB /leonardo_scratch/large/userexternal/ctica000/perf/with_IO/sequential_write/perf_23242027/perf.data.rank11 (100077 samples) ]
[ perf record: Woken up 3224 times to write data ]
[ perf record: Captured and wrote 806.623 MB /leonardo_scratch/large/userexternal/ctica000/perf/with_IO/sequential_write/perf_23242027/perf.data.rank4 (100067 samples) ]
[ perf record: Captured and wrote 806.765 MB /leonardo_scratch/large/userexternal/ctica000/perf/with_IO/sequential_write/perf_23242027/perf.data.rank10 (100081 samples) ]
[ perf record: Woken up 3800 times to write data ]
[ perf record: Captured and wrote 807.822 MB /leonardo_scratch/large/userexternal/ctica000/perf/with_IO/sequential_write/perf_23242027/perf.data.rank5 (100215 samples) ]
[ perf record: Captured and wrote 807.079 MB /leonardo_scratch/large/userexternal/ctica000/perf/with_IO/sequential_write/perf_23242027/perf.data.rank9 (100119 samples) ]
[ perf record: Captured and wrote 806.657 MB /leonardo_scratch/large/userexternal/ctica000/perf/with_IO/sequential_write/perf_23242027/perf.data.rank6 (100071 samples) ]
Warning:
Processed 106282 events and lost 1 chunks!

Check IO/CPU overload!

[ perf record: Captured and wrote 806.329 MB /leonardo_scratch/large/userexternal/ctica000/perf/with_IO/sequential_write/perf_23242027/perf.data.rank8 (100027 samples) ]
[ perf record: Captured and wrote 950.544 MB /leonardo_scratch/large/userexternal/ctica000/perf/with_IO/sequential_write/perf_23242027/perf.data.rank0 (117656 samples) ]
slurmstepd: error:  mpi/pmix_v3: _errhandler: lrdn0575 [3]: pmixp_client_v2.c:212: Error handler invoked: status = -25, source = [slurm.pmix.23242027.0:12]
slurmstepd: error: *** STEP 23242027.0 ON lrdn0546 CANCELLED AT 2025-10-30T09:48:16 ***
srun: Job step aborted: Waiting up to 182 seconds for job step to finish.
srun: error: lrdn0546: task 0: Killed
srun: error: lrdn0546: tasks 1-3: Exited with exit code 1
srun: error: lrdn0563: tasks 8-10: Exited with exit code 1
srun: error: lrdn0563: task 11: Killed
srun: error: lrdn0559: tasks 4-7: Killed
srun: error: lrdn0575: tasks 13-15: Killed
