[ perf record: Woken up 23637 times to write data ]
[ perf record: Woken up 23612 times to write data ]
[ perf record: Woken up 23556 times to write data ]
[ perf record: Woken up 23622 times to write data ]
[ perf record: Woken up 23670 times to write data ]
[ perf record: Woken up 23604 times to write data ]
[ perf record: Woken up 23632 times to write data ]
[ perf record: Woken up 23629 times to write data ]
[ perf record: Woken up 23637 times to write data ]
[ perf record: Woken up 23583 times to write data ]
[ perf record: Woken up 25238 times to write data ]
[ perf record: Woken up 25254 times to write data ]
Warning:
Processed 762812 events and lost 2 chunks!

Check IO/CPU overload!

Warning:
Processed 762599 events and lost 5 chunks!

Check IO/CPU overload!

Warning:
Processed 761182 events and lost 21 chunks!

Check IO/CPU overload!

Warning:
Processed 771659 events and lost 1 chunks!

Check IO/CPU overload!

Warning:
Processed 762883 events and lost 1 chunks!

Check IO/CPU overload!

[ perf record: Captured and wrote 5907.711 MB /leonardo_scratch/large/userexternal/ctica000/perf/with_IO/sequential_write/perf_22477916/perf.data.rank8 (733064 samples) ]
[ perf record: Captured and wrote 5905.938 MB /leonardo_scratch/large/userexternal/ctica000/perf/with_IO/sequential_write/perf_22477916/perf.data.rank12 (732943 samples) ]
[ perf record: Captured and wrote 5909.822 MB /leonardo_scratch/large/userexternal/ctica000/perf/with_IO/sequential_write/perf_22477916/perf.data.rank13 (733425 samples) ]
[ perf record: Captured and wrote 5908.281 MB /leonardo_scratch/large/userexternal/ctica000/perf/with_IO/sequential_write/perf_22477916/perf.data.rank14 (733234 samples) ]
[ perf record: Captured and wrote 5903.349 MB /leonardo_scratch/large/userexternal/ctica000/perf/with_IO/sequential_write/perf_22477916/perf.data.rank9 (732516 samples) ]
[ perf record: Captured and wrote 5918.029 MB /leonardo_scratch/large/userexternal/ctica000/perf/with_IO/sequential_write/perf_22477916/perf.data.rank10 (734344 samples) ]
Warning:
Processed 762027 events and lost 9 chunks!

Check IO/CPU overload!

Warning:
Processed 770489 events and lost 1 chunks!

Check IO/CPU overload!

[ perf record: Captured and wrote 5905.251 MB /leonardo_scratch/large/userexternal/ctica000/perf/with_IO/sequential_write/perf_22477916/perf.data.rank15 (732849 samples) ]
[ perf record: Captured and wrote 5896.264 MB /leonardo_scratch/large/userexternal/ctica000/perf/with_IO/sequential_write/perf_22477916/perf.data.rank11 (731730 samples) ]
[ perf record: Captured and wrote 5909.577 MB /leonardo_scratch/large/userexternal/ctica000/perf/with_IO/sequential_write/perf_22477916/perf.data.rank7 (733296 samples) ]
[ perf record: Captured and wrote 5889.514 MB /leonardo_scratch/large/userexternal/ctica000/perf/with_IO/sequential_write/perf_22477916/perf.data.rank6 (730892 samples) ]
[ perf record: Captured and wrote 5901.310 MB /leonardo_scratch/large/userexternal/ctica000/perf/with_IO/sequential_write/perf_22477916/perf.data.rank5 (732356 samples) ]
[ perf record: Captured and wrote 5892.395 MB /leonardo_scratch/large/userexternal/ctica000/perf/with_IO/sequential_write/perf_22477916/perf.data.rank4 (731250 samples) ]
[ perf record: Woken up 23366 times to write data ]
[ perf record: Woken up 25035 times to write data ]
[ perf record: Woken up 24877 times to write data ]
[ perf record: Woken up 26403 times to write data ]
Warning:
Processed 755074 events and lost 1 chunks!

Check IO/CPU overload!

Warning:
Processed 754986 events and lost 20 chunks!

Check IO/CPU overload!

[ perf record: Captured and wrote 5869.628 MB /leonardo_scratch/large/userexternal/ctica000/perf/with_IO/sequential_write/perf_22477916/perf.data.rank2 (728424 samples) ]
[ perf record: Captured and wrote 5841.981 MB /leonardo_scratch/large/userexternal/ctica000/perf/with_IO/sequential_write/perf_22477916/perf.data.rank1 (724993 samples) ]
[ perf record: Captured and wrote 5841.273 MB /leonardo_scratch/large/userexternal/ctica000/perf/with_IO/sequential_write/perf_22477916/perf.data.rank3 (724905 samples) ]
Warning:
Processed 1006413 events and lost 2 chunks!

Check IO/CPU overload!

[ perf record: Captured and wrote 6081.031 MB /leonardo_scratch/large/userexternal/ctica000/perf/with_IO/sequential_write/perf_22477916/perf.data.rank0 (751845 samples) ]
