Failing in Thread:1
Accelerator Fatal Error: call to cuStreamSynchronize returned error 700 (CUDA_ERROR_ILLEGAL_ADDRESS): Illegal address during kernel execution
 File: /leonardo/home/userexternal/ctica000/MS_thesis/RegCM/Main/mod_output.F90
 Function: output:60
 Line: 1065

Failing in Thread:1
Accelerator Fatal Error: call to cuStreamSynchronize returned error 700 (CUDA_ERROR_ILLEGAL_ADDRESS): Illegal address during kernel execution
 File: /leonardo/home/userexternal/ctica000/MS_thesis/RegCM/Main/mod_output.F90
 Function: output:60
 Line: 1065

Failing in Thread:1
Accelerator Fatal Error: call to cuStreamSynchronize returned error 700 (CUDA_ERROR_ILLEGAL_ADDRESS): Illegal address during kernel execution
 File: /leonardo/home/userexternal/ctica000/MS_thesis/RegCM/Main/mod_output.F90
 Function: output:60
 Line: 1065

Failing in Thread:1
Accelerator Fatal Error: call to cuStreamSynchronize returned error 700 (CUDA_ERROR_ILLEGAL_ADDRESS): Illegal address during kernel execution
 File: /leonardo/home/userexternal/ctica000/MS_thesis/RegCM/Main/mod_output.F90
 Function: output:60
 Line: 1065

Failing in Thread:1
Failing in Thread:1
Accelerator Fatal Error: call to cuStreamSynchronize returned error 700 (CUDA_ERROR_ILLEGAL_ADDRESS): Illegal address during kernel execution
 File: /leonardo/home/userexternal/ctica000/MS_thesis/RegCM/Main/mod_output.F90
 Function: output:60
 Line: 1065

Failing in Thread:1
Accelerator Fatal Error: call to cuStreamSynchronize returned error 700 (CUDA_ERROR_ILLEGAL_ADDRESS): Illegal address during kernel execution
 File: /leonardo/home/userexternal/ctica000/MS_thesis/RegCM/Main/mod_output.F90
 Function: output:60
 Line: 1065

Accelerator Fatal Error: call to cuStreamSynchronize returned error 700 (CUDA_ERROR_ILLEGAL_ADDRESS): Illegal address during kernel execution
 File: /leonardo/home/userexternal/ctica000/MS_thesis/RegCM/Main/mod_output.F90
 Function: output:60
 Line: 1065

Failing in Thread:1
Accelerator Fatal Error: call to cuStreamSynchronize returned error 700 (CUDA_ERROR_ILLEGAL_ADDRESS): Illegal address during kernel execution
 File: /leonardo/home/userexternal/ctica000/MS_thesis/RegCM/Main/mod_output.F90
 Function: output:60
 Line: 1065

Failing in Thread:1
Failing in Thread:1
Accelerator Fatal Error: call to cuStreamSynchronize returned error 700 (CUDA_ERROR_ILLEGAL_ADDRESS): Illegal address during kernel execution
 File: /leonardo/home/userexternal/ctica000/MS_thesis/RegCM/Main/mod_output.F90
 Function: output:60
 Line: 1065

Accelerator Fatal Error: call to cuStreamSynchronize returned error 700 (CUDA_ERROR_ILLEGAL_ADDRESS): Illegal address during kernel execution
 File: /leonardo/home/userexternal/ctica000/MS_thesis/RegCM/Main/mod_output.F90
 Function: output:60
 Line: 1065

Failing in Thread:1
Accelerator Fatal Error: call to cuStreamSynchronize returned error 700 (CUDA_ERROR_ILLEGAL_ADDRESS): Illegal address during kernel execution
 File: /leonardo/home/userexternal/ctica000/MS_thesis/RegCM/Main/mod_output.F90
 Function: output:60
 Line: 1065

Failing in Thread:1
Failing in Thread:1
Accelerator Fatal Error: call to cuStreamSynchronize returned error 700 (CUDA_ERROR_ILLEGAL_ADDRESS): Illegal address during kernel execution
 File: /leonardo/home/userexternal/ctica000/MS_thesis/RegCM/Main/mod_output.F90
 Function: output:60
 Line: 1065

Accelerator Fatal Error: call to cuStreamSynchronize returned error 700 (CUDA_ERROR_ILLEGAL_ADDRESS): Illegal address during kernel execution
 File: /leonardo/home/userexternal/ctica000/MS_thesis/RegCM/Main/mod_output.F90
 Function: output:60
 Line: 1065

[ perf record: Woken up 3049 times to write data ]
Failing in Thread:1
Accelerator Fatal Error: call to cuStreamSynchronize returned error 700 (CUDA_ERROR_ILLEGAL_ADDRESS): Illegal address during kernel execution
 File: /leonardo/home/userexternal/ctica000/MS_thesis/RegCM/Main/mod_output.F90
 Function: output:60
 Line: 1065

Failing in Thread:1
Accelerator Fatal Error: call to cuStreamSynchronize returned error 700 (CUDA_ERROR_ILLEGAL_ADDRESS): Illegal address during kernel execution
 File: /leonardo/home/userexternal/ctica000/MS_thesis/RegCM/Main/mod_output.F90
 Function: output:60
 Line: 1065

Failing in Thread:1
Accelerator Fatal Error: call to cuStreamSynchronize returned error 700 (CUDA_ERROR_ILLEGAL_ADDRESS): Illegal address during kernel execution
 File: /leonardo/home/userexternal/ctica000/MS_thesis/RegCM/Main/mod_output.F90
 Function: output:60
 Line: 1065

[ perf record: Woken up 2832 times to write data ]
[ perf record: Woken up 3046 times to write data ]
[ perf record: Woken up 3053 times to write data ]
[ perf record: Captured and wrote 762.700 MB /leonardo_scratch/large/userexternal/ctica000/perf/with_IO/sequential_write/perf_21564263/perf.data.rank15 (94616 samples) ]
[ perf record: Woken up 3768 times to write data ]
[ perf record: Woken up 3048 times to write data ]
[ perf record: Woken up 2845 times to write data ]
[ perf record: Woken up 2118 times to write data ]
[ perf record: Captured and wrote 761.981 MB /leonardo_scratch/large/userexternal/ctica000/perf/with_IO/sequential_write/perf_21564263/perf.data.rank14 (94527 samples) ]
[ perf record: Captured and wrote 763.407 MB /leonardo_scratch/large/userexternal/ctica000/perf/with_IO/sequential_write/perf_21564263/perf.data.rank12 (94704 samples) ]
Warning:
Processed 93120 events and lost 1 chunks!

Check IO/CPU overload!

[ perf record: Captured and wrote 708.463 MB /leonardo_scratch/large/userexternal/ctica000/perf/with_IO/sequential_write/perf_21564263/perf.data.rank3 (87884 samples) ]
Warning:
Processed 100331 events and lost 3 chunks!

Check IO/CPU overload!

Warning:
Processed 70615 events and lost 16 chunks!

Check IO/CPU overload!

[ perf record: Captured and wrote 705.301 MB /leonardo_scratch/large/userexternal/ctica000/perf/with_IO/sequential_write/perf_21564263/perf.data.rank2 (87491 samples) ]
Warning:
Processed 93938 events and lost 3 chunks!

Check IO/CPU overload!

[ perf record: Captured and wrote 762.314 MB /leonardo_scratch/large/userexternal/ctica000/perf/with_IO/sequential_write/perf_21564263/perf.data.rank13 (94568 samples) ]
[ perf record: Captured and wrote 712.282 MB /leonardo_scratch/large/userexternal/ctica000/perf/with_IO/sequential_write/perf_21564263/perf.data.rank1 (88358 samples) ]
[ perf record: Woken up 3053 times to write data ]
[ perf record: Woken up 3047 times to write data ]
[ perf record: Captured and wrote 530.069 MB /leonardo_scratch/large/userexternal/ctica000/perf/with_IO/sequential_write/perf_21564263/perf.data.rank11 (65742 samples) ]
[ perf record: Woken up 3065 times to write data ]
Warning:
Processed 100804 events and lost 2 chunks!

Check IO/CPU overload!

[ perf record: Captured and wrote 763.491 MB /leonardo_scratch/large/userexternal/ctica000/perf/with_IO/sequential_write/perf_21564263/perf.data.rank10 (94710 samples) ]
Warning:
Processed 100691 events and lost 2 chunks!

Check IO/CPU overload!

Warning:
Processed 101142 events and lost 1 chunks!

Check IO/CPU overload!

[ perf record: Captured and wrote 762.144 MB /leonardo_scratch/large/userexternal/ctica000/perf/with_IO/sequential_write/perf_21564263/perf.data.rank9 (94542 samples) ]
[ perf record: Captured and wrote 766.285 MB /leonardo_scratch/large/userexternal/ctica000/perf/with_IO/sequential_write/perf_21564263/perf.data.rank8 (95057 samples) ]
[ perf record: Woken up 4570 times to write data ]
[ perf record: Woken up 3065 times to write data ]
[ perf record: Woken up 3054 times to write data ]
[ perf record: Captured and wrote 763.242 MB /leonardo_scratch/large/userexternal/ctica000/perf/with_IO/sequential_write/perf_21564263/perf.data.rank7 (94680 samples) ]
[ perf record: Woken up 3684 times to write data ]
[ perf record: Woken up 3056 times to write data ]
[ perf record: Captured and wrote 766.208 MB /leonardo_scratch/large/userexternal/ctica000/perf/with_IO/sequential_write/perf_21564263/perf.data.rank5 (95050 samples) ]
[ perf record: Captured and wrote 763.538 MB /leonardo_scratch/large/userexternal/ctica000/perf/with_IO/sequential_write/perf_21564263/perf.data.rank6 (94719 samples) ]
Warning:
Processed 142718 events and lost 1 chunks!

Check IO/CPU overload!

[ perf record: Captured and wrote 764.197 MB /leonardo_scratch/large/userexternal/ctica000/perf/with_IO/sequential_write/perf_21564263/perf.data.rank4 (94801 samples) ]
[ perf record: Captured and wrote 921.592 MB /leonardo_scratch/large/userexternal/ctica000/perf/with_IO/sequential_write/perf_21564263/perf.data.rank0 (114061 samples) ]
slurmstepd: error:  mpi/pmix_v3: _errhandler: lrdn3097 [3]: pmixp_client_v2.c:212: Error handler invoked: status = -25, source = [slurm.pmix.21564263.0:15]
srun: error: lrdn3093: tasks 0-3: Exited with exit code 1
srun: Job step aborted: Waiting up to 182 seconds for job step to finish.
srun: error: lrdn3095: tasks 8-11: Exited with exit code 1
srun: error: lrdn3097: tasks 12-15: Exited with exit code 1
srun: error: lrdn3094: tasks 4-7: Exited with exit code 1
