[lrdn2836:2728708:0:2728708] Caught signal 11 (Segmentation fault: address not mapped to object at address 0x120002704)
[lrdn2848:4038219:0:4038219] Caught signal 11 (Segmentation fault: address not mapped to object at address 0x120002704)
[lrdn2848:4038220:0:4038220] Caught signal 11 (Segmentation fault: address not mapped to object at address 0x120002704)
[lrdn2841:3973127:0:3973127] Caught signal 11 (Segmentation fault: address not mapped to object at address 0x120002704)
[lrdn2848:4038218:0:4038218] Caught signal 11 (Segmentation fault: address not mapped to object at address 0x120002704)
[lrdn2848:4038217:0:4038217] Caught signal 11 (Segmentation fault: address not mapped to object at address 0x120002704)
[lrdn2842:3908913:0:3908913] Caught signal 11 (Segmentation fault: address not mapped to object at address 0x120002704)
[lrdn2841:3973129:0:3973129] Caught signal 11 (Segmentation fault: address not mapped to object at address 0x120002704)
[lrdn2841:3973128:0:3973128] Caught signal 11 (Segmentation fault: address not mapped to object at address 0x120002704)
[lrdn2841:3973130:0:3973130] Caught signal 11 (Segmentation fault: address not mapped to object at address 0x120002704)
[lrdn2842:3908911:0:3908911] Caught signal 11 (Segmentation fault: address not mapped to object at address 0x120002704)
[lrdn2836:2728706:0:2728706] Caught signal 11 (Segmentation fault: address not mapped to object at address 0x120002704)
[lrdn2842:3908914:0:3908914] Caught signal 11 (Segmentation fault: address not mapped to object at address 0x120002704)
[lrdn2836:2728707:0:2728707] Caught signal 11 (Segmentation fault: address not mapped to object at address 0x120002704)
[lrdn2836:2728705:0:2728705] Caught signal 11 (Segmentation fault: address not mapped to object at address 0x120002704)
[lrdn2842:3908912:0:3908912] Caught signal 11 (Segmentation fault: address not mapped to object at address 0x120002704)
==== backtrace (tid:2728708) ====
 0 0x0000000000012cf0 __funlockfile()  :0
 1 0x000000000000ba4f __pgi_uacc_cuda_dataup1()  /proj/build/24A/Linux_x86_64/rte/accel-uni/build/Linux_x86_64/../../src/cuda_dataup1.c:88
 2 0x00000000000370fc __pgi_uacc_dataup1()  /proj/build/24A/Linux_x86_64/rte/accel-uni/build/Linux_x86_64/../../src/dataup1.c:58
 3 0x0000000000037920 __pgi_uacc_dataupx()  /proj/build/24A/Linux_x86_64/rte/accel-uni/build/Linux_x86_64/../../src/dataupx.c:123
 4 0x0000000000034d5a __pgi_uacc_dataonb()  /proj/build/24A/Linux_x86_64/rte/accel-uni/build/Linux_x86_64/../../src/dataonb.c:613
 5 0x0000000000810ec0 mod_output_output_()  /leonardo/home/userexternal/ctica000/MS_thesis/RegCM/Share/pfwsat.inc:1054
 6 0x00000000004496be mod_regcm_interface_rcm_run_()  /leonardo/home/userexternal/ctica000/MS_thesis/RegCM/Main/mod_regcm_interface.F90:281
 7 0x0000000000a24e57 MAIN_()  /leonardo/home/userexternal/ctica000/MS_thesis/RegCM/Main/regcm.F90:83
 8 0x00000000004484b1 main()  ???:0
 9 0x000000000003ad85 __libc_start_main()  ???:0
10 0x000000000044839e _start()  ???:0
=================================
[lrdn2836:2728708] *** Process received signal ***
[lrdn2836:2728708] Signal: Segmentation fault (11)
[lrdn2836:2728708] Signal code:  (-6)
[lrdn2836:2728708] Failing at address: 0x1f4850029a304
[lrdn2836:2728708] [ 0] /lib64/libpthread.so.0(+0x12cf0)[0x1540df9c9cf0]
[lrdn2836:2728708] [ 1] /leonardo/prod/spack/06/install/0.22/linux-rhel8-icelake/gcc-8.5.0/nvhpc-24.5-torlmnyzcexnrs6pq4cccabv7ehkv3xy/Linux_x86_64/24.5/compilers/lib/libaccdevice.so(__pgi_uacc_cuda_dataup1+0xebf)[0x1540e3942a4f]
[lrdn2836:2728708] [ 2] /leonardo/prod/spack/06/install/0.22/linux-rhel8-icelake/gcc-8.5.0/nvhpc-24.5-torlmnyzcexnrs6pq4cccabv7ehkv3xy/Linux_x86_64/24.5/compilers/lib/libacchost.so(__pgi_uacc_dataup1+0x14c)[0x1540e3eb70fc]
[lrdn2836:2728708] [ 3] /leonardo/prod/spack/06/install/0.22/linux-rhel8-icelake/gcc-8.5.0/nvhpc-24.5-torlmnyzcexnrs6pq4cccabv7ehkv3xy/Linux_x86_64/24.5/compilers/lib/libacchost.so(__pgi_uacc_dataupx+0x3b0)[0x1540e3eb7920]
[lrdn2836:2728708] [ 4] /leonardo/prod/spack/06/install/0.22/linux-rhel8-icelake/gcc-8.5.0/nvhpc-24.5-torlmnyzcexnrs6pq4cccabv7ehkv3xy/Linux_x86_64/24.5/compilers/lib/libacchost.so(__pgi_uacc_dataonb+0x85a)[0x1540e3eb4d5a]
[lrdn2836:2728708] [ 5] /leonardo/home/userexternal/ctica000/MS_thesis/RegCM/bin/regcmMPICLM45_OPENACC_GPU_STDPAR(mod_output_output_+0x50bc0)[0x810ec0]
[lrdn2836:2728708] [ 6] /leonardo/home/userexternal/ctica000/MS_thesis/RegCM/bin/regcmMPICLM45_OPENACC_GPU_STDPAR(mod_regcm_interface_rcm_run_+0x7e)[0x4496be]
[lrdn2836:2728708] [ 7] /leonardo/home/userexternal/ctica000/MS_thesis/RegCM/bin/regcmMPICLM45_OPENACC_GPU_STDPAR(MAIN_+0xd7)[0xa24e57]
[lrdn2836:2728708] [ 8] /leonardo/home/userexternal/ctica000/MS_thesis/RegCM/bin/regcmMPICLM45_OPENACC_GPU_STDPAR(main+0x31)[0x4484b1]
[lrdn2836:2728708] [ 9] /lib64/libc.so.6(__libc_start_main+0xe5)[0x1540ded53d85]
[lrdn2836:2728708] [10] /leonardo/home/userexternal/ctica000/MS_thesis/RegCM/bin/regcmMPICLM45_OPENACC_GPU_STDPAR(_start+0x2e)[0x44839e]
[lrdn2836:2728708] *** End of error message ***
==== backtrace (tid:4038218) ====
 0 0x0000000000012cf0 __funlockfile()  :0
 1 0x000000000000ba4f __pgi_uacc_cuda_dataup1()  /proj/build/24A/Linux_x86_64/rte/accel-uni/build/Linux_x86_64/../../src/cuda_dataup1.c:88
 2 0x00000000000370fc __pgi_uacc_dataup1()  /proj/build/24A/Linux_x86_64/rte/accel-uni/build/Linux_x86_64/../../src/dataup1.c:58
 3 0x0000000000037920 __pgi_uacc_dataupx()  /proj/build/24A/Linux_x86_64/rte/accel-uni/build/Linux_x86_64/../../src/dataupx.c:123
 4 0x0000000000034d5a __pgi_uacc_dataonb()  /proj/build/24A/Linux_x86_64/rte/accel-uni/build/Linux_x86_64/../../src/dataonb.c:613
 5 0x0000000000810ec0 mod_output_output_()  /leonardo/home/userexternal/ctica000/MS_thesis/RegCM/Share/pfwsat.inc:1054
 6 0x00000000004496be mod_regcm_interface_rcm_run_()  /leonardo/home/userexternal/ctica000/MS_thesis/RegCM/Main/mod_regcm_interface.F90:281
 7 0x0000000000a24e57 MAIN_()  /leonardo/home/userexternal/ctica000/MS_thesis/RegCM/Main/regcm.F90:83
 8 0x00000000004484b1 main()  ???:0
 9 0x000000000003ad85 __libc_start_main()  ???:0
10 0x000000000044839e _start()  ???:0
=================================
[lrdn2848:4038218] *** Process received signal ***
[lrdn2848:4038218] Signal: Segmentation fault (11)
[lrdn2848:4038218] Signal code:  (-6)
[lrdn2848:4038218] Failing at address: 0x1f485003d9e4a
[lrdn2848:4038218] [ 0] /lib64/libpthread.so.0(+0x12cf0)[0x1519522efcf0]
[lrdn2848:4038218] [ 1] /leonardo/prod/spack/06/install/0.22/linux-rhel8-icelake/gcc-8.5.0/nvhpc-24.5-torlmnyzcexnrs6pq4cccabv7ehkv3xy/Linux_x86_64/24.5/compilers/lib/libaccdevice.so(__pgi_uacc_cuda_dataup1+0xebf)[0x151956268a4f]
[lrdn2848:4038218] [ 2] /leonardo/prod/spack/06/install/0.22/linux-rhel8-icelake/gcc-8.5.0/nvhpc-24.5-torlmnyzcexnrs6pq4cccabv7ehkv3xy/Linux_x86_64/24.5/compilers/lib/libacchost.so(__pgi_uacc_dataup1+0x14c)[0x1519567dd0fc]
[lrdn2848:4038218] [ 3] /leonardo/prod/spack/06/install/0.22/linux-rhel8-icelake/gcc-8.5.0/nvhpc-24.5-torlmnyzcexnrs6pq4cccabv7ehkv3xy/Linux_x86_64/24.5/compilers/lib/libacchost.so(__pgi_uacc_dataupx+0x3b0)[0x1519567dd920]
[lrdn2848:4038218] [ 4] /leonardo/prod/spack/06/install/0.22/linux-rhel8-icelake/gcc-8.5.0/nvhpc-24.5-torlmnyzcexnrs6pq4cccabv7ehkv3xy/Linux_x86_64/24.5/compilers/lib/libacchost.so(__pgi_uacc_dataonb+0x85a)[0x1519567dad5a]
[lrdn2848:4038218] [ 5] /leonardo/home/userexternal/ctica000/MS_thesis/RegCM/bin/regcmMPICLM45_OPENACC_GPU_STDPAR(mod_output_output_+0x50bc0)[0x810ec0]
[lrdn2848:4038218] [ 6] /leonardo/home/userexternal/ctica000/MS_thesis/RegCM/bin/regcmMPICLM45_OPENACC_GPU_STDPAR(mod_regcm_interface_rcm_run_+0x7e)[0x4496be]
[lrdn2848:4038218] [ 7] /leonardo/home/userexternal/ctica000/MS_thesis/RegCM/bin/regcmMPICLM45_OPENACC_GPU_STDPAR(MAIN_+0xd7)[0xa24e57]
[lrdn2848:4038218] [ 8] /leonardo/home/userexternal/ctica000/MS_thesis/RegCM/bin/regcmMPICLM45_OPENACC_GPU_STDPAR(main+0x31)[0x4484b1]
[lrdn2848:4038218] [ 9] /lib64/libc.so.6(__libc_start_main+0xe5)[0x151951679d85]
[lrdn2848:4038218] [10] /leonardo/home/userexternal/ctica000/MS_thesis/RegCM/bin/regcmMPICLM45_OPENACC_GPU_STDPAR(_start+0x2e)[0x44839e]
[lrdn2848:4038218] *** End of error message ***
==== backtrace (tid:3973129) ====
 0 0x0000000000012cf0 __funlockfile()  :0
 1 0x000000000000ba4f __pgi_uacc_cuda_dataup1()  /proj/build/24A/Linux_x86_64/rte/accel-uni/build/Linux_x86_64/../../src/cuda_dataup1.c:88
 2 0x00000000000370fc __pgi_uacc_dataup1()  /proj/build/24A/Linux_x86_64/rte/accel-uni/build/Linux_x86_64/../../src/dataup1.c:58
 3 0x0000000000037920 __pgi_uacc_dataupx()  /proj/build/24A/Linux_x86_64/rte/accel-uni/build/Linux_x86_64/../../src/dataupx.c:123
 4 0x0000000000034d5a __pgi_uacc_dataonb()  /proj/build/24A/Linux_x86_64/rte/accel-uni/build/Linux_x86_64/../../src/dataonb.c:613
 5 0x0000000000810ec0 mod_output_output_()  /leonardo/home/userexternal/ctica000/MS_thesis/RegCM/Share/pfwsat.inc:1054
 6 0x00000000004496be mod_regcm_interface_rcm_run_()  /leonardo/home/userexternal/ctica000/MS_thesis/RegCM/Main/mod_regcm_interface.F90:281
 7 0x0000000000a24e57 MAIN_()  /leonardo/home/userexternal/ctica000/MS_thesis/RegCM/Main/regcm.F90:83
 8 0x00000000004484b1 main()  ???:0
 9 0x000000000003ad85 __libc_start_main()  ???:0
10 0x000000000044839e _start()  ???:0
=================================
[lrdn2841:3973129] *** Process received signal ***
[lrdn2841:3973129] Signal: Segmentation fault (11)
[lrdn2841:3973129] Signal code:  (-6)
[lrdn2841:3973129] Failing at address: 0x1f485003ca009
==== backtrace (tid:3908914) ====
[lrdn2841:3973129] [ 0] /lib64/libpthread.so.0(+0x12cf0)[0x14b21a138cf0]
[lrdn2841:3973129] [ 1] /leonardo/prod/spack/06/install/0.22/linux-rhel8-icelake/gcc-8.5.0/nvhpc-24.5-torlmnyzcexnrs6pq4cccabv7ehkv3xy/Linux_x86_64/24.5/compilers/lib/libaccdevice.so(__pgi_uacc_cuda_dataup1+0xebf)[0x14b21e0b1a4f]
[lrdn2841:3973129] [ 2] /leonardo/prod/spack/06/install/0.22/linux-rhel8-icelake/gcc-8.5.0/nvhpc-24.5-torlmnyzcexnrs6pq4cccabv7ehkv3xy/Linux_x86_64/24.5/compilers/lib/libacchost.so(__pgi_uacc_dataup1+0x14c)[0x14b21e6260fc]
[lrdn2841:3973129] [ 3] /leonardo/prod/spack/06/install/0.22/linux-rhel8-icelake/gcc-8.5.0/nvhpc-24.5-torlmnyzcexnrs6pq4cccabv7ehkv3xy/Linux_x86_64/24.5/compilers/lib/libacchost.so(__pgi_uacc_dataupx+0x3b0)[0x14b21e626920]
 0 0x0000000000012cf0 __funlockfile()  :0
 1 0x000000000000ba4f __pgi_uacc_cuda_dataup1()  /proj/build/24A/Linux_x86_64/rte/accel-uni/build/Linux_x86_64/../../src/cuda_dataup1.c:88
 2 0x00000000000370fc __pgi_uacc_dataup1()  /proj/build/24A/Linux_x86_64/rte/accel-uni/build/Linux_x86_64/../../src/dataup1.c:58
 3 0x0000000000037920 __pgi_uacc_dataupx()  /proj/build/24A/Linux_x86_64/rte/accel-uni/build/Linux_x86_64/../../src/dataupx.c:123
[lrdn2841:3973129] [ 4] /leonardo/prod/spack/06/install/0.22/linux-rhel8-icelake/gcc-8.5.0/nvhpc-24.5-torlmnyzcexnrs6pq4cccabv7ehkv3xy/Linux_x86_64/24.5/compilers/lib/libacchost.so(__pgi_uacc_dataonb+0x85a)[0x14b21e623d5a]
 4 0x0000000000034d5a __pgi_uacc_dataonb()  /proj/build/24A/Linux_x86_64/rte/accel-uni/build/Linux_x86_64/../../src/dataonb.c:613
 5 0x0000000000810ec0 mod_output_output_()  /leonardo/home/userexternal/ctica000/MS_thesis/RegCM/Share/pfwsat.inc:1054
 6 0x00000000004496be mod_regcm_interface_rcm_run_()  /leonardo/home/userexternal/ctica000/MS_thesis/RegCM/Main/mod_regcm_interface.F90:281
 7 0x0000000000a24e57 MAIN_()  /leonardo/home/userexternal/ctica000/MS_thesis/RegCM/Main/regcm.F90:83
 8 0x00000000004484b1 main()  ???:0
 9 0x000000000003ad85 __libc_start_main()  ???:0
10 0x000000000044839e _start()  ???:0
=================================
[lrdn2841:3973129] [ 5] /leonardo/home/userexternal/ctica000/MS_thesis/RegCM/bin/regcmMPICLM45_OPENACC_GPU_STDPAR(mod_output_output_+0x50bc0)[0x810ec0]
[lrdn2842:3908914] *** Process received signal ***
[lrdn2842:3908914] Signal: Segmentation fault (11)
[lrdn2842:3908914] Signal code:  (-6)
[lrdn2842:3908914] Failing at address: 0x1f485003ba532
[lrdn2841:3973129] [ 6] /leonardo/home/userexternal/ctica000/MS_thesis/RegCM/bin/regcmMPICLM45_OPENACC_GPU_STDPAR(mod_regcm_interface_rcm_run_+0x7e)[0x4496be]
[lrdn2842:3908914] [ 0] /lib64/libpthread.so.0(+0x12cf0)[0x154ead983cf0]
[lrdn2841:3973129] [ 7] /leonardo/home/userexternal/ctica000/MS_thesis/RegCM/bin/regcmMPICLM45_OPENACC_GPU_STDPAR(MAIN_+0xd7)[0xa24e57]
[lrdn2842:3908914] [ 1] /leonardo/prod/spack/06/install/0.22/linux-rhel8-icelake/gcc-8.5.0/nvhpc-24.5-torlmnyzcexnrs6pq4cccabv7ehkv3xy/Linux_x86_64/24.5/compilers/lib/libaccdevice.so(__pgi_uacc_cuda_dataup1+0xebf)[0x154eb18fca4f]
[lrdn2841:3973129] [ 8] /leonardo/home/userexternal/ctica000/MS_thesis/RegCM/bin/regcmMPICLM45_OPENACC_GPU_STDPAR(main+0x31)[0x4484b1]
[lrdn2842:3908914] [ 2] /leonardo/prod/spack/06/install/0.22/linux-rhel8-icelake/gcc-8.5.0/nvhpc-24.5-torlmnyzcexnrs6pq4cccabv7ehkv3xy/Linux_x86_64/24.5/compilers/lib/libacchost.so(__pgi_uacc_dataup1+0x14c)[0x154eb1e710fc]
[lrdn2841:3973129] [ 9] /lib64/libc.so.6(__libc_start_main+0xe5)[0x14b2194c2d85]
[lrdn2842:3908914] [ 3] /leonardo/prod/spack/06/install/0.22/linux-rhel8-icelake/gcc-8.5.0/nvhpc-24.5-torlmnyzcexnrs6pq4cccabv7ehkv3xy/Linux_x86_64/24.5/compilers/lib/libacchost.so(__pgi_uacc_dataupx+0x3b0)[0x154eb1e71920]
[lrdn2842:3908914] [ 4] /leonardo/prod/spack/06/install/0.22/linux-rhel8-icelake/gcc-8.5.0/nvhpc-24.5-torlmnyzcexnrs6pq4cccabv7ehkv3xy/Linux_x86_64/24.5/compilers/lib/libacchost.so(__pgi_uacc_dataonb+0x85a)[0x154eb1e6ed5a]
[lrdn2841:3973129] [10] /leonardo/home/userexternal/ctica000/MS_thesis/RegCM/bin/regcmMPICLM45_OPENACC_GPU_STDPAR(_start+0x2e)[0x44839e]
[lrdn2841:3973129] *** End of error message ***
[lrdn2842:3908914] [ 5] /leonardo/home/userexternal/ctica000/MS_thesis/RegCM/bin/regcmMPICLM45_OPENACC_GPU_STDPAR(mod_output_output_+0x50bc0)[0x810ec0]
[lrdn2842:3908914] [ 6] /leonardo/home/userexternal/ctica000/MS_thesis/RegCM/bin/regcmMPICLM45_OPENACC_GPU_STDPAR(mod_regcm_interface_rcm_run_+0x7e)[0x4496be]
==== backtrace (tid:2728706) ====
[lrdn2842:3908914] [ 7] /leonardo/home/userexternal/ctica000/MS_thesis/RegCM/bin/regcmMPICLM45_OPENACC_GPU_STDPAR(MAIN_+0xd7)[0xa24e57]
[lrdn2842:3908914] [ 8] /leonardo/home/userexternal/ctica000/MS_thesis/RegCM/bin/regcmMPICLM45_OPENACC_GPU_STDPAR(main+0x31)[0x4484b1]
 0 0x0000000000012cf0 __funlockfile()  :0
[lrdn2842:3908914] [ 9] /lib64/libc.so.6(__libc_start_main+0xe5)[0x154eacd0dd85]
[lrdn2842:3908914] [10] /leonardo/home/userexternal/ctica000/MS_thesis/RegCM/bin/regcmMPICLM45_OPENACC_GPU_STDPAR(_start+0x2e)[0x44839e]
 1 0x000000000000ba4f __pgi_uacc_cuda_dataup1()  /proj/build/24A/Linux_x86_64/rte/accel-uni/build/Linux_x86_64/../../src/cuda_dataup1.c:88
[lrdn2842:3908914] *** End of error message ***
 2 0x00000000000370fc __pgi_uacc_dataup1()  /proj/build/24A/Linux_x86_64/rte/accel-uni/build/Linux_x86_64/../../src/dataup1.c:58
 3 0x0000000000037920 __pgi_uacc_dataupx()  /proj/build/24A/Linux_x86_64/rte/accel-uni/build/Linux_x86_64/../../src/dataupx.c:123
 4 0x0000000000034d5a __pgi_uacc_dataonb()  /proj/build/24A/Linux_x86_64/rte/accel-uni/build/Linux_x86_64/../../src/dataonb.c:613
 5 0x0000000000810ec0 mod_output_output_()  /leonardo/home/userexternal/ctica000/MS_thesis/RegCM/Share/pfwsat.inc:1054
 6 0x00000000004496be mod_regcm_interface_rcm_run_()  /leonardo/home/userexternal/ctica000/MS_thesis/RegCM/Main/mod_regcm_interface.F90:281
 7 0x0000000000a24e57 MAIN_()  /leonardo/home/userexternal/ctica000/MS_thesis/RegCM/Main/regcm.F90:83
 8 0x00000000004484b1 main()  ???:0
 9 0x000000000003ad85 __libc_start_main()  ???:0
10 0x000000000044839e _start()  ???:0
=================================
[lrdn2836:2728706] *** Process received signal ***
[lrdn2836:2728706] Signal: Segmentation fault (11)
[lrdn2836:2728706] Signal code:  (-6)
[lrdn2836:2728706] Failing at address: 0x1f4850029a302
[lrdn2836:2728706] [ 0] /lib64/libpthread.so.0(+0x12cf0)[0x1508aab72cf0]
[lrdn2836:2728706] [ 1] /leonardo/prod/spack/06/install/0.22/linux-rhel8-icelake/gcc-8.5.0/nvhpc-24.5-torlmnyzcexnrs6pq4cccabv7ehkv3xy/Linux_x86_64/24.5/compilers/lib/libaccdevice.so(__pgi_uacc_cuda_dataup1+0xebf)[0x1508aeaeba4f]
[lrdn2836:2728706] [ 2] /leonardo/prod/spack/06/install/0.22/linux-rhel8-icelake/gcc-8.5.0/nvhpc-24.5-torlmnyzcexnrs6pq4cccabv7ehkv3xy/Linux_x86_64/24.5/compilers/lib/libacchost.so(__pgi_uacc_dataup1+0x14c)[0x1508af0600fc]
[lrdn2836:2728706] [ 3] /leonardo/prod/spack/06/install/0.22/linux-rhel8-icelake/gcc-8.5.0/nvhpc-24.5-torlmnyzcexnrs6pq4cccabv7ehkv3xy/Linux_x86_64/24.5/compilers/lib/libacchost.so(__pgi_uacc_dataupx+0x3b0)[0x1508af060920]
[lrdn2836:2728706] [ 4] /leonardo/prod/spack/06/install/0.22/linux-rhel8-icelake/gcc-8.5.0/nvhpc-24.5-torlmnyzcexnrs6pq4cccabv7ehkv3xy/Linux_x86_64/24.5/compilers/lib/libacchost.so(__pgi_uacc_dataonb+0x85a)[0x1508af05dd5a]
[lrdn2836:2728706] [ 5] /leonardo/home/userexternal/ctica000/MS_thesis/RegCM/bin/regcmMPICLM45_OPENACC_GPU_STDPAR(mod_output_output_+0x50bc0)[0x810ec0]
[lrdn2836:2728706] [ 6] /leonardo/home/userexternal/ctica000/MS_thesis/RegCM/bin/regcmMPICLM45_OPENACC_GPU_STDPAR(mod_regcm_interface_rcm_run_+0x7e)[0x4496be]
[lrdn2836:2728706] [ 7] /leonardo/home/userexternal/ctica000/MS_thesis/RegCM/bin/regcmMPICLM45_OPENACC_GPU_STDPAR(MAIN_+0xd7)[0xa24e57]
[lrdn2836:2728706] [ 8] /leonardo/home/userexternal/ctica000/MS_thesis/RegCM/bin/regcmMPICLM45_OPENACC_GPU_STDPAR(main+0x31)[0x4484b1]
[lrdn2836:2728706] [ 9] /lib64/libc.so.6(__libc_start_main+0xe5)[0x1508a9efcd85]
[lrdn2836:2728706] [10] /leonardo/home/userexternal/ctica000/MS_thesis/RegCM/bin/regcmMPICLM45_OPENACC_GPU_STDPAR(_start+0x2e)[0x44839e]
[lrdn2836:2728706] *** End of error message ***
==== backtrace (tid:2728705) ====
 0 0x0000000000012cf0 __funlockfile()  :0
 1 0x000000000000ba4f __pgi_uacc_cuda_dataup1()  /proj/build/24A/Linux_x86_64/rte/accel-uni/build/Linux_x86_64/../../src/cuda_dataup1.c:88
 2 0x00000000000370fc __pgi_uacc_dataup1()  /proj/build/24A/Linux_x86_64/rte/accel-uni/build/Linux_x86_64/../../src/dataup1.c:58
 3 0x0000000000037920 __pgi_uacc_dataupx()  /proj/build/24A/Linux_x86_64/rte/accel-uni/build/Linux_x86_64/../../src/dataupx.c:123
 4 0x0000000000034d5a __pgi_uacc_dataonb()  /proj/build/24A/Linux_x86_64/rte/accel-uni/build/Linux_x86_64/../../src/dataonb.c:613
 5 0x0000000000810ec0 mod_output_output_()  /leonardo/home/userexternal/ctica000/MS_thesis/RegCM/Share/pfwsat.inc:1054
 6 0x00000000004496be mod_regcm_interface_rcm_run_()  /leonardo/home/userexternal/ctica000/MS_thesis/RegCM/Main/mod_regcm_interface.F90:281
 7 0x0000000000a24e57 MAIN_()  /leonardo/home/userexternal/ctica000/MS_thesis/RegCM/Main/regcm.F90:83
 8 0x00000000004484b1 main()  ???:0
 9 0x000000000003ad85 __libc_start_main()  ???:0
10 0x000000000044839e _start()  ???:0
=================================
[lrdn2836:2728705] *** Process received signal ***
[lrdn2836:2728705] Signal: Segmentation fault (11)
[lrdn2836:2728705] Signal code:  (-6)
[lrdn2836:2728705] Failing at address: 0x1f4850029a301
[lrdn2836:2728705] [ 0] /lib64/libpthread.so.0(+0x12cf0)[0x14d03dc5acf0]
[lrdn2836:2728705] [ 1] /leonardo/prod/spack/06/install/0.22/linux-rhel8-icelake/gcc-8.5.0/nvhpc-24.5-torlmnyzcexnrs6pq4cccabv7ehkv3xy/Linux_x86_64/24.5/compilers/lib/libaccdevice.so(__pgi_uacc_cuda_dataup1+0xebf)[0x14d041bd3a4f]
[lrdn2836:2728705] [ 2] /leonardo/prod/spack/06/install/0.22/linux-rhel8-icelake/gcc-8.5.0/nvhpc-24.5-torlmnyzcexnrs6pq4cccabv7ehkv3xy/Linux_x86_64/24.5/compilers/lib/libacchost.so(__pgi_uacc_dataup1+0x14c)[0x14d0421480fc]
[lrdn2836:2728705] [ 3] /leonardo/prod/spack/06/install/0.22/linux-rhel8-icelake/gcc-8.5.0/nvhpc-24.5-torlmnyzcexnrs6pq4cccabv7ehkv3xy/Linux_x86_64/24.5/compilers/lib/libacchost.so(__pgi_uacc_dataupx+0x3b0)[0x14d042148920]
[lrdn2836:2728705] [ 4] /leonardo/prod/spack/06/install/0.22/linux-rhel8-icelake/gcc-8.5.0/nvhpc-24.5-torlmnyzcexnrs6pq4cccabv7ehkv3xy/Linux_x86_64/24.5/compilers/lib/libacchost.so(__pgi_uacc_dataonb+0x85a)[0x14d042145d5a]
[lrdn2836:2728705] [ 5] /leonardo/home/userexternal/ctica000/MS_thesis/RegCM/bin/regcmMPICLM45_OPENACC_GPU_STDPAR(mod_output_output_+0x50bc0)[0x810ec0]
[lrdn2836:2728705] [ 6] /leonardo/home/userexternal/ctica000/MS_thesis/RegCM/bin/regcmMPICLM45_OPENACC_GPU_STDPAR(mod_regcm_interface_rcm_run_+0x7e)[0x4496be]
==== backtrace (tid:3908912) ====
 0 0x0000000000012cf0 __funlockfile()  :0
 1 0x000000000000ba4f __pgi_uacc_cuda_dataup1()  /proj/build/24A/Linux_x86_64/rte/accel-uni/build/Linux_x86_64/../../src/cuda_dataup1.c:88
==== backtrace (tid:2728707) ====
 2 0x00000000000370fc __pgi_uacc_dataup1()  /proj/build/24A/Linux_x86_64/rte/accel-uni/build/Linux_x86_64/../../src/dataup1.c:58
 3 0x0000000000037920 __pgi_uacc_dataupx()  /proj/build/24A/Linux_x86_64/rte/accel-uni/build/Linux_x86_64/../../src/dataupx.c:123
 4 0x0000000000034d5a __pgi_uacc_dataonb()  /proj/build/24A/Linux_x86_64/rte/accel-uni/build/Linux_x86_64/../../src/dataonb.c:613
 5 0x0000000000810ec0 mod_output_output_()  /leonardo/home/userexternal/ctica000/MS_thesis/RegCM/Share/pfwsat.inc:1054
 6 0x00000000004496be mod_regcm_interface_rcm_run_()  /leonardo/home/userexternal/ctica000/MS_thesis/RegCM/Main/mod_regcm_interface.F90:281
 7 0x0000000000a24e57 MAIN_()  /leonardo/home/userexternal/ctica000/MS_thesis/RegCM/Main/regcm.F90:83
 8 0x00000000004484b1 main()  ???:0
 9 0x000000000003ad85 __libc_start_main()  ???:0
10 0x000000000044839e _start()  ???:0
[lrdn2836:2728705] [ 7] /leonardo/home/userexternal/ctica000/MS_thesis/RegCM/bin/regcmMPICLM45_OPENACC_GPU_STDPAR(MAIN_+0xd7)[0xa24e57]
==== backtrace (tid:3908913) ====
[lrdn2836:2728705] [ 8] /leonardo/home/userexternal/ctica000/MS_thesis/RegCM/bin/regcmMPICLM45_OPENACC_GPU_STDPAR(main+0x31)[0x4484b1]
=================================
[lrdn2842:3908912] *** Process received signal ***
[lrdn2842:3908912] Signal: Segmentation fault (11)
[lrdn2842:3908912] Signal code:  (-6)
[lrdn2842:3908912] Failing at address: 0x1f485003ba530
[lrdn2836:2728705] [ 9] /lib64/libc.so.6(__libc_start_main+0xe5)[0x14d03cfe4d85]
 0 0x0000000000012cf0 __funlockfile()  :0
 1 0x000000000000ba4f __pgi_uacc_cuda_dataup1()  /proj/build/24A/Linux_x86_64/rte/accel-uni/build/Linux_x86_64/../../src/cuda_dataup1.c:88
[lrdn2842:3908912] [ 0] /lib64/libpthread.so.0(+0x12cf0)[0x14b26bbd1cf0]
 2 0x00000000000370fc __pgi_uacc_dataup1()  /proj/build/24A/Linux_x86_64/rte/accel-uni/build/Linux_x86_64/../../src/dataup1.c:58
[lrdn2842:3908912] [ 1] /leonardo/prod/spack/06/install/0.22/linux-rhel8-icelake/gcc-8.5.0/nvhpc-24.5-torlmnyzcexnrs6pq4cccabv7ehkv3xy/Linux_x86_64/24.5/compilers/lib/libaccdevice.so(__pgi_uacc_cuda_dataup1+0xebf)[0x14b26fb4aa4f]
[lrdn2836:2728705] [10] /leonardo/home/userexternal/ctica000/MS_thesis/RegCM/bin/regcmMPICLM45_OPENACC_GPU_STDPAR(_start+0x2e)[0x44839e]
[lrdn2842:3908912] [ 2] /leonardo/prod/spack/06/install/0.22/linux-rhel8-icelake/gcc-8.5.0/nvhpc-24.5-torlmnyzcexnrs6pq4cccabv7ehkv3xy/Linux_x86_64/24.5/compilers/lib/libacchost.so(__pgi_uacc_dataup1+0x14c)[0x14b2700bf0fc]
[lrdn2836:2728705] *** End of error message ***
[lrdn2842:3908912] [ 3] /leonardo/prod/spack/06/install/0.22/linux-rhel8-icelake/gcc-8.5.0/nvhpc-24.5-torlmnyzcexnrs6pq4cccabv7ehkv3xy/Linux_x86_64/24.5/compilers/lib/libacchost.so(__pgi_uacc_dataupx+0x3b0)[0x14b2700bf920]
[lrdn2842:3908912] [ 4] /leonardo/prod/spack/06/install/0.22/linux-rhel8-icelake/gcc-8.5.0/nvhpc-24.5-torlmnyzcexnrs6pq4cccabv7ehkv3xy/Linux_x86_64/24.5/compilers/lib/libacchost.so(__pgi_uacc_dataonb+0x85a)[0x14b2700bcd5a]
 3 0x0000000000037920 __pgi_uacc_dataupx()  /proj/build/24A/Linux_x86_64/rte/accel-uni/build/Linux_x86_64/../../src/dataupx.c:123
 4 0x0000000000034d5a __pgi_uacc_dataonb()  /proj/build/24A/Linux_x86_64/rte/accel-uni/build/Linux_x86_64/../../src/dataonb.c:613
 5 0x0000000000810ec0 mod_output_output_()  /leonardo/home/userexternal/ctica000/MS_thesis/RegCM/Share/pfwsat.inc:1054
[lrdn2842:3908912] [ 5] /leonardo/home/userexternal/ctica000/MS_thesis/RegCM/bin/regcmMPICLM45_OPENACC_GPU_STDPAR(mod_output_output_+0x50bc0)[0x810ec0]
 6 0x00000000004496be mod_regcm_interface_rcm_run_()  /leonardo/home/userexternal/ctica000/MS_thesis/RegCM/Main/mod_regcm_interface.F90:281
[lrdn2842:3908912] [ 6] /leonardo/home/userexternal/ctica000/MS_thesis/RegCM/bin/regcmMPICLM45_OPENACC_GPU_STDPAR(mod_regcm_interface_rcm_run_+0x7e)[0x4496be]
 7 0x0000000000a24e57 MAIN_()  /leonardo/home/userexternal/ctica000/MS_thesis/RegCM/Main/regcm.F90:83
 8 0x00000000004484b1 main()  ???:0
[lrdn2842:3908912] [ 7] /leonardo/home/userexternal/ctica000/MS_thesis/RegCM/bin/regcmMPICLM45_OPENACC_GPU_STDPAR(MAIN_+0xd7)[0xa24e57]
 9 0x000000000003ad85 __libc_start_main()  ???:0
[lrdn2842:3908912] [ 8] /leonardo/home/userexternal/ctica000/MS_thesis/RegCM/bin/regcmMPICLM45_OPENACC_GPU_STDPAR(main+0x31)[0x4484b1]
10 0x000000000044839e _start()  ???:0
[lrdn2842:3908912] [ 9] /lib64/libc.so.6(__libc_start_main+0xe5)[0x14b26af5bd85]
=================================
[lrdn2842:3908912] [10] /leonardo/home/userexternal/ctica000/MS_thesis/RegCM/bin/regcmMPICLM45_OPENACC_GPU_STDPAR(_start+0x2e)[0x44839e]
[lrdn2842:3908912] *** End of error message ***
[lrdn2842:3908913] *** Process received signal ***
[lrdn2842:3908913] Signal: Segmentation fault (11)
[lrdn2842:3908913] Signal code:  (-6)
[lrdn2842:3908913] Failing at address: 0x1f485003ba531
 0 0x0000000000012cf0 __funlockfile()  :0
 1 0x000000000000ba4f __pgi_uacc_cuda_dataup1()  /proj/build/24A/Linux_x86_64/rte/accel-uni/build/Linux_x86_64/../../src/cuda_dataup1.c:88
 2 0x00000000000370fc __pgi_uacc_dataup1()  /proj/build/24A/Linux_x86_64/rte/accel-uni/build/Linux_x86_64/../../src/dataup1.c:58
 3 0x0000000000037920 __pgi_uacc_dataupx()  /proj/build/24A/Linux_x86_64/rte/accel-uni/build/Linux_x86_64/../../src/dataupx.c:123
 4 0x0000000000034d5a __pgi_uacc_dataonb()  /proj/build/24A/Linux_x86_64/rte/accel-uni/build/Linux_x86_64/../../src/dataonb.c:613
 5 0x0000000000810ec0 mod_output_output_()  /leonardo/home/userexternal/ctica000/MS_thesis/RegCM/Share/pfwsat.inc:1054
 6 0x00000000004496be mod_regcm_interface_rcm_run_()  /leonardo/home/userexternal/ctica000/MS_thesis/RegCM/Main/mod_regcm_interface.F90:281
[lrdn2842:3908913] [ 0] /lib64/libpthread.so.0(+0x12cf0)[0x14dcc4c6dcf0]
 7 0x0000000000a24e57 MAIN_()  /leonardo/home/userexternal/ctica000/MS_thesis/RegCM/Main/regcm.F90:83
==== backtrace (tid:3908911) ====
 0 0x0000000000012cf0 __funlockfile()  :0
 1 0x000000000000ba4f __pgi_uacc_cuda_dataup1()  /proj/build/24A/Linux_x86_64/rte/accel-uni/build/Linux_x86_64/../../src/cuda_dataup1.c:88
 2 0x00000000000370fc __pgi_uacc_dataup1()  /proj/build/24A/Linux_x86_64/rte/accel-uni/build/Linux_x86_64/../../src/dataup1.c:58
 3 0x0000000000037920 __pgi_uacc_dataupx()  /proj/build/24A/Linux_x86_64/rte/accel-uni/build/Linux_x86_64/../../src/dataupx.c:123
 4 0x0000000000034d5a __pgi_uacc_dataonb()  /proj/build/24A/Linux_x86_64/rte/accel-uni/build/Linux_x86_64/../../src/dataonb.c:613
 5 0x0000000000810ec0 mod_output_output_()  /leonardo/home/userexternal/ctica000/MS_thesis/RegCM/Share/pfwsat.inc:1054
 6 0x00000000004496be mod_regcm_interface_rcm_run_()  /leonardo/home/userexternal/ctica000/MS_thesis/RegCM/Main/mod_regcm_interface.F90:281
 7 0x0000000000a24e57 MAIN_()  /leonardo/home/userexternal/ctica000/MS_thesis/RegCM/Main/regcm.F90:83
 8 0x00000000004484b1 main()  ???:0
 9 0x000000000003ad85 __libc_start_main()  ???:0
10 0x000000000044839e _start()  ???:0
=================================
[lrdn2842:3908913] [ 1] /leonardo/prod/spack/06/install/0.22/linux-rhel8-icelake/gcc-8.5.0/nvhpc-24.5-torlmnyzcexnrs6pq4cccabv7ehkv3xy/Linux_x86_64/24.5/compilers/lib/libaccdevice.so(__pgi_uacc_cuda_dataup1+0xebf)[0x14dcc8be6a4f]
[lrdn2842:3908911] *** Process received signal ***
[lrdn2842:3908911] Signal: Segmentation fault (11)
[lrdn2842:3908911] Signal code:  (-6)
[lrdn2842:3908911] Failing at address: 0x1f485003ba52f
[lrdn2842:3908913] [ 2] /leonardo/prod/spack/06/install/0.22/linux-rhel8-icelake/gcc-8.5.0/nvhpc-24.5-torlmnyzcexnrs6pq4cccabv7ehkv3xy/Linux_x86_64/24.5/compilers/lib/libacchost.so(__pgi_uacc_dataup1+0x14c)[0x14dcc915b0fc]
[lrdn2842:3908913] [ 3] /leonardo/prod/spack/06/install/0.22/linux-rhel8-icelake/gcc-8.5.0/nvhpc-24.5-torlmnyzcexnrs6pq4cccabv7ehkv3xy/Linux_x86_64/24.5/compilers/lib/libacchost.so(__pgi_uacc_dataupx+0x3b0)[0x14dcc915b920]
[lrdn2842:3908913] [ 4] /leonardo/prod/spack/06/install/0.22/linux-rhel8-icelake/gcc-8.5.0/nvhpc-24.5-torlmnyzcexnrs6pq4cccabv7ehkv3xy/Linux_x86_64/24.5/compilers/lib/libacchost.so(__pgi_uacc_dataonb+0x85a)[0x14dcc9158d5a]
[lrdn2842:3908911] [ 0] /lib64/libpthread.so.0(+0x12cf0)[0x14da4503acf0]
 8 0x00000000004484b1 main()  ???:0
[lrdn2842:3908913] [ 5] /leonardo/home/userexternal/ctica000/MS_thesis/RegCM/bin/regcmMPICLM45_OPENACC_GPU_STDPAR(mod_output_output_+0x50bc0)[0x810ec0]
[lrdn2842:3908911] [ 1] /leonardo/prod/spack/06/install/0.22/linux-rhel8-icelake/gcc-8.5.0/nvhpc-24.5-torlmnyzcexnrs6pq4cccabv7ehkv3xy/Linux_x86_64/24.5/compilers/lib/libaccdevice.so(__pgi_uacc_cuda_dataup1+0xebf)[0x14da48fb3a4f]
[lrdn2842:3908913] [ 6] /leonardo/home/userexternal/ctica000/MS_thesis/RegCM/bin/regcmMPICLM45_OPENACC_GPU_STDPAR(mod_regcm_interface_rcm_run_+0x7e)[0x4496be]
[lrdn2842:3908913] [ 7] /leonardo/home/userexternal/ctica000/MS_thesis/RegCM/bin/regcmMPICLM45_OPENACC_GPU_STDPAR(MAIN_+0xd7)[0xa24e57]
[lrdn2842:3908911] [ 2] /leonardo/prod/spack/06/install/0.22/linux-rhel8-icelake/gcc-8.5.0/nvhpc-24.5-torlmnyzcexnrs6pq4cccabv7ehkv3xy/Linux_x86_64/24.5/compilers/lib/libacchost.so(__pgi_uacc_dataup1+0x14c)[0x14da495280fc]
 9 0x000000000003ad85 __libc_start_main()  ???:0
[lrdn2842:3908913] [ 8] /leonardo/home/userexternal/ctica000/MS_thesis/RegCM/bin/regcmMPICLM45_OPENACC_GPU_STDPAR(main+0x31)[0x4484b1]
[lrdn2842:3908913] [ 9] /lib64/libc.so.6(__libc_start_main+0xe5)[0x14dcc3ff7d85]
[lrdn2842:3908913] [10] /leonardo/home/userexternal/ctica000/MS_thesis/RegCM/bin/regcmMPICLM45_OPENACC_GPU_STDPAR(_start+0x2e)[0x44839e]
[lrdn2842:3908911] [ 3] /leonardo/prod/spack/06/install/0.22/linux-rhel8-icelake/gcc-8.5.0/nvhpc-24.5-torlmnyzcexnrs6pq4cccabv7ehkv3xy/Linux_x86_64/24.5/compilers/lib/libacchost.so(__pgi_uacc_dataupx+0x3b0)[0x14da49528920]
[lrdn2842:3908911] [ 4] /leonardo/prod/spack/06/install/0.22/linux-rhel8-icelake/gcc-8.5.0/nvhpc-24.5-torlmnyzcexnrs6pq4cccabv7ehkv3xy/Linux_x86_64/24.5/compilers/lib/libacchost.so(__pgi_uacc_dataonb+0x85a)[0x14da49525d5a]
[lrdn2842:3908913] *** End of error message ***
[lrdn2842:3908911] [ 5] /leonardo/home/userexternal/ctica000/MS_thesis/RegCM/bin/regcmMPICLM45_OPENACC_GPU_STDPAR(mod_output_output_+0x50bc0)[0x810ec0]
10 0x000000000044839e _start()  ???:0
=================================
[lrdn2842:3908911] [ 6] /leonardo/home/userexternal/ctica000/MS_thesis/RegCM/bin/regcmMPICLM45_OPENACC_GPU_STDPAR(mod_regcm_interface_rcm_run_+0x7e)[0x4496be]
[lrdn2842:3908911] [ 7] /leonardo/home/userexternal/ctica000/MS_thesis/RegCM/bin/regcmMPICLM45_OPENACC_GPU_STDPAR(MAIN_+0xd7)[0xa24e57]
[lrdn2842:3908911] [ 8] /leonardo/home/userexternal/ctica000/MS_thesis/RegCM/bin/regcmMPICLM45_OPENACC_GPU_STDPAR(main+0x31)[0x4484b1]
[lrdn2842:3908911] [ 9] /lib64/libc.so.6(__libc_start_main+0xe5)[0x14da443c4d85]
[lrdn2842:3908911] [10] /leonardo/home/userexternal/ctica000/MS_thesis/RegCM/bin/regcmMPICLM45_OPENACC_GPU_STDPAR(_start+0x2e)[0x44839e]
[lrdn2842:3908911] *** End of error message ***
[lrdn2836:2728707] *** Process received signal ***
[lrdn2836:2728707] Signal: Segmentation fault (11)
[lrdn2836:2728707] Signal code:  (-6)
[lrdn2836:2728707] Failing at address: 0x1f4850029a303
==== backtrace (tid:3973128) ====
 0 0x0000000000012cf0 __funlockfile()  :0
 1 0x000000000000ba4f __pgi_uacc_cuda_dataup1()  /proj/build/24A/Linux_x86_64/rte/accel-uni/build/Linux_x86_64/../../src/cuda_dataup1.c:88
[lrdn2836:2728707] [ 0] /lib64/libpthread.so.0(+0x12cf0)[0x153e5b46ccf0]
 2 0x00000000000370fc __pgi_uacc_dataup1()  /proj/build/24A/Linux_x86_64/rte/accel-uni/build/Linux_x86_64/../../src/dataup1.c:58
 3 0x0000000000037920 __pgi_uacc_dataupx()  /proj/build/24A/Linux_x86_64/rte/accel-uni/build/Linux_x86_64/../../src/dataupx.c:123
 4 0x0000000000034d5a __pgi_uacc_dataonb()  /proj/build/24A/Linux_x86_64/rte/accel-uni/build/Linux_x86_64/../../src/dataonb.c:613
 5 0x0000000000810ec0 mod_output_output_()  /leonardo/home/userexternal/ctica000/MS_thesis/RegCM/Share/pfwsat.inc:1054
 6 0x00000000004496be mod_regcm_interface_rcm_run_()  /leonardo/home/userexternal/ctica000/MS_thesis/RegCM/Main/mod_regcm_interface.F90:281
 7 0x0000000000a24e57 MAIN_()  /leonardo/home/userexternal/ctica000/MS_thesis/RegCM/Main/regcm.F90:83
 8 0x00000000004484b1 main()  ???:0
==== backtrace (tid:3973127) ====
 0 0x0000000000012cf0 __funlockfile()  :0
 1 0x000000000000ba4f __pgi_uacc_cuda_dataup1()  /proj/build/24A/Linux_x86_64/rte/accel-uni/build/Linux_x86_64/../../src/cuda_dataup1.c:88
 2 0x00000000000370fc __pgi_uacc_dataup1()  /proj/build/24A/Linux_x86_64/rte/accel-uni/build/Linux_x86_64/../../src/dataup1.c:58
 3 0x0000000000037920 __pgi_uacc_dataupx()  /proj/build/24A/Linux_x86_64/rte/accel-uni/build/Linux_x86_64/../../src/dataupx.c:123
 4 0x0000000000034d5a __pgi_uacc_dataonb()  /proj/build/24A/Linux_x86_64/rte/accel-uni/build/Linux_x86_64/../../src/dataonb.c:613
 5 0x0000000000810ec0 mod_output_output_()  /leonardo/home/userexternal/ctica000/MS_thesis/RegCM/Share/pfwsat.inc:1054
 6 0x00000000004496be mod_regcm_interface_rcm_run_()  /leonardo/home/userexternal/ctica000/MS_thesis/RegCM/Main/mod_regcm_interface.F90:281
 7 0x0000000000a24e57 MAIN_()  /leonardo/home/userexternal/ctica000/MS_thesis/RegCM/Main/regcm.F90:83
 8 0x00000000004484b1 main()  ???:0
 9 0x000000000003ad85 __libc_start_main()  ???:0
10 0x000000000044839e _start()  ???:0
=================================
 9 0x000000000003ad85 __libc_start_main()  ???:0
10 0x000000000044839e _start()  ???:0
=================================
[lrdn2841:3973127] *** Process received signal ***
[lrdn2841:3973127] Signal: Segmentation fault (11)
[lrdn2841:3973127] Signal code:  (-6)
[lrdn2841:3973127] Failing at address: 0x1f485003ca007
[lrdn2841:3973128] *** Process received signal ***
[lrdn2841:3973128] Signal: Segmentation fault (11)
[lrdn2841:3973128] Signal code:  (-6)
[lrdn2841:3973128] Failing at address: 0x1f485003ca008
[lrdn2836:2728707] [ 1] /leonardo/prod/spack/06/install/0.22/linux-rhel8-icelake/gcc-8.5.0/nvhpc-24.5-torlmnyzcexnrs6pq4cccabv7ehkv3xy/Linux_x86_64/24.5/compilers/lib/libaccdevice.so(__pgi_uacc_cuda_dataup1+0xebf)[0x153e5f3e5a4f]
[lrdn2841:3973128] [ 0] /lib64/libpthread.so.0(+0x12cf0)[0x14f862e93cf0]
[lrdn2841:3973127] [ 0] /lib64/libpthread.so.0(+0x12cf0)[0x14c96435ccf0]
[lrdn2841:3973127] [ 1] /leonardo/prod/spack/06/install/0.22/linux-rhel8-icelake/gcc-8.5.0/nvhpc-24.5-torlmnyzcexnrs6pq4cccabv7ehkv3xy/Linux_x86_64/24.5/compilers/lib/libaccdevice.so(__pgi_uacc_cuda_dataup1+0xebf)[0x14c9682d5a4f]
[lrdn2841:3973127] [ 2] /leonardo/prod/spack/06/install/0.22/linux-rhel8-icelake/gcc-8.5.0/nvhpc-24.5-torlmnyzcexnrs6pq4cccabv7ehkv3xy/Linux_x86_64/24.5/compilers/lib/libacchost.so(__pgi_uacc_dataup1+0x14c)[0x14c96884a0fc]
[lrdn2841:3973128] [ 1] /leonardo/prod/spack/06/install/0.22/linux-rhel8-icelake/gcc-8.5.0/nvhpc-24.5-torlmnyzcexnrs6pq4cccabv7ehkv3xy/Linux_x86_64/24.5/compilers/lib/libaccdevice.so(__pgi_uacc_cuda_dataup1+0xebf)[0x14f866e0ca4f]
[lrdn2841:3973128] [ 2] /leonardo/prod/spack/06/install/0.22/linux-rhel8-icelake/gcc-8.5.0/nvhpc-24.5-torlmnyzcexnrs6pq4cccabv7ehkv3xy/Linux_x86_64/24.5/compilers/lib/libacchost.so(__pgi_uacc_dataup1+0x14c)[0x14f8673810fc]
[lrdn2841:3973128] [ 3] /leonardo/prod/spack/06/install/0.22/linux-rhel8-icelake/gcc-8.5.0/nvhpc-24.5-torlmnyzcexnrs6pq4cccabv7ehkv3xy/Linux_x86_64/24.5/compilers/lib/libacchost.so(__pgi_uacc_dataupx+0x3b0)[0x14f867381920]
[lrdn2841:3973128] [ 4] /leonardo/prod/spack/06/install/0.22/linux-rhel8-icelake/gcc-8.5.0/nvhpc-24.5-torlmnyzcexnrs6pq4cccabv7ehkv3xy/Linux_x86_64/24.5/compilers/lib/libacchost.so(__pgi_uacc_dataonb+0x85a)[0x14f86737ed5a]
[lrdn2841:3973127] [ 3] /leonardo/prod/spack/06/install/0.22/linux-rhel8-icelake/gcc-8.5.0/nvhpc-24.5-torlmnyzcexnrs6pq4cccabv7ehkv3xy/Linux_x86_64/24.5/compilers/lib/libacchost.so(__pgi_uacc_dataupx+0x3b0)[0x14c96884a920]
[lrdn2841:3973127] [ 4] /leonardo/prod/spack/06/install/0.22/linux-rhel8-icelake/gcc-8.5.0/nvhpc-24.5-torlmnyzcexnrs6pq4cccabv7ehkv3xy/Linux_x86_64/24.5/compilers/lib/libacchost.so(__pgi_uacc_dataonb+0x85a)[0x14c968847d5a]
[lrdn2841:3973127] [ 5] /leonardo/home/userexternal/ctica000/MS_thesis/RegCM/bin/regcmMPICLM45_OPENACC_GPU_STDPAR(mod_output_output_+0x50bc0)[0x810ec0]
[lrdn2841:3973128] [ 5] /leonardo/home/userexternal/ctica000/MS_thesis/RegCM/bin/regcmMPICLM45_OPENACC_GPU_STDPAR(mod_output_output_+0x50bc0)[0x810ec0]
[lrdn2841:3973127] [ 6] /leonardo/home/userexternal/ctica000/MS_thesis/RegCM/bin/regcmMPICLM45_OPENACC_GPU_STDPAR(mod_regcm_interface_rcm_run_+0x7e)[0x4496be]
[lrdn2841:3973127] [ 7] /leonardo/home/userexternal/ctica000/MS_thesis/RegCM/bin/regcmMPICLM45_OPENACC_GPU_STDPAR(MAIN_+0xd7)[0xa24e57]
[lrdn2841:3973128] [ 6] /leonardo/home/userexternal/ctica000/MS_thesis/RegCM/bin/regcmMPICLM45_OPENACC_GPU_STDPAR(mod_regcm_interface_rcm_run_+0x7e)[0x4496be]
==== backtrace (tid:3973130) ====
 0 0x0000000000012cf0 __funlockfile()  :0
 1 0x000000000000ba4f __pgi_uacc_cuda_dataup1()  /proj/build/24A/Linux_x86_64/rte/accel-uni/build/Linux_x86_64/../../src/cuda_dataup1.c:88
 2 0x00000000000370fc __pgi_uacc_dataup1()  /proj/build/24A/Linux_x86_64/rte/accel-uni/build/Linux_x86_64/../../src/dataup1.c:58
 3 0x0000000000037920 __pgi_uacc_dataupx()  /proj/build/24A/Linux_x86_64/rte/accel-uni/build/Linux_x86_64/../../src/dataupx.c:123
 4 0x0000000000034d5a __pgi_uacc_dataonb()  /proj/build/24A/Linux_x86_64/rte/accel-uni/build/Linux_x86_64/../../src/dataonb.c:613
 5 0x0000000000810ec0 mod_output_output_()  /leonardo/home/userexternal/ctica000/MS_thesis/RegCM/Share/pfwsat.inc:1054
 6 0x00000000004496be mod_regcm_interface_rcm_run_()  /leonardo/home/userexternal/ctica000/MS_thesis/RegCM/Main/mod_regcm_interface.F90:281
 7 0x0000000000a24e57 MAIN_()  /leonardo/home/userexternal/ctica000/MS_thesis/RegCM/Main/regcm.F90:83
 8 0x00000000004484b1 main()  ???:0
 9 0x000000000003ad85 __libc_start_main()  ???:0
10 0x000000000044839e _start()  ???:0
=================================
[lrdn2841:3973127] [ 8] /leonardo/home/userexternal/ctica000/MS_thesis/RegCM/bin/regcmMPICLM45_OPENACC_GPU_STDPAR(main+0x31)[0x4484b1]
[lrdn2841:3973127] [ 9] /lib64/libc.so.6(__libc_start_main+0xe5)[0x14c9636e6d85]
[lrdn2841:3973130] *** Process received signal ***
[lrdn2841:3973130] Signal: Segmentation fault (11)
[lrdn2841:3973130] Signal code:  (-6)
[lrdn2841:3973130] Failing at address: 0x1f485003ca00a
[lrdn2841:3973128] [ 7] /leonardo/home/userexternal/ctica000/MS_thesis/RegCM/bin/regcmMPICLM45_OPENACC_GPU_STDPAR(MAIN_+0xd7)[0xa24e57]
[lrdn2841:3973128] [ 8] /leonardo/home/userexternal/ctica000/MS_thesis/RegCM/bin/regcmMPICLM45_OPENACC_GPU_STDPAR(main+0x31)[0x4484b1]
[lrdn2841:3973128] [ 9] /lib64/libc.so.6(__libc_start_main+0xe5)[0x14f86221dd85]
[lrdn2841:3973130] [ 0] /lib64/libpthread.so.0(+0x12cf0)[0x15404f19ccf0]
[lrdn2841:3973127] [10] /leonardo/home/userexternal/ctica000/MS_thesis/RegCM/bin/regcmMPICLM45_OPENACC_GPU_STDPAR(_start+0x2e)[0x44839e]
[lrdn2841:3973130] [ 1] /leonardo/prod/spack/06/install/0.22/linux-rhel8-icelake/gcc-8.5.0/nvhpc-24.5-torlmnyzcexnrs6pq4cccabv7ehkv3xy/Linux_x86_64/24.5/compilers/lib/libaccdevice.so(__pgi_uacc_cuda_dataup1+0xebf)[0x154053115a4f]
[lrdn2841:3973128] [10] /leonardo/home/userexternal/ctica000/MS_thesis/RegCM/bin/regcmMPICLM45_OPENACC_GPU_STDPAR(_start+0x2e)[0x44839e]
[lrdn2841:3973128] *** End of error message ***
[lrdn2841:3973130] [ 2] /leonardo/prod/spack/06/install/0.22/linux-rhel8-icelake/gcc-8.5.0/nvhpc-24.5-torlmnyzcexnrs6pq4cccabv7ehkv3xy/Linux_x86_64/24.5/compilers/lib/libacchost.so(__pgi_uacc_dataup1+0x14c)[0x15405368a0fc]
[lrdn2841:3973130] [ 3] /leonardo/prod/spack/06/install/0.22/linux-rhel8-icelake/gcc-8.5.0/nvhpc-24.5-torlmnyzcexnrs6pq4cccabv7ehkv3xy/Linux_x86_64/24.5/compilers/lib/libacchost.so(__pgi_uacc_dataupx+0x3b0)[0x15405368a920]
[lrdn2841:3973130] [ 4] /leonardo/prod/spack/06/install/0.22/linux-rhel8-icelake/gcc-8.5.0/nvhpc-24.5-torlmnyzcexnrs6pq4cccabv7ehkv3xy/Linux_x86_64/24.5/compilers/lib/libacchost.so(__pgi_uacc_dataonb+0x85a)[0x154053687d5a]
[lrdn2841:3973127] *** End of error message ***
[lrdn2841:3973130] [ 5] /leonardo/home/userexternal/ctica000/MS_thesis/RegCM/bin/regcmMPICLM45_OPENACC_GPU_STDPAR(mod_output_output_+0x50bc0)[0x810ec0]
[lrdn2836:2728707] [ 2] /leonardo/prod/spack/06/install/0.22/linux-rhel8-icelake/gcc-8.5.0/nvhpc-24.5-torlmnyzcexnrs6pq4cccabv7ehkv3xy/Linux_x86_64/24.5/compilers/lib/libacchost.so(__pgi_uacc_dataup1+0x14c)[0x153e5f95a0fc]
[lrdn2836:2728707] [ 3] /leonardo/prod/spack/06/install/0.22/linux-rhel8-icelake/gcc-8.5.0/nvhpc-24.5-torlmnyzcexnrs6pq4cccabv7ehkv3xy/Linux_x86_64/24.5/compilers/lib/libacchost.so(__pgi_uacc_dataupx+0x3b0)[0x153e5f95a920]
[lrdn2836:2728707] [ 4] /leonardo/prod/spack/06/install/0.22/linux-rhel8-icelake/gcc-8.5.0/nvhpc-24.5-torlmnyzcexnrs6pq4cccabv7ehkv3xy/Linux_x86_64/24.5/compilers/lib/libacchost.so(__pgi_uacc_dataonb+0x85a)[0x153e5f957d5a]
[lrdn2836:2728707] [ 5] /leonardo/home/userexternal/ctica000/MS_thesis/RegCM/bin/regcmMPICLM45_OPENACC_GPU_STDPAR(mod_output_output_+0x50bc0)[0x810ec0]
[lrdn2841:3973130] [ 6] /leonardo/home/userexternal/ctica000/MS_thesis/RegCM/bin/regcmMPICLM45_OPENACC_GPU_STDPAR(mod_regcm_interface_rcm_run_+0x7e)[0x4496be]
[lrdn2841:3973130] [ 7] /leonardo/home/userexternal/ctica000/MS_thesis/RegCM/bin/regcmMPICLM45_OPENACC_GPU_STDPAR(MAIN_+0xd7)[0xa24e57]
[lrdn2836:2728707] [ 6] /leonardo/home/userexternal/ctica000/MS_thesis/RegCM/bin/regcmMPICLM45_OPENACC_GPU_STDPAR(mod_regcm_interface_rcm_run_+0x7e)[0x4496be]
[lrdn2841:3973130] [ 8] /leonardo/home/userexternal/ctica000/MS_thesis/RegCM/bin/regcmMPICLM45_OPENACC_GPU_STDPAR(main+0x31)[0x4484b1]
[lrdn2841:3973130] [ 9] /lib64/libc.so.6(__libc_start_main+0xe5)[0x15404e526d85]
[lrdn2836:2728707] [ 7] /leonardo/home/userexternal/ctica000/MS_thesis/RegCM/bin/regcmMPICLM45_OPENACC_GPU_STDPAR(MAIN_+0xd7)[0xa24e57]
[lrdn2841:3973130] [10] /leonardo/home/userexternal/ctica000/MS_thesis/RegCM/bin/regcmMPICLM45_OPENACC_GPU_STDPAR(_start+0x2e)[0x44839e]
[lrdn2841:3973130] *** End of error message ***
[lrdn2836:2728707] [ 8] /leonardo/home/userexternal/ctica000/MS_thesis/RegCM/bin/regcmMPICLM45_OPENACC_GPU_STDPAR(main+0x31)[0x4484b1]
[lrdn2836:2728707] [ 9] /lib64/libc.so.6(__libc_start_main+0xe5)[0x153e5a7f6d85]
[lrdn2836:2728707] [10] /leonardo/home/userexternal/ctica000/MS_thesis/RegCM/bin/regcmMPICLM45_OPENACC_GPU_STDPAR(_start+0x2e)[0x44839e]
[lrdn2836:2728707] *** End of error message ***
==== backtrace (tid:4038217) ====
 0 0x0000000000012cf0 __funlockfile()  :0
 1 0x000000000000ba4f __pgi_uacc_cuda_dataup1()  /proj/build/24A/Linux_x86_64/rte/accel-uni/build/Linux_x86_64/../../src/cuda_dataup1.c:88
 2 0x00000000000370fc __pgi_uacc_dataup1()  /proj/build/24A/Linux_x86_64/rte/accel-uni/build/Linux_x86_64/../../src/dataup1.c:58
 3 0x0000000000037920 __pgi_uacc_dataupx()  /proj/build/24A/Linux_x86_64/rte/accel-uni/build/Linux_x86_64/../../src/dataupx.c:123
 4 0x0000000000034d5a __pgi_uacc_dataonb()  /proj/build/24A/Linux_x86_64/rte/accel-uni/build/Linux_x86_64/../../src/dataonb.c:613
 5 0x0000000000810ec0 mod_output_output_()  /leonardo/home/userexternal/ctica000/MS_thesis/RegCM/Share/pfwsat.inc:1054
 6 0x00000000004496be mod_regcm_interface_rcm_run_()  /leonardo/home/userexternal/ctica000/MS_thesis/RegCM/Main/mod_regcm_interface.F90:281
 7 0x0000000000a24e57 MAIN_()  /leonardo/home/userexternal/ctica000/MS_thesis/RegCM/Main/regcm.F90:83
 8 0x00000000004484b1 main()  ???:0
 9 0x000000000003ad85 __libc_start_main()  ???:0
10 0x000000000044839e _start()  ???:0
=================================
==== backtrace (tid:4038219) ====
[lrdn2848:4038217] *** Process received signal ***
 0 0x0000000000012cf0 __funlockfile()  :0
 1 0x000000000000ba4f __pgi_uacc_cuda_dataup1()  /proj/build/24A/Linux_x86_64/rte/accel-uni/build/Linux_x86_64/../../src/cuda_dataup1.c:88
 2 0x00000000000370fc __pgi_uacc_dataup1()  /proj/build/24A/Linux_x86_64/rte/accel-uni/build/Linux_x86_64/../../src/dataup1.c:58
 3 0x0000000000037920 __pgi_uacc_dataupx()  /proj/build/24A/Linux_x86_64/rte/accel-uni/build/Linux_x86_64/../../src/dataupx.c:123
 4 0x0000000000034d5a __pgi_uacc_dataonb()  /proj/build/24A/Linux_x86_64/rte/accel-uni/build/Linux_x86_64/../../src/dataonb.c:613
 5 0x0000000000810ec0 mod_output_output_()  /leonardo/home/userexternal/ctica000/MS_thesis/RegCM/Share/pfwsat.inc:1054
 6 0x00000000004496be mod_regcm_interface_rcm_run_()  /leonardo/home/userexternal/ctica000/MS_thesis/RegCM/Main/mod_regcm_interface.F90:281
 7 0x0000000000a24e57 MAIN_()  /leonardo/home/userexternal/ctica000/MS_thesis/RegCM/Main/regcm.F90:83
 8 0x00000000004484b1 main()  ???:0
 9 0x000000000003ad85 __libc_start_main()  ???:0
10 0x000000000044839e _start()  ???:0
=================================
[lrdn2848:4038217] Signal: Segmentation fault (11)
[lrdn2848:4038217] Signal code:  (-6)
[lrdn2848:4038217] Failing at address: 0x1f485003d9e49
[lrdn2848:4038219] *** Process received signal ***
[lrdn2848:4038219] Signal: Segmentation fault (11)
[lrdn2848:4038219] Signal code:  (-6)
[lrdn2848:4038219] Failing at address: 0x1f485003d9e4b
[lrdn2848:4038217] [ 0] /lib64/libpthread.so.0(+0x12cf0)[0x14a8eaf26cf0]
[lrdn2848:4038217] [ 1] /leonardo/prod/spack/06/install/0.22/linux-rhel8-icelake/gcc-8.5.0/nvhpc-24.5-torlmnyzcexnrs6pq4cccabv7ehkv3xy/Linux_x86_64/24.5/compilers/lib/libaccdevice.so(__pgi_uacc_cuda_dataup1+0xebf)[0x14a8eee9fa4f]
[lrdn2848:4038217] [ 2] /leonardo/prod/spack/06/install/0.22/linux-rhel8-icelake/gcc-8.5.0/nvhpc-24.5-torlmnyzcexnrs6pq4cccabv7ehkv3xy/Linux_x86_64/24.5/compilers/lib/libacchost.so(__pgi_uacc_dataup1+0x14c)[0x14a8ef4140fc]
[lrdn2848:4038217] [ 3] /leonardo/prod/spack/06/install/0.22/linux-rhel8-icelake/gcc-8.5.0/nvhpc-24.5-torlmnyzcexnrs6pq4cccabv7ehkv3xy/Linux_x86_64/24.5/compilers/lib/libacchost.so(__pgi_uacc_dataupx+0x3b0)[0x14a8ef414920]
[lrdn2848:4038217] [ 4] /leonardo/prod/spack/06/install/0.22/linux-rhel8-icelake/gcc-8.5.0/nvhpc-24.5-torlmnyzcexnrs6pq4cccabv7ehkv3xy/Linux_x86_64/24.5/compilers/lib/libacchost.so(__pgi_uacc_dataonb+0x85a)[0x14a8ef411d5a]
[lrdn2848:4038219] [ 0] /lib64/libpthread.so.0(+0x12cf0)[0x153eab8c9cf0]
[lrdn2848:4038217] [ 5] /leonardo/home/userexternal/ctica000/MS_thesis/RegCM/bin/regcmMPICLM45_OPENACC_GPU_STDPAR(mod_output_output_+0x50bc0)[0x810ec0]
[lrdn2848:4038219] [ 1] /leonardo/prod/spack/06/install/0.22/linux-rhel8-icelake/gcc-8.5.0/nvhpc-24.5-torlmnyzcexnrs6pq4cccabv7ehkv3xy/Linux_x86_64/24.5/compilers/lib/libaccdevice.so(__pgi_uacc_cuda_dataup1+0xebf)[0x153eaf842a4f]
[lrdn2848:4038217] [ 6] /leonardo/home/userexternal/ctica000/MS_thesis/RegCM/bin/regcmMPICLM45_OPENACC_GPU_STDPAR(mod_regcm_interface_rcm_run_+0x7e)[0x4496be]
[lrdn2848:4038217] [ 7] /leonardo/home/userexternal/ctica000/MS_thesis/RegCM/bin/regcmMPICLM45_OPENACC_GPU_STDPAR(MAIN_+0xd7)[0xa24e57]
[lrdn2848:4038219] [ 2] /leonardo/prod/spack/06/install/0.22/linux-rhel8-icelake/gcc-8.5.0/nvhpc-24.5-torlmnyzcexnrs6pq4cccabv7ehkv3xy/Linux_x86_64/24.5/compilers/lib/libacchost.so(__pgi_uacc_dataup1+0x14c)[0x153eafdb70fc]
[lrdn2848:4038219] [ 3] /leonardo/prod/spack/06/install/0.22/linux-rhel8-icelake/gcc-8.5.0/nvhpc-24.5-torlmnyzcexnrs6pq4cccabv7ehkv3xy/Linux_x86_64/24.5/compilers/lib/libacchost.so(__pgi_uacc_dataupx+0x3b0)[0x153eafdb7920]
[lrdn2848:4038219] [ 4] /leonardo/prod/spack/06/install/0.22/linux-rhel8-icelake/gcc-8.5.0/nvhpc-24.5-torlmnyzcexnrs6pq4cccabv7ehkv3xy/Linux_x86_64/24.5/compilers/lib/libacchost.so(__pgi_uacc_dataonb+0x85a)[0x153eafdb4d5a]
[lrdn2848:4038219] [ 5] /leonardo/home/userexternal/ctica000/MS_thesis/RegCM/bin/regcmMPICLM45_OPENACC_GPU_STDPAR(mod_output_output_+0x50bc0)[0x810ec0]
[lrdn2848:4038217] [ 8] /leonardo/home/userexternal/ctica000/MS_thesis/RegCM/bin/regcmMPICLM45_OPENACC_GPU_STDPAR(main+0x31)[0x4484b1]
[lrdn2848:4038217] [ 9] /lib64/libc.so.6(__libc_start_main+0xe5)[0x14a8ea2b0d85]
[lrdn2848:4038217] [10] /leonardo/home/userexternal/ctica000/MS_thesis/RegCM/bin/regcmMPICLM45_OPENACC_GPU_STDPAR(_start+0x2e)[0x44839e]
[lrdn2848:4038217] *** End of error message ***
[lrdn2848:4038219] [ 6] /leonardo/home/userexternal/ctica000/MS_thesis/RegCM/bin/regcmMPICLM45_OPENACC_GPU_STDPAR(mod_regcm_interface_rcm_run_+0x7e)[0x4496be]
[lrdn2848:4038219] [ 7] /leonardo/home/userexternal/ctica000/MS_thesis/RegCM/bin/regcmMPICLM45_OPENACC_GPU_STDPAR(MAIN_+0xd7)[0xa24e57]
[lrdn2848:4038219] [ 8] /leonardo/home/userexternal/ctica000/MS_thesis/RegCM/bin/regcmMPICLM45_OPENACC_GPU_STDPAR(main+0x31)[0x4484b1]
[lrdn2848:4038219] [ 9] /lib64/libc.so.6(__libc_start_main+0xe5)[0x153eaac53d85]
[lrdn2848:4038219] [10] /leonardo/home/userexternal/ctica000/MS_thesis/RegCM/bin/regcmMPICLM45_OPENACC_GPU_STDPAR(_start+0x2e)[0x44839e]
[lrdn2848:4038219] *** End of error message ***
==== backtrace (tid:4038220) ====
 0 0x0000000000012cf0 __funlockfile()  :0
 1 0x000000000000ba4f __pgi_uacc_cuda_dataup1()  /proj/build/24A/Linux_x86_64/rte/accel-uni/build/Linux_x86_64/../../src/cuda_dataup1.c:88
 2 0x00000000000370fc __pgi_uacc_dataup1()  /proj/build/24A/Linux_x86_64/rte/accel-uni/build/Linux_x86_64/../../src/dataup1.c:58
 3 0x0000000000037920 __pgi_uacc_dataupx()  /proj/build/24A/Linux_x86_64/rte/accel-uni/build/Linux_x86_64/../../src/dataupx.c:123
 4 0x0000000000034d5a __pgi_uacc_dataonb()  /proj/build/24A/Linux_x86_64/rte/accel-uni/build/Linux_x86_64/../../src/dataonb.c:613
 5 0x0000000000810ec0 mod_output_output_()  /leonardo/home/userexternal/ctica000/MS_thesis/RegCM/Share/pfwsat.inc:1054
 6 0x00000000004496be mod_regcm_interface_rcm_run_()  /leonardo/home/userexternal/ctica000/MS_thesis/RegCM/Main/mod_regcm_interface.F90:281
 7 0x0000000000a24e57 MAIN_()  /leonardo/home/userexternal/ctica000/MS_thesis/RegCM/Main/regcm.F90:83
 8 0x00000000004484b1 main()  ???:0
 9 0x000000000003ad85 __libc_start_main()  ???:0
10 0x000000000044839e _start()  ???:0
=================================
[lrdn2848:4038220] *** Process received signal ***
[lrdn2848:4038220] Signal: Segmentation fault (11)
[lrdn2848:4038220] Signal code:  (-6)
[lrdn2848:4038220] Failing at address: 0x1f485003d9e4c
[lrdn2848:4038220] [ 0] /lib64/libpthread.so.0(+0x12cf0)[0x1456412cecf0]
[lrdn2848:4038220] [ 1] /leonardo/prod/spack/06/install/0.22/linux-rhel8-icelake/gcc-8.5.0/nvhpc-24.5-torlmnyzcexnrs6pq4cccabv7ehkv3xy/Linux_x86_64/24.5/compilers/lib/libaccdevice.so(__pgi_uacc_cuda_dataup1+0xebf)[0x145645247a4f]
[lrdn2848:4038220] [ 2] /leonardo/prod/spack/06/install/0.22/linux-rhel8-icelake/gcc-8.5.0/nvhpc-24.5-torlmnyzcexnrs6pq4cccabv7ehkv3xy/Linux_x86_64/24.5/compilers/lib/libacchost.so(__pgi_uacc_dataup1+0x14c)[0x1456457bc0fc]
[lrdn2848:4038220] [ 3] /leonardo/prod/spack/06/install/0.22/linux-rhel8-icelake/gcc-8.5.0/nvhpc-24.5-torlmnyzcexnrs6pq4cccabv7ehkv3xy/Linux_x86_64/24.5/compilers/lib/libacchost.so(__pgi_uacc_dataupx+0x3b0)[0x1456457bc920]
[lrdn2848:4038220] [ 4] /leonardo/prod/spack/06/install/0.22/linux-rhel8-icelake/gcc-8.5.0/nvhpc-24.5-torlmnyzcexnrs6pq4cccabv7ehkv3xy/Linux_x86_64/24.5/compilers/lib/libacchost.so(__pgi_uacc_dataonb+0x85a)[0x1456457b9d5a]
[lrdn2848:4038220] [ 5] /leonardo/home/userexternal/ctica000/MS_thesis/RegCM/bin/regcmMPICLM45_OPENACC_GPU_STDPAR(mod_output_output_+0x50bc0)[0x810ec0]
[lrdn2848:4038220] [ 6] /leonardo/home/userexternal/ctica000/MS_thesis/RegCM/bin/regcmMPICLM45_OPENACC_GPU_STDPAR(mod_regcm_interface_rcm_run_+0x7e)[0x4496be]
[lrdn2848:4038220] [ 7] /leonardo/home/userexternal/ctica000/MS_thesis/RegCM/bin/regcmMPICLM45_OPENACC_GPU_STDPAR(MAIN_+0xd7)[0xa24e57]
[lrdn2848:4038220] [ 8] /leonardo/home/userexternal/ctica000/MS_thesis/RegCM/bin/regcmMPICLM45_OPENACC_GPU_STDPAR(main+0x31)[0x4484b1]
[lrdn2848:4038220] [ 9] /lib64/libc.so.6(__libc_start_main+0xe5)[0x145640658d85]
[lrdn2848:4038220] [10] /leonardo/home/userexternal/ctica000/MS_thesis/RegCM/bin/regcmMPICLM45_OPENACC_GPU_STDPAR(_start+0x2e)[0x44839e]
[lrdn2848:4038220] *** End of error message ***
[ perf record: Woken up 3162 times to write data ]
[ perf record: Woken up 2923 times to write data ]
[ perf record: Woken up 3165 times to write data ]
[ perf record: Woken up 3165 times to write data ]
[ perf record: Woken up 3161 times to write data ]
[ perf record: Woken up 2918 times to write data ]
[ perf record: Woken up 3161 times to write data ]
[ perf record: Woken up 3161 times to write data ]
[ perf record: Woken up 4513 times to write data ]
[ perf record: Woken up 3164 times to write data ]
[ perf record: Woken up 3161 times to write data ]
[ perf record: Woken up 5084 times to write data ]
[ perf record: Woken up 5395 times to write data ]
[ perf record: Woken up 3162 times to write data ]
[ perf record: Woken up 3168 times to write data ]
Warning:
Processed 103991 events and lost 1 chunks!

Check IO/CPU overload!

[ perf record: Captured and wrote 729.794 MB /leonardo_scratch/large/userexternal/ctica000/perf/with_IO/sequential_write/perf_22665870/perf.data.rank1 (90531 samples) ]
[ perf record: Captured and wrote 730.783 MB /leonardo_scratch/large/userexternal/ctica000/perf/with_IO/sequential_write/perf_22665870/perf.data.rank3 (90654 samples) ]
[ perf record: Captured and wrote 790.490 MB /leonardo_scratch/large/userexternal/ctica000/perf/with_IO/sequential_write/perf_22665870/perf.data.rank4 (98064 samples) ]
[ perf record: Captured and wrote 791.088 MB /leonardo_scratch/large/userexternal/ctica000/perf/with_IO/sequential_write/perf_22665870/perf.data.rank7 (98136 samples) ]
[ perf record: Captured and wrote 790.199 MB /leonardo_scratch/large/userexternal/ctica000/perf/with_IO/sequential_write/perf_22665870/perf.data.rank6 (98028 samples) ]
[ perf record: Captured and wrote 790.489 MB /leonardo_scratch/large/userexternal/ctica000/perf/with_IO/sequential_write/perf_22665870/perf.data.rank14 (98065 samples) ]
[ perf record: Captured and wrote 725.001 MB /leonardo_scratch/large/userexternal/ctica000/perf/with_IO/sequential_write/perf_22665870/perf.data.rank2 (89936 samples) ]
[ perf record: Captured and wrote 791.422 MB /leonardo_scratch/large/userexternal/ctica000/perf/with_IO/sequential_write/perf_22665870/perf.data.rank13 (98181 samples) ]
[ perf record: Captured and wrote 791.325 MB /leonardo_scratch/large/userexternal/ctica000/perf/with_IO/sequential_write/perf_22665870/perf.data.rank5 (98167 samples) ]
[ perf record: Captured and wrote 790.359 MB /leonardo_scratch/large/userexternal/ctica000/perf/with_IO/sequential_write/perf_22665870/perf.data.rank11 (98048 samples) ]
[ perf record: Captured and wrote 791.562 MB /leonardo_scratch/large/userexternal/ctica000/perf/with_IO/sequential_write/perf_22665870/perf.data.rank8 (98194 samples) ]
[ perf record: Captured and wrote 790.565 MB /leonardo_scratch/large/userexternal/ctica000/perf/with_IO/sequential_write/perf_22665870/perf.data.rank15 (98075 samples) ]
[ perf record: Captured and wrote 791.119 MB /leonardo_scratch/large/userexternal/ctica000/perf/with_IO/sequential_write/perf_22665870/perf.data.rank12 (98143 samples) ]
[ perf record: Captured and wrote 790.611 MB /leonardo_scratch/large/userexternal/ctica000/perf/with_IO/sequential_write/perf_22665870/perf.data.rank9 (98075 samples) ]
[ perf record: Captured and wrote 792.159 MB /leonardo_scratch/large/userexternal/ctica000/perf/with_IO/sequential_write/perf_22665870/perf.data.rank10 (98268 samples) ]
[ perf record: Woken up 3887 times to write data ]
srun: error: lrdn2841: tasks 4-7: Segmentation fault
srun: error: lrdn2836: tasks 1-3: Segmentation fault
srun: error: lrdn2848: tasks 12-15: Segmentation fault
srun: error: lrdn2842: tasks 8-11: Segmentation fault
[ perf record: Captured and wrote 972.002 MB /leonardo_scratch/large/userexternal/ctica000/perf/with_IO/sequential_write/perf_22665870/perf.data.rank0 (120319 samples) ]
slurmstepd: error:  mpi/pmix_v3: _errhandler: lrdn2836 [0]: pmixp_client_v2.c:212: Error handler invoked: status = -25, source = [slurm.pmix.22665870.0:3]
srun: error: lrdn2836: task 0: Segmentation fault
