[ perf record: Woken up 23736 times to write data ]
[ perf record: Woken up 23811 times to write data ]
[ perf record: Woken up 23784 times to write data ]
[ perf record: Woken up 23731 times to write data ]
[ perf record: Woken up 23753 times to write data ]
[ perf record: Woken up 23766 times to write data ]
[ perf record: Woken up 23731 times to write data ]
[ perf record: Woken up 23717 times to write data ]
[ perf record: Woken up 23851 times to write data ]
[ perf record: Woken up 25086 times to write data ]
[ perf record: Woken up 25030 times to write data ]
[ perf record: Woken up 25128 times to write data ]
Warning:
Processed 766937 events and lost 2 chunks!

Check IO/CPU overload!

Warning:
Processed 767483 events and lost 1 chunks!

Check IO/CPU overload!

Warning:
Processed 776137 events and lost 2 chunks!

Check IO/CPU overload!

Warning:
Processed 766813 events and lost 4 chunks!

Check IO/CPU overload!

Warning:
Processed 766932 events and lost 4 chunks!

Check IO/CPU overload!

Warning:
Processed 774238 events and lost 4 chunks!

Check IO/CPU overload!

Warning:
Processed 773561 events and lost 5 chunks!

Check IO/CPU overload!

[ perf record: Captured and wrote 5933.075 MB /leonardo_scratch/large/userexternal/ctica000/perf/with_IO/sequential_write/perf_21769727/perf.data.rank5 (736298 samples) ]
Warning:
Processed 767701 events and lost 3 chunks!

Check IO/CPU overload!

Warning:
Processed 775738 events and lost 1 chunks!

Check IO/CPU overload!

[ perf record: Captured and wrote 5934.551 MB /leonardo_scratch/large/userexternal/ctica000/perf/with_IO/sequential_write/perf_21769727/perf.data.rank6 (736482 samples) ]
[ perf record: Captured and wrote 5933.092 MB /leonardo_scratch/large/userexternal/ctica000/perf/with_IO/sequential_write/perf_21769727/perf.data.rank4 (736301 samples) ]
Warning:
Processed 767116 events and lost 1 chunks!

Check IO/CPU overload!

[ perf record: Captured and wrote 5948.027 MB /leonardo_scratch/large/userexternal/ctica000/perf/with_IO/sequential_write/perf_21769727/perf.data.rank13 (738167 samples) ]
[ perf record: Captured and wrote 5950.618 MB /leonardo_scratch/large/userexternal/ctica000/perf/with_IO/sequential_write/perf_21769727/perf.data.rank7 (738390 samples) ]
[ perf record: Captured and wrote 5946.414 MB /leonardo_scratch/large/userexternal/ctica000/perf/with_IO/sequential_write/perf_21769727/perf.data.rank14 (737967 samples) ]
[ perf record: Captured and wrote 5941.785 MB /leonardo_scratch/large/userexternal/ctica000/perf/with_IO/sequential_write/perf_21769727/perf.data.rank12 (737392 samples) ]
[ perf record: Captured and wrote 5938.753 MB /leonardo_scratch/large/userexternal/ctica000/perf/with_IO/sequential_write/perf_21769727/perf.data.rank8 (736917 samples) ]
[ perf record: Captured and wrote 5929.642 MB /leonardo_scratch/large/userexternal/ctica000/perf/with_IO/sequential_write/perf_21769727/perf.data.rank9 (735780 samples) ]
[ perf record: Captured and wrote 5953.140 MB /leonardo_scratch/large/userexternal/ctica000/perf/with_IO/sequential_write/perf_21769727/perf.data.rank10 (738702 samples) ]
[ perf record: Captured and wrote 5936.463 MB /leonardo_scratch/large/userexternal/ctica000/perf/with_IO/sequential_write/perf_21769727/perf.data.rank11 (736720 samples) ]
[ perf record: Captured and wrote 5944.784 MB /leonardo_scratch/large/userexternal/ctica000/perf/with_IO/sequential_write/perf_21769727/perf.data.rank15 (737756 samples) ]
[ perf record: Woken up 23553 times to write data ]
[ perf record: Woken up 25097 times to write data ]
[ perf record: Woken up 25771 times to write data ]
[ perf record: Woken up 27207 times to write data ]
Warning:
Processed 761146 events and lost 3 chunks!

Check IO/CPU overload!

Warning:
Processed 759208 events and lost 2 chunks!

Check IO/CPU overload!

Warning:
Processed 759047 events and lost 4 chunks!

Check IO/CPU overload!

[ perf record: Captured and wrote 5888.991 MB /leonardo_scratch/large/userexternal/ctica000/perf/with_IO/sequential_write/perf_21769727/perf.data.rank2 (730827 samples) ]
[ perf record: Captured and wrote 5874.370 MB /leonardo_scratch/large/userexternal/ctica000/perf/with_IO/sequential_write/perf_21769727/perf.data.rank3 (729013 samples) ]
[ perf record: Captured and wrote 5872.703 MB /leonardo_scratch/large/userexternal/ctica000/perf/with_IO/sequential_write/perf_21769727/perf.data.rank1 (728806 samples) ]
Warning:
Processed 1015757 events and lost 2 chunks!

Check IO/CPU overload!

[ perf record: Captured and wrote 6153.761 MB /leonardo_scratch/large/userexternal/ctica000/perf/with_IO/sequential_write/perf_21769727/perf.data.rank0 (760872 samples) ]
