Failing in Thread:1
Accelerator Fatal Error: call to cuStreamSynchronize returned error 719 (CUDA_ERROR_LAUNCH_FAILED): Launch failed (often invalid pointer dereference)
 File: /leonardo/home/userexternal/ctica000/MS_thesis/RegCM/Main/mod_output.F90
 Function: output:60
 Line: 1053

Failing in Thread:1
Accelerator Fatal Error: call to cuStreamSynchronize returned error 719 (CUDA_ERROR_LAUNCH_FAILED): Launch failed (often invalid pointer dereference)
 File: /leonardo/home/userexternal/ctica000/MS_thesis/RegCM/Main/mod_output.F90
 Function: output:60
 Line: 1053

Failing in Thread:1
Failing in Thread:1
Accelerator Fatal Error: call to cuStreamSynchronize returned error 719 (CUDA_ERROR_LAUNCH_FAILED): Launch failed (often invalid pointer dereference)
 File: /leonardo/home/userexternal/ctica000/MS_thesis/RegCM/Main/mod_output.F90
 Function: output:60
 Line: 1053

Accelerator Fatal Error: call to cuStreamSynchronize returned error 719 (CUDA_ERROR_LAUNCH_FAILED): Launch failed (often invalid pointer dereference)
 File: /leonardo/home/userexternal/ctica000/MS_thesis/RegCM/Main/mod_output.F90
 Function: output:60
 Line: 1053

Failing in Thread:1
Accelerator Fatal Error: call to cuStreamSynchronize returned error 719 (CUDA_ERROR_LAUNCH_FAILED): Launch failed (often invalid pointer dereference)
 File: /leonardo/home/userexternal/ctica000/MS_thesis/RegCM/Main/mod_output.F90
 Function: output:60
 Line: 1053

Failing in Thread:1
Accelerator Fatal Error: call to cuStreamSynchronize returned error 719 (CUDA_ERROR_LAUNCH_FAILED): Launch failed (often invalid pointer dereference)
 File: /leonardo/home/userexternal/ctica000/MS_thesis/RegCM/Main/mod_output.F90
 Function: output:60
 Line: 1053

Failing in Thread:1
Accelerator Fatal Error: call to cuStreamSynchronize returned error 719 (CUDA_ERROR_LAUNCH_FAILED): Launch failed (often invalid pointer dereference)
 File: /leonardo/home/userexternal/ctica000/MS_thesis/RegCM/Main/mod_output.F90
 Function: output:60
 Line: 1053

Failing in Thread:1
Accelerator Fatal Error: call to cuStreamSynchronize returned error 719 (CUDA_ERROR_LAUNCH_FAILED): Launch failed (often invalid pointer dereference)
 File: /leonardo/home/userexternal/ctica000/MS_thesis/RegCM/Main/mod_output.F90
 Function: output:60
 Line: 1053

Failing in Thread:1
Accelerator Fatal Error: call to cuStreamSynchronize returned error 719 (CUDA_ERROR_LAUNCH_FAILED): Launch failed (often invalid pointer dereference)
 File: /leonardo/home/userexternal/ctica000/MS_thesis/RegCM/Main/mod_output.F90
 Function: output:60
 Line: 1053

Failing in Thread:1
Accelerator Fatal Error: call to cuStreamSynchronize returned error 719 (CUDA_ERROR_LAUNCH_FAILED): Launch failed (often invalid pointer dereference)
 File: /leonardo/home/userexternal/ctica000/MS_thesis/RegCM/Main/mod_output.F90
 Function: output:60
 Line: 1053

Failing in Thread:1
Accelerator Fatal Error: call to cuStreamSynchronize returned error 719 (CUDA_ERROR_LAUNCH_FAILED): Launch failed (often invalid pointer dereference)
 File: /leonardo/home/userexternal/ctica000/MS_thesis/RegCM/Main/mod_output.F90
 Function: output:60
 Line: 1053

Failing in Thread:1
Accelerator Fatal Error: call to cuStreamSynchronize returned error 719 (CUDA_ERROR_LAUNCH_FAILED): Launch failed (often invalid pointer dereference)
 File: /leonardo/home/userexternal/ctica000/MS_thesis/RegCM/Main/mod_output.F90
 Function: output:60
 Line: 1053

Failing in Thread:1
Accelerator Fatal Error: call to cuStreamSynchronize returned error 719 (CUDA_ERROR_LAUNCH_FAILED): Launch failed (often invalid pointer dereference)
 File: /leonardo/home/userexternal/ctica000/MS_thesis/RegCM/Main/mod_output.F90
 Function: output:60
 Line: 1053

Failing in Thread:1
Accelerator Fatal Error: call to cuStreamSynchronize returned error 719 (CUDA_ERROR_LAUNCH_FAILED): Launch failed (often invalid pointer dereference)
 File: /leonardo/home/userexternal/ctica000/MS_thesis/RegCM/Main/mod_output.F90
 Function: output:60
 Line: 1053

Failing in Thread:1
Accelerator Fatal Error: call to cuStreamSynchronize returned error 719 (CUDA_ERROR_LAUNCH_FAILED): Launch failed (often invalid pointer dereference)
 File: /leonardo/home/userexternal/ctica000/MS_thesis/RegCM/Main/mod_output.F90
 Function: output:60
 Line: 1053

Failing in Thread:1
Accelerator Fatal Error: call to cuStreamSynchronize returned error 719 (CUDA_ERROR_LAUNCH_FAILED): Launch failed (often invalid pointer dereference)
 File: /leonardo/home/userexternal/ctica000/MS_thesis/RegCM/Main/mod_output.F90
 Function: output:60
 Line: 1053

[ perf record: Woken up 7902 times to write data ]
[ perf record: Woken up 7513 times to write data ]
[ perf record: Woken up 7897 times to write data ]
[ perf record: Woken up 7671 times to write data ]
[ perf record: Woken up 7899 times to write data ]
[ perf record: Woken up 7898 times to write data ]
[ perf record: Woken up 7664 times to write data ]
[ perf record: Woken up 9500 times to write data ]
[ perf record: Woken up 7272 times to write data ]
[ perf record: Woken up 9228 times to write data ]
[ perf record: Woken up 7666 times to write data ]
[ perf record: Woken up 9222 times to write data ]
[ perf record: Woken up 9265 times to write data ]
[ perf record: Woken up 7881 times to write data ]
[ perf record: Woken up 9190 times to write data ]
Warning:
Processed 256245 events and lost 2 chunks!

Check IO/CPU overload!

Warning:
Processed 243674 events and lost 41 chunks!

Check IO/CPU overload!

Warning:
Processed 250258 events and lost 2 chunks!

Check IO/CPU overload!

Warning:
Processed 255978 events and lost 5 chunks!

Check IO/CPU overload!

Warning:
Processed 255795 events and lost 4 chunks!

Check IO/CPU overload!

Warning:
Processed 255688 events and lost 1 chunks!

Check IO/CPU overload!

Warning:
Processed 249456 events and lost 4 chunks!

Check IO/CPU overload!

Warning:
Processed 256147 events and lost 1 chunks!

Check IO/CPU overload!

[ perf record: Captured and wrote 1975.679 MB /leonardo_scratch/large/userexternal/ctica000/perf/with_IO/sequential_write/perf_21995779/perf.data.rank9 (245162 samples) ]
[ perf record: Captured and wrote 1974.340 MB /leonardo_scratch/large/userexternal/ctica000/perf/with_IO/sequential_write/perf_21995779/perf.data.rank10 (244997 samples) ]
Warning:
Processed 235655 events and lost 57 chunks!

Check IO/CPU overload!

Warning:
Processed 255776 events and lost 8 chunks!

Check IO/CPU overload!

[ perf record: Captured and wrote 1975.653 MB /leonardo_scratch/large/userexternal/ctica000/perf/with_IO/sequential_write/perf_21995779/perf.data.rank8 (245160 samples) ]
[ perf record: Captured and wrote 1974.902 MB /leonardo_scratch/large/userexternal/ctica000/perf/with_IO/sequential_write/perf_21995779/perf.data.rank5 (245070 samples) ]
[ perf record: Captured and wrote 1878.905 MB /leonardo_scratch/large/userexternal/ctica000/perf/with_IO/sequential_write/perf_21995779/perf.data.rank7 (233153 samples) ]
[ perf record: Captured and wrote 1918.263 MB /leonardo_scratch/large/userexternal/ctica000/perf/with_IO/sequential_write/perf_21995779/perf.data.rank2 (238039 samples) ]
[ perf record: Captured and wrote 1916.398 MB /leonardo_scratch/large/userexternal/ctica000/perf/with_IO/sequential_write/perf_21995779/perf.data.rank3 (237808 samples) ]
Warning:
Processed 255504 events and lost 4 chunks!

Check IO/CPU overload!

[ perf record: Captured and wrote 1916.806 MB /leonardo_scratch/large/userexternal/ctica000/perf/with_IO/sequential_write/perf_21995779/perf.data.rank1 (237859 samples) ]
[ perf record: Captured and wrote 1974.914 MB /leonardo_scratch/large/userexternal/ctica000/perf/with_IO/sequential_write/perf_21995779/perf.data.rank6 (245072 samples) ]
Warning:
Processed 255906 events and lost 1 chunks!

Check IO/CPU overload!

[ perf record: Captured and wrote 1973.123 MB /leonardo_scratch/large/userexternal/ctica000/perf/with_IO/sequential_write/perf_21995779/perf.data.rank11 (244850 samples) ]
Warning:
Processed 255137 events and lost 3 chunks!

Check IO/CPU overload!

[ perf record: Captured and wrote 1976.210 MB /leonardo_scratch/large/userexternal/ctica000/perf/with_IO/sequential_write/perf_21995779/perf.data.rank4 (245233 samples) ]
[ perf record: Captured and wrote 1818.354 MB /leonardo_scratch/large/userexternal/ctica000/perf/with_IO/sequential_write/perf_21995779/perf.data.rank12 (225641 samples) ]
[ perf record: Captured and wrote 1975.058 MB /leonardo_scratch/large/userexternal/ctica000/perf/with_IO/sequential_write/perf_21995779/perf.data.rank15 (245091 samples) ]
Warning:
Processed 253211 events and lost 25 chunks!

Check IO/CPU overload!

[ perf record: Captured and wrote 1970.621 MB /leonardo_scratch/large/userexternal/ctica000/perf/with_IO/sequential_write/perf_21995779/perf.data.rank13 (244540 samples) ]
[ perf record: Captured and wrote 1955.538 MB /leonardo_scratch/large/userexternal/ctica000/perf/with_IO/sequential_write/perf_21995779/perf.data.rank14 (242668 samples) ]
[ perf record: Woken up 3764 times to write data ]
[ perf record: Captured and wrote 941.116 MB /leonardo_scratch/large/userexternal/ctica000/perf/with_IO/sequential_write/perf_21995779/perf.data.rank0 (116486 samples) ]
slurmstepd: error:  mpi/pmix_v3: _errhandler: lrdn2077 [2]: pmixp_client_v2.c:212: Error handler invoked: status = -25, source = [slurm.pmix.21995779.0:9]
slurmstepd: error: *** STEP 21995779.0 ON lrdn0985 CANCELLED AT 2025-10-22T21:37:25 ***
srun: Job step aborted: Waiting up to 182 seconds for job step to finish.
slurmstepd: error:  mpi/pmix_v3: _errhandler: lrdn1681 [1]: pmixp_client_v2.c:212: Error handler invoked: status = -25, source = [slurm.pmix.21995779.0:7]
slurmstepd: error:  mpi/pmix_v3: _errhandler: lrdn2097 [3]: pmixp_client_v2.c:212: Error handler invoked: status = -25, source = [slurm.pmix.21995779.0:15]
srun: error: lrdn0985: tasks 0-3: Killed
srun: error: lrdn2097: tasks 12-15: Killed
srun: error: lrdn1681: tasks 4-7: Killed
srun: error: lrdn2077: tasks 8-11: Killed
