Failing in Thread:1
Accelerator Fatal Error: call to cuStreamSynchronize returned error 700 (CUDA_ERROR_ILLEGAL_ADDRESS): Illegal address during kernel execution
 File: /leonardo/home/userexternal/ctica000/MS_thesis/RegCM/Main/mod_output.F90
 Function: output:60
 Line: 1067

Failing in Thread:1
Accelerator Fatal Error: call to cuStreamSynchronize returned error 700 (CUDA_ERROR_ILLEGAL_ADDRESS): Illegal address during kernel execution
 File: /leonardo/home/userexternal/ctica000/MS_thesis/RegCM/Main/mod_output.F90
 Function: output:60
 Line: 1067

Failing in Thread:1
Accelerator Fatal Error: call to cuStreamSynchronize returned error 700 (CUDA_ERROR_ILLEGAL_ADDRESS): Illegal address during kernel execution
 File: /leonardo/home/userexternal/ctica000/MS_thesis/RegCM/Main/mod_output.F90
 Function: output:60
 Line: 1067

Failing in Thread:1
Accelerator Fatal Error: call to cuStreamSynchronize returned error 700 (CUDA_ERROR_ILLEGAL_ADDRESS): Illegal address during kernel execution
 File: /leonardo/home/userexternal/ctica000/MS_thesis/RegCM/Main/mod_output.F90
 Function: output:60
 Line: 1067

Failing in Thread:1
Accelerator Fatal Error: call to cuStreamSynchronize returned error 700 (CUDA_ERROR_ILLEGAL_ADDRESS): Illegal address during kernel execution
 File: /leonardo/home/userexternal/ctica000/MS_thesis/RegCM/Main/mod_output.F90
 Function: output:60
 Line: 1067

Failing in Thread:1
Accelerator Fatal Error: call to cuStreamSynchronize returned error 700 (CUDA_ERROR_ILLEGAL_ADDRESS): Illegal address during kernel execution
 File: /leonardo/home/userexternal/ctica000/MS_thesis/RegCM/Main/mod_output.F90
 Function: output:60
 Line: 1067

Failing in Thread:1
Accelerator Fatal Error: call to cuStreamSynchronize returned error 700 (CUDA_ERROR_ILLEGAL_ADDRESS): Illegal address during kernel execution
 File: /leonardo/home/userexternal/ctica000/MS_thesis/RegCM/Main/mod_output.F90
 Function: output:60
 Line: 1067

Failing in Thread:1
Accelerator Fatal Error: call to cuStreamSynchronize returned error 700 (CUDA_ERROR_ILLEGAL_ADDRESS): Illegal address during kernel execution
 File: /leonardo/home/userexternal/ctica000/MS_thesis/RegCM/Main/mod_output.F90
 Function: output:60
 Line: 1067

Failing in Thread:1
Failing in Thread:1
Accelerator Fatal Error: call to cuStreamSynchronize returned error 700 (CUDA_ERROR_ILLEGAL_ADDRESS): Illegal address during kernel execution
 File: /leonardo/home/userexternal/ctica000/MS_thesis/RegCM/Main/mod_output.F90
 Function: output:60
 Line: 1067

Accelerator Fatal Error: call to cuStreamSynchronize returned error 700 (CUDA_ERROR_ILLEGAL_ADDRESS): Illegal address during kernel execution
 File: /leonardo/home/userexternal/ctica000/MS_thesis/RegCM/Main/mod_output.F90
 Function: output:60
 Line: 1067

Failing in Thread:1
Accelerator Fatal Error: call to cuStreamSynchronize returned error 700 (CUDA_ERROR_ILLEGAL_ADDRESS): Illegal address during kernel execution
 File: /leonardo/home/userexternal/ctica000/MS_thesis/RegCM/Main/mod_output.F90
 Function: output:60
 Line: 1067

Failing in Thread:1
Accelerator Fatal Error: call to cuStreamSynchronize returned error 700 (CUDA_ERROR_ILLEGAL_ADDRESS): Illegal address during kernel execution
 File: /leonardo/home/userexternal/ctica000/MS_thesis/RegCM/Main/mod_output.F90
 Function: output:60
 Line: 1067

Failing in Thread:1
Accelerator Fatal Error: call to cuStreamSynchronize returned error 700 (CUDA_ERROR_ILLEGAL_ADDRESS): Illegal address during kernel execution
 File: /leonardo/home/userexternal/ctica000/MS_thesis/RegCM/Main/mod_output.F90
 Function: output:60
 Line: 1067

Failing in Thread:1
Accelerator Fatal Error: call to cuStreamSynchronize returned error 700 (CUDA_ERROR_ILLEGAL_ADDRESS): Illegal address during kernel execution
 File: /leonardo/home/userexternal/ctica000/MS_thesis/RegCM/Main/mod_output.F90
 Function: output:60
 Line: 1067

Failing in Thread:1
Accelerator Fatal Error: call to cuStreamSynchronize returned error 700 (CUDA_ERROR_ILLEGAL_ADDRESS): Illegal address during kernel execution
 File: /leonardo/home/userexternal/ctica000/MS_thesis/RegCM/Main/mod_output.F90
 Function: output:60
 Line: 1067

Failing in Thread:1
Accelerator Fatal Error: call to cuStreamSynchronize returned error 700 (CUDA_ERROR_ILLEGAL_ADDRESS): Illegal address during kernel execution
 File: /leonardo/home/userexternal/ctica000/MS_thesis/RegCM/Main/mod_output.F90
 Function: output:60
 Line: 1067

[ perf record: Woken up 3265 times to write data ]
[ perf record: Woken up 3000 times to write data ]
[ perf record: Woken up 3267 times to write data ]
[ perf record: Woken up 3263 times to write data ]
[ perf record: Woken up 3266 times to write data ]
[ perf record: Woken up 2996 times to write data ]
[ perf record: Woken up 3267 times to write data ]
[ perf record: Woken up 3266 times to write data ]
[ perf record: Woken up 2983 times to write data ]
[ perf record: Woken up 3264 times to write data ]
[ perf record: Woken up 3264 times to write data ]
[ perf record: Captured and wrote 816.470 MB /leonardo_scratch/large/userexternal/ctica000/perf/with_IO/sequential_write/perf_23240807/perf.data.rank12 (101290 samples) ]
[ perf record: Captured and wrote 817.158 MB /leonardo_scratch/large/userexternal/ctica000/perf/with_IO/sequential_write/perf_23240807/perf.data.rank7 (101372 samples) ]
[ perf record: Captured and wrote 815.947 MB /leonardo_scratch/large/userexternal/ctica000/perf/with_IO/sequential_write/perf_23240807/perf.data.rank6 (101224 samples) ]
[ perf record: Captured and wrote 750.278 MB /leonardo_scratch/large/userexternal/ctica000/perf/with_IO/sequential_write/perf_23240807/perf.data.rank3 (93074 samples) ]
Warning:
Processed 107418 events and lost 1 chunks!

Check IO/CPU overload!

[ perf record: Captured and wrote 749.545 MB /leonardo_scratch/large/userexternal/ctica000/perf/with_IO/sequential_write/perf_23240807/perf.data.rank1 (92983 samples) ]
[ perf record: Woken up 3264 times to write data ]
[ perf record: Woken up 3271 times to write data ]
Warning:
Processed 98309 events and lost 1 chunks!

Check IO/CPU overload!

[ perf record: Captured and wrote 816.917 MB /leonardo_scratch/large/userexternal/ctica000/perf/with_IO/sequential_write/perf_23240807/perf.data.rank5 (101344 samples) ]
[ perf record: Captured and wrote 746.019 MB /leonardo_scratch/large/userexternal/ctica000/perf/with_IO/sequential_write/perf_23240807/perf.data.rank2 (92545 samples) ]
[ perf record: Woken up 3265 times to write data ]
[ perf record: Captured and wrote 816.894 MB /leonardo_scratch/large/userexternal/ctica000/perf/with_IO/sequential_write/perf_23240807/perf.data.rank13 (101342 samples) ]
[ perf record: Captured and wrote 816.230 MB /leonardo_scratch/large/userexternal/ctica000/perf/with_IO/sequential_write/perf_23240807/perf.data.rank14 (101260 samples) ]
[ perf record: Captured and wrote 816.321 MB /leonardo_scratch/large/userexternal/ctica000/perf/with_IO/sequential_write/perf_23240807/perf.data.rank4 (101270 samples) ]
[ perf record: Captured and wrote 816.876 MB /leonardo_scratch/large/userexternal/ctica000/perf/with_IO/sequential_write/perf_23240807/perf.data.rank11 (101340 samples) ]
[ perf record: Woken up 3267 times to write data ]
[ perf record: Captured and wrote 816.192 MB /leonardo_scratch/large/userexternal/ctica000/perf/with_IO/sequential_write/perf_23240807/perf.data.rank15 (101256 samples) ]
[ perf record: Captured and wrote 817.902 MB /leonardo_scratch/large/userexternal/ctica000/perf/with_IO/sequential_write/perf_23240807/perf.data.rank10 (101463 samples) ]
[ perf record: Captured and wrote 816.463 MB /leonardo_scratch/large/userexternal/ctica000/perf/with_IO/sequential_write/perf_23240807/perf.data.rank9 (101284 samples) ]
[ perf record: Captured and wrote 817.017 MB /leonardo_scratch/large/userexternal/ctica000/perf/with_IO/sequential_write/perf_23240807/perf.data.rank8 (101354 samples) ]
[ perf record: Woken up 4068 times to write data ]
srun: error: lrdn2948: tasks 1-3: Exited with exit code 1
srun: error: lrdn3239: tasks 4-7: Exited with exit code 1
srun: error: lrdn3417: tasks 8-11: Exited with exit code 1
[ perf record: Captured and wrote 1017.299 MB /leonardo_scratch/large/userexternal/ctica000/perf/with_IO/sequential_write/perf_23240807/perf.data.rank0 (125941 samples) ]
srun: error: lrdn3423: tasks 12-15: Exited with exit code 1
slurmstepd: error:  mpi/pmix_v3: _errhandler: lrdn2948 [0]: pmixp_client_v2.c:212: Error handler invoked: status = -25, source = [slurm.pmix.23240807.0:3]
slurmstepd: error: *** STEP 23240807.0 ON lrdn2948 CANCELLED AT 2025-10-30T08:46:27 ***
srun: Job step aborted: Waiting up to 182 seconds for job step to finish.
srun: error: lrdn2948: task 0: Killed
