Failing in Thread:1
Accelerator Fatal Error: call to cuStreamSynchronize returned error 719 (CUDA_ERROR_LAUNCH_FAILED): Launch failed (often invalid pointer dereference)
 File: /leonardo/home/userexternal/ctica000/MS_thesis/RegCM/Main/mod_output.F90
 Function: output:60
 Line: 1053

Failing in Thread:1
Accelerator Fatal Error: call to cuStreamSynchronize returned error 719 (CUDA_ERROR_LAUNCH_FAILED): Launch failed (often invalid pointer dereference)
 File: /leonardo/home/userexternal/ctica000/MS_thesis/RegCM/Main/mod_output.F90
 Function: output:60
 Line: 1053

Failing in Thread:1
Accelerator Fatal Error: call to cuStreamSynchronize returned error 719 (CUDA_ERROR_LAUNCH_FAILED): Launch failed (often invalid pointer dereference)
 File: /leonardo/home/userexternal/ctica000/MS_thesis/RegCM/Main/mod_output.F90
 Function: output:60
 Line: 1053

Failing in Thread:1
Accelerator Fatal Error: call to cuStreamSynchronize returned error 719 (CUDA_ERROR_LAUNCH_FAILED): Launch failed (often invalid pointer dereference)
 File: /leonardo/home/userexternal/ctica000/MS_thesis/RegCM/Main/mod_output.F90
 Function: output:60
 Line: 1053

Failing in Thread:1
Accelerator Fatal Error: call to cuStreamSynchronize returned error 719 (CUDA_ERROR_LAUNCH_FAILED): Launch failed (often invalid pointer dereference)
 File: /leonardo/home/userexternal/ctica000/MS_thesis/RegCM/Main/mod_output.F90
 Function: output:60
 Line: 1053

Failing in Thread:1
Accelerator Fatal Error: call to cuStreamSynchronize returned error 719 (CUDA_ERROR_LAUNCH_FAILED): Launch failed (often invalid pointer dereference)
 File: /leonardo/home/userexternal/ctica000/MS_thesis/RegCM/Main/mod_output.F90
 Function: output:60
 Line: 1053

Failing in Thread:1
Accelerator Fatal Error: call to cuStreamSynchronize returned error 719 (CUDA_ERROR_LAUNCH_FAILED): Launch failed (often invalid pointer dereference)
 File: /leonardo/home/userexternal/ctica000/MS_thesis/RegCM/Main/mod_output.F90
 Function: output:60
 Line: 1053

Failing in Thread:1
Accelerator Fatal Error: call to cuStreamSynchronize returned error 719 (CUDA_ERROR_LAUNCH_FAILED): Launch failed (often invalid pointer dereference)
 File: /leonardo/home/userexternal/ctica000/MS_thesis/RegCM/Main/mod_output.F90
 Function: output:60
 Line: 1053

Failing in Thread:1
Accelerator Fatal Error: call to cuStreamSynchronize returned error 719 (CUDA_ERROR_LAUNCH_FAILED): Launch failed (often invalid pointer dereference)
 File: /leonardo/home/userexternal/ctica000/MS_thesis/RegCM/Main/mod_output.F90
 Function: output:60
 Line: 1053

Failing in Thread:1
Accelerator Fatal Error: call to cuStreamSynchronize returned error 719 (CUDA_ERROR_LAUNCH_FAILED): Launch failed (often invalid pointer dereference)
 File: /leonardo/home/userexternal/ctica000/MS_thesis/RegCM/Main/mod_output.F90
 Function: output:60
 Line: 1053

Failing in Thread:1
Accelerator Fatal Error: call to cuStreamSynchronize returned error 719 (CUDA_ERROR_LAUNCH_FAILED): Launch failed (often invalid pointer dereference)
 File: /leonardo/home/userexternal/ctica000/MS_thesis/RegCM/Main/mod_output.F90
 Function: output:60
 Line: 1053

Failing in Thread:1
Accelerator Fatal Error: call to cuStreamSynchronize returned error 719 (CUDA_ERROR_LAUNCH_FAILED): Launch failed (often invalid pointer dereference)
 File: /leonardo/home/userexternal/ctica000/MS_thesis/RegCM/Main/mod_output.F90
 Function: output:60
 Line: 1053

Failing in Thread:1
Accelerator Fatal Error: call to cuStreamSynchronize returned error 719 (CUDA_ERROR_LAUNCH_FAILED): Launch failed (often invalid pointer dereference)
 File: /leonardo/home/userexternal/ctica000/MS_thesis/RegCM/Main/mod_output.F90
 Function: output:60
 Line: 1053

Failing in Thread:1
Accelerator Fatal Error: call to cuStreamSynchronize returned error 719 (CUDA_ERROR_LAUNCH_FAILED): Launch failed (often invalid pointer dereference)
 File: /leonardo/home/userexternal/ctica000/MS_thesis/RegCM/Main/mod_output.F90
 Function: output:60
 Line: 1053

Failing in Thread:1
Accelerator Fatal Error: call to cuStreamSynchronize returned error 719 (CUDA_ERROR_LAUNCH_FAILED): Launch failed (often invalid pointer dereference)
 File: /leonardo/home/userexternal/ctica000/MS_thesis/RegCM/Main/mod_output.F90
 Function: output:60
 Line: 1053

Failing in Thread:1
Accelerator Fatal Error: call to cuStreamSynchronize returned error 719 (CUDA_ERROR_LAUNCH_FAILED): Launch failed (often invalid pointer dereference)
 File: /leonardo/home/userexternal/ctica000/MS_thesis/RegCM/Main/mod_output.F90
 Function: output:60
 Line: 1053

[ perf record: Woken up 3173 times to write data ]
[ perf record: Woken up 3171 times to write data ]
[ perf record: Woken up 2968 times to write data ]
[ perf record: Woken up 3170 times to write data ]
[ perf record: Woken up 3172 times to write data ]
[ perf record: Woken up 3168 times to write data ]
[ perf record: Woken up 3005 times to write data ]
[ perf record: Woken up 3170 times to write data ]
[ perf record: Woken up 3170 times to write data ]
[ perf record: Woken up 3172 times to write data ]
[ perf record: Woken up 3170 times to write data ]
[ perf record: Woken up 4314 times to write data ]
[ perf record: Woken up 3167 times to write data ]
[ perf record: Woken up 3171 times to write data ]
[ perf record: Woken up 3174 times to write data ]
[ perf record: Captured and wrote 793.450 MB /leonardo_scratch/large/userexternal/ctica000/perf/with_IO/sequential_write/perf_22720136/perf.data.rank5 (98431 samples) ]
[ perf record: Captured and wrote 793.286 MB /leonardo_scratch/large/userexternal/ctica000/perf/with_IO/sequential_write/perf_22720136/perf.data.rank7 (98409 samples) ]
[ perf record: Captured and wrote 751.393 MB /leonardo_scratch/large/userexternal/ctica000/perf/with_IO/sequential_write/perf_22720136/perf.data.rank1 (93212 samples) ]
[ perf record: Captured and wrote 742.359 MB /leonardo_scratch/large/userexternal/ctica000/perf/with_IO/sequential_write/perf_22720136/perf.data.rank2 (92090 samples) ]
[ perf record: Captured and wrote 792.895 MB /leonardo_scratch/large/userexternal/ctica000/perf/with_IO/sequential_write/perf_22720136/perf.data.rank8 (98360 samples) ]
[ perf record: Captured and wrote 792.143 MB /leonardo_scratch/large/userexternal/ctica000/perf/with_IO/sequential_write/perf_22720136/perf.data.rank9 (98265 samples) ]
[ perf record: Captured and wrote 792.788 MB /leonardo_scratch/large/userexternal/ctica000/perf/with_IO/sequential_write/perf_22720136/perf.data.rank11 (98350 samples) ]
[ perf record: Captured and wrote 793.170 MB /leonardo_scratch/large/userexternal/ctica000/perf/with_IO/sequential_write/perf_22720136/perf.data.rank6 (98397 samples) ]
[ perf record: Captured and wrote 741.786 MB /leonardo_scratch/large/userexternal/ctica000/perf/with_IO/sequential_write/perf_22720136/perf.data.rank3 (92020 samples) ]
[ perf record: Captured and wrote 792.960 MB /leonardo_scratch/large/userexternal/ctica000/perf/with_IO/sequential_write/perf_22720136/perf.data.rank12 (98372 samples) ]
[ perf record: Captured and wrote 792.853 MB /leonardo_scratch/large/userexternal/ctica000/perf/with_IO/sequential_write/perf_22720136/perf.data.rank15 (98359 samples) ]
[ perf record: Captured and wrote 792.694 MB /leonardo_scratch/large/userexternal/ctica000/perf/with_IO/sequential_write/perf_22720136/perf.data.rank14 (98339 samples) ]
[ perf record: Captured and wrote 792.249 MB /leonardo_scratch/large/userexternal/ctica000/perf/with_IO/sequential_write/perf_22720136/perf.data.rank4 (98283 samples) ]
[ perf record: Captured and wrote 793.201 MB /leonardo_scratch/large/userexternal/ctica000/perf/with_IO/sequential_write/perf_22720136/perf.data.rank10 (98397 samples) ]
[ perf record: Captured and wrote 793.661 MB /leonardo_scratch/large/userexternal/ctica000/perf/with_IO/sequential_write/perf_22720136/perf.data.rank13 (98459 samples) ]
[ perf record: Woken up 3713 times to write data ]
Warning:
Processed 143512 events and lost 1 chunks!

Check IO/CPU overload!

[ perf record: Captured and wrote 928.322 MB /leonardo_scratch/large/userexternal/ctica000/perf/with_IO/sequential_write/perf_22720136/perf.data.rank0 (114897 samples) ]
srun: error: lrdn0931: tasks 1-3: Exited with exit code 1
srun: error: lrdn0931: task 0: Exited with exit code 1
srun: error: lrdn2933: tasks 12-15: Exited with exit code 1
srun: error: lrdn2871: tasks 8-11: Exited with exit code 1
srun: error: lrdn1654: tasks 4-7: Exited with exit code 1
