Failing in Thread:1
Accelerator Fatal Error: call to cuStreamSynchronize returned error 719 (CUDA_ERROR_LAUNCH_FAILED): Launch failed (often invalid pointer dereference)
 File: /leonardo/home/userexternal/ctica000/MS_thesis/RegCM/Main/mod_output.F90
 Function: output:60
 Line: 1053

Failing in Thread:1
Accelerator Fatal Error: call to cuStreamSynchronize returned error 719 (CUDA_ERROR_LAUNCH_FAILED): Launch failed (often invalid pointer dereference)
 File: /leonardo/home/userexternal/ctica000/MS_thesis/RegCM/Main/mod_output.F90
 Function: output:60
 Line: 1053

Failing in Thread:1
Accelerator Fatal Error: call to cuStreamSynchronize returned error 719 (CUDA_ERROR_LAUNCH_FAILED): Launch failed (often invalid pointer dereference)
 File: /leonardo/home/userexternal/ctica000/MS_thesis/RegCM/Main/mod_output.F90
 Function: output:60
 Line: 1053

Failing in Thread:1
Accelerator Fatal Error: call to cuStreamSynchronize returned error 719 (CUDA_ERROR_LAUNCH_FAILED): Launch failed (often invalid pointer dereference)
 File: /leonardo/home/userexternal/ctica000/MS_thesis/RegCM/Main/mod_output.F90
 Function: output:60
 Line: 1053

Failing in Thread:1
Accelerator Fatal Error: call to cuStreamSynchronize returned error 719 (CUDA_ERROR_LAUNCH_FAILED): Launch failed (often invalid pointer dereference)
 File: /leonardo/home/userexternal/ctica000/MS_thesis/RegCM/Main/mod_output.F90
 Function: output:60
 Line: 1053

Failing in Thread:1
Accelerator Fatal Error: call to cuStreamSynchronize returned error 719 (CUDA_ERROR_LAUNCH_FAILED): Launch failed (often invalid pointer dereference)
 File: /leonardo/home/userexternal/ctica000/MS_thesis/RegCM/Main/mod_output.F90
 Function: output:60
 Line: 1053

Failing in Thread:1
Accelerator Fatal Error: call to cuStreamSynchronize returned error 719 (CUDA_ERROR_LAUNCH_FAILED): Launch failed (often invalid pointer dereference)
 File: /leonardo/home/userexternal/ctica000/MS_thesis/RegCM/Main/mod_output.F90
 Function: output:60
 Line: 1053

Failing in Thread:1
Accelerator Fatal Error: call to cuStreamSynchronize returned error 719 (CUDA_ERROR_LAUNCH_FAILED): Launch failed (often invalid pointer dereference)
 File: /leonardo/home/userexternal/ctica000/MS_thesis/RegCM/Main/mod_output.F90
 Function: output:60
 Line: 1053

Failing in Thread:1
Failing in Thread:1
Accelerator Fatal Error: call to cuStreamSynchronize returned error 719 (CUDA_ERROR_LAUNCH_FAILED): Launch failed (often invalid pointer dereference)
 File: /leonardo/home/userexternal/ctica000/MS_thesis/RegCM/Main/mod_output.F90
 Function: output:60
 Line: 1053

Accelerator Fatal Error: call to cuStreamSynchronize returned error 719 (CUDA_ERROR_LAUNCH_FAILED): Launch failed (often invalid pointer dereference)
 File: /leonardo/home/userexternal/ctica000/MS_thesis/RegCM/Main/mod_output.F90
 Function: output:60
 Line: 1053

Failing in Thread:1
Accelerator Fatal Error: call to cuStreamSynchronize returned error 719 (CUDA_ERROR_LAUNCH_FAILED): Launch failed (often invalid pointer dereference)
 File: /leonardo/home/userexternal/ctica000/MS_thesis/RegCM/Main/mod_output.F90
 Function: output:60
 Line: 1053

Failing in Thread:1
Accelerator Fatal Error: call to cuStreamSynchronize returned error 719 (CUDA_ERROR_LAUNCH_FAILED): Launch failed (often invalid pointer dereference)
 File: /leonardo/home/userexternal/ctica000/MS_thesis/RegCM/Main/mod_output.F90
 Function: output:60
 Line: 1053

Failing in Thread:1
Accelerator Fatal Error: call to cuStreamSynchronize returned error 719 (CUDA_ERROR_LAUNCH_FAILED): Launch failed (often invalid pointer dereference)
 File: /leonardo/home/userexternal/ctica000/MS_thesis/RegCM/Main/mod_output.F90
 Function: output:60
 Line: 1053

Failing in Thread:1
Accelerator Fatal Error: call to cuStreamSynchronize returned error 719 (CUDA_ERROR_LAUNCH_FAILED): Launch failed (often invalid pointer dereference)
 File: /leonardo/home/userexternal/ctica000/MS_thesis/RegCM/Main/mod_output.F90
 Function: output:60
 Line: 1053

Failing in Thread:1
Accelerator Fatal Error: call to cuStreamSynchronize returned error 719 (CUDA_ERROR_LAUNCH_FAILED): Launch failed (often invalid pointer dereference)
 File: /leonardo/home/userexternal/ctica000/MS_thesis/RegCM/Main/mod_output.F90
 Function: output:60
 Line: 1053

Failing in Thread:1
Accelerator Fatal Error: call to cuStreamSynchronize returned error 719 (CUDA_ERROR_LAUNCH_FAILED): Launch failed (often invalid pointer dereference)
 File: /leonardo/home/userexternal/ctica000/MS_thesis/RegCM/Main/mod_output.F90
 Function: output:60
 Line: 1053

[ perf record: Woken up 2917 times to write data ]
[ perf record: Woken up 4285 times to write data ]
[ perf record: Woken up 3091 times to write data ]
[ perf record: Woken up 3089 times to write data ]
[ perf record: Woken up 3090 times to write data ]
[ perf record: Woken up 2889 times to write data ]
[ perf record: Woken up 3090 times to write data ]
[ perf record: Woken up 3092 times to write data ]
[ perf record: Woken up 3087 times to write data ]
[ perf record: Woken up 3089 times to write data ]
[ perf record: Woken up 3088 times to write data ]
[ perf record: Woken up 4467 times to write data ]
[ perf record: Woken up 3090 times to write data ]
[ perf record: Captured and wrote 729.524 MB /leonardo_scratch/large/userexternal/ctica000/perf/with_IO/sequential_write/perf_22932159/perf.data.rank1 (90498 samples) ]
[ perf record: Captured and wrote 728.584 MB /leonardo_scratch/large/userexternal/ctica000/perf/with_IO/sequential_write/perf_22932159/perf.data.rank2 (90381 samples) ]
[ perf record: Woken up 3086 times to write data ]
[ perf record: Captured and wrote 722.620 MB /leonardo_scratch/large/userexternal/ctica000/perf/with_IO/sequential_write/perf_22932159/perf.data.rank3 (89641 samples) ]
[ perf record: Woken up 3091 times to write data ]
Warning:
Processed 101655 events and lost 1 chunks!

Check IO/CPU overload!

[ perf record: Captured and wrote 772.836 MB /leonardo_scratch/large/userexternal/ctica000/perf/with_IO/sequential_write/perf_22932159/perf.data.rank12 (95874 samples) ]
[ perf record: Captured and wrote 773.105 MB /leonardo_scratch/large/userexternal/ctica000/perf/with_IO/sequential_write/perf_22932159/perf.data.rank15 (95908 samples) ]
[ perf record: Captured and wrote 773.384 MB /leonardo_scratch/large/userexternal/ctica000/perf/with_IO/sequential_write/perf_22932159/perf.data.rank8 (95938 samples) ]
[ perf record: Captured and wrote 772.655 MB /leonardo_scratch/large/userexternal/ctica000/perf/with_IO/sequential_write/perf_22932159/perf.data.rank11 (95851 samples) ]
[ perf record: Captured and wrote 772.808 MB /leonardo_scratch/large/userexternal/ctica000/perf/with_IO/sequential_write/perf_22932159/perf.data.rank7 (95867 samples) ]
[ perf record: Captured and wrote 772.173 MB /leonardo_scratch/large/userexternal/ctica000/perf/with_IO/sequential_write/perf_22932159/perf.data.rank4 (95791 samples) ]
[ perf record: Captured and wrote 772.458 MB /leonardo_scratch/large/userexternal/ctica000/perf/with_IO/sequential_write/perf_22932159/perf.data.rank9 (95822 samples) ]
[ perf record: Captured and wrote 772.785 MB /leonardo_scratch/large/userexternal/ctica000/perf/with_IO/sequential_write/perf_22932159/perf.data.rank13 (95868 samples) ]
[ perf record: Captured and wrote 772.158 MB /leonardo_scratch/large/userexternal/ctica000/perf/with_IO/sequential_write/perf_22932159/perf.data.rank6 (95789 samples) ]
[ perf record: Captured and wrote 772.953 MB /leonardo_scratch/large/userexternal/ctica000/perf/with_IO/sequential_write/perf_22932159/perf.data.rank10 (95884 samples) ]
[ perf record: Captured and wrote 771.867 MB /leonardo_scratch/large/userexternal/ctica000/perf/with_IO/sequential_write/perf_22932159/perf.data.rank14 (95754 samples) ]
[ perf record: Captured and wrote 772.903 MB /leonardo_scratch/large/userexternal/ctica000/perf/with_IO/sequential_write/perf_22932159/perf.data.rank5 (95881 samples) ]
[ perf record: Woken up 3613 times to write data ]
[ perf record: Captured and wrote 903.545 MB /leonardo_scratch/large/userexternal/ctica000/perf/with_IO/sequential_write/perf_22932159/perf.data.rank0 (111823 samples) ]
srun: error: lrdn2482: tasks 0-3: Exited with exit code 1
srun: error: lrdn2483: tasks 4-7: Exited with exit code 1
slurmstepd: error:  mpi/pmix_v3: _errhandler: lrdn2485 [3]: pmixp_client_v2.c:212: Error handler invoked: status = -25, source = [slurm.pmix.22932159.0:12]
slurmstepd: error:  mpi/pmix_v3: _errhandler: lrdn2484 [2]: pmixp_client_v2.c:212: Error handler invoked: status = -25, source = [slurm.pmix.22932159.0:11]
srun: Job step aborted: Waiting up to 182 seconds for job step to finish.
srun: error: lrdn2485: tasks 12-15: Exited with exit code 1
srun: error: lrdn2484: tasks 8-11: Exited with exit code 1
