0: ALLOCATE: array already allocated
0: ALLOCATE: array already allocated
0: ALLOCATE: array already allocated
0: ALLOCATE: array already allocated
0: ALLOCATE: array already allocated
0: ALLOCATE: array already allocated
0: ALLOCATE: array already allocated
0: ALLOCATE: array already allocated
0: ALLOCATE: array already allocated
0: ALLOCATE: array already allocated
0: ALLOCATE: array already allocated
0: ALLOCATE: array already allocated
0: ALLOCATE: array already allocated
0: ALLOCATE: array already allocated
0: ALLOCATE: array already allocated
0: ALLOCATE: array already allocated
[ perf record: Woken up 3147 times to write data ]
[ perf record: Woken up 2959 times to write data ]
[ perf record: Woken up 3151 times to write data ]
[ perf record: Woken up 3151 times to write data ]
[ perf record: Woken up 3148 times to write data ]
[ perf record: Woken up 5036 times to write data ]
[ perf record: Woken up 3149 times to write data ]
[ perf record: Woken up 3151 times to write data ]
[ perf record: Woken up 3148 times to write data ]
[ perf record: Woken up 4738 times to write data ]
[ perf record: Woken up 3146 times to write data ]
[ perf record: Woken up 3148 times to write data ]
[ perf record: Woken up 3148 times to write data ]
Warning:
Processed 97784 events and lost 1 chunks!

Check IO/CPU overload!

[ perf record: Woken up 3149 times to write data ]
[ perf record: Woken up 3151 times to write data ]
[ perf record: Woken up 3689 times to write data ]
[ perf record: Captured and wrote 787.483 MB /leonardo_scratch/large/userexternal/ctica000/perf/with_IO/sequential_write/perf_22696337/perf.data.rank5 (97691 samples) ]
[ perf record: Captured and wrote 788.244 MB /leonardo_scratch/large/userexternal/ctica000/perf/with_IO/sequential_write/perf_22696337/perf.data.rank10 (97782 samples) ]
[ perf record: Captured and wrote 787.458 MB /leonardo_scratch/large/userexternal/ctica000/perf/with_IO/sequential_write/perf_22696337/perf.data.rank6 (97688 samples) ]
[ perf record: Captured and wrote 737.942 MB /leonardo_scratch/large/userexternal/ctica000/perf/with_IO/sequential_write/perf_22696337/perf.data.rank2 (91542 samples) ]
[ perf record: Captured and wrote 741.830 MB /leonardo_scratch/large/userexternal/ctica000/perf/with_IO/sequential_write/perf_22696337/perf.data.rank3 (92025 samples) ]
[ perf record: Captured and wrote 740.242 MB /leonardo_scratch/large/userexternal/ctica000/perf/with_IO/sequential_write/perf_22696337/perf.data.rank1 (91828 samples) ]
[ perf record: Captured and wrote 786.682 MB /leonardo_scratch/large/userexternal/ctica000/perf/with_IO/sequential_write/perf_22696337/perf.data.rank4 (97592 samples) ]
[ perf record: Captured and wrote 788.065 MB /leonardo_scratch/large/userexternal/ctica000/perf/with_IO/sequential_write/perf_22696337/perf.data.rank7 (97761 samples) ]
[ perf record: Captured and wrote 786.866 MB /leonardo_scratch/large/userexternal/ctica000/perf/with_IO/sequential_write/perf_22696337/perf.data.rank11 (97615 samples) ]
[ perf record: Captured and wrote 787.424 MB /leonardo_scratch/large/userexternal/ctica000/perf/with_IO/sequential_write/perf_22696337/perf.data.rank9 (97679 samples) ]
[ perf record: Captured and wrote 787.894 MB /leonardo_scratch/large/userexternal/ctica000/perf/with_IO/sequential_write/perf_22696337/perf.data.rank8 (97739 samples) ]
[ perf record: Captured and wrote 787.461 MB /leonardo_scratch/large/userexternal/ctica000/perf/with_IO/sequential_write/perf_22696337/perf.data.rank12 (97689 samples) ]
[ perf record: Captured and wrote 788.144 MB /leonardo_scratch/large/userexternal/ctica000/perf/with_IO/sequential_write/perf_22696337/perf.data.rank13 (97774 samples) ]
[ perf record: Captured and wrote 787.387 MB /leonardo_scratch/large/userexternal/ctica000/perf/with_IO/sequential_write/perf_22696337/perf.data.rank14 (97680 samples) ]
[ perf record: Captured and wrote 787.179 MB /leonardo_scratch/large/userexternal/ctica000/perf/with_IO/sequential_write/perf_22696337/perf.data.rank15 (97655 samples) ]
[ perf record: Captured and wrote 922.629 MB /leonardo_scratch/large/userexternal/ctica000/perf/with_IO/sequential_write/perf_22696337/perf.data.rank0 (114190 samples) ]
slurmstepd: error:  mpi/pmix_v3: _errhandler: lrdn2448 [2]: pmixp_client_v2.c:212: Error handler invoked: status = -25, source = [slurm.pmix.22696337.0:11]
slurmstepd: error: *** STEP 22696337.0 ON lrdn1148 CANCELLED AT 2025-10-26T11:14:36 ***
srun: Job step aborted: Waiting up to 182 seconds for job step to finish.
slurmstepd: error:  mpi/pmix_v3: _errhandler: lrdn1731 [1]: pmixp_client_v2.c:212: Error handler invoked: status = -25, source = [slurm.pmix.22696337.0:7]
slurmstepd: error:  mpi/pmix_v3: _errhandler: lrdn3161 [3]: pmixp_client_v2.c:212: Error handler invoked: status = -25, source = [slurm.pmix.22696337.0:15]
srun: error: lrdn1148: tasks 0-3: Killed
srun: error: lrdn2448: tasks 8-11: Killed
srun: error: lrdn3161: tasks 12-15: Killed
srun: error: lrdn1731: tasks 4-7: Killed
