[ perf record: Woken up 23970 times to write data ]
[ perf record: Woken up 24042 times to write data ]
[ perf record: Woken up 24001 times to write data ]
[ perf record: Woken up 23185 times to write data ]
[ perf record: Woken up 23980 times to write data ]
[ perf record: Woken up 23994 times to write data ]
[ perf record: Woken up 23254 times to write data ]
[ perf record: Woken up 23982 times to write data ]
[ perf record: Woken up 25718 times to write data ]
[ perf record: Woken up 25630 times to write data ]
[ perf record: Woken up 23990 times to write data ]
[ perf record: Woken up 25306 times to write data ]
Warning:
Processed 774468 events and lost 1 chunks!

Check IO/CPU overload!

Warning:
Processed 783544 events and lost 2 chunks!

Check IO/CPU overload!

Warning:
Processed 774411 events and lost 2 chunks!

Check IO/CPU overload!

Warning:
Processed 749159 events and lost 32 chunks!

Check IO/CPU overload!

Warning:
Processed 782000 events and lost 1 chunks!

Check IO/CPU overload!

Warning:
Processed 751578 events and lost 29 chunks!

Check IO/CPU overload!

Warning:
Processed 774224 events and lost 2 chunks!

Check IO/CPU overload!

Warning:
Processed 774729 events and lost 1 chunks!

Check IO/CPU overload!

Warning:
Processed 774187 events and lost 2 chunks!

Check IO/CPU overload!

Warning:
Processed 782211 events and lost 1 chunks!

Check IO/CPU overload!

[ perf record: Captured and wrote 5995.278 MB /leonardo_scratch/large/userexternal/ctica000/perf/with_IO/sequential_write/perf_21692514/perf.data.rank9 (743926 samples) ]
Warning:
Processed 774750 events and lost 2 chunks!

Check IO/CPU overload!

[ perf record: Captured and wrote 5995.817 MB /leonardo_scratch/large/userexternal/ctica000/perf/with_IO/sequential_write/perf_21692514/perf.data.rank11 (744087 samples) ]
[ perf record: Captured and wrote 6010.964 MB /leonardo_scratch/large/userexternal/ctica000/perf/with_IO/sequential_write/perf_21692514/perf.data.rank10 (745879 samples) ]
[ perf record: Captured and wrote 5999.026 MB /leonardo_scratch/large/userexternal/ctica000/perf/with_IO/sequential_write/perf_21692514/perf.data.rank14 (744497 samples) ]
[ perf record: Captured and wrote 6000.747 MB /leonardo_scratch/large/userexternal/ctica000/perf/with_IO/sequential_write/perf_21692514/perf.data.rank13 (744711 samples) ]
[ perf record: Captured and wrote 5993.112 MB /leonardo_scratch/large/userexternal/ctica000/perf/with_IO/sequential_write/perf_21692514/perf.data.rank5 (743750 samples) ]
[ perf record: Captured and wrote 5796.739 MB /leonardo_scratch/large/userexternal/ctica000/perf/with_IO/sequential_write/perf_21692514/perf.data.rank6 (719379 samples) ]
[ perf record: Captured and wrote 5815.419 MB /leonardo_scratch/large/userexternal/ctica000/perf/with_IO/sequential_write/perf_21692514/perf.data.rank4 (721697 samples) ]
[ perf record: Captured and wrote 6001.014 MB /leonardo_scratch/large/userexternal/ctica000/perf/with_IO/sequential_write/perf_21692514/perf.data.rank7 (744645 samples) ]
[ perf record: Captured and wrote 6001.816 MB /leonardo_scratch/large/userexternal/ctica000/perf/with_IO/sequential_write/perf_21692514/perf.data.rank8 (744744 samples) ]
[ perf record: Captured and wrote 5998.886 MB /leonardo_scratch/large/userexternal/ctica000/perf/with_IO/sequential_write/perf_21692514/perf.data.rank12 (744480 samples) ]
[ perf record: Captured and wrote 5997.991 MB /leonardo_scratch/large/userexternal/ctica000/perf/with_IO/sequential_write/perf_21692514/perf.data.rank15 (744360 samples) ]
[ perf record: Woken up 23671 times to write data ]
[ perf record: Woken up 23735 times to write data ]
[ perf record: Woken up 25678 times to write data ]
[ perf record: Woken up 26764 times to write data ]
Warning:
Processed 764853 events and lost 2 chunks!

Check IO/CPU overload!

Warning:
Processed 767010 events and lost 2 chunks!

Check IO/CPU overload!

Warning:
Processed 765886 events and lost 3 chunks!

Check IO/CPU overload!

[ perf record: Captured and wrote 5926.377 MB /leonardo_scratch/large/userexternal/ctica000/perf/with_IO/sequential_write/perf_21692514/perf.data.rank3 (735468 samples) ]
[ perf record: Captured and wrote 5918.064 MB /leonardo_scratch/large/userexternal/ctica000/perf/with_IO/sequential_write/perf_21692514/perf.data.rank1 (734436 samples) ]
[ perf record: Captured and wrote 5934.559 MB /leonardo_scratch/large/userexternal/ctica000/perf/with_IO/sequential_write/perf_21692514/perf.data.rank2 (736483 samples) ]
Warning:
Processed 1024607 events and lost 20 chunks!

Check IO/CPU overload!

[ perf record: Captured and wrote 6223.253 MB /leonardo_scratch/large/userexternal/ctica000/perf/with_IO/sequential_write/perf_21692514/perf.data.rank0 (769498 samples) ]
