[lrdn0295:1902950:0:1902950] Caught signal 11 (Segmentation fault: address not mapped to object at address 0x120000f04)
[lrdn0229:2744473:0:2744473] Caught signal 11 (Segmentation fault: address not mapped to object at address 0x120000f04)
[lrdn0295:1902952:0:1902952] Caught signal 11 (Segmentation fault: address not mapped to object at address 0x120000f04)
[lrdn0295:1902949:0:1902949] Caught signal 11 (Segmentation fault: address not mapped to object at address 0x120000f04)
[lrdn0295:1902951:0:1902951] Caught signal 11 (Segmentation fault: address not mapped to object at address 0x120000f04)
[lrdn0276:1255564:0:1255564] Caught signal 11 (Segmentation fault: address not mapped to object at address 0x120000f04)
[lrdn0263:2744326:0:2744326] Caught signal 11 (Segmentation fault: address not mapped to object at address 0x120000f04)
[lrdn0263:2744324:0:2744324] Caught signal 11 (Segmentation fault: address not mapped to object at address 0x120000f04)
[lrdn0263:2744325:0:2744325] Caught signal 11 (Segmentation fault: address not mapped to object at address 0x120000f04)
[lrdn0263:2744327:0:2744327] Caught signal 11 (Segmentation fault: address not mapped to object at address 0x120000f04)
[lrdn0229:2744474:0:2744474] Caught signal 11 (Segmentation fault: address not mapped to object at address 0x120000f04)
[lrdn0229:2744472:0:2744472] Caught signal 11 (Segmentation fault: address not mapped to object at address 0x120000f04)
[lrdn0276:1255565:0:1255565] Caught signal 11 (Segmentation fault: address not mapped to object at address 0x120000f04)
[lrdn0276:1255567:0:1255567] Caught signal 11 (Segmentation fault: address not mapped to object at address 0x120000f04)
[lrdn0229:2744471:0:2744471] Caught signal 11 (Segmentation fault: address not mapped to object at address 0x120000f04)
[lrdn0276:1255566:0:1255566] Caught signal 11 (Segmentation fault: address not mapped to object at address 0x120000f04)
==== backtrace (tid:1255567) ====
 0 0x0000000000012cf0 __funlockfile()  :0
 1 0x000000000000ba4f __pgi_uacc_cuda_dataup1()  /proj/build/24A/Linux_x86_64/rte/accel-uni/build/Linux_x86_64/../../src/cuda_dataup1.c:88
 2 0x00000000000370fc __pgi_uacc_dataup1()  /proj/build/24A/Linux_x86_64/rte/accel-uni/build/Linux_x86_64/../../src/dataup1.c:58
 3 0x0000000000037920 __pgi_uacc_dataupx()  /proj/build/24A/Linux_x86_64/rte/accel-uni/build/Linux_x86_64/../../src/dataupx.c:123
 4 0x0000000000034d5a __pgi_uacc_dataonb()  /proj/build/24A/Linux_x86_64/rte/accel-uni/build/Linux_x86_64/../../src/dataonb.c:613
 5 0x0000000000810ec5 mod_output_output_()  /leonardo/home/userexternal/ctica000/MS_thesis/RegCM/Share/pfwsat.inc:1052
 6 0x00000000004496be mod_regcm_interface_rcm_run_()  /leonardo/home/userexternal/ctica000/MS_thesis/RegCM/Main/mod_regcm_interface.F90:281
 7 0x0000000000a254d7 MAIN_()  /leonardo/home/userexternal/ctica000/MS_thesis/RegCM/Main/regcm.F90:83
 8 0x00000000004484b1 main()  ???:0
 9 0x000000000003ad85 __libc_start_main()  ???:0
10 0x000000000044839e _start()  ???:0
=================================
[lrdn0276:1255567] *** Process received signal ***
[lrdn0276:1255567] Signal: Segmentation fault (11)
[lrdn0276:1255567] Signal code:  (-6)
[lrdn0276:1255567] Failing at address: 0x1f4850013288f
[lrdn0276:1255567] [ 0] /lib64/libpthread.so.0(+0x12cf0)[0x14e3b350acf0]
[lrdn0276:1255567] [ 1] /leonardo/prod/spack/06/install/0.22/linux-rhel8-icelake/gcc-8.5.0/nvhpc-24.5-torlmnyzcexnrs6pq4cccabv7ehkv3xy/Linux_x86_64/24.5/compilers/lib/libaccdevice.so(__pgi_uacc_cuda_dataup1+0xebf)[0x14e3b7483a4f]
[lrdn0276:1255567] [ 2] /leonardo/prod/spack/06/install/0.22/linux-rhel8-icelake/gcc-8.5.0/nvhpc-24.5-torlmnyzcexnrs6pq4cccabv7ehkv3xy/Linux_x86_64/24.5/compilers/lib/libacchost.so(__pgi_uacc_dataup1+0x14c)[0x14e3b79f80fc]
[lrdn0276:1255567] [ 3] /leonardo/prod/spack/06/install/0.22/linux-rhel8-icelake/gcc-8.5.0/nvhpc-24.5-torlmnyzcexnrs6pq4cccabv7ehkv3xy/Linux_x86_64/24.5/compilers/lib/libacchost.so(__pgi_uacc_dataupx+0x3b0)[0x14e3b79f8920]
[lrdn0276:1255567] [ 4] /leonardo/prod/spack/06/install/0.22/linux-rhel8-icelake/gcc-8.5.0/nvhpc-24.5-torlmnyzcexnrs6pq4cccabv7ehkv3xy/Linux_x86_64/24.5/compilers/lib/libacchost.so(__pgi_uacc_dataonb+0x85a)[0x14e3b79f5d5a]
[lrdn0276:1255567] [ 5] /leonardo/home/userexternal/ctica000/MS_thesis/RegCM/bin/regcmMPICLM45_OPENACC_GPU_STDPAR(mod_output_output_+0x50bc5)[0x810ec5]
[lrdn0276:1255567] [ 6] /leonardo/home/userexternal/ctica000/MS_thesis/RegCM/bin/regcmMPICLM45_OPENACC_GPU_STDPAR(mod_regcm_interface_rcm_run_+0x7e)[0x4496be]
[lrdn0276:1255567] [ 7] /leonardo/home/userexternal/ctica000/MS_thesis/RegCM/bin/regcmMPICLM45_OPENACC_GPU_STDPAR(MAIN_+0xd7)[0xa254d7]
[lrdn0276:1255567] [ 8] /leonardo/home/userexternal/ctica000/MS_thesis/RegCM/bin/regcmMPICLM45_OPENACC_GPU_STDPAR(main+0x31)[0x4484b1]
[lrdn0276:1255567] [ 9] /lib64/libc.so.6(__libc_start_main+0xe5)[0x14e3b2894d85]
[lrdn0276:1255567] [10] /leonardo/home/userexternal/ctica000/MS_thesis/RegCM/bin/regcmMPICLM45_OPENACC_GPU_STDPAR(_start+0x2e)[0x44839e]
[lrdn0276:1255567] *** End of error message ***
==== backtrace (tid:1902949) ====
 0 0x0000000000012cf0 __funlockfile()  :0
 1 0x000000000000ba4f __pgi_uacc_cuda_dataup1()  /proj/build/24A/Linux_x86_64/rte/accel-uni/build/Linux_x86_64/../../src/cuda_dataup1.c:88
 2 0x00000000000370fc __pgi_uacc_dataup1()  /proj/build/24A/Linux_x86_64/rte/accel-uni/build/Linux_x86_64/../../src/dataup1.c:58
 3 0x0000000000037920 __pgi_uacc_dataupx()  /proj/build/24A/Linux_x86_64/rte/accel-uni/build/Linux_x86_64/../../src/dataupx.c:123
 4 0x0000000000034d5a __pgi_uacc_dataonb()  /proj/build/24A/Linux_x86_64/rte/accel-uni/build/Linux_x86_64/../../src/dataonb.c:613
 5 0x0000000000810ec5 mod_output_output_()  /leonardo/home/userexternal/ctica000/MS_thesis/RegCM/Share/pfwsat.inc:1052
 6 0x00000000004496be mod_regcm_interface_rcm_run_()  /leonardo/home/userexternal/ctica000/MS_thesis/RegCM/Main/mod_regcm_interface.F90:281
 7 0x0000000000a254d7 MAIN_()  /leonardo/home/userexternal/ctica000/MS_thesis/RegCM/Main/regcm.F90:83
 8 0x00000000004484b1 main()  ???:0
 9 0x000000000003ad85 __libc_start_main()  ???:0
10 0x000000000044839e _start()  ???:0
=================================
[lrdn0295:1902949] *** Process received signal ***
[lrdn0295:1902949] Signal: Segmentation fault (11)
[lrdn0295:1902949] Signal code:  (-6)
[lrdn0295:1902949] Failing at address: 0x1f485001d0965
[lrdn0295:1902949] [ 0] /lib64/libpthread.so.0(+0x12cf0)[0x14bf34214cf0]
[lrdn0295:1902949] [ 1] /leonardo/prod/spack/06/install/0.22/linux-rhel8-icelake/gcc-8.5.0/nvhpc-24.5-torlmnyzcexnrs6pq4cccabv7ehkv3xy/Linux_x86_64/24.5/compilers/lib/libaccdevice.so(__pgi_uacc_cuda_dataup1+0xebf)[0x14bf3818da4f]
[lrdn0295:1902949] [ 2] /leonardo/prod/spack/06/install/0.22/linux-rhel8-icelake/gcc-8.5.0/nvhpc-24.5-torlmnyzcexnrs6pq4cccabv7ehkv3xy/Linux_x86_64/24.5/compilers/lib/libacchost.so(__pgi_uacc_dataup1+0x14c)[0x14bf387020fc]
[lrdn0295:1902949] [ 3] /leonardo/prod/spack/06/install/0.22/linux-rhel8-icelake/gcc-8.5.0/nvhpc-24.5-torlmnyzcexnrs6pq4cccabv7ehkv3xy/Linux_x86_64/24.5/compilers/lib/libacchost.so(__pgi_uacc_dataupx+0x3b0)[0x14bf38702920]
[lrdn0295:1902949] [ 4] /leonardo/prod/spack/06/install/0.22/linux-rhel8-icelake/gcc-8.5.0/nvhpc-24.5-torlmnyzcexnrs6pq4cccabv7ehkv3xy/Linux_x86_64/24.5/compilers/lib/libacchost.so(__pgi_uacc_dataonb+0x85a)[0x14bf386ffd5a]
[lrdn0295:1902949] [ 5] /leonardo/home/userexternal/ctica000/MS_thesis/RegCM/bin/regcmMPICLM45_OPENACC_GPU_STDPAR(mod_output_output_+0x50bc5)[0x810ec5]
[lrdn0295:1902949] [ 6] /leonardo/home/userexternal/ctica000/MS_thesis/RegCM/bin/regcmMPICLM45_OPENACC_GPU_STDPAR(mod_regcm_interface_rcm_run_+0x7e)[0x4496be]
[lrdn0295:1902949] [ 7] /leonardo/home/userexternal/ctica000/MS_thesis/RegCM/bin/regcmMPICLM45_OPENACC_GPU_STDPAR(MAIN_+0xd7)[0xa254d7]
[lrdn0295:1902949] [ 8] /leonardo/home/userexternal/ctica000/MS_thesis/RegCM/bin/regcmMPICLM45_OPENACC_GPU_STDPAR(main+0x31)[0x4484b1]
[lrdn0295:1902949] [ 9] /lib64/libc.so.6(__libc_start_main+0xe5)[0x14bf3359ed85]
[lrdn0295:1902949] [10] /leonardo/home/userexternal/ctica000/MS_thesis/RegCM/bin/regcmMPICLM45_OPENACC_GPU_STDPAR(_start+0x2e)[0x44839e]
[lrdn0295:1902949] *** End of error message ***
==== backtrace (tid:2744472) ====
 0 0x0000000000012cf0 __funlockfile()  :0
 1 0x000000000000ba4f __pgi_uacc_cuda_dataup1()  /proj/build/24A/Linux_x86_64/rte/accel-uni/build/Linux_x86_64/../../src/cuda_dataup1.c:88
 2 0x00000000000370fc __pgi_uacc_dataup1()  /proj/build/24A/Linux_x86_64/rte/accel-uni/build/Linux_x86_64/../../src/dataup1.c:58
 3 0x0000000000037920 __pgi_uacc_dataupx()  /proj/build/24A/Linux_x86_64/rte/accel-uni/build/Linux_x86_64/../../src/dataupx.c:123
 4 0x0000000000034d5a __pgi_uacc_dataonb()  /proj/build/24A/Linux_x86_64/rte/accel-uni/build/Linux_x86_64/../../src/dataonb.c:613
 5 0x0000000000810ec5 mod_output_output_()  /leonardo/home/userexternal/ctica000/MS_thesis/RegCM/Share/pfwsat.inc:1052
 6 0x00000000004496be mod_regcm_interface_rcm_run_()  /leonardo/home/userexternal/ctica000/MS_thesis/RegCM/Main/mod_regcm_interface.F90:281
 7 0x0000000000a254d7 MAIN_()  /leonardo/home/userexternal/ctica000/MS_thesis/RegCM/Main/regcm.F90:83
 8 0x00000000004484b1 main()  ???:0
 9 0x000000000003ad85 __libc_start_main()  ???:0
10 0x000000000044839e _start()  ???:0
=================================
==== backtrace (tid:2744474) ====
[lrdn0229:2744472] *** Process received signal ***
[lrdn0229:2744472] Signal: Segmentation fault (11)
[lrdn0229:2744472] Signal code:  (-6)
[lrdn0229:2744472] Failing at address: 0x1f4850029e098
[lrdn0229:2744472] [ 0] /lib64/libpthread.so.0(+0x12cf0)[0x15027b4f5cf0]
[lrdn0229:2744472] [ 1] /leonardo/prod/spack/06/install/0.22/linux-rhel8-icelake/gcc-8.5.0/nvhpc-24.5-torlmnyzcexnrs6pq4cccabv7ehkv3xy/Linux_x86_64/24.5/compilers/lib/libaccdevice.so(__pgi_uacc_cuda_dataup1+0xebf)[0x15027f46ea4f]
 0 0x0000000000012cf0 __funlockfile()  :0
 1 0x000000000000ba4f __pgi_uacc_cuda_dataup1()  /proj/build/24A/Linux_x86_64/rte/accel-uni/build/Linux_x86_64/../../src/cuda_dataup1.c:88
 2 0x00000000000370fc __pgi_uacc_dataup1()  /proj/build/24A/Linux_x86_64/rte/accel-uni/build/Linux_x86_64/../../src/dataup1.c:58
 3 0x0000000000037920 __pgi_uacc_dataupx()  /proj/build/24A/Linux_x86_64/rte/accel-uni/build/Linux_x86_64/../../src/dataupx.c:123
 4 0x0000000000034d5a __pgi_uacc_dataonb()  /proj/build/24A/Linux_x86_64/rte/accel-uni/build/Linux_x86_64/../../src/dataonb.c:613
 5 0x0000000000810ec5 mod_output_output_()  /leonardo/home/userexternal/ctica000/MS_thesis/RegCM/Share/pfwsat.inc:1052
 6 0x00000000004496be mod_regcm_interface_rcm_run_()  /leonardo/home/userexternal/ctica000/MS_thesis/RegCM/Main/mod_regcm_interface.F90:281
 7 0x0000000000a254d7 MAIN_()  /leonardo/home/userexternal/ctica000/MS_thesis/RegCM/Main/regcm.F90:83
 8 0x00000000004484b1 main()  ???:0
 9 0x000000000003ad85 __libc_start_main()  ???:0
10 0x000000000044839e _start()  ???:0
=================================
==== backtrace (tid:2744471) ====
[lrdn0229:2744472] [ 2] /leonardo/prod/spack/06/install/0.22/linux-rhel8-icelake/gcc-8.5.0/nvhpc-24.5-torlmnyzcexnrs6pq4cccabv7ehkv3xy/Linux_x86_64/24.5/compilers/lib/libacchost.so(__pgi_uacc_dataup1+0x14c)[0x15027f9e30fc]
[lrdn0229:2744472] [ 3] /leonardo/prod/spack/06/install/0.22/linux-rhel8-icelake/gcc-8.5.0/nvhpc-24.5-torlmnyzcexnrs6pq4cccabv7ehkv3xy/Linux_x86_64/24.5/compilers/lib/libacchost.so(__pgi_uacc_dataupx+0x3b0)[0x15027f9e3920]
[lrdn0229:2744472] [ 4] /leonardo/prod/spack/06/install/0.22/linux-rhel8-icelake/gcc-8.5.0/nvhpc-24.5-torlmnyzcexnrs6pq4cccabv7ehkv3xy/Linux_x86_64/24.5/compilers/lib/libacchost.so(__pgi_uacc_dataonb+0x85a)[0x15027f9e0d5a]
[lrdn0229:2744474] *** Process received signal ***
[lrdn0229:2744474] Signal: Segmentation fault (11)
[lrdn0229:2744474] Signal code:  (-6)
[lrdn0229:2744474] Failing at address: 0x1f4850029e09a
[lrdn0229:2744472] [ 5] /leonardo/home/userexternal/ctica000/MS_thesis/RegCM/bin/regcmMPICLM45_OPENACC_GPU_STDPAR(mod_output_output_+0x50bc5)[0x810ec5]
[lrdn0229:2744472] [ 6] /leonardo/home/userexternal/ctica000/MS_thesis/RegCM/bin/regcmMPICLM45_OPENACC_GPU_STDPAR(mod_regcm_interface_rcm_run_+0x7e)[0x4496be]
[lrdn0229:2744474] [ 0] /lib64/libpthread.so.0(+0x12cf0)[0x149dd4ad1cf0]
[lrdn0229:2744474] [ 1] /leonardo/prod/spack/06/install/0.22/linux-rhel8-icelake/gcc-8.5.0/nvhpc-24.5-torlmnyzcexnrs6pq4cccabv7ehkv3xy/Linux_x86_64/24.5/compilers/lib/libaccdevice.so(__pgi_uacc_cuda_dataup1+0xebf)[0x149dd8a4aa4f]
[lrdn0229:2744474] [ 2] /leonardo/prod/spack/06/install/0.22/linux-rhel8-icelake/gcc-8.5.0/nvhpc-24.5-torlmnyzcexnrs6pq4cccabv7ehkv3xy/Linux_x86_64/24.5/compilers/lib/libacchost.so(__pgi_uacc_dataup1+0x14c)[0x149dd8fbf0fc]
[lrdn0229:2744474] [ 3] /leonardo/prod/spack/06/install/0.22/linux-rhel8-icelake/gcc-8.5.0/nvhpc-24.5-torlmnyzcexnrs6pq4cccabv7ehkv3xy/Linux_x86_64/24.5/compilers/lib/libacchost.so(__pgi_uacc_dataupx+0x3b0)[0x149dd8fbf920]
[lrdn0229:2744474] [ 4] /leonardo/prod/spack/06/install/0.22/linux-rhel8-icelake/gcc-8.5.0/nvhpc-24.5-torlmnyzcexnrs6pq4cccabv7ehkv3xy/Linux_x86_64/24.5/compilers/lib/libacchost.so(__pgi_uacc_dataonb+0x85a)[0x149dd8fbcd5a]
[lrdn0229:2744472] [ 7] /leonardo/home/userexternal/ctica000/MS_thesis/RegCM/bin/regcmMPICLM45_OPENACC_GPU_STDPAR(MAIN_+0xd7)[0xa254d7]
[lrdn0229:2744472] [ 8] /leonardo/home/userexternal/ctica000/MS_thesis/RegCM/bin/regcmMPICLM45_OPENACC_GPU_STDPAR(main+0x31)[0x4484b1]
[lrdn0229:2744474] [ 5] /leonardo/home/userexternal/ctica000/MS_thesis/RegCM/bin/regcmMPICLM45_OPENACC_GPU_STDPAR(mod_output_output_+0x50bc5)[0x810ec5]
[lrdn0229:2744474] [ 6] /leonardo/home/userexternal/ctica000/MS_thesis/RegCM/bin/regcmMPICLM45_OPENACC_GPU_STDPAR(mod_regcm_interface_rcm_run_+0x7e)[0x4496be]
[lrdn0229:2744472] [ 9] /lib64/libc.so.6(__libc_start_main+0xe5)[0x15027a87fd85]
[lrdn0229:2744474] [ 7] /leonardo/home/userexternal/ctica000/MS_thesis/RegCM/bin/regcmMPICLM45_OPENACC_GPU_STDPAR(MAIN_+0xd7)[0xa254d7]
[lrdn0229:2744472] [10] /leonardo/home/userexternal/ctica000/MS_thesis/RegCM/bin/regcmMPICLM45_OPENACC_GPU_STDPAR(_start+0x2e)[0x44839e]
[lrdn0229:2744472] *** End of error message ***
[lrdn0229:2744474] [ 8] /leonardo/home/userexternal/ctica000/MS_thesis/RegCM/bin/regcmMPICLM45_OPENACC_GPU_STDPAR(main+0x31)[0x4484b1]
[lrdn0229:2744474] [ 9] /lib64/libc.so.6(__libc_start_main+0xe5)[0x149dd3e5bd85]
[lrdn0229:2744474] [10] /leonardo/home/userexternal/ctica000/MS_thesis/RegCM/bin/regcmMPICLM45_OPENACC_GPU_STDPAR(_start+0x2e)[0x44839e]
[lrdn0229:2744474] *** End of error message ***
 0 0x0000000000012cf0 __funlockfile()  :0
 1 0x000000000000ba4f __pgi_uacc_cuda_dataup1()  /proj/build/24A/Linux_x86_64/rte/accel-uni/build/Linux_x86_64/../../src/cuda_dataup1.c:88
 2 0x00000000000370fc __pgi_uacc_dataup1()  /proj/build/24A/Linux_x86_64/rte/accel-uni/build/Linux_x86_64/../../src/dataup1.c:58
 3 0x0000000000037920 __pgi_uacc_dataupx()  /proj/build/24A/Linux_x86_64/rte/accel-uni/build/Linux_x86_64/../../src/dataupx.c:123
 4 0x0000000000034d5a __pgi_uacc_dataonb()  /proj/build/24A/Linux_x86_64/rte/accel-uni/build/Linux_x86_64/../../src/dataonb.c:613
 5 0x0000000000810ec5 mod_output_output_()  /leonardo/home/userexternal/ctica000/MS_thesis/RegCM/Share/pfwsat.inc:1052
 6 0x00000000004496be mod_regcm_interface_rcm_run_()  /leonardo/home/userexternal/ctica000/MS_thesis/RegCM/Main/mod_regcm_interface.F90:281
 7 0x0000000000a254d7 MAIN_()  /leonardo/home/userexternal/ctica000/MS_thesis/RegCM/Main/regcm.F90:83
 8 0x00000000004484b1 main()  ???:0
 9 0x000000000003ad85 __libc_start_main()  ???:0
10 0x000000000044839e _start()  ???:0
=================================
[lrdn0229:2744471] *** Process received signal ***
[lrdn0229:2744471] Signal: Segmentation fault (11)
[lrdn0229:2744471] Signal code:  (-6)
[lrdn0229:2744471] Failing at address: 0x1f4850029e097
[lrdn0229:2744471] [ 0] /lib64/libpthread.so.0(+0x12cf0)[0x14b0e1636cf0]
==== backtrace (tid:1255566) ====
[lrdn0229:2744471] [ 1] /leonardo/prod/spack/06/install/0.22/linux-rhel8-icelake/gcc-8.5.0/nvhpc-24.5-torlmnyzcexnrs6pq4cccabv7ehkv3xy/Linux_x86_64/24.5/compilers/lib/libaccdevice.so(__pgi_uacc_cuda_dataup1+0xebf)[0x14b0e55afa4f]
[lrdn0229:2744471] [ 2] /leonardo/prod/spack/06/install/0.22/linux-rhel8-icelake/gcc-8.5.0/nvhpc-24.5-torlmnyzcexnrs6pq4cccabv7ehkv3xy/Linux_x86_64/24.5/compilers/lib/libacchost.so(__pgi_uacc_dataup1+0x14c)[0x14b0e5b240fc]
[lrdn0229:2744471] [ 3] /leonardo/prod/spack/06/install/0.22/linux-rhel8-icelake/gcc-8.5.0/nvhpc-24.5-torlmnyzcexnrs6pq4cccabv7ehkv3xy/Linux_x86_64/24.5/compilers/lib/libacchost.so(__pgi_uacc_dataupx+0x3b0)[0x14b0e5b24920]
==== backtrace (tid:2744473) ====
 0 0x0000000000012cf0 __funlockfile()  :0
 1 0x000000000000ba4f __pgi_uacc_cuda_dataup1()  /proj/build/24A/Linux_x86_64/rte/accel-uni/build/Linux_x86_64/../../src/cuda_dataup1.c:88
 2 0x00000000000370fc __pgi_uacc_dataup1()  /proj/build/24A/Linux_x86_64/rte/accel-uni/build/Linux_x86_64/../../src/dataup1.c:58
 3 0x0000000000037920 __pgi_uacc_dataupx()  /proj/build/24A/Linux_x86_64/rte/accel-uni/build/Linux_x86_64/../../src/dataupx.c:123
 4 0x0000000000034d5a __pgi_uacc_dataonb()  /proj/build/24A/Linux_x86_64/rte/accel-uni/build/Linux_x86_64/../../src/dataonb.c:613
[lrdn0229:2744471] [ 4] /leonardo/prod/spack/06/install/0.22/linux-rhel8-icelake/gcc-8.5.0/nvhpc-24.5-torlmnyzcexnrs6pq4cccabv7ehkv3xy/Linux_x86_64/24.5/compilers/lib/libacchost.so(__pgi_uacc_dataonb+0x85a)[0x14b0e5b21d5a]
 5 0x0000000000810ec5 mod_output_output_()  /leonardo/home/userexternal/ctica000/MS_thesis/RegCM/Share/pfwsat.inc:1052
 0 0x0000000000012cf0 __funlockfile()  :0
[lrdn0229:2744471] [ 5] /leonardo/home/userexternal/ctica000/MS_thesis/RegCM/bin/regcmMPICLM45_OPENACC_GPU_STDPAR(mod_output_output_+0x50bc5)[0x810ec5]
 1 0x000000000000ba4f __pgi_uacc_cuda_dataup1()  /proj/build/24A/Linux_x86_64/rte/accel-uni/build/Linux_x86_64/../../src/cuda_dataup1.c:88
 2 0x00000000000370fc __pgi_uacc_dataup1()  /proj/build/24A/Linux_x86_64/rte/accel-uni/build/Linux_x86_64/../../src/dataup1.c:58
 6 0x00000000004496be mod_regcm_interface_rcm_run_()  /leonardo/home/userexternal/ctica000/MS_thesis/RegCM/Main/mod_regcm_interface.F90:281
 7 0x0000000000a254d7 MAIN_()  /leonardo/home/userexternal/ctica000/MS_thesis/RegCM/Main/regcm.F90:83
 3 0x0000000000037920 __pgi_uacc_dataupx()  /proj/build/24A/Linux_x86_64/rte/accel-uni/build/Linux_x86_64/../../src/dataupx.c:123
 4 0x0000000000034d5a __pgi_uacc_dataonb()  /proj/build/24A/Linux_x86_64/rte/accel-uni/build/Linux_x86_64/../../src/dataonb.c:613
 5 0x0000000000810ec5 mod_output_output_()  /leonardo/home/userexternal/ctica000/MS_thesis/RegCM/Share/pfwsat.inc:1052
 6 0x00000000004496be mod_regcm_interface_rcm_run_()  /leonardo/home/userexternal/ctica000/MS_thesis/RegCM/Main/mod_regcm_interface.F90:281
 7 0x0000000000a254d7 MAIN_()  /leonardo/home/userexternal/ctica000/MS_thesis/RegCM/Main/regcm.F90:83
 8 0x00000000004484b1 main()  ???:0
[lrdn0229:2744471] [ 6] /leonardo/home/userexternal/ctica000/MS_thesis/RegCM/bin/regcmMPICLM45_OPENACC_GPU_STDPAR(mod_regcm_interface_rcm_run_+0x7e)[0x4496be]
 9 0x000000000003ad85 __libc_start_main()  ???:0
10 0x000000000044839e _start()  ???:0
=================================
[lrdn0276:1255566] *** Process received signal ***
[lrdn0276:1255566] Signal: Segmentation fault (11)
[lrdn0276:1255566] Signal code:  (-6)
[lrdn0276:1255566] Failing at address: 0x1f4850013288e
==== backtrace (tid:1255564) ====
[lrdn0276:1255566] [ 0] /lib64/libpthread.so.0(+0x12cf0)[0x1457e3c5ccf0]
 0 0x0000000000012cf0 __funlockfile()  :0
 1 0x000000000000ba4f __pgi_uacc_cuda_dataup1()  /proj/build/24A/Linux_x86_64/rte/accel-uni/build/Linux_x86_64/../../src/cuda_dataup1.c:88
 2 0x00000000000370fc __pgi_uacc_dataup1()  /proj/build/24A/Linux_x86_64/rte/accel-uni/build/Linux_x86_64/../../src/dataup1.c:58
 3 0x0000000000037920 __pgi_uacc_dataupx()  /proj/build/24A/Linux_x86_64/rte/accel-uni/build/Linux_x86_64/../../src/dataupx.c:123
 4 0x0000000000034d5a __pgi_uacc_dataonb()  /proj/build/24A/Linux_x86_64/rte/accel-uni/build/Linux_x86_64/../../src/dataonb.c:613
 5 0x0000000000810ec5 mod_output_output_()  /leonardo/home/userexternal/ctica000/MS_thesis/RegCM/Share/pfwsat.inc:1052
 6 0x00000000004496be mod_regcm_interface_rcm_run_()  /leonardo/home/userexternal/ctica000/MS_thesis/RegCM/Main/mod_regcm_interface.F90:281
 7 0x0000000000a254d7 MAIN_()  /leonardo/home/userexternal/ctica000/MS_thesis/RegCM/Main/regcm.F90:83
 8 0x00000000004484b1 main()  ???:0
 9 0x000000000003ad85 __libc_start_main()  ???:0
[lrdn0229:2744471] [ 7] /leonardo/home/userexternal/ctica000/MS_thesis/RegCM/bin/regcmMPICLM45_OPENACC_GPU_STDPAR(MAIN_+0xd7)[0xa254d7]
10 0x000000000044839e _start()  ???:0
=================================
[lrdn0276:1255566] [ 1] /leonardo/prod/spack/06/install/0.22/linux-rhel8-icelake/gcc-8.5.0/nvhpc-24.5-torlmnyzcexnrs6pq4cccabv7ehkv3xy/Linux_x86_64/24.5/compilers/lib/libaccdevice.so(__pgi_uacc_cuda_dataup1+0xebf)[0x1457e7bd5a4f]
[lrdn0276:1255566] [ 2] /leonardo/prod/spack/06/install/0.22/linux-rhel8-icelake/gcc-8.5.0/nvhpc-24.5-torlmnyzcexnrs6pq4cccabv7ehkv3xy/Linux_x86_64/24.5/compilers/lib/libacchost.so(__pgi_uacc_dataup1+0x14c)[0x1457e814a0fc]
[lrdn0276:1255566] [ 3] /leonardo/prod/spack/06/install/0.22/linux-rhel8-icelake/gcc-8.5.0/nvhpc-24.5-torlmnyzcexnrs6pq4cccabv7ehkv3xy/Linux_x86_64/24.5/compilers/lib/libacchost.so(__pgi_uacc_dataupx+0x3b0)[0x1457e814a920]
[lrdn0276:1255566] [ 4] /leonardo/prod/spack/06/install/0.22/linux-rhel8-icelake/gcc-8.5.0/nvhpc-24.5-torlmnyzcexnrs6pq4cccabv7ehkv3xy/Linux_x86_64/24.5/compilers/lib/libacchost.so(__pgi_uacc_dataonb+0x85a)[0x1457e8147d5a]
[lrdn0276:1255564] *** Process received signal ***
[lrdn0276:1255564] Signal: Segmentation fault (11)
[lrdn0276:1255564] Signal code:  (-6)
[lrdn0276:1255564] Failing at address: 0x1f4850013288c
[lrdn0229:2744471] [ 8] /leonardo/home/userexternal/ctica000/MS_thesis/RegCM/bin/regcmMPICLM45_OPENACC_GPU_STDPAR(main+0x31)[0x4484b1]
[lrdn0276:1255566] [ 5] /leonardo/home/userexternal/ctica000/MS_thesis/RegCM/bin/regcmMPICLM45_OPENACC_GPU_STDPAR(mod_output_output_+0x50bc5)[0x810ec5]
[lrdn0229:2744471] [ 9] /lib64/libc.so.6(__libc_start_main+0xe5)[0x14b0e09c0d85]
[lrdn0276:1255564] [ 0] /lib64/libpthread.so.0(+0x12cf0)[0x154388b76cf0]
[lrdn0276:1255564] [ 1] /leonardo/prod/spack/06/install/0.22/linux-rhel8-icelake/gcc-8.5.0/nvhpc-24.5-torlmnyzcexnrs6pq4cccabv7ehkv3xy/Linux_x86_64/24.5/compilers/lib/libaccdevice.so(__pgi_uacc_cuda_dataup1+0xebf)[0x15438caefa4f]
[lrdn0229:2744471] [10] /leonardo/home/userexternal/ctica000/MS_thesis/RegCM/bin/regcmMPICLM45_OPENACC_GPU_STDPAR(_start+0x2e)[0x44839e]
[lrdn0276:1255564] [ 2] /leonardo/prod/spack/06/install/0.22/linux-rhel8-icelake/gcc-8.5.0/nvhpc-24.5-torlmnyzcexnrs6pq4cccabv7ehkv3xy/Linux_x86_64/24.5/compilers/lib/libacchost.so(__pgi_uacc_dataup1+0x14c)[0x15438d0640fc]
[lrdn0229:2744471] *** End of error message ***
[lrdn0276:1255564] [ 3] /leonardo/prod/spack/06/install/0.22/linux-rhel8-icelake/gcc-8.5.0/nvhpc-24.5-torlmnyzcexnrs6pq4cccabv7ehkv3xy/Linux_x86_64/24.5/compilers/lib/libacchost.so(__pgi_uacc_dataupx+0x3b0)[0x15438d064920]
[lrdn0276:1255564] [ 4] /leonardo/prod/spack/06/install/0.22/linux-rhel8-icelake/gcc-8.5.0/nvhpc-24.5-torlmnyzcexnrs6pq4cccabv7ehkv3xy/Linux_x86_64/24.5/compilers/lib/libacchost.so(__pgi_uacc_dataonb+0x85a)[0x15438d061d5a]
==== backtrace (tid:1255565) ====
 0 0x0000000000012cf0 __funlockfile()  :0
 1 0x000000000000ba4f __pgi_uacc_cuda_dataup1()  /proj/build/24A/Linux_x86_64/rte/accel-uni/build/Linux_x86_64/../../src/cuda_dataup1.c:88
 2 0x00000000000370fc __pgi_uacc_dataup1()  /proj/build/24A/Linux_x86_64/rte/accel-uni/build/Linux_x86_64/../../src/dataup1.c:58
 3 0x0000000000037920 __pgi_uacc_dataupx()  /proj/build/24A/Linux_x86_64/rte/accel-uni/build/Linux_x86_64/../../src/dataupx.c:123
 4 0x0000000000034d5a __pgi_uacc_dataonb()  /proj/build/24A/Linux_x86_64/rte/accel-uni/build/Linux_x86_64/../../src/dataonb.c:613
 5 0x0000000000810ec5 mod_output_output_()  /leonardo/home/userexternal/ctica000/MS_thesis/RegCM/Share/pfwsat.inc:1052
 6 0x00000000004496be mod_regcm_interface_rcm_run_()  /leonardo/home/userexternal/ctica000/MS_thesis/RegCM/Main/mod_regcm_interface.F90:281
 7 0x0000000000a254d7 MAIN_()  /leonardo/home/userexternal/ctica000/MS_thesis/RegCM/Main/regcm.F90:83
 8 0x00000000004484b1 main()  ???:0
 9 0x000000000003ad85 __libc_start_main()  ???:0
10 0x000000000044839e _start()  ???:0
[lrdn0276:1255566] [ 6] /leonardo/home/userexternal/ctica000/MS_thesis/RegCM/bin/regcmMPICLM45_OPENACC_GPU_STDPAR(mod_regcm_interface_rcm_run_+0x7e)[0x4496be]
=================================
[lrdn0276:1255566] [ 7] /leonardo/home/userexternal/ctica000/MS_thesis/RegCM/bin/regcmMPICLM45_OPENACC_GPU_STDPAR(MAIN_+0xd7)[0xa254d7]
[lrdn0276:1255565] *** Process received signal ***
[lrdn0276:1255566] [ 8] /leonardo/home/userexternal/ctica000/MS_thesis/RegCM/bin/regcmMPICLM45_OPENACC_GPU_STDPAR(main+0x31)[0x4484b1]
[lrdn0276:1255566] [ 9] /lib64/libc.so.6(__libc_start_main+0xe5)[0x1457e2fe6d85]
[lrdn0276:1255565] Signal: Segmentation fault (11)
[lrdn0276:1255565] Signal code:  (-6)
[lrdn0276:1255565] Failing at address: 0x1f4850013288d
[lrdn0276:1255564] [ 5] /leonardo/home/userexternal/ctica000/MS_thesis/RegCM/bin/regcmMPICLM45_OPENACC_GPU_STDPAR(mod_output_output_+0x50bc5)[0x810ec5]
[lrdn0276:1255565] [ 0] /lib64/libpthread.so.0(+0x12cf0)[0x15034b678cf0]
[lrdn0276:1255565] [ 1] /leonardo/prod/spack/06/install/0.22/linux-rhel8-icelake/gcc-8.5.0/nvhpc-24.5-torlmnyzcexnrs6pq4cccabv7ehkv3xy/Linux_x86_64/24.5/compilers/lib/libaccdevice.so(__pgi_uacc_cuda_dataup1+0xebf)[0x15034f5f1a4f]
[lrdn0276:1255566] [10] /leonardo/home/userexternal/ctica000/MS_thesis/RegCM/bin/regcmMPICLM45_OPENACC_GPU_STDPAR(_start+0x2e)[0x44839e]
[lrdn0276:1255566] *** End of error message ***
[lrdn0276:1255565] [ 2] /leonardo/prod/spack/06/install/0.22/linux-rhel8-icelake/gcc-8.5.0/nvhpc-24.5-torlmnyzcexnrs6pq4cccabv7ehkv3xy/Linux_x86_64/24.5/compilers/lib/libacchost.so(__pgi_uacc_dataup1+0x14c)[0x15034fb660fc]
[lrdn0276:1255565] [ 3] /leonardo/prod/spack/06/install/0.22/linux-rhel8-icelake/gcc-8.5.0/nvhpc-24.5-torlmnyzcexnrs6pq4cccabv7ehkv3xy/Linux_x86_64/24.5/compilers/lib/libacchost.so(__pgi_uacc_dataupx+0x3b0)[0x15034fb66920]
[lrdn0276:1255565] [ 4] /leonardo/prod/spack/06/install/0.22/linux-rhel8-icelake/gcc-8.5.0/nvhpc-24.5-torlmnyzcexnrs6pq4cccabv7ehkv3xy/Linux_x86_64/24.5/compilers/lib/libacchost.so(__pgi_uacc_dataonb+0x85a)[0x15034fb63d5a]
[lrdn0276:1255564] [ 6] /leonardo/home/userexternal/ctica000/MS_thesis/RegCM/bin/regcmMPICLM45_OPENACC_GPU_STDPAR(mod_regcm_interface_rcm_run_+0x7e)[0x4496be]
[lrdn0276:1255564] [ 7] /leonardo/home/userexternal/ctica000/MS_thesis/RegCM/bin/regcmMPICLM45_OPENACC_GPU_STDPAR(MAIN_+0xd7)[0xa254d7]
[lrdn0276:1255565] [ 5] /leonardo/home/userexternal/ctica000/MS_thesis/RegCM/bin/regcmMPICLM45_OPENACC_GPU_STDPAR(mod_output_output_+0x50bc5)[0x810ec5]
[lrdn0276:1255564] [ 8] /leonardo/home/userexternal/ctica000/MS_thesis/RegCM/bin/regcmMPICLM45_OPENACC_GPU_STDPAR(main+0x31)[0x4484b1]
[lrdn0276:1255564] [ 9] /lib64/libc.so.6(__libc_start_main+0xe5)[0x154387f00d85]
[lrdn0276:1255565] [ 6] /leonardo/home/userexternal/ctica000/MS_thesis/RegCM/bin/regcmMPICLM45_OPENACC_GPU_STDPAR(mod_regcm_interface_rcm_run_+0x7e)[0x4496be]
[lrdn0276:1255564] [10] /leonardo/home/userexternal/ctica000/MS_thesis/RegCM/bin/regcmMPICLM45_OPENACC_GPU_STDPAR(_start+0x2e)[0x44839e]
[lrdn0276:1255564] *** End of error message ***
[lrdn0276:1255565] [ 7] /leonardo/home/userexternal/ctica000/MS_thesis/RegCM/bin/regcmMPICLM45_OPENACC_GPU_STDPAR(MAIN_+0xd7)[0xa254d7]
[lrdn0276:1255565] [ 8] /leonardo/home/userexternal/ctica000/MS_thesis/RegCM/bin/regcmMPICLM45_OPENACC_GPU_STDPAR(main+0x31)[0x4484b1]
[lrdn0276:1255565] [ 9] /lib64/libc.so.6(__libc_start_main+0xe5)[0x15034aa02d85]
 8 0x00000000004484b1 main()  ???:0
[lrdn0276:1255565] [10] /leonardo/home/userexternal/ctica000/MS_thesis/RegCM/bin/regcmMPICLM45_OPENACC_GPU_STDPAR(_start+0x2e)[0x44839e]
[lrdn0276:1255565] *** End of error message ***
 9 0x000000000003ad85 __libc_start_main()  ???:0
10 0x000000000044839e _start()  ???:0
=================================
[lrdn0229:2744473] *** Process received signal ***
[lrdn0229:2744473] Signal: Segmentation fault (11)
[lrdn0229:2744473] Signal code:  (-6)
[lrdn0229:2744473] Failing at address: 0x1f4850029e099
[lrdn0229:2744473] [ 0] /lib64/libpthread.so.0(+0x12cf0)[0x1510b1a67cf0]
[lrdn0229:2744473] [ 1] /leonardo/prod/spack/06/install/0.22/linux-rhel8-icelake/gcc-8.5.0/nvhpc-24.5-torlmnyzcexnrs6pq4cccabv7ehkv3xy/Linux_x86_64/24.5/compilers/lib/libaccdevice.so(__pgi_uacc_cuda_dataup1+0xebf)[0x1510b59e0a4f]
[lrdn0229:2744473] [ 2] /leonardo/prod/spack/06/install/0.22/linux-rhel8-icelake/gcc-8.5.0/nvhpc-24.5-torlmnyzcexnrs6pq4cccabv7ehkv3xy/Linux_x86_64/24.5/compilers/lib/libacchost.so(__pgi_uacc_dataup1+0x14c)[0x1510b5f550fc]
[lrdn0229:2744473] [ 3] /leonardo/prod/spack/06/install/0.22/linux-rhel8-icelake/gcc-8.5.0/nvhpc-24.5-torlmnyzcexnrs6pq4cccabv7ehkv3xy/Linux_x86_64/24.5/compilers/lib/libacchost.so(__pgi_uacc_dataupx+0x3b0)[0x1510b5f55920]
[lrdn0229:2744473] [ 4] /leonardo/prod/spack/06/install/0.22/linux-rhel8-icelake/gcc-8.5.0/nvhpc-24.5-torlmnyzcexnrs6pq4cccabv7ehkv3xy/Linux_x86_64/24.5/compilers/lib/libacchost.so(__pgi_uacc_dataonb+0x85a)[0x1510b5f52d5a]
[lrdn0229:2744473] [ 5] /leonardo/home/userexternal/ctica000/MS_thesis/RegCM/bin/regcmMPICLM45_OPENACC_GPU_STDPAR(mod_output_output_+0x50bc5)[0x810ec5]
[lrdn0229:2744473] [ 6] /leonardo/home/userexternal/ctica000/MS_thesis/RegCM/bin/regcmMPICLM45_OPENACC_GPU_STDPAR(mod_regcm_interface_rcm_run_+0x7e)[0x4496be]
[lrdn0229:2744473] [ 7] /leonardo/home/userexternal/ctica000/MS_thesis/RegCM/bin/regcmMPICLM45_OPENACC_GPU_STDPAR(MAIN_+0xd7)[0xa254d7]
[lrdn0229:2744473] [ 8] /leonardo/home/userexternal/ctica000/MS_thesis/RegCM/bin/regcmMPICLM45_OPENACC_GPU_STDPAR(main+0x31)[0x4484b1]
[lrdn0229:2744473] [ 9] /lib64/libc.so.6(__libc_start_main+0xe5)[0x1510b0df1d85]
[lrdn0229:2744473] [10] /leonardo/home/userexternal/ctica000/MS_thesis/RegCM/bin/regcmMPICLM45_OPENACC_GPU_STDPAR(_start+0x2e)[0x44839e]
[lrdn0229:2744473] *** End of error message ***
==== backtrace (tid:1902951) ====
==== backtrace (tid:1902952) ====
 0 0x0000000000012cf0 __funlockfile()  :0
 1 0x000000000000ba4f __pgi_uacc_cuda_dataup1()  /proj/build/24A/Linux_x86_64/rte/accel-uni/build/Linux_x86_64/../../src/cuda_dataup1.c:88
 2 0x00000000000370fc __pgi_uacc_dataup1()  /proj/build/24A/Linux_x86_64/rte/accel-uni/build/Linux_x86_64/../../src/dataup1.c:58
 3 0x0000000000037920 __pgi_uacc_dataupx()  /proj/build/24A/Linux_x86_64/rte/accel-uni/build/Linux_x86_64/../../src/dataupx.c:123
 4 0x0000000000034d5a __pgi_uacc_dataonb()  /proj/build/24A/Linux_x86_64/rte/accel-uni/build/Linux_x86_64/../../src/dataonb.c:613
 5 0x0000000000810ec5 mod_output_output_()  /leonardo/home/userexternal/ctica000/MS_thesis/RegCM/Share/pfwsat.inc:1052
 6 0x00000000004496be mod_regcm_interface_rcm_run_()  /leonardo/home/userexternal/ctica000/MS_thesis/RegCM/Main/mod_regcm_interface.F90:281
 7 0x0000000000a254d7 MAIN_()  /leonardo/home/userexternal/ctica000/MS_thesis/RegCM/Main/regcm.F90:83
 8 0x00000000004484b1 main()  ???:0
 9 0x000000000003ad85 __libc_start_main()  ???:0
10 0x000000000044839e _start()  ???:0
=================================
[lrdn0295:1902952] *** Process received signal ***
 0 0x0000000000012cf0 __funlockfile()  :0
[lrdn0295:1902952] Signal: Segmentation fault (11)
[lrdn0295:1902952] Signal code:  (-6)
[lrdn0295:1902952] Failing at address: 0x1f485001d0968
 1 0x000000000000ba4f __pgi_uacc_cuda_dataup1()  /proj/build/24A/Linux_x86_64/rte/accel-uni/build/Linux_x86_64/../../src/cuda_dataup1.c:88
 2 0x00000000000370fc __pgi_uacc_dataup1()  /proj/build/24A/Linux_x86_64/rte/accel-uni/build/Linux_x86_64/../../src/dataup1.c:58
 3 0x0000000000037920 __pgi_uacc_dataupx()  /proj/build/24A/Linux_x86_64/rte/accel-uni/build/Linux_x86_64/../../src/dataupx.c:123
 4 0x0000000000034d5a __pgi_uacc_dataonb()  /proj/build/24A/Linux_x86_64/rte/accel-uni/build/Linux_x86_64/../../src/dataonb.c:613
 5 0x0000000000810ec5 mod_output_output_()  /leonardo/home/userexternal/ctica000/MS_thesis/RegCM/Share/pfwsat.inc:1052
 6 0x00000000004496be mod_regcm_interface_rcm_run_()  /leonardo/home/userexternal/ctica000/MS_thesis/RegCM/Main/mod_regcm_interface.F90:281
 7 0x0000000000a254d7 MAIN_()  /leonardo/home/userexternal/ctica000/MS_thesis/RegCM/Main/regcm.F90:83
 8 0x00000000004484b1 main()  ???:0
 9 0x000000000003ad85 __libc_start_main()  ???:0
10 0x000000000044839e _start()  ???:0
=================================
[lrdn0295:1902952] [ 0] /lib64/libpthread.so.0(+0x12cf0)[0x151d278d9cf0]
[lrdn0295:1902952] [ 1] /leonardo/prod/spack/06/install/0.22/linux-rhel8-icelake/gcc-8.5.0/nvhpc-24.5-torlmnyzcexnrs6pq4cccabv7ehkv3xy/Linux_x86_64/24.5/compilers/lib/libaccdevice.so(__pgi_uacc_cuda_dataup1+0xebf)[0x151d2b852a4f]
[lrdn0295:1902951] *** Process received signal ***
[lrdn0295:1902952] [ 2] /leonardo/prod/spack/06/install/0.22/linux-rhel8-icelake/gcc-8.5.0/nvhpc-24.5-torlmnyzcexnrs6pq4cccabv7ehkv3xy/Linux_x86_64/24.5/compilers/lib/libacchost.so(__pgi_uacc_dataup1+0x14c)[0x151d2bdc70fc]
[lrdn0295:1902952] [ 3] /leonardo/prod/spack/06/install/0.22/linux-rhel8-icelake/gcc-8.5.0/nvhpc-24.5-torlmnyzcexnrs6pq4cccabv7ehkv3xy/Linux_x86_64/24.5/compilers/lib/libacchost.so(__pgi_uacc_dataupx+0x3b0)[0x151d2bdc7920]
[lrdn0295:1902952] [ 4] /leonardo/prod/spack/06/install/0.22/linux-rhel8-icelake/gcc-8.5.0/nvhpc-24.5-torlmnyzcexnrs6pq4cccabv7ehkv3xy/Linux_x86_64/24.5/compilers/lib/libacchost.so(__pgi_uacc_dataonb+0x85a)[0x151d2bdc4d5a]
[lrdn0295:1902951] Signal: Segmentation fault (11)
[lrdn0295:1902951] Signal code:  (-6)
[lrdn0295:1902951] Failing at address: 0x1f485001d0967
[lrdn0295:1902951] [ 0] /lib64/libpthread.so.0(+0x12cf0)[0x14c742ea8cf0]
[lrdn0295:1902951] [ 1] /leonardo/prod/spack/06/install/0.22/linux-rhel8-icelake/gcc-8.5.0/nvhpc-24.5-torlmnyzcexnrs6pq4cccabv7ehkv3xy/Linux_x86_64/24.5/compilers/lib/libaccdevice.so(__pgi_uacc_cuda_dataup1+0xebf)[0x14c746e21a4f]
[lrdn0295:1902952] [ 5] /leonardo/home/userexternal/ctica000/MS_thesis/RegCM/bin/regcmMPICLM45_OPENACC_GPU_STDPAR(mod_output_output_+0x50bc5)[0x810ec5]
[lrdn0295:1902951] [ 2] /leonardo/prod/spack/06/install/0.22/linux-rhel8-icelake/gcc-8.5.0/nvhpc-24.5-torlmnyzcexnrs6pq4cccabv7ehkv3xy/Linux_x86_64/24.5/compilers/lib/libacchost.so(__pgi_uacc_dataup1+0x14c)[0x14c7473960fc]
[lrdn0295:1902951] [ 3] /leonardo/prod/spack/06/install/0.22/linux-rhel8-icelake/gcc-8.5.0/nvhpc-24.5-torlmnyzcexnrs6pq4cccabv7ehkv3xy/Linux_x86_64/24.5/compilers/lib/libacchost.so(__pgi_uacc_dataupx+0x3b0)[0x14c747396920]
[lrdn0295:1902951] [ 4] /leonardo/prod/spack/06/install/0.22/linux-rhel8-icelake/gcc-8.5.0/nvhpc-24.5-torlmnyzcexnrs6pq4cccabv7ehkv3xy/Linux_x86_64/24.5/compilers/lib/libacchost.so(__pgi_uacc_dataonb+0x85a)[0x14c747393d5a]
[lrdn0295:1902952] [ 6] /leonardo/home/userexternal/ctica000/MS_thesis/RegCM/bin/regcmMPICLM45_OPENACC_GPU_STDPAR(mod_regcm_interface_rcm_run_+0x7e)[0x4496be]
[lrdn0295:1902951] [ 5] /leonardo/home/userexternal/ctica000/MS_thesis/RegCM/bin/regcmMPICLM45_OPENACC_GPU_STDPAR(mod_output_output_+0x50bc5)[0x810ec5]
[lrdn0295:1902952] [ 7] /leonardo/home/userexternal/ctica000/MS_thesis/RegCM/bin/regcmMPICLM45_OPENACC_GPU_STDPAR(MAIN_+0xd7)[0xa254d7]
[lrdn0295:1902952] [ 8] /leonardo/home/userexternal/ctica000/MS_thesis/RegCM/bin/regcmMPICLM45_OPENACC_GPU_STDPAR(main+0x31)[0x4484b1]
[lrdn0295:1902951] [ 6] /leonardo/home/userexternal/ctica000/MS_thesis/RegCM/bin/regcmMPICLM45_OPENACC_GPU_STDPAR(mod_regcm_interface_rcm_run_+0x7e)[0x4496be]
[lrdn0295:1902952] [ 9] /lib64/libc.so.6(__libc_start_main+0xe5)[0x151d26c63d85]
[lrdn0295:1902951] [ 7] /leonardo/home/userexternal/ctica000/MS_thesis/RegCM/bin/regcmMPICLM45_OPENACC_GPU_STDPAR(MAIN_+0xd7)[0xa254d7]
[lrdn0295:1902951] [ 8] /leonardo/home/userexternal/ctica000/MS_thesis/RegCM/bin/regcmMPICLM45_OPENACC_GPU_STDPAR(main+0x31)[0x4484b1]
[lrdn0295:1902951] [ 9] /lib64/libc.so.6(__libc_start_main+0xe5)[0x14c742232d85]
[lrdn0295:1902951] [10] /leonardo/home/userexternal/ctica000/MS_thesis/RegCM/bin/regcmMPICLM45_OPENACC_GPU_STDPAR(_start+0x2e)[0x44839e]
[lrdn0295:1902951] *** End of error message ***
==== backtrace (tid:1902950) ====
 0 0x0000000000012cf0 __funlockfile()  :0
[lrdn0295:1902952] [10] /leonardo/home/userexternal/ctica000/MS_thesis/RegCM/bin/regcmMPICLM45_OPENACC_GPU_STDPAR(_start+0x2e)[0x44839e]
[lrdn0295:1902952] *** End of error message ***
 1 0x000000000000ba4f __pgi_uacc_cuda_dataup1()  /proj/build/24A/Linux_x86_64/rte/accel-uni/build/Linux_x86_64/../../src/cuda_dataup1.c:88
 2 0x00000000000370fc __pgi_uacc_dataup1()  /proj/build/24A/Linux_x86_64/rte/accel-uni/build/Linux_x86_64/../../src/dataup1.c:58
 3 0x0000000000037920 __pgi_uacc_dataupx()  /proj/build/24A/Linux_x86_64/rte/accel-uni/build/Linux_x86_64/../../src/dataupx.c:123
 4 0x0000000000034d5a __pgi_uacc_dataonb()  /proj/build/24A/Linux_x86_64/rte/accel-uni/build/Linux_x86_64/../../src/dataonb.c:613
==== backtrace (tid:2744325) ====
 5 0x0000000000810ec5 mod_output_output_()  /leonardo/home/userexternal/ctica000/MS_thesis/RegCM/Share/pfwsat.inc:1052
 6 0x00000000004496be mod_regcm_interface_rcm_run_()  /leonardo/home/userexternal/ctica000/MS_thesis/RegCM/Main/mod_regcm_interface.F90:281
 7 0x0000000000a254d7 MAIN_()  /leonardo/home/userexternal/ctica000/MS_thesis/RegCM/Main/regcm.F90:83
 8 0x00000000004484b1 main()  ???:0
==== backtrace (tid:2744326) ====
 0 0x0000000000012cf0 __funlockfile()  :0
 1 0x000000000000ba4f __pgi_uacc_cuda_dataup1()  /proj/build/24A/Linux_x86_64/rte/accel-uni/build/Linux_x86_64/../../src/cuda_dataup1.c:88
 2 0x00000000000370fc __pgi_uacc_dataup1()  /proj/build/24A/Linux_x86_64/rte/accel-uni/build/Linux_x86_64/../../src/dataup1.c:58
 3 0x0000000000037920 __pgi_uacc_dataupx()  /proj/build/24A/Linux_x86_64/rte/accel-uni/build/Linux_x86_64/../../src/dataupx.c:123
 4 0x0000000000034d5a __pgi_uacc_dataonb()  /proj/build/24A/Linux_x86_64/rte/accel-uni/build/Linux_x86_64/../../src/dataonb.c:613
 5 0x0000000000810ec5 mod_output_output_()  /leonardo/home/userexternal/ctica000/MS_thesis/RegCM/Share/pfwsat.inc:1052
 6 0x00000000004496be mod_regcm_interface_rcm_run_()  /leonardo/home/userexternal/ctica000/MS_thesis/RegCM/Main/mod_regcm_interface.F90:281
 7 0x0000000000a254d7 MAIN_()  /leonardo/home/userexternal/ctica000/MS_thesis/RegCM/Main/regcm.F90:83
 8 0x00000000004484b1 main()  ???:0
 9 0x000000000003ad85 __libc_start_main()  ???:0
 9 0x000000000003ad85 __libc_start_main()  ???:0
10 0x000000000044839e _start()  ???:0
=================================
10 0x000000000044839e _start()  ???:0
[lrdn0263:2744326] *** Process received signal ***
=================================
[lrdn0263:2744326] Signal: Segmentation fault (11)
[lrdn0263:2744326] Signal code:  (-6)
[lrdn0263:2744326] Failing at address: 0x1f4850029e006
 0 0x0000000000012cf0 __funlockfile()  :0
 1 0x000000000000ba4f __pgi_uacc_cuda_dataup1()  /proj/build/24A/Linux_x86_64/rte/accel-uni/build/Linux_x86_64/../../src/cuda_dataup1.c:88
[lrdn0263:2744326] [ 0] /lib64/libpthread.so.0(+0x12cf0)[0x14d060ad1cf0]
[lrdn0263:2744326] [ 1] /leonardo/prod/spack/06/install/0.22/linux-rhel8-icelake/gcc-8.5.0/nvhpc-24.5-torlmnyzcexnrs6pq4cccabv7ehkv3xy/Linux_x86_64/24.5/compilers/lib/libaccdevice.so(__pgi_uacc_cuda_dataup1+0xebf)[0x14d064a4aa4f]
[lrdn0295:1902950] *** Process received signal ***
[lrdn0263:2744326] [ 2] /leonardo/prod/spack/06/install/0.22/linux-rhel8-icelake/gcc-8.5.0/nvhpc-24.5-torlmnyzcexnrs6pq4cccabv7ehkv3xy/Linux_x86_64/24.5/compilers/lib/libacchost.so(__pgi_uacc_dataup1+0x14c)[0x14d064fbf0fc]
[lrdn0295:1902950] Signal: Segmentation fault (11)
[lrdn0295:1902950] Signal code:  (-6)
[lrdn0295:1902950] Failing at address: 0x1f485001d0966
[lrdn0263:2744326] [ 3] /leonardo/prod/spack/06/install/0.22/linux-rhel8-icelake/gcc-8.5.0/nvhpc-24.5-torlmnyzcexnrs6pq4cccabv7ehkv3xy/Linux_x86_64/24.5/compilers/lib/libacchost.so(__pgi_uacc_dataupx+0x3b0)[0x14d064fbf920]
[lrdn0295:1902950] [ 0] /lib64/libpthread.so.0(+0x12cf0)[0x151ae5157cf0]
[lrdn0263:2744326] [ 4] /leonardo/prod/spack/06/install/0.22/linux-rhel8-icelake/gcc-8.5.0/nvhpc-24.5-torlmnyzcexnrs6pq4cccabv7ehkv3xy/Linux_x86_64/24.5/compilers/lib/libacchost.so(__pgi_uacc_dataonb+0x85a)[0x14d064fbcd5a]
 2 0x00000000000370fc __pgi_uacc_dataup1()  /proj/build/24A/Linux_x86_64/rte/accel-uni/build/Linux_x86_64/../../src/dataup1.c:58
 3 0x0000000000037920 __pgi_uacc_dataupx()  /proj/build/24A/Linux_x86_64/rte/accel-uni/build/Linux_x86_64/../../src/dataupx.c:123
 4 0x0000000000034d5a __pgi_uacc_dataonb()  /proj/build/24A/Linux_x86_64/rte/accel-uni/build/Linux_x86_64/../../src/dataonb.c:613
[lrdn0263:2744326] [ 5] /leonardo/home/userexternal/ctica000/MS_thesis/RegCM/bin/regcmMPICLM45_OPENACC_GPU_STDPAR(mod_output_output_+0x50bc5)[0x810ec5]
 5 0x0000000000810ec5 mod_output_output_()  /leonardo/home/userexternal/ctica000/MS_thesis/RegCM/Share/pfwsat.inc:1052
 6 0x00000000004496be mod_regcm_interface_rcm_run_()  /leonardo/home/userexternal/ctica000/MS_thesis/RegCM/Main/mod_regcm_interface.F90:281
 7 0x0000000000a254d7 MAIN_()  /leonardo/home/userexternal/ctica000/MS_thesis/RegCM/Main/regcm.F90:83
 8 0x00000000004484b1 main()  ???:0
 9 0x000000000003ad85 __libc_start_main()  ???:0
10 0x000000000044839e _start()  ???:0
=================================
[lrdn0263:2744325] *** Process received signal ***
[lrdn0295:1902950] [ 1] /leonardo/prod/spack/06/install/0.22/linux-rhel8-icelake/gcc-8.5.0/nvhpc-24.5-torlmnyzcexnrs6pq4cccabv7ehkv3xy/Linux_x86_64/24.5/compilers/lib/libaccdevice.so(__pgi_uacc_cuda_dataup1+0xebf)[0x151ae90d0a4f]
[lrdn0263:2744325] Signal: Segmentation fault (11)
[lrdn0263:2744325] Signal code:  (-6)
[lrdn0263:2744325] Failing at address: 0x1f4850029e005
[lrdn0295:1902950] [ 2] /leonardo/prod/spack/06/install/0.22/linux-rhel8-icelake/gcc-8.5.0/nvhpc-24.5-torlmnyzcexnrs6pq4cccabv7ehkv3xy/Linux_x86_64/24.5/compilers/lib/libacchost.so(__pgi_uacc_dataup1+0x14c)[0x151ae96450fc]
[lrdn0295:1902950] [ 3] /leonardo/prod/spack/06/install/0.22/linux-rhel8-icelake/gcc-8.5.0/nvhpc-24.5-torlmnyzcexnrs6pq4cccabv7ehkv3xy/Linux_x86_64/24.5/compilers/lib/libacchost.so(__pgi_uacc_dataupx+0x3b0)[0x151ae9645920]
[lrdn0295:1902950] [ 4] /leonardo/prod/spack/06/install/0.22/linux-rhel8-icelake/gcc-8.5.0/nvhpc-24.5-torlmnyzcexnrs6pq4cccabv7ehkv3xy/Linux_x86_64/24.5/compilers/lib/libacchost.so(__pgi_uacc_dataonb+0x85a)[0x151ae9642d5a]
[lrdn0263:2744325] [ 0] /lib64/libpthread.so.0(+0x12cf0)[0x14aefdc12cf0]
[lrdn0263:2744325] [ 1] /leonardo/prod/spack/06/install/0.22/linux-rhel8-icelake/gcc-8.5.0/nvhpc-24.5-torlmnyzcexnrs6pq4cccabv7ehkv3xy/Linux_x86_64/24.5/compilers/lib/libaccdevice.so(__pgi_uacc_cuda_dataup1+0xebf)[0x14af01b8ba4f]
[lrdn0263:2744325] [ 2] /leonardo/prod/spack/06/install/0.22/linux-rhel8-icelake/gcc-8.5.0/nvhpc-24.5-torlmnyzcexnrs6pq4cccabv7ehkv3xy/Linux_x86_64/24.5/compilers/lib/libacchost.so(__pgi_uacc_dataup1+0x14c)[0x14af021000fc]
[lrdn0263:2744325] [ 3] /leonardo/prod/spack/06/install/0.22/linux-rhel8-icelake/gcc-8.5.0/nvhpc-24.5-torlmnyzcexnrs6pq4cccabv7ehkv3xy/Linux_x86_64/24.5/compilers/lib/libacchost.so(__pgi_uacc_dataupx+0x3b0)[0x14af02100920]
[lrdn0263:2744325] [ 4] /leonardo/prod/spack/06/install/0.22/linux-rhel8-icelake/gcc-8.5.0/nvhpc-24.5-torlmnyzcexnrs6pq4cccabv7ehkv3xy/Linux_x86_64/24.5/compilers/lib/libacchost.so(__pgi_uacc_dataonb+0x85a)[0x14af020fdd5a]
[lrdn0295:1902950] [ 5] /leonardo/home/userexternal/ctica000/MS_thesis/RegCM/bin/regcmMPICLM45_OPENACC_GPU_STDPAR(mod_output_output_+0x50bc5)[0x810ec5]
[lrdn0263:2744325] [ 5] /leonardo/home/userexternal/ctica000/MS_thesis/RegCM/bin/regcmMPICLM45_OPENACC_GPU_STDPAR(mod_output_output_+0x50bc5)[0x810ec5]
[lrdn0295:1902950] [ 6] /leonardo/home/userexternal/ctica000/MS_thesis/RegCM/bin/regcmMPICLM45_OPENACC_GPU_STDPAR(mod_regcm_interface_rcm_run_+0x7e)[0x4496be]
[lrdn0295:1902950] [ 7] /leonardo/home/userexternal/ctica000/MS_thesis/RegCM/bin/regcmMPICLM45_OPENACC_GPU_STDPAR(MAIN_+0xd7)[0xa254d7]
[lrdn0295:1902950] [ 8] /leonardo/home/userexternal/ctica000/MS_thesis/RegCM/bin/regcmMPICLM45_OPENACC_GPU_STDPAR(main+0x31)[0x4484b1]
[lrdn0295:1902950] [ 9] /lib64/libc.so.6(__libc_start_main+0xe5)[0x151ae44e1d85]
[lrdn0295:1902950] [10] /leonardo/home/userexternal/ctica000/MS_thesis/RegCM/bin/regcmMPICLM45_OPENACC_GPU_STDPAR(_start+0x2e)[0x44839e]
[lrdn0295:1902950] *** End of error message ***
[lrdn0263:2744326] [ 6] /leonardo/home/userexternal/ctica000/MS_thesis/RegCM/bin/regcmMPICLM45_OPENACC_GPU_STDPAR(mod_regcm_interface_rcm_run_+0x7e)[0x4496be]
[lrdn0263:2744325] [ 6] /leonardo/home/userexternal/ctica000/MS_thesis/RegCM/bin/regcmMPICLM45_OPENACC_GPU_STDPAR(mod_regcm_interface_rcm_run_+0x7e)[0x4496be]
[lrdn0263:2744325] [ 7] /leonardo/home/userexternal/ctica000/MS_thesis/RegCM/bin/regcmMPICLM45_OPENACC_GPU_STDPAR(MAIN_+0xd7)[0xa254d7]
[lrdn0263:2744325] [ 8] /leonardo/home/userexternal/ctica000/MS_thesis/RegCM/bin/regcmMPICLM45_OPENACC_GPU_STDPAR(main+0x31)[0x4484b1]
[lrdn0263:2744326] [ 7] /leonardo/home/userexternal/ctica000/MS_thesis/RegCM/bin/regcmMPICLM45_OPENACC_GPU_STDPAR(MAIN_+0xd7)[0xa254d7]
[lrdn0263:2744326] [ 8] /leonardo/home/userexternal/ctica000/MS_thesis/RegCM/bin/regcmMPICLM45_OPENACC_GPU_STDPAR(main+0x31)[0x4484b1]
[lrdn0263:2744325] [ 9] /lib64/libc.so.6(__libc_start_main+0xe5)[0x14aefcf9cd85]
[lrdn0263:2744325] [10] /leonardo/home/userexternal/ctica000/MS_thesis/RegCM/bin/regcmMPICLM45_OPENACC_GPU_STDPAR(_start+0x2e)[0x44839e]
[lrdn0263:2744325] *** End of error message ***
[lrdn0263:2744326] [ 9] /lib64/libc.so.6(__libc_start_main+0xe5)[0x14d05fe5bd85]
[lrdn0263:2744326] [10] /leonardo/home/userexternal/ctica000/MS_thesis/RegCM/bin/regcmMPICLM45_OPENACC_GPU_STDPAR(_start+0x2e)[0x44839e]
[lrdn0263:2744326] *** End of error message ***
==== backtrace (tid:2744324) ====
 0 0x0000000000012cf0 __funlockfile()  :0
 1 0x000000000000ba4f __pgi_uacc_cuda_dataup1()  /proj/build/24A/Linux_x86_64/rte/accel-uni/build/Linux_x86_64/../../src/cuda_dataup1.c:88
 2 0x00000000000370fc __pgi_uacc_dataup1()  /proj/build/24A/Linux_x86_64/rte/accel-uni/build/Linux_x86_64/../../src/dataup1.c:58
 3 0x0000000000037920 __pgi_uacc_dataupx()  /proj/build/24A/Linux_x86_64/rte/accel-uni/build/Linux_x86_64/../../src/dataupx.c:123
 4 0x0000000000034d5a __pgi_uacc_dataonb()  /proj/build/24A/Linux_x86_64/rte/accel-uni/build/Linux_x86_64/../../src/dataonb.c:613
 5 0x0000000000810ec5 mod_output_output_()  /leonardo/home/userexternal/ctica000/MS_thesis/RegCM/Share/pfwsat.inc:1052
 6 0x00000000004496be mod_regcm_interface_rcm_run_()  /leonardo/home/userexternal/ctica000/MS_thesis/RegCM/Main/mod_regcm_interface.F90:281
 7 0x0000000000a254d7 MAIN_()  /leonardo/home/userexternal/ctica000/MS_thesis/RegCM/Main/regcm.F90:83
 8 0x00000000004484b1 main()  ???:0
 9 0x000000000003ad85 __libc_start_main()  ???:0
10 0x000000000044839e _start()  ???:0
=================================
[lrdn0263:2744324] *** Process received signal ***
[lrdn0263:2744324] Signal: Segmentation fault (11)
[lrdn0263:2744324] Signal code:  (-6)
[lrdn0263:2744324] Failing at address: 0x1f4850029e004
[lrdn0263:2744324] [ 0] /lib64/libpthread.so.0(+0x12cf0)[0x14627d75fcf0]
[lrdn0263:2744324] [ 1] /leonardo/prod/spack/06/install/0.22/linux-rhel8-icelake/gcc-8.5.0/nvhpc-24.5-torlmnyzcexnrs6pq4cccabv7ehkv3xy/Linux_x86_64/24.5/compilers/lib/libaccdevice.so(__pgi_uacc_cuda_dataup1+0xebf)[0x1462816d8a4f]
[lrdn0263:2744324] [ 2] /leonardo/prod/spack/06/install/0.22/linux-rhel8-icelake/gcc-8.5.0/nvhpc-24.5-torlmnyzcexnrs6pq4cccabv7ehkv3xy/Linux_x86_64/24.5/compilers/lib/libacchost.so(__pgi_uacc_dataup1+0x14c)[0x146281c4d0fc]
[lrdn0263:2744324] [ 3] /leonardo/prod/spack/06/install/0.22/linux-rhel8-icelake/gcc-8.5.0/nvhpc-24.5-torlmnyzcexnrs6pq4cccabv7ehkv3xy/Linux_x86_64/24.5/compilers/lib/libacchost.so(__pgi_uacc_dataupx+0x3b0)[0x146281c4d920]
[lrdn0263:2744324] [ 4] /leonardo/prod/spack/06/install/0.22/linux-rhel8-icelake/gcc-8.5.0/nvhpc-24.5-torlmnyzcexnrs6pq4cccabv7ehkv3xy/Linux_x86_64/24.5/compilers/lib/libacchost.so(__pgi_uacc_dataonb+0x85a)[0x146281c4ad5a]
[lrdn0263:2744324] [ 5] /leonardo/home/userexternal/ctica000/MS_thesis/RegCM/bin/regcmMPICLM45_OPENACC_GPU_STDPAR(mod_output_output_+0x50bc5)[0x810ec5]
==== backtrace (tid:2744327) ====
[lrdn0263:2744324] [ 6] /leonardo/home/userexternal/ctica000/MS_thesis/RegCM/bin/regcmMPICLM45_OPENACC_GPU_STDPAR(mod_regcm_interface_rcm_run_+0x7e)[0x4496be]
[lrdn0263:2744324] [ 7] /leonardo/home/userexternal/ctica000/MS_thesis/RegCM/bin/regcmMPICLM45_OPENACC_GPU_STDPAR(MAIN_+0xd7)[0xa254d7]
 0 0x0000000000012cf0 __funlockfile()  :0
 1 0x000000000000ba4f __pgi_uacc_cuda_dataup1()  /proj/build/24A/Linux_x86_64/rte/accel-uni/build/Linux_x86_64/../../src/cuda_dataup1.c:88
 2 0x00000000000370fc __pgi_uacc_dataup1()  /proj/build/24A/Linux_x86_64/rte/accel-uni/build/Linux_x86_64/../../src/dataup1.c:58
 3 0x0000000000037920 __pgi_uacc_dataupx()  /proj/build/24A/Linux_x86_64/rte/accel-uni/build/Linux_x86_64/../../src/dataupx.c:123
 4 0x0000000000034d5a __pgi_uacc_dataonb()  /proj/build/24A/Linux_x86_64/rte/accel-uni/build/Linux_x86_64/../../src/dataonb.c:613
 5 0x0000000000810ec5 mod_output_output_()  /leonardo/home/userexternal/ctica000/MS_thesis/RegCM/Share/pfwsat.inc:1052
 6 0x00000000004496be mod_regcm_interface_rcm_run_()  /leonardo/home/userexternal/ctica000/MS_thesis/RegCM/Main/mod_regcm_interface.F90:281
 7 0x0000000000a254d7 MAIN_()  /leonardo/home/userexternal/ctica000/MS_thesis/RegCM/Main/regcm.F90:83
 8 0x00000000004484b1 main()  ???:0
 9 0x000000000003ad85 __libc_start_main()  ???:0
10 0x000000000044839e _start()  ???:0
=================================
[lrdn0263:2744327] *** Process received signal ***
[lrdn0263:2744324] [ 8] /leonardo/home/userexternal/ctica000/MS_thesis/RegCM/bin/regcmMPICLM45_OPENACC_GPU_STDPAR(main+0x31)[0x4484b1]
[lrdn0263:2744327] Signal: Segmentation fault (11)
[lrdn0263:2744327] Signal code:  (-6)
[lrdn0263:2744327] Failing at address: 0x1f4850029e007
[lrdn0263:2744324] [ 9] /lib64/libc.so.6(__libc_start_main+0xe5)[0x14627cae9d85]
[lrdn0263:2744327] [ 0] /lib64/libpthread.so.0(+0x12cf0)[0x14b78eadfcf0]
[lrdn0263:2744327] [ 1] /leonardo/prod/spack/06/install/0.22/linux-rhel8-icelake/gcc-8.5.0/nvhpc-24.5-torlmnyzcexnrs6pq4cccabv7ehkv3xy/Linux_x86_64/24.5/compilers/lib/libaccdevice.so(__pgi_uacc_cuda_dataup1+0xebf)[0x14b792a58a4f]
[lrdn0263:2744327] [ 2] /leonardo/prod/spack/06/install/0.22/linux-rhel8-icelake/gcc-8.5.0/nvhpc-24.5-torlmnyzcexnrs6pq4cccabv7ehkv3xy/Linux_x86_64/24.5/compilers/lib/libacchost.so(__pgi_uacc_dataup1+0x14c)[0x14b792fcd0fc]
[lrdn0263:2744327] [ 3] /leonardo/prod/spack/06/install/0.22/linux-rhel8-icelake/gcc-8.5.0/nvhpc-24.5-torlmnyzcexnrs6pq4cccabv7ehkv3xy/Linux_x86_64/24.5/compilers/lib/libacchost.so(__pgi_uacc_dataupx+0x3b0)[0x14b792fcd920]
[lrdn0263:2744327] [ 4] /leonardo/prod/spack/06/install/0.22/linux-rhel8-icelake/gcc-8.5.0/nvhpc-24.5-torlmnyzcexnrs6pq4cccabv7ehkv3xy/Linux_x86_64/24.5/compilers/lib/libacchost.so(__pgi_uacc_dataonb+0x85a)[0x14b792fcad5a]
[lrdn0263:2744327] [ 5] /leonardo/home/userexternal/ctica000/MS_thesis/RegCM/bin/regcmMPICLM45_OPENACC_GPU_STDPAR(mod_output_output_+0x50bc5)[0x810ec5]
[lrdn0263:2744324] [10] /leonardo/home/userexternal/ctica000/MS_thesis/RegCM/bin/regcmMPICLM45_OPENACC_GPU_STDPAR(_start+0x2e)[0x44839e]
[lrdn0263:2744324] *** End of error message ***
[lrdn0263:2744327] [ 6] /leonardo/home/userexternal/ctica000/MS_thesis/RegCM/bin/regcmMPICLM45_OPENACC_GPU_STDPAR(mod_regcm_interface_rcm_run_+0x7e)[0x4496be]
[lrdn0263:2744327] [ 7] /leonardo/home/userexternal/ctica000/MS_thesis/RegCM/bin/regcmMPICLM45_OPENACC_GPU_STDPAR(MAIN_+0xd7)[0xa254d7]
[lrdn0263:2744327] [ 8] /leonardo/home/userexternal/ctica000/MS_thesis/RegCM/bin/regcmMPICLM45_OPENACC_GPU_STDPAR(main+0x31)[0x4484b1]
[lrdn0263:2744327] [ 9] /lib64/libc.so.6(__libc_start_main+0xe5)[0x14b78de69d85]
[lrdn0263:2744327] [10] /leonardo/home/userexternal/ctica000/MS_thesis/RegCM/bin/regcmMPICLM45_OPENACC_GPU_STDPAR(_start+0x2e)[0x44839e]
[lrdn0263:2744327] *** End of error message ***
[ perf record: Woken up 3003 times to write data ]
[ perf record: Woken up 3178 times to write data ]
[ perf record: Woken up 3178 times to write data ]
[ perf record: Woken up 3178 times to write data ]
[ perf record: Woken up 3177 times to write data ]
[ perf record: Woken up 4415 times to write data ]
[ perf record: Woken up 3179 times to write data ]
[ perf record: Woken up 3180 times to write data ]
[ perf record: Woken up 3181 times to write data ]
[ perf record: Woken up 4875 times to write data ]
[ perf record: Woken up 3180 times to write data ]
[ perf record: Woken up 5199 times to write data ]
[ perf record: Woken up 4597 times to write data ]
[ perf record: Woken up 3180 times to write data ]
[ perf record: Woken up 3182 times to write data ]
[ perf record: Captured and wrote 794.965 MB /leonardo_scratch/large/userexternal/ctica000/perf/with_IO/sequential_write/perf_22671704/perf.data.rank7 (98617 samples) ]
[ perf record: Captured and wrote 794.555 MB /leonardo_scratch/large/userexternal/ctica000/perf/with_IO/sequential_write/perf_22671704/perf.data.rank4 (98569 samples) ]
[ perf record: Captured and wrote 751.048 MB /leonardo_scratch/large/userexternal/ctica000/perf/with_IO/sequential_write/perf_22671704/perf.data.rank2 (93169 samples) ]
[ perf record: Captured and wrote 757.008 MB /leonardo_scratch/large/userexternal/ctica000/perf/with_IO/sequential_write/perf_22671704/perf.data.rank3 (93909 samples) ]
[ perf record: Captured and wrote 794.892 MB /leonardo_scratch/large/userexternal/ctica000/perf/with_IO/sequential_write/perf_22671704/perf.data.rank8 (98607 samples) ]
[ perf record: Captured and wrote 748.534 MB /leonardo_scratch/large/userexternal/ctica000/perf/with_IO/sequential_write/perf_22671704/perf.data.rank1 (92857 samples) ]
[ perf record: Captured and wrote 794.821 MB /leonardo_scratch/large/userexternal/ctica000/perf/with_IO/sequential_write/perf_22671704/perf.data.rank11 (98602 samples) ]
[ perf record: Captured and wrote 795.510 MB /leonardo_scratch/large/userexternal/ctica000/perf/with_IO/sequential_write/perf_22671704/perf.data.rank12 (98688 samples) ]
[ perf record: Captured and wrote 794.642 MB /leonardo_scratch/large/userexternal/ctica000/perf/with_IO/sequential_write/perf_22671704/perf.data.rank15 (98581 samples) ]
[ perf record: Captured and wrote 795.267 MB /leonardo_scratch/large/userexternal/ctica000/perf/with_IO/sequential_write/perf_22671704/perf.data.rank6 (98657 samples) ]
[ perf record: Captured and wrote 794.847 MB /leonardo_scratch/large/userexternal/ctica000/perf/with_IO/sequential_write/perf_22671704/perf.data.rank9 (98600 samples) ]
[ perf record: Captured and wrote 795.340 MB /leonardo_scratch/large/userexternal/ctica000/perf/with_IO/sequential_write/perf_22671704/perf.data.rank5 (98666 samples) ]
[ perf record: Captured and wrote 795.016 MB /leonardo_scratch/large/userexternal/ctica000/perf/with_IO/sequential_write/perf_22671704/perf.data.rank14 (98627 samples) ]
[ perf record: Captured and wrote 795.457 MB /leonardo_scratch/large/userexternal/ctica000/perf/with_IO/sequential_write/perf_22671704/perf.data.rank10 (98677 samples) ]
[ perf record: Captured and wrote 795.547 MB /leonardo_scratch/large/userexternal/ctica000/perf/with_IO/sequential_write/perf_22671704/perf.data.rank13 (98693 samples) ]
srun: error: lrdn0263: tasks 4,7: Segmentation fault
[ perf record: Woken up 3665 times to write data ]
srun: error: lrdn0229: tasks 1-3: Segmentation fault
[ perf record: Captured and wrote 916.617 MB /leonardo_scratch/large/userexternal/ctica000/perf/with_IO/sequential_write/perf_22671704/perf.data.rank0 (113445 samples) ]
slurmstepd: error:  mpi/pmix_v3: _errhandler: lrdn0263 [1]: pmixp_client_v2.c:212: Error handler invoked: status = -25, source = [slurm.pmix.22671704.0:7]
slurmstepd: error:  mpi/pmix_v3: _errhandler: lrdn0276 [2]: pmixp_client_v2.c:212: Error handler invoked: status = -25, source = [slurm.pmix.22671704.0:8]
slurmstepd: error:  mpi/pmix_v3: _errhandler: lrdn0295 [3]: pmixp_client_v2.c:212: Error handler invoked: status = -25, source = [slurm.pmix.22671704.0:15]
slurmstepd: error: *** STEP 22671704.0 ON lrdn0229 CANCELLED AT 2025-10-25T20:05:02 ***
srun: Job step aborted: Waiting up to 182 seconds for job step to finish.
srun: error: lrdn0229: task 0: Killed
srun: error: lrdn0295: tasks 12-15: Segmentation fault
srun: error: lrdn0263: tasks 5-6: Segmentation fault
srun: error: lrdn0276: tasks 8-11: Segmentation fault
