[ perf record: Woken up 24244 times to write data ]
[ perf record: Woken up 24288 times to write data ]
[ perf record: Woken up 24259 times to write data ]
[ perf record: Woken up 24205 times to write data ]
[ perf record: Woken up 24245 times to write data ]
[ perf record: Woken up 24235 times to write data ]
[ perf record: Woken up 24237 times to write data ]
[ perf record: Woken up 24244 times to write data ]
[ perf record: Woken up 26536 times to write data ]
[ perf record: Woken up 24263 times to write data ]
[ perf record: Woken up 25885 times to write data ]
[ perf record: Woken up 25758 times to write data ]
Warning:
Processed 783285 events and lost 1 chunks!

Check IO/CPU overload!

Warning:
Processed 791402 events and lost 6 chunks!

Check IO/CPU overload!

Warning:
Processed 782678 events and lost 8 chunks!

Check IO/CPU overload!

Warning:
Processed 781949 events and lost 5 chunks!

Check IO/CPU overload!

Warning:
Processed 781859 events and lost 9 chunks!

Check IO/CPU overload!

Warning:
Processed 782107 events and lost 4 chunks!

Check IO/CPU overload!

Warning:
Processed 790474 events and lost 4 chunks!

Check IO/CPU overload!

Warning:
Processed 782889 events and lost 5 chunks!

Check IO/CPU overload!

Warning:
Processed 782212 events and lost 9 chunks!

Check IO/CPU overload!

Warning:
Processed 790544 events and lost 2 chunks!

Check IO/CPU overload!

[ perf record: Captured and wrote 6061.559 MB /leonardo_scratch/large/userexternal/ctica000/perf/with_IO/sequential_write/perf_21785245/perf.data.rank5 (752245 samples) ]
[ perf record: Captured and wrote 6051.548 MB /leonardo_scratch/large/userexternal/ctica000/perf/with_IO/sequential_write/perf_21785245/perf.data.rank6 (751003 samples) ]
[ perf record: Captured and wrote 6052.748 MB /leonardo_scratch/large/userexternal/ctica000/perf/with_IO/sequential_write/perf_21785245/perf.data.rank4 (751152 samples) ]
Warning:
Processed 791109 events and lost 1 chunks!

Check IO/CPU overload!

Warning:
Processed 783061 events and lost 6 chunks!

Check IO/CPU overload!

[ perf record: Captured and wrote 6065.941 MB /leonardo_scratch/large/userexternal/ctica000/perf/with_IO/sequential_write/perf_21785245/perf.data.rank8 (752703 samples) ]
[ perf record: Captured and wrote 6065.083 MB /leonardo_scratch/large/userexternal/ctica000/perf/with_IO/sequential_write/perf_21785245/perf.data.rank13 (752696 samples) ]
[ perf record: Captured and wrote 6059.515 MB /leonardo_scratch/large/userexternal/ctica000/perf/with_IO/sequential_write/perf_21785245/perf.data.rank11 (751993 samples) ]
[ perf record: Captured and wrote 6061.759 MB /leonardo_scratch/large/userexternal/ctica000/perf/with_IO/sequential_write/perf_21785245/perf.data.rank9 (752178 samples) ]
[ perf record: Captured and wrote 6072.269 MB /leonardo_scratch/large/userexternal/ctica000/perf/with_IO/sequential_write/perf_21785245/perf.data.rank10 (753488 samples) ]
[ perf record: Captured and wrote 6061.585 MB /leonardo_scratch/large/userexternal/ctica000/perf/with_IO/sequential_write/perf_21785245/perf.data.rank12 (752262 samples) ]
[ perf record: Captured and wrote 6058.774 MB /leonardo_scratch/large/userexternal/ctica000/perf/with_IO/sequential_write/perf_21785245/perf.data.rank14 (751913 samples) ]
[ perf record: Captured and wrote 6070.570 MB /leonardo_scratch/large/userexternal/ctica000/perf/with_IO/sequential_write/perf_21785245/perf.data.rank7 (753278 samples) ]
[ perf record: Captured and wrote 6062.658 MB /leonardo_scratch/large/userexternal/ctica000/perf/with_IO/sequential_write/perf_21785245/perf.data.rank15 (752386 samples) ]
[ perf record: Woken up 24059 times to write data ]
[ perf record: Woken up 25394 times to write data ]
[ perf record: Woken up 24191 times to write data ]
[ perf record: Woken up 26382 times to write data ]
Warning:
Processed 775838 events and lost 6 chunks!

Check IO/CPU overload!

Warning:
Processed 776264 events and lost 2 chunks!

Check IO/CPU overload!

[ perf record: Captured and wrote 6015.224 MB /leonardo_scratch/large/userexternal/ctica000/perf/with_IO/sequential_write/perf_21785245/perf.data.rank2 (746495 samples) ]
[ perf record: Captured and wrote 6004.263 MB /leonardo_scratch/large/userexternal/ctica000/perf/with_IO/sequential_write/perf_21785245/perf.data.rank1 (745135 samples) ]
[ perf record: Captured and wrote 6007.486 MB /leonardo_scratch/large/userexternal/ctica000/perf/with_IO/sequential_write/perf_21785245/perf.data.rank3 (745535 samples) ]
Warning:
Processed 1028946 events and lost 3 chunks!

Check IO/CPU overload!

[ perf record: Captured and wrote 6257.261 MB /leonardo_scratch/large/userexternal/ctica000/perf/with_IO/sequential_write/perf_21785245/perf.data.rank0 (773719 samples) ]
