Failing in Thread:1
Accelerator Fatal Error: call to cuStreamSynchronize returned error 700 (CUDA_ERROR_ILLEGAL_ADDRESS): Illegal address during kernel execution
 File: /leonardo/home/userexternal/ctica000/MS_thesis/RegCM/Main/mod_output.F90
 Function: output:60
 Line: 1067

Failing in Thread:1
Accelerator Fatal Error: call to cuStreamSynchronize returned error 700 (CUDA_ERROR_ILLEGAL_ADDRESS): Illegal address during kernel execution
 File: /leonardo/home/userexternal/ctica000/MS_thesis/RegCM/Main/mod_output.F90
 Function: output:60
 Line: 1067

Failing in Thread:1
Accelerator Fatal Error: call to cuStreamSynchronize returned error 700 (CUDA_ERROR_ILLEGAL_ADDRESS): Illegal address during kernel execution
 File: /leonardo/home/userexternal/ctica000/MS_thesis/RegCM/Main/mod_output.F90
 Function: output:60
 Line: 1067

Failing in Thread:1
Accelerator Fatal Error: call to cuStreamSynchronize returned error 700 (CUDA_ERROR_ILLEGAL_ADDRESS): Illegal address during kernel execution
 File: /leonardo/home/userexternal/ctica000/MS_thesis/RegCM/Main/mod_output.F90
 Function: output:60
 Line: 1067

Failing in Thread:1
Accelerator Fatal Error: call to cuStreamSynchronize returned error 700 (CUDA_ERROR_ILLEGAL_ADDRESS): Illegal address during kernel execution
 File: /leonardo/home/userexternal/ctica000/MS_thesis/RegCM/Main/mod_output.F90
 Function: output:60
 Line: 1067

Failing in Thread:1
Accelerator Fatal Error: call to cuStreamSynchronize returned error 700 (CUDA_ERROR_ILLEGAL_ADDRESS): Illegal address during kernel execution
 File: /leonardo/home/userexternal/ctica000/MS_thesis/RegCM/Main/mod_output.F90
 Function: output:60
 Line: 1067

Failing in Thread:1
Accelerator Fatal Error: call to cuStreamSynchronize returned error 700 (CUDA_ERROR_ILLEGAL_ADDRESS): Illegal address during kernel execution
 File: /leonardo/home/userexternal/ctica000/MS_thesis/RegCM/Main/mod_output.F90
 Function: output:60
 Line: 1067

Failing in Thread:1
Failing in Thread:1
Accelerator Fatal Error: call to cuStreamSynchronize returned error 700 (CUDA_ERROR_ILLEGAL_ADDRESS): Illegal address during kernel execution
 File: /leonardo/home/userexternal/ctica000/MS_thesis/RegCM/Main/mod_output.F90
 Function: output:60
 Line: 1067

Accelerator Fatal Error: call to cuStreamSynchronize returned error 700 (CUDA_ERROR_ILLEGAL_ADDRESS): Illegal address during kernel execution
 File: /leonardo/home/userexternal/ctica000/MS_thesis/RegCM/Main/mod_output.F90
 Function: output:60
 Line: 1067

Failing in Thread:1
Accelerator Fatal Error: call to cuStreamSynchronize returned error 700 (CUDA_ERROR_ILLEGAL_ADDRESS): Illegal address during kernel execution
 File: /leonardo/home/userexternal/ctica000/MS_thesis/RegCM/Main/mod_output.F90
 Function: output:60
 Line: 1067

Failing in Thread:1
Accelerator Fatal Error: call to cuStreamSynchronize returned error 700 (CUDA_ERROR_ILLEGAL_ADDRESS): Illegal address during kernel execution
 File: /leonardo/home/userexternal/ctica000/MS_thesis/RegCM/Main/mod_output.F90
 Function: output:60
 Line: 1067

Failing in Thread:1
Accelerator Fatal Error: call to cuStreamSynchronize returned error 700 (CUDA_ERROR_ILLEGAL_ADDRESS): Illegal address during kernel execution
 File: /leonardo/home/userexternal/ctica000/MS_thesis/RegCM/Main/mod_output.F90
 Function: output:60
 Line: 1067

Failing in Thread:1
Accelerator Fatal Error: call to cuStreamSynchronize returned error 700 (CUDA_ERROR_ILLEGAL_ADDRESS): Illegal address during kernel execution
 File: /leonardo/home/userexternal/ctica000/MS_thesis/RegCM/Main/mod_output.F90
 Function: output:60
 Line: 1067

Failing in Thread:1
Failing in Thread:1
Accelerator Fatal Error: call to cuStreamSynchronize returned error 700 (CUDA_ERROR_ILLEGAL_ADDRESS): Illegal address during kernel execution
 File: /leonardo/home/userexternal/ctica000/MS_thesis/RegCM/Main/mod_output.F90
 Function: output:60
 Line: 1067

Failing in Thread:1
Accelerator Fatal Error: call to cuStreamSynchronize returned error 700 (CUDA_ERROR_ILLEGAL_ADDRESS): Illegal address during kernel execution
 File: /leonardo/home/userexternal/ctica000/MS_thesis/RegCM/Main/mod_output.F90
 Function: output:60
 Line: 1067

Accelerator Fatal Error: call to cuStreamSynchronize returned error 700 (CUDA_ERROR_ILLEGAL_ADDRESS): Illegal address during kernel execution
 File: /leonardo/home/userexternal/ctica000/MS_thesis/RegCM/Main/mod_output.F90
 Function: output:60
 Line: 1067

[ perf record: Woken up 3290 times to write data ]
[ perf record: Woken up 3043 times to write data ]
[ perf record: Woken up 3252 times to write data ]
[ perf record: Woken up 3309 times to write data ]
Warning:
Processed 106574 events and lost 5 chunks!

Check IO/CPU overload!

[ perf record: Woken up 3295 times to write data ]
[ perf record: Woken up 3290 times to write data ]
[ perf record: Woken up 3298 times to write data ]
[ perf record: Captured and wrote 822.575 MB /leonardo_scratch/large/userexternal/ctica000/perf/with_IO/sequential_write/perf_23241134/perf.data.rank11 (102047 samples) ]
[ perf record: Woken up 3297 times to write data ]
[ perf record: Captured and wrote 760.778 MB /leonardo_scratch/large/userexternal/ctica000/perf/with_IO/sequential_write/perf_23241134/perf.data.rank3 (94377 samples) ]
[ perf record: Woken up 3031 times to write data ]
[ perf record: Woken up 3293 times to write data ]
[ perf record: Captured and wrote 827.373 MB /leonardo_scratch/large/userexternal/ctica000/perf/with_IO/sequential_write/perf_23241134/perf.data.rank8 (102639 samples) ]
[ perf record: Captured and wrote 812.943 MB /leonardo_scratch/large/userexternal/ctica000/perf/with_IO/sequential_write/perf_23241134/perf.data.rank15 (100855 samples) ]
[ perf record: Woken up 3028 times to write data ]
[ perf record: Captured and wrote 824.007 MB /leonardo_scratch/large/userexternal/ctica000/perf/with_IO/sequential_write/perf_23241134/perf.data.rank9 (102220 samples) ]
[ perf record: Captured and wrote 822.958 MB /leonardo_scratch/large/userexternal/ctica000/perf/with_IO/sequential_write/perf_23241134/perf.data.rank12 (102095 samples) ]
[ perf record: Captured and wrote 824.713 MB /leonardo_scratch/large/userexternal/ctica000/perf/with_IO/sequential_write/perf_23241134/perf.data.rank10 (102308 samples) ]
[ perf record: Captured and wrote 824.599 MB /leonardo_scratch/large/userexternal/ctica000/perf/with_IO/sequential_write/perf_23241134/perf.data.rank14 (102299 samples) ]
[ perf record: Captured and wrote 757.965 MB /leonardo_scratch/large/userexternal/ctica000/perf/with_IO/sequential_write/perf_23241134/perf.data.rank1 (94028 samples) ]
[ perf record: Woken up 3289 times to write data ]
[ perf record: Captured and wrote 823.549 MB /leonardo_scratch/large/userexternal/ctica000/perf/with_IO/sequential_write/perf_23241134/perf.data.rank13 (102168 samples) ]
[ perf record: Captured and wrote 757.227 MB /leonardo_scratch/large/userexternal/ctica000/perf/with_IO/sequential_write/perf_23241134/perf.data.rank2 (93936 samples) ]
[ perf record: Woken up 3291 times to write data ]
[ perf record: Woken up 3297 times to write data ]
[ perf record: Woken up 3290 times to write data ]
[ perf record: Captured and wrote 822.554 MB /leonardo_scratch/large/userexternal/ctica000/perf/with_IO/sequential_write/perf_23241134/perf.data.rank6 (102044 samples) ]
[ perf record: Captured and wrote 824.318 MB /leonardo_scratch/large/userexternal/ctica000/perf/with_IO/sequential_write/perf_23241134/perf.data.rank4 (102263 samples) ]
[ perf record: Captured and wrote 823.024 MB /leonardo_scratch/large/userexternal/ctica000/perf/with_IO/sequential_write/perf_23241134/perf.data.rank7 (102100 samples) ]
[ perf record: Captured and wrote 822.925 MB /leonardo_scratch/large/userexternal/ctica000/perf/with_IO/sequential_write/perf_23241134/perf.data.rank5 (102090 samples) ]
[ perf record: Woken up 4058 times to write data ]
srun: error: lrdn1101: tasks 1-3: Exited with exit code 1
srun: error: lrdn2177: tasks 12-15: Exited with exit code 1
srun: error: lrdn1659: tasks 8-11: Exited with exit code 1
srun: error: lrdn1555: tasks 4-7: Exited with exit code 1
[ perf record: Captured and wrote 1014.757 MB /leonardo_scratch/large/userexternal/ctica000/perf/with_IO/sequential_write/perf_23241134/perf.data.rank0 (125625 samples) ]
slurmstepd: error: *** STEP 23241134.0 ON lrdn1101 CANCELLED AT 2025-10-30T08:55:03 ***
srun: Job step aborted: Waiting up to 182 seconds for job step to finish.
srun: error: lrdn1101: task 0: Killed
