Failing in Thread:1
Accelerator Fatal Error: call to cuStreamSynchronize returned error 700 (CUDA_ERROR_ILLEGAL_ADDRESS): Illegal address during kernel execution
 File: /leonardo/home/userexternal/ctica000/MS_thesis/RegCM/Main/mod_output.F90
 Function: output:60
 Line: 1059

Failing in Thread:1
Accelerator Fatal Error: call to cuStreamSynchronize returned error 700 (CUDA_ERROR_ILLEGAL_ADDRESS): Illegal address during kernel execution
 File: /leonardo/home/userexternal/ctica000/MS_thesis/RegCM/Main/mod_output.F90
 Function: output:60
 Line: 1059

Failing in Thread:1
Accelerator Fatal Error: call to cuStreamSynchronize returned error 700 (CUDA_ERROR_ILLEGAL_ADDRESS): Illegal address during kernel execution
 File: /leonardo/home/userexternal/ctica000/MS_thesis/RegCM/Main/mod_output.F90
 Function: output:60
 Line: 1059

Failing in Thread:1
Failing in Thread:1
Accelerator Fatal Error: call to cuStreamSynchronize returned error 700 (CUDA_ERROR_ILLEGAL_ADDRESS): Illegal address during kernel execution
 File: /leonardo/home/userexternal/ctica000/MS_thesis/RegCM/Main/mod_output.F90
 Function: output:60
 Line: 1059

Accelerator Fatal Error: call to cuStreamSynchronize returned error 700 (CUDA_ERROR_ILLEGAL_ADDRESS): Illegal address during kernel execution
 File: /leonardo/home/userexternal/ctica000/MS_thesis/RegCM/Main/mod_output.F90
 Function: output:60
 Line: 1059

Failing in Thread:1
Accelerator Fatal Error: call to cuStreamSynchronize returned error 700 (CUDA_ERROR_ILLEGAL_ADDRESS): Illegal address during kernel execution
 File: /leonardo/home/userexternal/ctica000/MS_thesis/RegCM/Main/mod_output.F90
 Function: output:60
 Line: 1059

Failing in Thread:1
Accelerator Fatal Error: call to cuStreamSynchronize returned error 700 (CUDA_ERROR_ILLEGAL_ADDRESS): Illegal address during kernel execution
 File: /leonardo/home/userexternal/ctica000/MS_thesis/RegCM/Main/mod_output.F90
 Function: output:60
 Line: 1059

Failing in Thread:1
Accelerator Fatal Error: call to cuStreamSynchronize returned error 700 (CUDA_ERROR_ILLEGAL_ADDRESS): Illegal address during kernel execution
 File: /leonardo/home/userexternal/ctica000/MS_thesis/RegCM/Main/mod_output.F90
 Function: output:60
 Line: 1059

Failing in Thread:1
Accelerator Fatal Error: call to cuStreamSynchronize returned error 700 (CUDA_ERROR_ILLEGAL_ADDRESS): Illegal address during kernel execution
 File: /leonardo/home/userexternal/ctica000/MS_thesis/RegCM/Main/mod_output.F90
 Function: output:60
 Line: 1059

Failing in Thread:1
Accelerator Fatal Error: call to cuStreamSynchronize returned error 700 (CUDA_ERROR_ILLEGAL_ADDRESS): Illegal address during kernel execution
 File: /leonardo/home/userexternal/ctica000/MS_thesis/RegCM/Main/mod_output.F90
 Function: output:60
 Line: 1059

Failing in Thread:1
Failing in Thread:1
Accelerator Fatal Error: call to cuStreamSynchronize returned error 700 (CUDA_ERROR_ILLEGAL_ADDRESS): Illegal address during kernel execution
 File: /leonardo/home/userexternal/ctica000/MS_thesis/RegCM/Main/mod_output.F90
 Function: output:60
 Line: 1059

Accelerator Fatal Error: call to cuStreamSynchronize returned error 700 (CUDA_ERROR_ILLEGAL_ADDRESS): Illegal address during kernel execution
 File: /leonardo/home/userexternal/ctica000/MS_thesis/RegCM/Main/mod_output.F90
 Function: output:60
 Line: 1059

Failing in Thread:1
Accelerator Fatal Error: call to cuStreamSynchronize returned error 700 (CUDA_ERROR_ILLEGAL_ADDRESS): Illegal address during kernel execution
 File: /leonardo/home/userexternal/ctica000/MS_thesis/RegCM/Main/mod_output.F90
 Function: output:60
 Line: 1059

Failing in Thread:1
Accelerator Fatal Error: call to cuStreamSynchronize returned error 700 (CUDA_ERROR_ILLEGAL_ADDRESS): Illegal address during kernel execution
 File: /leonardo/home/userexternal/ctica000/MS_thesis/RegCM/Main/mod_output.F90
 Function: output:60
 Line: 1059

Failing in Thread:1
Failing in Thread:1
Accelerator Fatal Error: call to cuStreamSynchronize returned error 700 (CUDA_ERROR_ILLEGAL_ADDRESS): Illegal address during kernel execution
 File: /leonardo/home/userexternal/ctica000/MS_thesis/RegCM/Main/mod_output.F90
 Function: output:60
 Line: 1059

Accelerator Fatal Error: call to cuStreamSynchronize returned error 700 (CUDA_ERROR_ILLEGAL_ADDRESS): Illegal address during kernel execution
 File: /leonardo/home/userexternal/ctica000/MS_thesis/RegCM/Main/mod_output.F90
 Function: output:60
 Line: 1059

[ perf record: Woken up 2938 times to write data ]
[ perf record: Woken up 3305 times to write data ]
[ perf record: Woken up 3205 times to write data ]
Warning:
Processed 96867 events and lost 2 chunks!

Check IO/CPU overload!

Warning:
Processed 105579 events and lost 4 chunks!

Check IO/CPU overload!

Warning:
Processed 105347 events and lost 4 chunks!

Check IO/CPU overload!

[ perf record: Woken up 3213 times to write data ]
[ perf record: Woken up 3216 times to write data ]
[ perf record: Captured and wrote 735.010 MB /leonardo_scratch/large/userexternal/ctica000/perf/with_IO/sequential_write/perf_21500367/perf.data.rank3 (91179 samples) ]
[ perf record: Captured and wrote 803.680 MB /leonardo_scratch/large/userexternal/ctica000/perf/with_IO/sequential_write/perf_21500367/perf.data.rank15 (99703 samples) ]
[ perf record: Captured and wrote 801.534 MB /leonardo_scratch/large/userexternal/ctica000/perf/with_IO/sequential_write/perf_21500367/perf.data.rank12 (99436 samples) ]
Warning:
Processed 105502 events and lost 3 chunks!

Check IO/CPU overload!

[ perf record: Woken up 3214 times to write data ]
[ perf record: Woken up 3273 times to write data ]
[ perf record: Captured and wrote 802.949 MB /leonardo_scratch/large/userexternal/ctica000/perf/with_IO/sequential_write/perf_21500367/perf.data.rank14 (99612 samples) ]
Warning:
Processed 105731 events and lost 6 chunks!

Check IO/CPU overload!

[ perf record: Woken up 2959 times to write data ]
[ perf record: Woken up 3212 times to write data ]
[ perf record: Captured and wrote 804.491 MB /leonardo_scratch/large/userexternal/ctica000/perf/with_IO/sequential_write/perf_21500367/perf.data.rank13 (99803 samples) ]
[ perf record: Woken up 4520 times to write data ]
Warning:
Processed 105882 events and lost 4 chunks!

Check IO/CPU overload!

Warning:
Processed 97468 events and lost 3 chunks!

Check IO/CPU overload!

Warning:
Processed 105671 events and lost 3 chunks!

Check IO/CPU overload!

[ perf record: Woken up 3219 times to write data ]
Warning:
Processed 105883 events and lost 2 chunks!

Check IO/CPU overload!

[ perf record: Captured and wrote 739.579 MB /leonardo_scratch/large/userexternal/ctica000/perf/with_IO/sequential_write/perf_21500367/perf.data.rank1 (91746 samples) ]
[ perf record: Woken up 3229 times to write data ]
[ perf record: Captured and wrote 803.743 MB /leonardo_scratch/large/userexternal/ctica000/perf/with_IO/sequential_write/perf_21500367/perf.data.rank7 (99707 samples) ]
[ perf record: Captured and wrote 803.301 MB /leonardo_scratch/large/userexternal/ctica000/perf/with_IO/sequential_write/perf_21500367/perf.data.rank5 (99654 samples) ]
[ perf record: Woken up 2970 times to write data ]
[ perf record: Captured and wrote 805.342 MB /leonardo_scratch/large/userexternal/ctica000/perf/with_IO/sequential_write/perf_21500367/perf.data.rank11 (99908 samples) ]
[ perf record: Captured and wrote 806.312 MB /leonardo_scratch/large/userexternal/ctica000/perf/with_IO/sequential_write/perf_21500367/perf.data.rank8 (100025 samples) ]
[ perf record: Woken up 3215 times to write data ]
Warning:
Processed 106103 events and lost 6 chunks!

Check IO/CPU overload!

[ perf record: Woken up 3215 times to write data ]
[ perf record: Captured and wrote 804.863 MB /leonardo_scratch/large/userexternal/ctica000/perf/with_IO/sequential_write/perf_21500367/perf.data.rank10 (99845 samples) ]
Warning:
Processed 106535 events and lost 1 chunks!

Check IO/CPU overload!

Warning:
Processed 97941 events and lost 2 chunks!

Check IO/CPU overload!

[ perf record: Captured and wrote 807.547 MB /leonardo_scratch/large/userexternal/ctica000/perf/with_IO/sequential_write/perf_21500367/perf.data.rank9 (100177 samples) ]
[ perf record: Captured and wrote 743.057 MB /leonardo_scratch/large/userexternal/ctica000/perf/with_IO/sequential_write/perf_21500367/perf.data.rank2 (92177 samples) ]
Warning:
Processed 105711 events and lost 4 chunks!

Check IO/CPU overload!

Warning:
Processed 105758 events and lost 3 chunks!

Check IO/CPU overload!

[ perf record: Captured and wrote 804.044 MB /leonardo_scratch/large/userexternal/ctica000/perf/with_IO/sequential_write/perf_21500367/perf.data.rank4 (99747 samples) ]
[ perf record: Captured and wrote 804.160 MB /leonardo_scratch/large/userexternal/ctica000/perf/with_IO/sequential_write/perf_21500367/perf.data.rank6 (99761 samples) ]
srun: error: lrdn2445: tasks 1-3: Exited with exit code 1
srun: error: lrdn2453: tasks 12-15: Exited with exit code 1
srun: error: lrdn2446: tasks 4-7: Exited with exit code 1
srun: error: lrdn2451: tasks 8-11: Exited with exit code 1
[ perf record: Woken up 3964 times to write data ]
Warning:
Processed 151515 events and lost 2 chunks!

Check IO/CPU overload!

[ perf record: Captured and wrote 991.422 MB /leonardo_scratch/large/userexternal/ctica000/perf/with_IO/sequential_write/perf_21500367/perf.data.rank0 (122730 samples) ]
slurmstepd: error:  mpi/pmix_v3: _errhandler: lrdn2445 [0]: pmixp_client_v2.c:212: Error handler invoked: status = -25, source = [slurm.pmix.21500367.0:3]
srun: error: lrdn2445: task 0: Exited with exit code 1
