[ perf record: Woken up 20415 times to write data ]
[ perf record: Woken up 21984 times to write data ]
[ perf record: Woken up 22635 times to write data ]
[ perf record: Woken up 23070 times to write data ]
[ perf record: Woken up 21975 times to write data ]
[ perf record: Woken up 22891 times to write data ]
[ perf record: Woken up 22657 times to write data ]
[ perf record: Woken up 21041 times to write data ]
[ perf record: Woken up 24335 times to write data ]
[ perf record: Woken up 23066 times to write data ]
[ perf record: Woken up 22941 times to write data ]
[ perf record: Woken up 23031 times to write data ]
Warning:
Processed 660966 events and lost 182 chunks!

Check IO/CPU overload!

Warning:
Processed 710679 events and lost 116 chunks!

Check IO/CPU overload!

Warning:
Processed 730689 events and lost 115 chunks!

Check IO/CPU overload!

Warning:
Processed 710659 events and lost 133 chunks!

Check IO/CPU overload!

Warning:
Processed 752430 events and lost 112 chunks!

Check IO/CPU overload!

Warning:
Processed 739000 events and lost 89 chunks!

Check IO/CPU overload!

Warning:
Processed 679802 events and lost 166 chunks!

Check IO/CPU overload!

Warning:
Processed 697126 events and lost 167 chunks!

Check IO/CPU overload!

Warning:
Processed 739422 events and lost 102 chunks!

Check IO/CPU overload!

Warning:
Processed 701545 events and lost 167 chunks!

Check IO/CPU overload!

Warning:
Processed 734905 events and lost 105 chunks!

Check IO/CPU overload!

Warning:
Processed 741204 events and lost 84 chunks!

Check IO/CPU overload!

[ perf record: Captured and wrote 5723.575 MB /leonardo_scratch/large/userexternal/ctica000/perf/with_IO/sequential_write/perf_22197695/perf.data.rank12 (710309 samples) ]
[ perf record: Captured and wrote 5262.983 MB /leonardo_scratch/large/userexternal/ctica000/perf/with_IO/sequential_write/perf_22197695/perf.data.rank14 (653144 samples) ]
[ perf record: Captured and wrote 5659.561 MB /leonardo_scratch/large/userexternal/ctica000/perf/with_IO/sequential_write/perf_22197695/perf.data.rank13 (702365 samples) ]
[ perf record: Captured and wrote 5736.152 MB /leonardo_scratch/large/userexternal/ctica000/perf/with_IO/sequential_write/perf_22197695/perf.data.rank15 (711862 samples) ]
[ perf record: Captured and wrote 5378.373 MB /leonardo_scratch/large/userexternal/ctica000/perf/with_IO/sequential_write/perf_22197695/perf.data.rank8 (667377 samples) ]
[ perf record: Captured and wrote 5768.424 MB /leonardo_scratch/large/userexternal/ctica000/perf/with_IO/sequential_write/perf_22197695/perf.data.rank10 (715777 samples) ]
[ perf record: Captured and wrote 5684.824 MB /leonardo_scratch/large/userexternal/ctica000/perf/with_IO/sequential_write/perf_22197695/perf.data.rank11 (705488 samples) ]
[ perf record: Captured and wrote 5664.601 MB /leonardo_scratch/large/userexternal/ctica000/perf/with_IO/sequential_write/perf_22197695/perf.data.rank9 (702887 samples) ]
[ perf record: Captured and wrote 5108.948 MB /leonardo_scratch/large/userexternal/ctica000/perf/with_IO/sequential_write/perf_22197695/perf.data.rank5 (634014 samples) ]
[ perf record: Captured and wrote 5495.949 MB /leonardo_scratch/large/userexternal/ctica000/perf/with_IO/sequential_write/perf_22197695/perf.data.rank6 (682046 samples) ]
[ perf record: Captured and wrote 5496.365 MB /leonardo_scratch/large/userexternal/ctica000/perf/with_IO/sequential_write/perf_22197695/perf.data.rank4 (682098 samples) ]
[ perf record: Captured and wrote 5343.811 MB /leonardo_scratch/large/userexternal/ctica000/perf/with_IO/sequential_write/perf_22197695/perf.data.rank7 (663087 samples) ]
[ perf record: Woken up 21497 times to write data ]
[ perf record: Woken up 21925 times to write data ]
[ perf record: Woken up 22967 times to write data ]
[ perf record: Woken up 25001 times to write data ]
Warning:
Processed 695434 events and lost 134 chunks!

Check IO/CPU overload!

Warning:
Processed 708977 events and lost 129 chunks!

Check IO/CPU overload!

Warning:
Processed 739674 events and lost 98 chunks!

Check IO/CPU overload!

[ perf record: Captured and wrote 5482.886 MB /leonardo_scratch/large/userexternal/ctica000/perf/with_IO/sequential_write/perf_22197695/perf.data.rank1 (680425 samples) ]
[ perf record: Captured and wrote 5377.521 MB /leonardo_scratch/large/userexternal/ctica000/perf/with_IO/sequential_write/perf_22197695/perf.data.rank3 (667348 samples) ]
[ perf record: Captured and wrote 5720.875 MB /leonardo_scratch/large/userexternal/ctica000/perf/with_IO/sequential_write/perf_22197695/perf.data.rank2 (709961 samples) ]
Warning:
Processed 965649 events and lost 298 chunks!

Check IO/CPU overload!

[ perf record: Captured and wrote 5805.086 MB /leonardo_scratch/large/userexternal/ctica000/perf/with_IO/sequential_write/perf_22197695/perf.data.rank0 (717667 samples) ]
