[ perf record: Woken up 23719 times to write data ]
[ perf record: Woken up 23757 times to write data ]
[ perf record: Woken up 23715 times to write data ]
[ perf record: Woken up 23718 times to write data ]
[ perf record: Woken up 24155 times to write data ]
[ perf record: Woken up 23694 times to write data ]
[ perf record: Woken up 23739 times to write data ]
[ perf record: Woken up 23667 times to write data ]
[ perf record: Woken up 25288 times to write data ]
[ perf record: Woken up 25000 times to write data ]
[ perf record: Woken up 23796 times to write data ]
[ perf record: Woken up 25333 times to write data ]
Warning:
Processed 773142 events and lost 1 chunks!

Check IO/CPU overload!

Warning:
Processed 765638 events and lost 1 chunks!

Check IO/CPU overload!

Warning:
Processed 765541 events and lost 2 chunks!

Check IO/CPU overload!

Warning:
Processed 764256 events and lost 1 chunks!

Check IO/CPU overload!

[ perf record: Captured and wrote 5929.942 MB /leonardo_scratch/large/userexternal/ctica000/perf/with_IO/sequential_write/perf_23440045/perf.data.rank8 (735823 samples) ]
[ perf record: Captured and wrote 5924.423 MB /leonardo_scratch/large/userexternal/ctica000/perf/with_IO/sequential_write/perf_23440045/perf.data.rank9 (735132 samples) ]
[ perf record: Captured and wrote 5923.961 MB /leonardo_scratch/large/userexternal/ctica000/perf/with_IO/sequential_write/perf_23440045/perf.data.rank11 (735168 samples) ]
[ perf record: Captured and wrote 5939.574 MB /leonardo_scratch/large/userexternal/ctica000/perf/with_IO/sequential_write/perf_23440045/perf.data.rank10 (737018 samples) ]
[ perf record: Captured and wrote 5926.856 MB /leonardo_scratch/large/userexternal/ctica000/perf/with_IO/sequential_write/perf_23440045/perf.data.rank15 (735531 samples) ]
[ perf record: Captured and wrote 5930.335 MB /leonardo_scratch/large/userexternal/ctica000/perf/with_IO/sequential_write/perf_23440045/perf.data.rank13 (735971 samples) ]
[ perf record: Captured and wrote 5925.954 MB /leonardo_scratch/large/userexternal/ctica000/perf/with_IO/sequential_write/perf_23440045/perf.data.rank12 (735428 samples) ]
[ perf record: Captured and wrote 5929.056 MB /leonardo_scratch/large/userexternal/ctica000/perf/with_IO/sequential_write/perf_23440045/perf.data.rank14 (735813 samples) ]
[ perf record: Captured and wrote 5917.180 MB /leonardo_scratch/large/userexternal/ctica000/perf/with_IO/sequential_write/perf_23440045/perf.data.rank6 (734326 samples) ]
[ perf record: Captured and wrote 5923.909 MB /leonardo_scratch/large/userexternal/ctica000/perf/with_IO/sequential_write/perf_23440045/perf.data.rank5 (735161 samples) ]
[ perf record: Captured and wrote 5913.890 MB /leonardo_scratch/large/userexternal/ctica000/perf/with_IO/sequential_write/perf_23440045/perf.data.rank4 (733918 samples) ]
[ perf record: Captured and wrote 5933.804 MB /leonardo_scratch/large/userexternal/ctica000/perf/with_IO/sequential_write/perf_23440045/perf.data.rank7 (736303 samples) ]
[ perf record: Woken up 23473 times to write data ]
[ perf record: Woken up 24926 times to write data ]
[ perf record: Woken up 24768 times to write data ]
[ perf record: Woken up 25905 times to write data ]
Warning:
Processed 758501 events and lost 2 chunks!

Check IO/CPU overload!

Warning:
Processed 757170 events and lost 1 chunks!

Check IO/CPU overload!

[ perf record: Captured and wrote 5881.917 MB /leonardo_scratch/large/userexternal/ctica000/perf/with_IO/sequential_write/perf_23440045/perf.data.rank2 (729949 samples) ]
[ perf record: Captured and wrote 5858.522 MB /leonardo_scratch/large/userexternal/ctica000/perf/with_IO/sequential_write/perf_23440045/perf.data.rank1 (727046 samples) ]
[ perf record: Captured and wrote 5868.746 MB /leonardo_scratch/large/userexternal/ctica000/perf/with_IO/sequential_write/perf_23440045/perf.data.rank3 (728315 samples) ]
[ perf record: Captured and wrote 6128.932 MB /leonardo_scratch/large/userexternal/ctica000/perf/with_IO/sequential_write/perf_23440045/perf.data.rank0 (757787 samples) ]
