[ perf record: Woken up 23597 times to write data ]
[ perf record: Woken up 23667 times to write data ]
[ perf record: Woken up 23632 times to write data ]
[ perf record: Woken up 23577 times to write data ]
[ perf record: Woken up 23612 times to write data ]
[ perf record: Woken up 23623 times to write data ]
[ perf record: Woken up 23566 times to write data ]
[ perf record: Woken up 23698 times to write data ]
[ perf record: Woken up 23635 times to write data ]
[ perf record: Woken up 25199 times to write data ]
[ perf record: Woken up 24925 times to write data ]
[ perf record: Woken up 23619 times to write data ]
Warning:
Processed 762546 events and lost 2 chunks!

Check IO/CPU overload!

Warning:
Processed 762581 events and lost 2 chunks!

Check IO/CPU overload!

Warning:
Processed 761436 events and lost 2 chunks!

Check IO/CPU overload!

Warning:
Processed 770195 events and lost 1 chunks!

Check IO/CPU overload!

Warning:
Processed 762856 events and lost 3 chunks!

Check IO/CPU overload!

Warning:
Processed 770599 events and lost 3 chunks!

Check IO/CPU overload!

[ perf record: Captured and wrote 5917.220 MB /leonardo_scratch/large/userexternal/ctica000/perf/with_IO/sequential_write/perf_21695882/perf.data.rank10 (734243 samples) ]
[ perf record: Captured and wrote 5908.166 MB /leonardo_scratch/large/userexternal/ctica000/perf/with_IO/sequential_write/perf_21695882/perf.data.rank8 (733120 samples) ]
[ perf record: Captured and wrote 5903.402 MB /leonardo_scratch/large/userexternal/ctica000/perf/with_IO/sequential_write/perf_21695882/perf.data.rank9 (732523 samples) ]
Warning:
Processed 762942 events and lost 1 chunks!

Check IO/CPU overload!

[ perf record: Captured and wrote 5894.677 MB /leonardo_scratch/large/userexternal/ctica000/perf/with_IO/sequential_write/perf_21695882/perf.data.rank6 (731533 samples) ]
[ perf record: Captured and wrote 5891.734 MB /leonardo_scratch/large/userexternal/ctica000/perf/with_IO/sequential_write/perf_21695882/perf.data.rank4 (731168 samples) ]
[ perf record: Captured and wrote 5899.768 MB /leonardo_scratch/large/userexternal/ctica000/perf/with_IO/sequential_write/perf_21695882/perf.data.rank5 (732164 samples) ]
[ perf record: Captured and wrote 5910.439 MB /leonardo_scratch/large/userexternal/ctica000/perf/with_IO/sequential_write/perf_21695882/perf.data.rank7 (733403 samples) ]
[ perf record: Captured and wrote 5908.424 MB /leonardo_scratch/large/userexternal/ctica000/perf/with_IO/sequential_write/perf_21695882/perf.data.rank14 (733252 samples) ]
[ perf record: Captured and wrote 5903.729 MB /leonardo_scratch/large/userexternal/ctica000/perf/with_IO/sequential_write/perf_21695882/perf.data.rank11 (732657 samples) ]
[ perf record: Captured and wrote 5905.191 MB /leonardo_scratch/large/userexternal/ctica000/perf/with_IO/sequential_write/perf_21695882/perf.data.rank15 (732842 samples) ]
[ perf record: Captured and wrote 5906.146 MB /leonardo_scratch/large/userexternal/ctica000/perf/with_IO/sequential_write/perf_21695882/perf.data.rank12 (732969 samples) ]
[ perf record: Captured and wrote 5908.979 MB /leonardo_scratch/large/userexternal/ctica000/perf/with_IO/sequential_write/perf_21695882/perf.data.rank13 (733321 samples) ]
[ perf record: Woken up 23337 times to write data ]
[ perf record: Woken up 24790 times to write data ]
[ perf record: Woken up 23517 times to write data ]
[ perf record: Woken up 26623 times to write data ]
Warning:
Processed 754147 events and lost 1 chunks!

Check IO/CPU overload!

[ perf record: Captured and wrote 5834.669 MB /leonardo_scratch/large/userexternal/ctica000/perf/with_IO/sequential_write/perf_21695882/perf.data.rank1 (724085 samples) ]
[ perf record: Captured and wrote 5842.794 MB /leonardo_scratch/large/userexternal/ctica000/perf/with_IO/sequential_write/perf_21695882/perf.data.rank3 (725094 samples) ]
[ perf record: Captured and wrote 5863.174 MB /leonardo_scratch/large/userexternal/ctica000/perf/with_IO/sequential_write/perf_21695882/perf.data.rank2 (727623 samples) ]
Warning:
Processed 1009953 events and lost 1 chunks!

Check IO/CPU overload!

[ perf record: Captured and wrote 6109.317 MB /leonardo_scratch/large/userexternal/ctica000/perf/with_IO/sequential_write/perf_21695882/perf.data.rank0 (755357 samples) ]
