[ perf record: Woken up 23993 times to write data ]
[ perf record: Woken up 24049 times to write data ]
[ perf record: Woken up 24002 times to write data ]
[ perf record: Woken up 23962 times to write data ]
[ perf record: Woken up 24001 times to write data ]
[ perf record: Woken up 24016 times to write data ]
[ perf record: Woken up 24089 times to write data ]
[ perf record: Woken up 24025 times to write data ]
[ perf record: Woken up 24092 times to write data ]
[ perf record: Woken up 24001 times to write data ]
[ perf record: Woken up 25738 times to write data ]
[ perf record: Woken up 25818 times to write data ]
Warning:
Processed 783824 events and lost 1 chunks!

Check IO/CPU overload!

Warning:
Processed 774471 events and lost 2 chunks!

Check IO/CPU overload!

Warning:
Processed 782641 events and lost 1 chunks!

Check IO/CPU overload!

Warning:
Processed 774668 events and lost 2 chunks!

Check IO/CPU overload!

Warning:
Processed 775154 events and lost 1 chunks!

Check IO/CPU overload!

Warning:
Processed 774901 events and lost 1 chunks!

Check IO/CPU overload!

[ perf record: Captured and wrote 6000.352 MB /leonardo_scratch/large/userexternal/ctica000/perf/with_IO/sequential_write/perf_23727804/perf.data.rank9 (744556 samples) ]
[ perf record: Captured and wrote 6005.978 MB /leonardo_scratch/large/userexternal/ctica000/perf/with_IO/sequential_write/perf_23727804/perf.data.rank8 (745260 samples) ]
[ perf record: Captured and wrote 6012.726 MB /leonardo_scratch/large/userexternal/ctica000/perf/with_IO/sequential_write/perf_23727804/perf.data.rank10 (746097 samples) ]
[ perf record: Captured and wrote 5998.978 MB /leonardo_scratch/large/userexternal/ctica000/perf/with_IO/sequential_write/perf_23727804/perf.data.rank11 (744479 samples) ]
[ perf record: Captured and wrote 5988.520 MB /leonardo_scratch/large/userexternal/ctica000/perf/with_IO/sequential_write/perf_23727804/perf.data.rank4 (743181 samples) ]
[ perf record: Captured and wrote 5990.941 MB /leonardo_scratch/large/userexternal/ctica000/perf/with_IO/sequential_write/perf_23727804/perf.data.rank6 (743481 samples) ]
[ perf record: Captured and wrote 5998.290 MB /leonardo_scratch/large/userexternal/ctica000/perf/with_IO/sequential_write/perf_23727804/perf.data.rank5 (744393 samples) ]
[ perf record: Captured and wrote 6002.522 MB /leonardo_scratch/large/userexternal/ctica000/perf/with_IO/sequential_write/perf_23727804/perf.data.rank7 (744832 samples) ]
[ perf record: Captured and wrote 6000.730 MB /leonardo_scratch/large/userexternal/ctica000/perf/with_IO/sequential_write/perf_23727804/perf.data.rank15 (744700 samples) ]
[ perf record: Captured and wrote 6002.514 MB /leonardo_scratch/large/userexternal/ctica000/perf/with_IO/sequential_write/perf_23727804/perf.data.rank14 (744930 samples) ]
[ perf record: Captured and wrote 6004.431 MB /leonardo_scratch/large/userexternal/ctica000/perf/with_IO/sequential_write/perf_23727804/perf.data.rank13 (745168 samples) ]
[ perf record: Captured and wrote 6000.945 MB /leonardo_scratch/large/userexternal/ctica000/perf/with_IO/sequential_write/perf_23727804/perf.data.rank12 (744735 samples) ]
[ perf record: Woken up 23757 times to write data ]
[ perf record: Woken up 23802 times to write data ]
[ perf record: Woken up 26150 times to write data ]
[ perf record: Woken up 26114 times to write data ]
Warning:
Processed 767209 events and lost 1 chunks!

Check IO/CPU overload!

[ perf record: Captured and wrote 5936.338 MB /leonardo_scratch/large/userexternal/ctica000/perf/with_IO/sequential_write/perf_23727804/perf.data.rank3 (736704 samples) ]
[ perf record: Captured and wrote 5939.905 MB /leonardo_scratch/large/userexternal/ctica000/perf/with_IO/sequential_write/perf_23727804/perf.data.rank1 (737147 samples) ]
[ perf record: Captured and wrote 5950.800 MB /leonardo_scratch/large/userexternal/ctica000/perf/with_IO/sequential_write/perf_23727804/perf.data.rank2 (738499 samples) ]
[ perf record: Captured and wrote 6191.719 MB /leonardo_scratch/large/userexternal/ctica000/perf/with_IO/sequential_write/perf_23727804/perf.data.rank0 (765580 samples) ]
